DEBUG: protocol string is [ucx]
[GVS] GPUDirect=disabled (GVIRTUS_GPUDIRECT=1 but probe FAILED: cudaMalloc(4K) failed (no GPU? OOM?)) - falling back to host slots, behavior unchanged
[GVS IDX] epoch 1 anuncia server_idx=[0,1,2,3,4,5,6,7]
[GVS] rma_setup: epoch 1 arrived, 0/0 slots in flight -> install now
UCX control-plane connected: Connect (25.25.25.2:32222)
DEBUG: protocol string is [ucx]
[GVS] GPUDirect=disabled (GVIRTUS_GPUDIRECT=1 but probe FAILED: cudaMalloc(4K) failed (no GPU? OOM?)) - falling back to host slots, behavior unchanged
[GVS IDX] epoch 1 anuncia server_idx=[0,1,2,3,4,5,6,7]
[GVS] rma_setup: epoch 1 arrived, 0/0 slots in flight -> install now
# variant=handle threads=2 iters=20 bytes=1048576 seed=1
# cudaStreamPerThread=0x2 cudaStreamLegacy=0x1
UCX control-plane connected: Connect (25.25.25.2:32222)
DEBUG: protocol string is [ucx]DEBUG: protocol string is [
ucx]
[GVS] GPUDirect=disabled (GVIRTUS_GPUDIRECT=1 but probe FAILED: cudaMalloc(4K) failed (no GPU? OOM?)) - falling back to host slots, behavior unchanged
[GVS] GPUDirect=disabled (GVIRTUS_GPUDIRECT=1 but probe FAILED: cudaMalloc(4K) failed (no GPU? OOM?)) - falling back to host slots, behavior unchanged
[GVS IDX] epoch 1 anuncia server_idx=[0,1,2,3,4,5,6,7]
[GVS] rma_setup: epoch 1 arrived, 0/0 slots in flight -> install now
[GVS IDX] epoch 1 anuncia server_idx=[0,1,2,3,4,5,6,7]
[GVS] rma_setup: epoch 1 arrived, 0/0 slots in flight -> install now
[GVS IDX] epoch 2 anuncia server_idx=[9,10,11,12,13,14,15,16]
[GVS] rma_setup: epoch 2 arrived, 0/8 slots in flight -> install now
[GUSTO CFG] pool efectivo: slots=2 cap=1.1 MiB shadow=no total=2.1 MiB (sin presupuesto definido)
[GVS IDX] epoch 2 anuncia server_idx=[9,10,11,12,13,14,15,16]
[GVS] rma_setup: epoch 2 arrived, 0/8 slots in flight -> install now
[GUSTO CFG] pool efectivo: slots=2 cap=1.1 MiB shadow=no total=2.1 MiB (sin presupuesto definido)
UCX control-plane connected: Connect (25.25.25.2:32222)
UCX control-plane connected: Connect (25.25.25.2:32222)
CSVROW,order_ptds,handle,2,1,20,1,0,none,1038.693
DEBUG: protocol string is [ucx]
DEBUG: protocol string is [ucx]
[GVS] GPUDirect=disabled (GVIRTUS_GPUDIRECT=1 but probe FAILED: cudaMalloc(4K) failed (no GPU? OOM?)) - falling back to host slots, behavior unchanged
[GVS] GPUDirect=disabled (GVIRTUS_GPUDIRECT=1 but probe FAILED: cudaMalloc(4K) failed (no GPU? OOM?)) - falling back to host slots, behavior unchanged
[GVS IDX] epoch 1 anuncia server_idx=[0,1,2,3,4,5,6,7]
[GVS] rma_setup: epoch 1 arrived, 0/0 slots in flight -> install now
[GVS IDX] epoch 1 anuncia server_idx=[0,1,2,3,4,5,6,7]
[GVS] rma_setup: epoch 1 arrived, 0/0 slots in flight -> install now
[GVS IDX] epoch 2 anuncia server_idx=[9,10,11,12,13,14,15,16]
[GVS] rma_setup: epoch 2 arrived, 0/8 slots in flight -> install now
[GUSTO CFG] pool efectivo: slots=2 cap=1.1 MiB shadow=no total=2.1 MiB (sin presupuesto definido)
[GVS IDX] epoch 2 anuncia server_idx=[9,10,11,12,13,14,15,16]
[GVS] rma_setup: epoch 2 arrived, 0/8 slots in flight -> install now
[GUSTO CFG] pool efectivo: slots=2 cap=1.1 MiB shadow=no total=2.1 MiB (sin presupuesto definido)
UCX control-plane connected: Connect (25.25.25.2:32222)
UCX control-plane connected: Connect (25.25.25.2:32222)
CSVROW,order_null,handle,2,1,20,1,0,none,1064.744
DEBUG: protocol string is [ucx]
DEBUG: protocol string is [ucx]
[GVS] GPUDirect=disabled (GVIRTUS_GPUDIRECT=1 but probe FAILED: cudaMalloc(4K) failed (no GPU? OOM?)) - falling back to host slots, behavior unchanged
[GVS] GPUDirect=disabled (GVIRTUS_GPUDIRECT=1 but probe FAILED: cudaMalloc(4K) failed (no GPU? OOM?)) - falling back to host slots, behavior unchanged
[GVS IDX] epoch 1 anuncia server_idx=[0,1,2,3,4,5,6,7]
[GVS] rma_setup: epoch 1 arrived, 0/0 slots in flight -> install now
[GVS IDX] epoch 1 anuncia server_idx=[0,1,2,3,4,5,6,7]
[GVS] rma_setup: epoch 1 arrived, 0/0 slots in flight -> install now
[GVS IDX] epoch 2 anuncia server_idx=[9,10,11,12,13,14,15,16]
[GVS] rma_setup: epoch 2 arrived, 0/8 slots in flight -> install now
[GUSTO CFG] pool efectivo: slots=2 cap=1.1 MiB shadow=no total=2.1 MiB (sin presupuesto definido)
[GVS IDX] epoch 2 anuncia server_idx=[9,10,11,12,13,14,15,16]
[GVS] rma_setup: epoch 2 arrived, 0/8 slots in flight -> install now
[GUSTO CFG] pool efectivo: slots=2 cap=1.1 MiB shadow=no total=2.1 MiB (sin presupuesto definido)
UCX control-plane connected: Connect (25.25.25.2:32222)
UCX control-plane connected: Connect (25.25.25.2:32222)
CSVROW,order_legacy,handle,2,1,20,1,0,none,1095.926
DEBUG: protocol string is [ucx]
DEBUG: protocol string is [ucx]
[GVS] GPUDirect=disabled (GVIRTUS_GPUDIRECT=1 but probe FAILED: cudaMalloc(4K) failed (no GPU? OOM?)) - falling back to host slots, behavior unchanged
[GVS] GPUDirect=disabled (GVIRTUS_GPUDIRECT=1 but probe FAILED: cudaMalloc(4K) failed (no GPU? OOM?)) - falling back to host slots, behavior unchanged
[GVS IDX] epoch 1 anuncia server_idx=[0,1,2,3,4,5,6,7]
[GVS] rma_setup: epoch 1 arrived, 0/0 slots in flight -> install now
[GVS IDX] epoch 1 anuncia server_idx=[0,1,2,3,4,5,6,7]
[GVS] rma_setup: epoch 1 arrived, 0/0 slots in flight -> install now
[GVS IDX] epoch 2 anuncia server_idx=[9,10,11,12,13,14,15,16]
[GVS] rma_setup: epoch 2 arrived, 0/8 slots in flight -> install now
[GUSTO CFG] pool efectivo: slots=2 cap=1.1 MiB shadow=no total=2.1 MiB (sin presupuesto definido)
[GVS IDX] epoch 2 anuncia server_idx=[9,10,11,12,13,14,15,16]
[GVS] rma_setup: epoch 2 arrived, 0/8 slots in flight -> install now
[GUSTO CFG] pool efectivo: slots=2 cap=1.1 MiB shadow=no total=2.1 MiB (sin presupuesto definido)
UCX control-plane connected: Connect (25.25.25.2:32222)
UCX control-plane connected: Connect (25.25.25.2:32222)
CSVROW,order_explicit,handle,2,1,20,1,0,none,1040.959
DEBUG: protocol string is [ucx]
DEBUG: protocol string is [ucx]
[GVS] GPUDirect=disabled (GVIRTUS_GPUDIRECT=1 but probe FAILED: cudaMalloc(4K) failed (no GPU? OOM?)) - falling back to host slots, behavior unchanged
[GVS] GPUDirect=disabled (GVIRTUS_GPUDIRECT=1 but probe FAILED: cudaMalloc(4K) failed (no GPU? OOM?)) - falling back to host slots, behavior unchanged
[GVS IDX] epoch 1 anuncia server_idx=[0,1,2,3,4,5,6,7]
[GVS] rma_setup: epoch 1 arrived, 0/0 slots in flight -> install now
[GVS IDX] epoch 1 anuncia server_idx=[0,1,2,3,4,5,6,7]
[GVS] rma_setup: epoch 1 arrived, 0/0 slots in flight -> install now
[GVS IDX] epoch 2 anuncia server_idx=[9,10,11,12,13,14,15,16]
[GVS] rma_setup: epoch 2 arrived, 0/8 slots in flight -> install now
[GUSTO CFG] pool efectivo: slots=2 cap=1.1 MiB shadow=no total=2.1 MiB (sin presupuesto definido)
[GVS IDX] epoch 2 anuncia server_idx=[9,10,11,12,13,14,15,16]
[GVS] rma_setup: epoch 2 arrived, 0/8 slots in flight -> install now
[GUSTO CFG] pool efectivo: slots=2 cap=1.1 MiB shadow=no total=2.1 MiB (sin presupuesto definido)
UCX control-plane connected: Connect (25.25.25.2:32222)
UCX control-plane connected: Connect (25.25.25.2:32222)
CSVROW,event_crossstream,handle,2,1,20,1,0,none,1170.048
DEBUG: protocol string is [ucx]
DEBUG: protocol string is [ucx]
[GVS] GPUDirect=disabled (GVIRTUS_GPUDIRECT=1 but probe FAILED: cudaMalloc(4K) failed (no GPU? OOM?)) - falling back to host slots, behavior unchanged
[GVS] GPUDirect=disabled (GVIRTUS_GPUDIRECT=1 but probe FAILED: cudaMalloc(4K) failed (no GPU? OOM?)) - falling back to host slots, behavior unchanged
[GVS IDX] epoch 1 anuncia server_idx=[0,1,2,3,4,5,6,7]
[GVS] rma_setup: epoch 1 arrived, 0/0 slots in flight -> install now
[GVS IDX] epoch 2 anuncia server_idx=[9,10,11,12,13,14,15,16]
[GVS] rma_setup: epoch 2 arrived, 0/8 slots in flight -> install now
[GVS IDX] epoch 1 anuncia server_idx=[0,1,2,3,4,5,6,7]
[GVS] rma_setup: epoch 1 arrived, 0/0 slots in flight -> install now
[GVS IDX] epoch 2 anuncia server_idx=[9,10,11,12,13,14,15,16]
[GVS] rma_setup: epoch 2 arrived, 0/8 slots in flight -> install now
GUSTO_METRIC tag=periodic slots_total=8 peak_inflight=0 avg_inflight=0.000 peak_waiters=0 reservations=0 waited=0 wait_us_avg=0.00 admit_rma=0 admit_am=5 rma_pct=0.00 rma_fellback=0 decline_capacity=0 decline_timeout=0 decline_swap=0 decline_epfail=0 ack_sent=0 ack_gen_mismatch=0 ack_on_free=0 ack_applied=0 ack_held=0 ack_released=0 ack_epoch_dropped=0 parked=0
UCX control-plane connected: Connect (25.25.25.2:32222)
UCX control-plane connected: Connect (25.25.25.2:32222)
CSVROW,graph_ptds,handle,2,1,20,0,0,cudaErrorStreamCaptureInvalidated,785.307
CSVERR,graph_ptds,handle,2,endcapture,operation failed due to a previous error during capture,901,drv=0
[GVIRTUS] cuInit passthrough wired to /usr/local/cuda/compat/libcuda.so.1
DEBUG: protocol string is [ucx]
DEBUG: protocol string is [ucx]
[GVS] GPUDirect=disabled (GVIRTUS_GPUDIRECT=1 but probe FAILED: cudaMalloc(4K) failed (no GPU? OOM?)) - falling back to host slots, behavior unchanged
[GVS] GPUDirect=disabled (GVIRTUS_GPUDIRECT=1 but probe FAILED: cudaMalloc(4K) failed (no GPU? OOM?)) - falling back to host slots, behavior unchanged
[GVS IDX] epoch 1 anuncia server_idx=[0,1,2,3,4,5,6,7]
[GVS] rma_setup: epoch 1 arrived, 0/0 slots in flight -> install now
[GUSTO CFG] pool efectivo: slots=2 cap=0.1 MiB shadow=no total=0.1 MiB (sin presupuesto definido)
[GVS IDX] epoch 1 anuncia server_idx=[0,1,2,3,4,5,6,7]
[GVS] rma_setup: epoch 1 arrived, 0/0 slots in flight -> install now
[GUSTO CFG] pool efectivo: slots=2 cap=0.1 MiB shadow=no total=0.1 MiB (sin presupuesto definido)
UCX control-plane connected: Connect (25.25.25.2:32222)
UCX control-plane connected: Connect (25.25.25.2:32222)
CSVROW,driver_ptds,handle,2,1,20,1,0,none,704.451
[GVS] rma teardown: acks descartados por epoch=0, advertisements aparcadas=0
GUSTO_METRIC tag=teardown slots_total=8 peak_inflight=0 avg_inflight=0.000 peak_waiters=0 reservations=0 waited=0 wait_us_avg=0.00 admit_rma=0 admit_am=7 rma_pct=0.00 rma_fellback=0 decline_capacity=0 decline_timeout=0 decline_swap=0 decline_epfail=0 ack_sent=0 ack_gen_mismatch=0 ack_on_free=0 ack_applied=0 ack_held=0 ack_released=0 ack_epoch_dropped=0 parked=0
[GVS] rma coste: reservas=20 (esperaron 0) media=0.11us | cache de registro: aciertos=0 fallos=0 (0.0%) | acks enviados=0 media=0.00us | acks con generacion desajustada=0
[GVS] rma teardown: acks descartados por epoch=0, advertisements aparcadas=0
GUSTO_METRIC tag=teardown slots_total=8 peak_inflight=1 avg_inflight=0.055 peak_waiters=0 reservations=20 waited=0 wait_us_avg=0.11 admit_rma=20 admit_am=82 rma_pct=19.61 rma_fellback=0 decline_capacity=0 decline_timeout=0 decline_swap=0 decline_epfail=0 ack_sent=0 ack_gen_mismatch=0 ack_on_free=0 ack_applied=20 ack_held=0 ack_released=0 ack_epoch_dropped=0 parked=0
[GVS] rma coste: reservas=20 (esperaron 0) media=0.13us | cache de registro: aciertos=0 fallos=0 (0.0%) | acks enviados=0 media=0.00us | acks con generacion desajustada=0
[GVS] rma teardown: acks descartados por epoch=0, advertisements aparcadas=0
GUSTO_METRIC tag=teardown slots_total=8 peak_inflight=1 avg_inflight=0.113 peak_waiters=0 reservations=20 waited=0 wait_us_avg=0.13 admit_rma=20 admit_am=82 rma_pct=19.61 rma_fellback=0 decline_capacity=0 decline_timeout=0 decline_swap=0 decline_epfail=0 ack_sent=0 ack_gen_mismatch=0 ack_on_free=0 ack_applied=20 ack_held=0 ack_released=0 ack_epoch_dropped=0 parked=0
[GVS] rma coste: reservas=20 (esperaron 0) media=0.11us | cache de registro: aciertos=0 fallos=0 (0.0%) | acks enviados=0 media=0.00us | acks con generacion desajustada=0
[GVS] rma teardown: acks descartados por epoch=0, advertisements aparcadas=0
GUSTO_METRIC tag=teardown slots_total=8 peak_inflight=1 avg_inflight=0.123 peak_waiters=0 reservations=20 waited=0 wait_us_avg=0.11 admit_rma=20 admit_am=82 rma_pct=19.61 rma_fellback=0 decline_capacity=0 decline_timeout=0 decline_swap=0 decline_epfail=0 ack_sent=0 ack_gen_mismatch=0 ack_on_free=0 ack_applied=20 ack_held=0 ack_released=0 ack_epoch_dropped=0 parked=0
[GVS] rma coste: reservas=20 (esperaron 0) media=0.12us | cache de registro: aciertos=0 fallos=0 (0.0%) | acks enviados=0 media=0.00us | acks con generacion desajustada=0
[GVS] rma teardown: acks descartados por epoch=0, advertisements aparcadas=0
GUSTO_METRIC tag=teardown slots_total=8 peak_inflight=1 avg_inflight=0.067 peak_waiters=0 reservations=20 waited=0 wait_us_avg=0.12 admit_rma=20 admit_am=82 rma_pct=19.61 rma_fellback=0 decline_capacity=0 decline_timeout=0 decline_swap=0 decline_epfail=0 ack_sent=0 ack_gen_mismatch=0 ack_on_free=0 ack_applied=20 ack_held=0 ack_released=0 ack_epoch_dropped=0 parked=0
[GVS] rma coste: reservas=20 (esperaron 0) media=0.09us | cache de registro: aciertos=0 fallos=0 (0.0%) | acks enviados=0 media=0.00us | acks con generacion desajustada=0
[GVS] rma teardown: acks descartados por epoch=0, advertisements aparcadas=0
GUSTO_METRIC tag=teardown slots_total=8 peak_inflight=1 avg_inflight=0.114 peak_waiters=0 reservations=20 waited=0 wait_us_avg=0.09 admit_rma=20 admit_am=82 rma_pct=19.61 rma_fellback=0 decline_capacity=0 decline_timeout=0 decline_swap=0 decline_epfail=0 ack_sent=0 ack_gen_mismatch=0 ack_on_free=0 ack_applied=20 ack_held=0 ack_released=0 ack_epoch_dropped=0 parked=0
[GVS] rma coste: reservas=20 (esperaron 0) media=0.10us | cache de registro: aciertos=0 fallos=0 (0.0%) | acks enviados=0 media=0.00us | acks con generacion desajustada=0
[GVS] rma teardown: acks descartados por epoch=0, advertisements aparcadas=0
GUSTO_METRIC tag=teardown slots_total=8 peak_inflight=1 avg_inflight=0.054 peak_waiters=0 reservations=20 waited=0 wait_us_avg=0.10 admit_rma=20 admit_am=82 rma_pct=19.61 rma_fellback=0 decline_capacity=0 decline_timeout=0 decline_swap=0 decline_epfail=0 ack_sent=0 ack_gen_mismatch=0 ack_on_free=0 ack_applied=20 ack_held=0 ack_released=0 ack_epoch_dropped=0 parked=0
[GVS] rma coste: reservas=20 (esperaron 0) media=0.12us | cache de registro: aciertos=0 fallos=0 (0.0%) | acks enviados=0 media=0.00us | acks con generacion desajustada=0
[GVS] rma teardown: acks descartados por epoch=0, advertisements aparcadas=0
GUSTO_METRIC tag=teardown slots_total=8 peak_inflight=1 avg_inflight=0.033 peak_waiters=0 reservations=20 waited=0 wait_us_avg=0.12 admit_rma=20 admit_am=84 rma_pct=19.23 rma_fellback=0 decline_capacity=0 decline_timeout=0 decline_swap=0 decline_epfail=0 ack_sent=0 ack_gen_mismatch=0 ack_on_free=0 ack_applied=20 ack_held=0 ack_released=0 ack_epoch_dropped=0 parked=0
[GVS] rma coste: reservas=20 (esperaron 0) media=0.09us | cache de registro: aciertos=0 fallos=0 (0.0%) | acks enviados=0 media=0.00us | acks con generacion desajustada=0
[GVS] rma teardown: acks descartados por epoch=0, advertisements aparcadas=0
GUSTO_METRIC tag=teardown slots_total=8 peak_inflight=1 avg_inflight=0.010 peak_waiters=0 reservations=20 waited=0 wait_us_avg=0.09 admit_rma=20 admit_am=84 rma_pct=19.23 rma_fellback=0 decline_capacity=0 decline_timeout=0 decline_swap=0 decline_epfail=0 ack_sent=0 ack_gen_mismatch=0 ack_on_free=0 ack_applied=20 ack_held=0 ack_released=0 ack_epoch_dropped=0 parked=0
[GVS] rma coste: reservas=20 (esperaron 0) media=0.10us | cache de registro: aciertos=0 fallos=0 (0.0%) | acks enviados=0 media=0.00us | acks con generacion desajustada=0
[GVS] rma teardown: acks descartados por epoch=0, advertisements aparcadas=0
GUSTO_METRIC tag=teardown slots_total=8 peak_inflight=1 avg_inflight=0.059 peak_waiters=0 reservations=20 waited=0 wait_us_avg=0.10 admit_rma=20 admit_am=128 rma_pct=13.51 rma_fellback=0 decline_capacity=0 decline_timeout=0 decline_swap=0 decline_epfail=0 ack_sent=0 ack_gen_mismatch=0 ack_on_free=0 ack_applied=20 ack_held=0 ack_released=0 ack_epoch_dropped=0 parked=0
[GVS] rma coste: reservas=20 (esperaron 0) media=0.11us | cache de registro: aciertos=0 fallos=0 (0.0%) | acks enviados=0 media=0.00us | acks con generacion desajustada=0
[GVS] rma teardown: acks descartados por epoch=0, advertisements aparcadas=0
GUSTO_METRIC tag=teardown slots_total=8 peak_inflight=1 avg_inflight=0.365 peak_waiters=0 reservations=20 waited=0 wait_us_avg=0.11 admit_rma=20 admit_am=128 rma_pct=13.51 rma_fellback=0 decline_capacity=0 decline_timeout=0 decline_swap=0 decline_epfail=0 ack_sent=0 ack_gen_mismatch=0 ack_on_free=0 ack_applied=20 ack_held=0 ack_released=0 ack_epoch_dropped=0 parked=0
[GVS] rma coste: reservas=1 (esperaron 0) media=0.20us | cache de registro: aciertos=0 fallos=0 (0.0%) | acks enviados=0 media=0.00us | acks con generacion desajustada=0
[GVS] rma teardown: acks descartados por epoch=0, advertisements aparcadas=0
GUSTO_METRIC tag=teardown slots_total=8 peak_inflight=1 avg_inflight=1.000 peak_waiters=0 reservations=1 waited=0 wait_us_avg=0.20 admit_rma=1 admit_am=7 rma_pct=12.50 rma_fellback=0 decline_capacity=0 decline_timeout=0 decline_swap=0 decline_epfail=0 ack_sent=0 ack_gen_mismatch=0 ack_on_free=0 ack_applied=1 ack_held=0 ack_released=0 ack_epoch_dropped=0 parked=0
[GVS] rma coste: reservas=1 (esperaron 0) media=0.20us | cache de registro: aciertos=0 fallos=0 (0.0%) | acks enviados=0 media=0.00us | acks con generacion desajustada=0
[GVS] rma teardown: acks descartados por epoch=0, advertisements aparcadas=0
GUSTO_METRIC tag=teardown slots_total=8 peak_inflight=1 avg_inflight=1.000 peak_waiters=0 reservations=1 waited=0 wait_us_avg=0.20 admit_rma=1 admit_am=7 rma_pct=12.50 rma_fellback=0 decline_capacity=0 decline_timeout=0 decline_swap=0 decline_epfail=0 ack_sent=0 ack_gen_mismatch=0 ack_on_free=0 ack_applied=1 ack_held=0 ack_released=0 ack_epoch_dropped=0 parked=0
[GVS] rma coste: reservas=20 (esperaron 0) media=0.05us | cache de registro: aciertos=0 fallos=0 (0.0%) | acks enviados=0 media=0.00us | acks con generacion desajustada=0
[GVS] rma teardown: acks descartados por epoch=0, advertisements aparcadas=0
GUSTO_METRIC tag=teardown slots_total=8 peak_inflight=1 avg_inflight=0.591 peak_waiters=0 reservations=20 waited=0 wait_us_avg=0.05 admit_rma=20 admit_am=86 rma_pct=18.87 rma_fellback=0 decline_capacity=0 decline_timeout=0 decline_swap=0 decline_epfail=0 ack_sent=0 ack_gen_mismatch=0 ack_on_free=0 ack_applied=20 ack_held=0 ack_released=0 ack_epoch_dropped=0 parked=0
[GVS] rma coste: reservas=20 (esperaron 0) media=0.06us | cache de registro: aciertos=0 fallos=0 (0.0%) | acks enviados=0 media=0.00us | acks con generacion desajustada=0
[GVS] rma teardown: acks descartados por epoch=0, advertisements aparcadas=0
GUSTO_METRIC tag=teardown slots_total=8 peak_inflight=1 avg_inflight=0.475 peak_waiters=0 reservations=20 waited=0 wait_us_avg=0.06 admit_rma=20 admit_am=86 rma_pct=18.87 rma_fellback=0 decline_capacity=0 decline_timeout=0 decline_swap=0 decline_epfail=0 ack_sent=0 ack_gen_mismatch=0 ack_on_free=0 ack_applied=20 ack_held=0 ack_released=0 ack_epoch_dropped=0 parked=0
