DEBUG: protocol string is [ucx]
[GVS] GPUDirect=disabled (GVIRTUS_GPUDIRECT=1 but probe FAILED: cudaMalloc(4K) failed (no GPU? OOM?)) - falling back to host slots, behavior unchanged
[GVS IDX] epoch 1 anuncia server_idx=[0,1,2,3,4,5,6,7]
[GVS] rma_setup: epoch 1 arrived, 0/0 slots in flight -> install now
UCX control-plane connected: Connect (25.25.25.2:32222)
DEBUG: protocol string is [ucx]
[GVS] GPUDirect=disabled (GVIRTUS_GPUDIRECT=1 but probe FAILED: cudaMalloc(4K) failed (no GPU? OOM?)) - falling back to host slots, behavior unchanged
[GVS IDX] epoch 1 anuncia server_idx=[0,1,2,3,4,5,6,7]
[GVS] rma_setup: epoch 1 arrived, 0/0 slots in flight -> install now
# variant=ptsz threads=32 iters=10000 bytes=65536 seed=1
# cudaStreamPerThread=0x2 cudaStreamLegacy=0x1
UCX control-plane connected: Connect (25.25.25.2:32222)
INFO - Parsing endpoint config from: /opt/GVirtuS/etc/properties_ucx.json
INFO - Using properties file: /opt/GVirtuS/etc/properties_ucx.json
INFO - Parsing endpoint config from: /opt/GVirtuS/etc/properties_ucx.json
INFO - Using properties file: /opt/GVirtuS/etc/properties_ucx.json
DEBUG: protocol string is [ucx]
DEBUG: protocol string is [ucx]
DEBUG: protocol string is [ucx]
DEBUG: protocol string is [ucx]
INFO - Using properties file: /opt/GVirtuS/etc/properties_ucx.json
DEBUG: protocol string is [ucx]
DEBUG: protocol string is [ucx]
DEBUG: protocol string is [ucx]
DEBUG: protocol string is [ucx]
DEBUG: protocol string is [ucx]
DEBUG: protocol string is [ucx]
DEBUG: protocol string is [ucx]
DEBUG: protocol string is [ucx]
DEBUG: protocol string is [ucx]
DEBUG: protocol string is [ucx]
DEBUG: protocol string is [ucx]
DEBUG: protocol string is [ucx]
DEBUG: protocol string is [ucx]
DEBUG: protocol string is [ucx]
DEBUG: protocol string is [ucx]
DEBUG: protocol string is [ucx]
DEBUG: protocol string is [ucx]
DEBUG: protocol string is [ucx]
DEBUG: protocol string is [ucx]
DEBUG: protocol string is [ucx]
DEBUG: protocol string is [ucx]
DEBUG: protocol string is [ucx]
DEBUG: protocol string is [ucx]
DEBUG: protocol string is [ucx]
DEBUG: protocol string is [ucx]
DEBUG: protocol string is [ucx]
DEBUG: protocol string is [ucx]
DEBUG: protocol string is [ucx]
[GVS] GPUDirect=disabled (GVIRTUS_GPUDIRECT=1 but probe FAILED: cudaMalloc(4K) failed (no GPU? OOM?)) - falling back to host slots, behavior unchanged
[GVS] GPUDirect=disabled (GVIRTUS_GPUDIRECT=1 but probe FAILED: cudaMalloc(4K) failed (no GPU? OOM?)) - falling back to host slots, behavior unchanged
[GVS] GPUDirect=disabled (GVIRTUS_GPUDIRECT=1 but probe FAILED: cudaMalloc(4K) failed (no GPU? OOM?)) - falling back to host slots, behavior unchanged
[GVS] GPUDirect=disabled (GVIRTUS_GPUDIRECT=1 but probe FAILED: cudaMalloc(4K) failed (no GPU? OOM?)) - falling back to host slots, behavior unchanged
[GVS] GPUDirect=disabled (GVIRTUS_GPUDIRECT=1 but probe FAILED: cudaMalloc(4K) failed (no GPU? OOM?)) - falling back to host slots, behavior unchanged
[GVS] GPUDirect=disabled (GVIRTUS_GPUDIRECT=1 but probe FAILED: cudaMalloc(4K) failed (no GPU? OOM?)) - falling back to host slots, behavior unchanged
[GVS] GPUDirect=disabled (GVIRTUS_GPUDIRECT=1 but probe FAILED: cudaMalloc(4K) failed (no GPU? OOM?)) - falling back to host slots, behavior unchanged
[GVS] GPUDirect=disabled (GVIRTUS_GPUDIRECT=1 but probe FAILED: cudaMalloc(4K) failed (no GPU? OOM?)) - falling back to host slots, behavior unchanged
[GVS] GPUDirect=disabled (GVIRTUS_GPUDIRECT=1 but probe FAILED: cudaMalloc(4K) failed (no GPU? OOM?)) - falling back to host slots, behavior unchanged
[GVS] GPUDirect=disabled (GVIRTUS_GPUDIRECT=1 but probe FAILED: cudaMalloc(4K) failed (no GPU? OOM?)) - falling back to host slots, behavior unchanged
[GVS] GPUDirect=disabled (GVIRTUS_GPUDIRECT=1 but probe FAILED: cudaMalloc(4K) failed (no GPU? OOM?)) - falling back to host slots, behavior unchanged
[GVS] GPUDirect=disabled (GVIRTUS_GPUDIRECT=1 but probe FAILED: cudaMalloc(4K) failed (no GPU? OOM?)) - falling back to host slots, behavior unchanged
[GVS] GPUDirect=disabled (GVIRTUS_GPUDIRECT=1 but probe FAILED: cudaMalloc(4K) failed (no GPU? OOM?)) - falling back to host slots, behavior unchanged
[GVS] GPUDirect=disabled (GVIRTUS_GPUDIRECT=1 but probe FAILED: cudaMalloc(4K) failed (no GPU? OOM?)) - falling back to host slots, behavior unchanged
[GVS] GPUDirect=disabled (GVIRTUS_GPUDIRECT=1 but probe FAILED: cudaMalloc(4K) failed (no GPU? OOM?)) - falling back to host slots, behavior unchanged
[GVS] GPUDirect=disabled (GVIRTUS_GPUDIRECT=1 but probe FAILED: cudaMalloc(4K) failed (no GPU? OOM?)) - falling back to host slots, behavior unchanged
[GVS] GPUDirect=disabled (GVIRTUS_GPUDIRECT=1 but probe FAILED: cudaMalloc(4K) failed (no GPU? OOM?)) - falling back to host slots, behavior unchanged
[GVS] GPUDirect=disabled (GVIRTUS_GPUDIRECT=1 but probe FAILED: cudaMalloc(4K) failed (no GPU? OOM?)) - falling back to host slots, behavior unchanged
[GVS] GPUDirect=disabled (GVIRTUS_GPUDIRECT=1 but probe FAILED: cudaMalloc(4K) failed (no GPU? OOM?)) - falling back to host slots, behavior unchanged
[GVS] GPUDirect=disabled (GVIRTUS_GPUDIRECT=1 but probe FAILED: cudaMalloc(4K) failed (no GPU? OOM?)) - falling back to host slots, behavior unchanged
[GVS] GPUDirect=disabled (GVIRTUS_GPUDIRECT=1 but probe FAILED: cudaMalloc(4K) failed (no GPU? OOM?)) - falling back to host slots, behavior unchanged
[GVS] GPUDirect=disabled (GVIRTUS_GPUDIRECT=1 but probe FAILED: cudaMalloc(4K) failed (no GPU? OOM?)) - falling back to host slots, behavior unchanged
[GVS] GPUDirect=disabled (GVIRTUS_GPUDIRECT=1 but probe FAILED: cudaMalloc(4K) failed (no GPU? OOM?)) - falling back to host slots, behavior unchanged
[GVS] GPUDirect=disabled (GVIRTUS_GPUDIRECT=1 but probe FAILED: cudaMalloc(4K) failed (no GPU? OOM?)) - falling back to host slots, behavior unchanged
[GVS] GPUDirect=disabled (GVIRTUS_GPUDIRECT=1 but probe FAILED: cudaMalloc(4K) failed (no GPU? OOM?)) - falling back to host slots, behavior unchanged
[GVS] GPUDirect=disabled (GVIRTUS_GPUDIRECT=1 but probe FAILED: cudaMalloc(4K) failed (no GPU? OOM?)) - falling back to host slots, behavior unchanged
[GVS] GPUDirect=disabled (GVIRTUS_GPUDIRECT=1 but probe FAILED: cudaMalloc(4K) failed (no GPU? OOM?)) - falling back to host slots, behavior unchanged
[GVS] GPUDirect=disabled (GVIRTUS_GPUDIRECT=1 but probe FAILED: cudaMalloc(4K) failed (no GPU? OOM?)) - falling back to host slots, behavior unchanged
[GVS] GPUDirect=disabled (GVIRTUS_GPUDIRECT=1 but probe FAILED: cudaMalloc(4K) failed (no GPU? OOM?)) - falling back to host slots, behavior unchanged
[GVS] GPUDirect=disabled (GVIRTUS_GPUDIRECT=1 but probe FAILED: cudaMalloc(4K) failed (no GPU? OOM?)) - falling back to host slots, behavior unchanged
[GVS] GPUDirect=disabled (GVIRTUS_GPUDIRECT=1 but probe FAILED: cudaMalloc(4K) failed (no GPU? OOM?)) - falling back to host slots, behavior unchanged
[GVS] GPUDirect=disabled (GVIRTUS_GPUDIRECT=1 but probe FAILED: cudaMalloc(4K) failed (no GPU? OOM?)) - falling back to host slots, behavior unchanged
[GVS IDX] epoch 1 anuncia server_idx=[0,1,2,3,4,5,6,7]
[GVS] rma_setup: epoch 1 arrived, 0/0 slots in flight -> install now
[GVS IDX] epoch 1 anuncia server_idx=[0,1,2,3,4,5,6,7]
[GVS] rma_setup: epoch 1 arrived, 0/0 slots in flight -> install now
[GVS IDX] epoch 1 anuncia server_idx=[0,1,2,3,4,5,6,7]
[GVS] rma_setup: epoch 1 arrived, 0/0 slots in flight -> install now
[GVS IDX] epoch 1 anuncia server_idx=[0,1,2,3,4,5,6,7]
[GVS] rma_setup: epoch 1 arrived, 0/0 slots in flight -> install now
[GVS IDX] epoch 1 anuncia server_idx=[0,1,2,3,4,5,6,7]
[GVS] rma_setup: epoch 1 arrived, 0/0 slots in flight -> install now
[GVS IDX] epoch 1 anuncia server_idx=[0,1,2,3,4,5,6,7]
[GVS] rma_setup: epoch 1 arrived, 0/0 slots in flight -> install now
[GVS IDX] epoch 1 anuncia server_idx=[0,1,2,3,4,5,6,7]
[GVS] rma_setup: epoch 1 arrived, 0/0 slots in flight -> install now
[GVS IDX] epoch 1 anuncia server_idx=[0,1,2,3,4,5,6,7]
[GVS] rma_setup: epoch 1 arrived, 0/0 slots in flight -> install now
[GVS IDX] epoch 1 anuncia server_idx=[0,1,2,3,4,5,6,7]
[GVS] rma_setup: epoch 1 arrived, 0/0 slots in flight -> install now
[GVS IDX] epoch 1 anuncia server_idx=[0,1,2,3,4,5,6,7]
[GVS] rma_setup: epoch 1 arrived, 0/0 slots in flight -> install now
[GVS IDX] epoch 1 anuncia server_idx=[0,1,2,3,4,5,6,7]
[GVS] rma_setup: epoch 1 arrived, 0/0 slots in flight -> install now
[GVS IDX] epoch 1 anuncia server_idx=[0,1,2,3,4,5,6,7]
[GVS] rma_setup: epoch 1 arrived, 0/0 slots in flight -> install now
[GVS IDX] epoch 1 anuncia server_idx=[0,1,2,3,4,5,6,7]
[GVS] rma_setup: epoch 1 arrived, 0/0 slots in flight -> install now
[GVS IDX] epoch 1 anuncia server_idx=[0,1,2,3,4,5,6,7]
[GVS] rma_setup: epoch 1 arrived, 0/0 slots in flight -> install now
[GVS IDX] epoch 1 anuncia server_idx=[0,1,2,3,4,5,6,7]
[GVS] rma_setup: epoch 1 arrived, 0/0 slots in flight -> install now
[GVS IDX] epoch 1 anuncia server_idx=[0,1,2,3,4,5,6,7]
[GVS] rma_setup: epoch 1 arrived, 0/0 slots in flight -> install now
[GVS IDX] epoch 1 anuncia server_idx=[0,1,2,3,4,5,6,7]
[GVS] rma_setup: epoch 1 arrived, 0/0 slots in flight -> install now
[GVS IDX] epoch 1 anuncia server_idx=[0,1,2,3,4,5,6,7]
[GVS] rma_setup: epoch 1 arrived, 0/0 slots in flight -> install now
[GVS IDX] epoch 2 anuncia server_idx=[9,10,11,12,13,14,15,16]
[GVS] rma_setup: epoch 2 arrived, 0/8 slots in flight -> install now
[GVS IDX] epoch 2 anuncia server_idx=[9,10,11,12,13,14,15,16]
[GVS] rma_setup: epoch 2 arrived, 0/8 slots in flight -> install now
[GVS IDX] epoch 2 anuncia server_idx=[9,10,11,12,13,14,15,16]
[GVS] rma_setup: epoch 2 arrived, 0/8 slots in flight -> install now
[GVS IDX] epoch 2 anuncia server_idx=[9,10,11,12,13,14,15,16]
[GVS] rma_setup: epoch 2 arrived, 0/8 slots in flight -> install now
[GVS IDX] epoch 2 anuncia server_idx=[9,10,11,12,13,14,15,16]
[GVS] rma_setup: epoch 2 arrived, 0/8 slots in flight -> install now
[GVS IDX] epoch 1 anuncia server_idx=[0,1,2,3,4,5,6,7]
[GVS] rma_setup: epoch 1 arrived, 0/0 slots in flight -> install now
[GVS IDX] epoch 2 anuncia server_idx=[9,10,11,12,13,14,15,16]
[GVS] rma_setup: epoch 2 arrived, 0/8 slots in flight -> install now
[GVS IDX] epoch 2 anuncia server_idx=[9,10,11,12,13,14,15,16]
[GVS] rma_setup: epoch 2 arrived, 0/8 slots in flight -> install now
[GUSTO CFG] pool efectivo: slots=2 cap=0.1 MiB shadow=no total=0.1 MiB (sin presupuesto definido)
[GVS IDX] epoch 1 anuncia server_idx=[0,1,2,3,4,5,6,7]
[GVS] rma_setup: epoch 1 arrived, 0/0 slots in flight -> install now
[GUSTO CFG] pool efectivo: slots=2 cap=0.1 MiB shadow=no total=0.1 MiB (sin presupuesto definido)
[GUSTO CFG] pool efectivo: slots=2 cap=0.1 MiB shadow=no total=0.1 MiB (sin presupuesto definido)
[GUSTO CFG] pool efectivo: slots=2 cap=0.1 MiB shadow=no total=0.1 MiB (sin presupuesto definido)
[GVS IDX] epoch 1 anuncia server_idx=[0,1,2,3,4,5,6,7]
[GVS] rma_setup: epoch 1 arrived, 0/0 slots in flight -> install now
[GUSTO CFG] pool efectivo: slots=2 cap=0.1 MiB shadow=no total=0.1 MiB (sin presupuesto definido)
[GUSTO CFG] pool efectivo: slots=2 cap=0.1 MiB shadow=no total=0.1 MiB (sin presupuesto definido)
[GVS IDX] epoch 1 anuncia server_idx=[0,1,2,3,4,5,6,7]
[GVS] rma_setup: epoch 1 arrived, 0/0 slots in flight -> install now
[GVS IDX] epoch 2 anuncia server_idx=[9,10,11,12,13,14,15,16]
[GVS] rma_setup: epoch 2 arrived, 0/8 slots in flight -> install now
[GVS IDX] epoch 1 anuncia server_idx=[0,1,2,3,4,5,6,7]
[GVS] rma_setup: epoch 1 arrived, 0/0 slots in flight -> install now
[GVS IDX] epoch 1 anuncia server_idx=[0,1,2,3,4,5,6,7]
[GVS] rma_setup: epoch 1 arrived, 0/0 slots in flight -> install now
[GVS IDX] epoch 1 anuncia server_idx=[0,1,2,3,4,5,6,7]
[GVS] rma_setup: epoch 1 arrived, 0/0 slots in flight -> install now
[GUSTO CFG] pool efectivo: slots=2 cap=0.1 MiB shadow=no total=0.1 MiB (sin presupuesto definido)
[GVS IDX] epoch 1 anuncia server_idx=[0,1,2,3,4,5,6,7]
[GVS] rma_setup: epoch 1 arrived, 0/0 slots in flight -> install now
[GVS IDX] epoch 2 anuncia server_idx=[9,10,11,12,13,14,15,16]
[GVS] rma_setup: epoch 2 arrived, 0/8 slots in flight -> install now
[GVS IDX] epoch 1 anuncia server_idx=[0,1,2,3,4,5,6,7]
[GVS] rma_setup: epoch 1 arrived, 0/0 slots in flight -> install now
[GVS IDX] epoch 2 anuncia server_idx=[9,10,11,12,13,14,15,16]
[GVS] rma_setup: epoch 2 arrived, 0/8 slots in flight -> install now
[GVS IDX] epoch 2 anuncia server_idx=[9,10,11,12,13,14,15,16]
[GVS] rma_setup: epoch 2 arrived, 0/8 slots in flight -> install now
[GUSTO CFG] pool efectivo: slots=2 cap=0.1 MiB shadow=no total=0.1 MiB (sin presupuesto definido)
[GVS IDX] epoch 2 anuncia server_idx=[9,10,11,12,13,14,15,16]
[GVS] rma_setup: epoch 2 arrived, 0/8 slots in flight -> install now
[GUSTO CFG] pool efectivo: slots=2 cap=0.1 MiB shadow=no total=0.1 MiB (sin presupuesto definido)
[GUSTO CFG] pool efectivo: slots=2 cap=0.1 MiB shadow=no total=0.1 MiB (sin presupuesto definido)
[GUSTO CFG] pool efectivo: slots=2 cap=0.1 MiB shadow=no total=0.1 MiB (sin presupuesto definido)
[GVS IDX] epoch 2 anuncia server_idx=[9,10,11,12,13,14,15,16]
[GVS] rma_setup: epoch 2 arrived, 0/8 slots in flight -> install now
[GVS IDX] epoch 1 anuncia server_idx=[0,1,2,3,4,5,6,7]
[GVS] rma_setup: epoch 1 arrived, 0/0 slots in flight -> install now
[GUSTO CFG] pool efectivo: slots=2 cap=0.1 MiB shadow=no total=0.1 MiB (sin presupuesto definido)
[GVS IDX] epoch 1 anuncia server_idx=[0,1,2,3,4,5,6,7]
[GVS] rma_setup: epoch 1 arrived, 0/0 slots in flight -> install now
[GVS IDX] epoch 2 anuncia server_idx=[9,10,11,12,13,14,15,16]
[GVS] rma_setup: epoch 2 arrived, 0/8 slots in flight -> install now
[GVS IDX] epoch 2 anuncia server_idx=[9,10,11,12,13,14,15,16]
[GVS] rma_setup: epoch 2 arrived, 0/8 slots in flight -> install now
[GUSTO CFG] pool efectivo: slots=2 cap=0.1 MiB shadow=no total=0.1 MiB (sin presupuesto definido)
[GVS IDX] epoch 1 anuncia server_idx=[0,1,2,3,4,5,6,7]
[GVS] rma_setup: epoch 1 arrived, 0/0 slots in flight -> install now
[GUSTO CFG] pool efectivo: slots=2 cap=0.1 MiB shadow=no total=0.1 MiB (sin presupuesto definido)
GUSTO_METRIC tag=periodic slots_total=8 peak_inflight=1 avg_inflight=0.019 peak_waiters=0 reservations=12 waited=0 wait_us_avg=0.17 admit_rma=12 admit_am=73 rma_pct=14.12 rma_fellback=0 decline_capacity=0 decline_timeout=0 decline_swap=0 decline_epfail=0 ack_sent=0 ack_gen_mismatch=0 ack_on_free=0 ack_applied=12 ack_held=0 ack_released=0 ack_epoch_dropped=0 parked=0
GUSTO_METRIC tag=periodic slots_total=8 peak_inflight=1 avg_inflight=0.035 peak_waiters=0 reservations=24 waited=0 wait_us_avg=0.16 admit_rma=24 admit_am=148 rma_pct=13.95 rma_fellback=0 decline_capacity=0 decline_timeout=0 decline_swap=0 decline_epfail=0 ack_sent=0 ack_gen_mismatch=0 ack_on_free=0 ack_applied=24 ack_held=0 ack_released=0 ack_epoch_dropped=0 parked=0
GUSTO_METRIC tag=periodic slots_total=8 peak_inflight=1 avg_inflight=0.098 peak_waiters=0 reservations=48 waited=0 wait_us_avg=0.16 admit_rma=48 admit_am=292 rma_pct=14.12 rma_fellback=0 decline_capacity=0 decline_timeout=0 decline_swap=0 decline_epfail=0 ack_sent=0 ack_gen_mismatch=0 ack_on_free=0 ack_applied=48 ack_held=0 ack_released=0 ack_epoch_dropped=0 parked=0
[GVS IDX] epoch 2 anuncia server_idx=[9,10,11,12,13,14,15,16]
[GVS] rma_setup: epoch 2 arrived, 0/8 slots in flight -> install now
[GUSTO CFG] pool efectivo: slots=2 cap=0.1 MiB shadow=no total=0.1 MiB (sin presupuesto definido)
GUSTO_METRIC tag=periodic slots_total=8 peak_inflight=1 avg_inflight=0.069 peak_waiters=0 reservations=42 waited=0 wait_us_avg=0.17 admit_rma=42 admit_am=252 rma_pct=14.29 rma_fellback=0 decline_capacity=0 decline_timeout=0 decline_swap=0 decline_epfail=0 ack_sent=0 ack_gen_mismatch=0 ack_on_free=0 ack_applied=42 ack_held=0 ack_released=0 ack_epoch_dropped=0 parked=0
GUSTO_METRIC tag=periodic slots_total=8 peak_inflight=1 avg_inflight=0.109 peak_waiters=0 reservations=54 waited=0 wait_us_avg=0.14 admit_rma=54 admit_am=323 rma_pct=14.32 rma_fellback=0 decline_capacity=0 decline_timeout=0 decline_swap=0 decline_epfail=0 ack_sent=0 ack_gen_mismatch=0 ack_on_free=0 ack_applied=53 ack_held=0 ack_released=0 ack_epoch_dropped=0 parked=0
GUSTO_METRIC tag=periodic slots_total=8 peak_inflight=1 avg_inflight=0.005 peak_waiters=0 reservations=2 waited=0 wait_us_avg=0.33 admit_rma=2 admit_am=12 rma_pct=14.29 rma_fellback=0 decline_capacity=0 decline_timeout=0 decline_swap=0 decline_epfail=0 ack_sent=0 ack_gen_mismatch=0 ack_on_free=0 ack_applied=2 ack_held=0 ack_released=0 ack_epoch_dropped=0 parked=0
GUSTO_METRIC tag=periodic slots_total=8 peak_inflight=1 avg_inflight=0.027 peak_waiters=0 reservations=12 waited=0 wait_us_avg=0.17 admit_rma=12 admit_am=72 rma_pct=14.29 rma_fellback=0 decline_capacity=0 decline_timeout=0 decline_swap=0 decline_epfail=0 ack_sent=0 ack_gen_mismatch=0 ack_on_free=0 ack_applied=12 ack_held=0 ack_released=0 ack_epoch_dropped=0 parked=0
[GVS IDX] epoch 1 anuncia server_idx=[0,1,2,3,4,5,6,7]
[GVS] rma_setup: epoch 1 arrived, 0/0 slots in flight -> install now
GUSTO_METRIC tag=periodic slots_total=8 peak_inflight=1 avg_inflight=0.009 peak_waiters=0 reservations=2 waited=0 wait_us_avg=0.28 admit_rma=2 admit_am=12 rma_pct=14.29 rma_fellback=0 decline_capacity=0 decline_timeout=0 decline_swap=0 decline_epfail=0 ack_sent=0 ack_gen_mismatch=0 ack_on_free=0 ack_applied=2 ack_held=0 ack_released=0 ack_epoch_dropped=0 parked=0
[GVS IDX] epoch 1 anuncia server_idx=[0,1,2,3,4,5,6,7]
[GVS] rma_setup: epoch 1 arrived, 0/0 slots in flight -> install now
GUSTO_METRIC tag=periodic slots_total=8 peak_inflight=1 avg_inflight=0.013 peak_waiters=0 reservations=2 waited=0 wait_us_avg=0.30 admit_rma=2 admit_am=12 rma_pct=14.29 rma_fellback=0 decline_capacity=0 decline_timeout=0 decline_swap=0 decline_epfail=0 ack_sent=0 ack_gen_mismatch=0 ack_on_free=0 ack_applied=2 ack_held=0 ack_released=0 ack_epoch_dropped=0 parked=0
GUSTO_METRIC tag=periodic slots_total=8 peak_inflight=1 avg_inflight=0.007 peak_waiters=0 reservations=2 waited=0 wait_us_avg=0.26 admit_rma=2 admit_am=12 rma_pct=14.29 rma_fellback=0 decline_capacity=0 decline_timeout=0 decline_swap=0 decline_epfail=0 ack_sent=0 ack_gen_mismatch=0 ack_on_free=0 ack_applied=2 ack_held=0 ack_released=0 ack_epoch_dropped=0 parked=0
GUSTO_METRIC tag=periodic slots_total=8 peak_inflight=1 avg_inflight=1.000 peak_waiters=0 reservations=1 waited=0 wait_us_avg=0.33 admit_rma=1 admit_am=6 rma_pct=14.29 rma_fellback=0 decline_capacity=0 decline_timeout=0 decline_swap=0 decline_epfail=0 ack_sent=0 ack_gen_mismatch=0 ack_on_free=0 ack_applied=1 ack_held=0 ack_released=0 ack_epoch_dropped=0 parked=0
GUSTO_METRIC tag=periodic slots_total=8 peak_inflight=1 avg_inflight=0.010 peak_waiters=0 reservations=2 waited=0 wait_us_avg=0.29 admit_rma=2 admit_am=12 rma_pct=14.29 rma_fellback=0 decline_capacity=0 decline_timeout=0 decline_swap=0 decline_epfail=0 ack_sent=0 ack_gen_mismatch=0 ack_on_free=0 ack_applied=2 ack_held=0 ack_released=0 ack_epoch_dropped=0 parked=0
GUSTO_METRIC tag=periodic slots_total=8 peak_inflight=1 avg_inflight=0.011 peak_waiters=0 reservations=2 waited=0 wait_us_avg=0.20 admit_rma=2 admit_am=12 rma_pct=14.29 rma_fellback=0 decline_capacity=0 decline_timeout=0 decline_swap=0 decline_epfail=0 ack_sent=0 ack_gen_mismatch=0 ack_on_free=0 ack_applied=2 ack_held=0 ack_released=0 ack_epoch_dropped=0 parked=0
[GUSTO CFG] pool efectivo: slots=2 cap=0.1 MiB shadow=no total=0.1 MiB (sin presupuesto definido)
GUSTO_METRIC tag=periodic slots_total=8 peak_inflight=1 avg_inflight=0.004 peak_waiters=0 reservations=2 waited=0 wait_us_avg=0.43 admit_rma=2 admit_am=12 rma_pct=14.29 rma_fellback=0 decline_capacity=0 decline_timeout=0 decline_swap=0 decline_epfail=0 ack_sent=0 ack_gen_mismatch=0 ack_on_free=0 ack_applied=2 ack_held=0 ack_released=0 ack_epoch_dropped=0 parked=0
[GVS IDX] epoch 2 anuncia server_idx=[9,10,11,12,13,14,15,16]
[GVS] rma_setup: epoch 2 arrived, 0/8 slots in flight -> install now
[GVS IDX] epoch 2 anuncia server_idx=[9,10,11,12,13,14,15,16]
[GVS] rma_setup: epoch 2 arrived, 0/8 slots in flight -> install now
GUSTO_METRIC tag=periodic slots_total=8 peak_inflight=1 avg_inflight=0.007 peak_waiters=0 reservations=2 waited=0 wait_us_avg=0.30 admit_rma=2 admit_am=12 rma_pct=14.29 rma_fellback=0 decline_capacity=0 decline_timeout=0 decline_swap=0 decline_epfail=0 ack_sent=0 ack_gen_mismatch=0 ack_on_free=0 ack_applied=2 ack_held=0 ack_released=0 ack_epoch_dropped=0 parked=0
GUSTO_METRIC tag=periodic slots_total=8 peak_inflight=1 avg_inflight=1.000 peak_waiters=0 reservations=1 waited=0 wait_us_avg=0.32 admit_rma=1 admit_am=6 rma_pct=14.29 rma_fellback=0 decline_capacity=0 decline_timeout=0 decline_swap=0 decline_epfail=0 ack_sent=0 ack_gen_mismatch=0 ack_on_free=0 ack_applied=1 ack_held=0 ack_released=0 ack_epoch_dropped=0 parked=0
[GVS IDX] epoch 2 anuncia server_idx=[9,10,11,12,13,14,15,16]
[GVS] rma_setup: epoch 2 arrived, 0/8 slots in flight -> install now
[GUSTO CFG] pool efectivo: slots=2 cap=0.1 MiB shadow=no total=0.1 MiB (sin presupuesto definido)
GUSTO_METRIC tag=periodic slots_total=8 peak_inflight=1 avg_inflight=0.007 peak_waiters=0 reservations=2 waited=0 wait_us_avg=0.13 admit_rma=2 admit_am=12 rma_pct=14.29 rma_fellback=0 decline_capacity=0 decline_timeout=0 decline_swap=0 decline_epfail=0 ack_sent=0 ack_gen_mismatch=0 ack_on_free=0 ack_applied=2 ack_held=0 ack_released=0 ack_epoch_dropped=0 parked=0
[GVS IDX] epoch 2 anuncia server_idx=[9,10,11,12,13,14,15,16]
[GVS] rma_setup: epoch 2 arrived, 0/8 slots in flight -> install now
GUSTO_METRIC tag=periodic slots_total=8 peak_inflight=1 avg_inflight=1.000 peak_waiters=0 reservations=1 waited=0 wait_us_avg=0.41 admit_rma=1 admit_am=6 rma_pct=14.29 rma_fellback=0 decline_capacity=0 decline_timeout=0 decline_swap=0 decline_epfail=0 ack_sent=0 ack_gen_mismatch=0 ack_on_free=0 ack_applied=1 ack_held=0 ack_released=0 ack_epoch_dropped=0 parked=0
[GUSTO CFG] pool efectivo: slots=2 cap=0.1 MiB shadow=no total=0.1 MiB (sin presupuesto definido)
GUSTO_METRIC tag=periodic slots_total=8 peak_inflight=1 avg_inflight=1.000 peak_waiters=0 reservations=1 waited=0 wait_us_avg=0.49 admit_rma=1 admit_am=6 rma_pct=14.29 rma_fellback=0 decline_capacity=0 decline_timeout=0 decline_swap=0 decline_epfail=0 ack_sent=0 ack_gen_mismatch=0 ack_on_free=0 ack_applied=1 ack_held=0 ack_released=0 ack_epoch_dropped=0 parked=0
[GUSTO CFG] pool efectivo: slots=2 cap=0.1 MiB shadow=no total=0.1 MiB (sin presupuesto definido)
[GVS IDX] epoch 2 anuncia server_idx=[9,10,11,12,13,14,15,16]
[GVS] rma_setup: epoch 2 arrived, 0/8 slots in flight -> install now
GUSTO_METRIC tag=periodic slots_total=8 peak_inflight=1 avg_inflight=1.000 peak_waiters=0 reservations=1 waited=0 wait_us_avg=0.19 admit_rma=1 admit_am=6 rma_pct=14.29 rma_fellback=0 decline_capacity=0 decline_timeout=0 decline_swap=0 decline_epfail=0 ack_sent=0 ack_gen_mismatch=0 ack_on_free=0 ack_applied=1 ack_held=0 ack_released=0 ack_epoch_dropped=0 parked=0
[GUSTO CFG] pool efectivo: slots=2 cap=0.1 MiB shadow=no total=0.1 MiB (sin presupuesto definido)
[GVS IDX] epoch 2 anuncia server_idx=[9,10,11,12,13,14,15,16]
[GVS] rma_setup: epoch 2 arrived, 0/8 slots in flight -> install now
[GVS IDX] epoch 2 anuncia server_idx=[9,10,11,12,13,14,15,16]
[GVS] rma_setup: epoch 2 arrived, 0/8 slots in flight -> install now
[GVS IDX] epoch 2 anuncia server_idx=[9,10,11,12,13,14,15,16]
[GVS] rma_setup: epoch 2 arrived, 0/8 slots in flight -> install now
GUSTO_METRIC tag=periodic slots_total=8 peak_inflight=1 avg_inflight=1.000 peak_waiters=0 reservations=1 waited=0 wait_us_avg=0.32 admit_rma=1 admit_am=6 rma_pct=14.29 rma_fellback=0 decline_capacity=0 decline_timeout=0 decline_swap=0 decline_epfail=0 ack_sent=0 ack_gen_mismatch=0 ack_on_free=0 ack_applied=1 ack_held=0 ack_released=0 ack_epoch_dropped=0 parked=0
GUSTO_METRIC tag=periodic slots_total=8 peak_inflight=1 avg_inflight=1.000 peak_waiters=0 reservations=1 waited=0 wait_us_avg=0.47 admit_rma=1 admit_am=6 rma_pct=14.29 rma_fellback=0 decline_capacity=0 decline_timeout=0 decline_swap=0 decline_epfail=0 ack_sent=0 ack_gen_mismatch=0 ack_on_free=0 ack_applied=1 ack_held=0 ack_released=0 ack_epoch_dropped=0 parked=0
[GUSTO CFG] pool efectivo: slots=2 cap=0.1 MiB shadow=no total=0.1 MiB (sin presupuesto definido)
[GUSTO CFG] pool efectivo: slots=2 cap=0.1 MiB shadow=no total=0.1 MiB (sin presupuesto definido)
GUSTO_METRIC tag=periodic slots_total=8 peak_inflight=1 avg_inflight=1.000 peak_waiters=0 reservations=1 waited=0 wait_us_avg=0.32 admit_rma=1 admit_am=6 rma_pct=14.29 rma_fellback=0 decline_capacity=0 decline_timeout=0 decline_swap=0 decline_epfail=0 ack_sent=0 ack_gen_mismatch=0 ack_on_free=0 ack_applied=1 ack_held=0 ack_released=0 ack_epoch_dropped=0 parked=0
[GVS IDX] epoch 2 anuncia server_idx=[9,10,11,12,13,14,15,16]
[GVS] rma_setup: epoch 2 arrived, 0/8 slots in flight -> install now
[GUSTO CFG] pool efectivo: slots=2 cap=0.1 MiB shadow=no total=0.1 MiB (sin presupuesto definido)
[GVS IDX] epoch 2 anuncia server_idx=[9,10,11,12,13,14,15,16]
[GVS] rma_setup: epoch 2 arrived, 0/8 slots in flight -> install now
GUSTO_METRIC tag=periodic slots_total=8 peak_inflight=1 avg_inflight=1.000 peak_waiters=0 reservations=1 waited=0 wait_us_avg=0.33 admit_rma=1 admit_am=6 rma_pct=14.29 rma_fellback=0 decline_capacity=0 decline_timeout=0 decline_swap=0 decline_epfail=0 ack_sent=0 ack_gen_mismatch=0 ack_on_free=0 ack_applied=1 ack_held=0 ack_released=0 ack_epoch_dropped=0 parked=0
[GUSTO CFG] pool efectivo: slots=2 cap=0.1 MiB shadow=no total=0.1 MiB (sin presupuesto definido)
[GVS IDX] epoch 2 anuncia server_idx=[9,10,11,12,13,14,15,16]
[GVS] rma_setup: epoch 2 arrived, 0/8 slots in flight -> install now
GUSTO_METRIC tag=periodic slots_total=8 peak_inflight=1 avg_inflight=1.000 peak_waiters=0 reservations=1 waited=0 wait_us_avg=0.33 admit_rma=1 admit_am=6 rma_pct=14.29 rma_fellback=0 decline_capacity=0 decline_timeout=0 decline_swap=0 decline_epfail=0 ack_sent=0 ack_gen_mismatch=0 ack_on_free=0 ack_applied=1 ack_held=0 ack_released=0 ack_epoch_dropped=0 parked=0
GUSTO_METRIC tag=periodic slots_total=8 peak_inflight=1 avg_inflight=1.000 peak_waiters=0 reservations=1 waited=0 wait_us_avg=0.45 admit_rma=1 admit_am=6 rma_pct=14.29 rma_fellback=0 decline_capacity=0 decline_timeout=0 decline_swap=0 decline_epfail=0 ack_sent=0 ack_gen_mismatch=0 ack_on_free=0 ack_applied=1 ack_held=0 ack_released=0 ack_epoch_dropped=0 parked=0
[GUSTO CFG] pool efectivo: slots=2 cap=0.1 MiB shadow=no total=0.1 MiB (sin presupuesto definido)
[GUSTO CFG] pool efectivo: slots=2 cap=0.1 MiB shadow=no total=0.1 MiB (sin presupuesto definido)
[GVS IDX] epoch 2 anuncia server_idx=[9,10,11,12,13,14,15,16]
[GVS] rma_setup: epoch 2 arrived, 0/8 slots in flight -> install now
[GVS IDX] epoch 2 anuncia server_idx=[9,10,11,12,13,14,15,16]
[GVS] rma_setup: epoch 2 arrived, 0/8 slots in flight -> install now
[GVS IDX] epoch 2 anuncia server_idx=[9,10,11,12,13,14,15,16]
[GVS] rma_setup: epoch 2 arrived, 0/8 slots in flight -> install now
GUSTO_METRIC tag=periodic slots_total=8 peak_inflight=1 avg_inflight=1.000 peak_waiters=0 reservations=1 waited=0 wait_us_avg=0.20 admit_rma=1 admit_am=6 rma_pct=14.29 rma_fellback=0 decline_capacity=0 decline_timeout=0 decline_swap=0 decline_epfail=0 ack_sent=0 ack_gen_mismatch=0 ack_on_free=0 ack_applied=1 ack_held=0 ack_released=0 ack_epoch_dropped=0 parked=0
[GUSTO CFG] pool efectivo: slots=2 cap=0.1 MiB shadow=no total=0.1 MiB (sin presupuesto definido)
GUSTO_METRIC tag=periodic slots_total=8 peak_inflight=1 avg_inflight=1.000 peak_waiters=0 reservations=1 waited=0 wait_us_avg=0.21 admit_rma=1 admit_am=6 rma_pct=14.29 rma_fellback=0 decline_capacity=0 decline_timeout=0 decline_swap=0 decline_epfail=0 ack_sent=0 ack_gen_mismatch=0 ack_on_free=0 ack_applied=1 ack_held=0 ack_released=0 ack_epoch_dropped=0 parked=0
[GUSTO CFG] pool efectivo: slots=2 cap=0.1 MiB shadow=no total=0.1 MiB (sin presupuesto definido)
GUSTO_METRIC tag=periodic slots_total=8 peak_inflight=1 avg_inflight=1.000 peak_waiters=0 reservations=1 waited=0 wait_us_avg=0.34 admit_rma=1 admit_am=6 rma_pct=14.29 rma_fellback=0 decline_capacity=0 decline_timeout=0 decline_swap=0 decline_epfail=0 ack_sent=0 ack_gen_mismatch=0 ack_on_free=0 ack_applied=1 ack_held=0 ack_released=0 ack_epoch_dropped=0 parked=0
[GUSTO CFG] pool efectivo: slots=2 cap=0.1 MiB shadow=no total=0.1 MiB (sin presupuesto definido)
[GVS IDX] epoch 2 anuncia server_idx=[9,10,11,12,13,14,15,16]
[GVS] rma_setup: epoch 2 arrived, 0/8 slots in flight -> install now
GUSTO_METRIC tag=periodic slots_total=8 peak_inflight=1 avg_inflight=1.000 peak_waiters=0 reservations=1 waited=0 wait_us_avg=0.33 admit_rma=1 admit_am=6 rma_pct=14.29 rma_fellback=0 decline_capacity=0 decline_timeout=0 decline_swap=0 decline_epfail=0 ack_sent=0 ack_gen_mismatch=0 ack_on_free=0 ack_applied=1 ack_held=0 ack_released=0 ack_epoch_dropped=0 parked=0
[GUSTO CFG] pool efectivo: slots=2 cap=0.1 MiB shadow=no total=0.1 MiB (sin presupuesto definido)
GUSTO_METRIC tag=periodic slots_total=8 peak_inflight=1 avg_inflight=1.000 peak_waiters=0 reservations=1 waited=0 wait_us_avg=0.38 admit_rma=1 admit_am=6 rma_pct=14.29 rma_fellback=0 decline_capacity=0 decline_timeout=0 decline_swap=0 decline_epfail=0 ack_sent=0 ack_gen_mismatch=0 ack_on_free=0 ack_applied=1 ack_held=0 ack_released=0 ack_epoch_dropped=0 parked=0
[GUSTO CFG] pool efectivo: slots=2 cap=0.1 MiB shadow=no total=0.1 MiB (sin presupuesto definido)
[GVS IDX] epoch 2 anuncia server_idx=[9,10,11,12,13,14,15,16]
[GVS] rma_setup: epoch 2 arrived, 0/8 slots in flight -> install now
GUSTO_METRIC tag=periodic slots_total=8 peak_inflight=1 avg_inflight=1.000 peak_waiters=0 reservations=1 waited=0 wait_us_avg=0.39 admit_rma=1 admit_am=6 rma_pct=14.29 rma_fellback=0 decline_capacity=0 decline_timeout=0 decline_swap=0 decline_epfail=0 ack_sent=0 ack_gen_mismatch=0 ack_on_free=0 ack_applied=1 ack_held=0 ack_released=0 ack_epoch_dropped=0 parked=0
[GUSTO CFG] pool efectivo: slots=2 cap=0.1 MiB shadow=no total=0.1 MiB (sin presupuesto definido)
GUSTO_METRIC tag=periodic slots_total=8 peak_inflight=1 avg_inflight=0.137 peak_waiters=0 reservations=1033 waited=0 wait_us_avg=0.04 admit_rma=1033 admit_am=6200 rma_pct=14.28 rma_fellback=0 decline_capacity=0 decline_timeout=0 decline_swap=0 decline_epfail=0 ack_sent=0 ack_gen_mismatch=0 ack_on_free=0 ack_applied=1033 ack_held=0 ack_released=0 ack_epoch_dropped=0 parked=0
GUSTO_METRIC tag=periodic slots_total=8 peak_inflight=1 avg_inflight=0.131 peak_waiters=0 reservations=1089 waited=0 wait_us_avg=0.05 admit_rma=1089 admit_am=6534 rma_pct=14.29 rma_fellback=0 decline_capacity=0 decline_timeout=0 decline_swap=0 decline_epfail=0 ack_sent=0 ack_gen_mismatch=0 ack_on_free=0 ack_applied=1089 ack_held=0 ack_released=0 ack_epoch_dropped=0 parked=0
GUSTO_METRIC tag=periodic slots_total=8 peak_inflight=1 avg_inflight=0.164 peak_waiters=0 reservations=1081 waited=0 wait_us_avg=0.10 admit_rma=1081 admit_am=6484 rma_pct=14.29 rma_fellback=0 decline_capacity=0 decline_timeout=0 decline_swap=0 decline_epfail=0 ack_sent=0 ack_gen_mismatch=0 ack_on_free=0 ack_applied=1080 ack_held=0 ack_released=0 ack_epoch_dropped=0 parked=0
GUSTO_METRIC tag=periodic slots_total=8 peak_inflight=1 avg_inflight=0.148 peak_waiters=0 reservations=1077 waited=0 wait_us_avg=0.05 admit_rma=1077 admit_am=6460 rma_pct=14.29 rma_fellback=0 decline_capacity=0 decline_timeout=0 decline_swap=0 decline_epfail=0 ack_sent=0 ack_gen_mismatch=0 ack_on_free=0 ack_applied=1076 ack_held=0 ack_released=0 ack_epoch_dropped=0 parked=0
GUSTO_METRIC tag=periodic slots_total=8 peak_inflight=1 avg_inflight=0.169 peak_waiters=0 reservations=1148 waited=0 wait_us_avg=0.04 admit_rma=1148 admit_am=6891 rma_pct=14.28 rma_fellback=0 decline_capacity=0 decline_timeout=0 decline_swap=0 decline_epfail=0 ack_sent=0 ack_gen_mismatch=0 ack_on_free=0 ack_applied=1148 ack_held=0 ack_released=0 ack_epoch_dropped=0 parked=0
GUSTO_METRIC tag=periodic slots_total=8 peak_inflight=1 avg_inflight=0.118 peak_waiters=0 reservations=1110 waited=0 wait_us_avg=0.05 admit_rma=1110 admit_am=6659 rma_pct=14.29 rma_fellback=0 decline_capacity=0 decline_timeout=0 decline_swap=0 decline_epfail=0 ack_sent=0 ack_gen_mismatch=0 ack_on_free=0 ack_applied=1109 ack_held=0 ack_released=0 ack_epoch_dropped=0 parked=0
GUSTO_METRIC tag=periodic slots_total=8 peak_inflight=1 avg_inflight=0.128 peak_waiters=0 reservations=1140 waited=0 wait_us_avg=0.04 admit_rma=1140 admit_am=6844 rma_pct=14.28 rma_fellback=0 decline_capacity=0 decline_timeout=0 decline_swap=0 decline_epfail=0 ack_sent=0 ack_gen_mismatch=0 ack_on_free=0 ack_applied=1140 ack_held=0 ack_released=0 ack_epoch_dropped=0 parked=0
GUSTO_METRIC tag=periodic slots_total=8 peak_inflight=1 avg_inflight=0.119 peak_waiters=0 reservations=1179 waited=0 wait_us_avg=0.04 admit_rma=1179 admit_am=7078 rma_pct=14.28 rma_fellback=0 decline_capacity=0 decline_timeout=0 decline_swap=0 decline_epfail=0 ack_sent=0 ack_gen_mismatch=0 ack_on_free=0 ack_applied=1179 ack_held=0 ack_released=0 ack_epoch_dropped=0 parked=0
GUSTO_METRIC tag=periodic slots_total=8 peak_inflight=1 avg_inflight=0.121 peak_waiters=0 reservations=1218 waited=0 wait_us_avg=0.04 admit_rma=1218 admit_am=7306 rma_pct=14.29 rma_fellback=0 decline_capacity=0 decline_timeout=0 decline_swap=0 decline_epfail=0 ack_sent=0 ack_gen_mismatch=0 ack_on_free=0 ack_applied=1217 ack_held=0 ack_released=0 ack_epoch_dropped=0 parked=0
GUSTO_METRIC tag=periodic slots_total=8 peak_inflight=1 avg_inflight=0.118 peak_waiters=0 reservations=1438 waited=0 wait_us_avg=0.04 admit_rma=1438 admit_am=8626 rma_pct=14.29 rma_fellback=0 decline_capacity=0 decline_timeout=0 decline_swap=0 decline_epfail=0 ack_sent=0 ack_gen_mismatch=0 ack_on_free=0 ack_applied=1437 ack_held=0 ack_released=0 ack_epoch_dropped=0 parked=0
GUSTO_METRIC tag=periodic slots_total=8 peak_inflight=1 avg_inflight=0.066 peak_waiters=0 reservations=1417 waited=0 wait_us_avg=0.04 admit_rma=1417 admit_am=8505 rma_pct=14.28 rma_fellback=0 decline_capacity=0 decline_timeout=0 decline_swap=0 decline_epfail=0 ack_sent=0 ack_gen_mismatch=0 ack_on_free=0 ack_applied=1417 ack_held=0 ack_released=0 ack_epoch_dropped=0 parked=0
GUSTO_METRIC tag=periodic slots_total=8 peak_inflight=1 avg_inflight=0.107 peak_waiters=0 reservations=1440 waited=0 wait_us_avg=0.04 admit_rma=1440 admit_am=8641 rma_pct=14.28 rma_fellback=0 decline_capacity=0 decline_timeout=0 decline_swap=0 decline_epfail=0 ack_sent=0 ack_gen_mismatch=0 ack_on_free=0 ack_applied=1440 ack_held=0 ack_released=0 ack_epoch_dropped=0 parked=0
GUSTO_METRIC tag=periodic slots_total=8 peak_inflight=1 avg_inflight=0.113 peak_waiters=0 reservations=1488 waited=0 wait_us_avg=0.04 admit_rma=1488 admit_am=8926 rma_pct=14.29 rma_fellback=0 decline_capacity=0 decline_timeout=0 decline_swap=0 decline_epfail=0 ack_sent=0 ack_gen_mismatch=0 ack_on_free=0 ack_applied=1487 ack_held=0 ack_released=0 ack_epoch_dropped=0 parked=0
GUSTO_METRIC tag=periodic slots_total=8 peak_inflight=1 avg_inflight=0.104 peak_waiters=0 reservations=1472 waited=0 wait_us_avg=0.04 admit_rma=1472 admit_am=8830 rma_pct=14.29 rma_fellback=0 decline_capacity=0 decline_timeout=0 decline_swap=0 decline_epfail=0 ack_sent=0 ack_gen_mismatch=0 ack_on_free=0 ack_applied=1471 ack_held=0 ack_released=0 ack_epoch_dropped=0 parked=0
GUSTO_METRIC tag=periodic slots_total=8 peak_inflight=1 avg_inflight=0.096 peak_waiters=0 reservations=1649 waited=0 wait_us_avg=0.04 admit_rma=1649 admit_am=9898 rma_pct=14.28 rma_fellback=0 decline_capacity=0 decline_timeout=0 decline_swap=0 decline_epfail=0 ack_sent=0 ack_gen_mismatch=0 ack_on_free=0 ack_applied=1649 ack_held=0 ack_released=0 ack_epoch_dropped=0 parked=0
GUSTO_METRIC tag=periodic slots_total=8 peak_inflight=1 avg_inflight=0.099 peak_waiters=0 reservations=1585 waited=0 wait_us_avg=0.04 admit_rma=1585 admit_am=9512 rma_pct=14.28 rma_fellback=0 decline_capacity=0 decline_timeout=0 decline_swap=0 decline_epfail=0 ack_sent=0 ack_gen_mismatch=0 ack_on_free=0 ack_applied=1585 ack_held=0 ack_released=0 ack_epoch_dropped=0 parked=0
GUSTO_METRIC tag=periodic slots_total=8 peak_inflight=1 avg_inflight=0.090 peak_waiters=0 reservations=1747 waited=0 wait_us_avg=0.03 admit_rma=1747 admit_am=10480 rma_pct=14.29 rma_fellback=0 decline_capacity=0 decline_timeout=0 decline_swap=0 decline_epfail=0 ack_sent=0 ack_gen_mismatch=0 ack_on_free=0 ack_applied=1746 ack_held=0 ack_released=0 ack_epoch_dropped=0 parked=0
GUSTO_METRIC tag=periodic slots_total=8 peak_inflight=1 avg_inflight=0.109 peak_waiters=0 reservations=1803 waited=0 wait_us_avg=0.04 admit_rma=1803 admit_am=10822 rma_pct=14.28 rma_fellback=0 decline_capacity=0 decline_timeout=0 decline_swap=0 decline_epfail=0 ack_sent=0 ack_gen_mismatch=0 ack_on_free=0 ack_applied=1803 ack_held=0 ack_released=0 ack_epoch_dropped=0 parked=0
GUSTO_METRIC tag=periodic slots_total=8 peak_inflight=1 avg_inflight=0.109 peak_waiters=0 reservations=1927 waited=0 wait_us_avg=0.03 admit_rma=1927 admit_am=11566 rma_pct=14.28 rma_fellback=0 decline_capacity=0 decline_timeout=0 decline_swap=0 decline_epfail=0 ack_sent=0 ack_gen_mismatch=0 ack_on_free=0 ack_applied=1927 ack_held=0 ack_released=0 ack_epoch_dropped=0 parked=0
GUSTO_METRIC tag=periodic slots_total=8 peak_inflight=1 avg_inflight=0.110 peak_waiters=0 reservations=1979 waited=0 wait_us_avg=0.04 admit_rma=1979 admit_am=11878 rma_pct=14.28 rma_fellback=0 decline_capacity=0 decline_timeout=0 decline_swap=0 decline_epfail=0 ack_sent=0 ack_gen_mismatch=0 ack_on_free=0 ack_applied=1979 ack_held=0 ack_released=0 ack_epoch_dropped=0 parked=0
GUSTO_METRIC tag=periodic slots_total=8 peak_inflight=1 avg_inflight=0.068 peak_waiters=0 reservations=1929 waited=0 wait_us_avg=0.03 admit_rma=1929 admit_am=11572 rma_pct=14.29 rma_fellback=0 decline_capacity=0 decline_timeout=0 decline_swap=0 decline_epfail=0 ack_sent=0 ack_gen_mismatch=0 ack_on_free=0 ack_applied=1928 ack_held=0 ack_released=0 ack_epoch_dropped=0 parked=0
GUSTO_METRIC tag=periodic slots_total=8 peak_inflight=1 avg_inflight=0.102 peak_waiters=0 reservations=2045 waited=0 wait_us_avg=0.03 admit_rma=2045 admit_am=12272 rma_pct=14.28 rma_fellback=0 decline_capacity=0 decline_timeout=0 decline_swap=0 decline_epfail=0 ack_sent=0 ack_gen_mismatch=0 ack_on_free=0 ack_applied=2045 ack_held=0 ack_released=0 ack_epoch_dropped=0 parked=0
GUSTO_METRIC tag=periodic slots_total=8 peak_inflight=1 avg_inflight=0.102 peak_waiters=0 reservations=2071 waited=0 wait_us_avg=0.03 admit_rma=2071 admit_am=12428 rma_pct=14.28 rma_fellback=0 decline_capacity=0 decline_timeout=0 decline_swap=0 decline_epfail=0 ack_sent=0 ack_gen_mismatch=0 ack_on_free=0 ack_applied=2071 ack_held=0 ack_released=0 ack_epoch_dropped=0 parked=0
GUSTO_METRIC tag=periodic slots_total=8 peak_inflight=1 avg_inflight=0.101 peak_waiters=0 reservations=2090 waited=0 wait_us_avg=0.03 admit_rma=2090 admit_am=12538 rma_pct=14.29 rma_fellback=0 decline_capacity=0 decline_timeout=0 decline_swap=0 decline_epfail=0 ack_sent=0 ack_gen_mismatch=0 ack_on_free=0 ack_applied=2089 ack_held=0 ack_released=0 ack_epoch_dropped=0 parked=0
GUSTO_METRIC tag=periodic slots_total=8 peak_inflight=1 avg_inflight=0.113 peak_waiters=0 reservations=2118 waited=0 wait_us_avg=0.03 admit_rma=2118 admit_am=12712 rma_pct=14.28 rma_fellback=0 decline_capacity=0 decline_timeout=0 decline_swap=0 decline_epfail=0 ack_sent=0 ack_gen_mismatch=0 ack_on_free=0 ack_applied=2118 ack_held=0 ack_released=0 ack_epoch_dropped=0 parked=0
GUSTO_METRIC tag=periodic slots_total=8 peak_inflight=1 avg_inflight=0.100 peak_waiters=0 reservations=2227 waited=0 wait_us_avg=0.04 admit_rma=2227 admit_am=13366 rma_pct=14.28 rma_fellback=0 decline_capacity=0 decline_timeout=0 decline_swap=0 decline_epfail=0 ack_sent=0 ack_gen_mismatch=0 ack_on_free=0 ack_applied=2227 ack_held=0 ack_released=0 ack_epoch_dropped=0 parked=0
GUSTO_METRIC tag=periodic slots_total=8 peak_inflight=1 avg_inflight=0.101 peak_waiters=0 reservations=2315 waited=0 wait_us_avg=0.11 admit_rma=2315 admit_am=13892 rma_pct=14.28 rma_fellback=0 decline_capacity=0 decline_timeout=0 decline_swap=0 decline_epfail=0 ack_sent=0 ack_gen_mismatch=0 ack_on_free=0 ack_applied=2315 ack_held=0 ack_released=0 ack_epoch_dropped=0 parked=0
GUSTO_METRIC tag=periodic slots_total=8 peak_inflight=1 avg_inflight=0.112 peak_waiters=0 reservations=2398 waited=0 wait_us_avg=0.03 admit_rma=2398 admit_am=14390 rma_pct=14.28 rma_fellback=0 decline_capacity=0 decline_timeout=0 decline_swap=0 decline_epfail=0 ack_sent=0 ack_gen_mismatch=0 ack_on_free=0 ack_applied=2398 ack_held=0 ack_released=0 ack_epoch_dropped=0 parked=0
GUSTO_METRIC tag=periodic slots_total=8 peak_inflight=1 avg_inflight=0.096 peak_waiters=0 reservations=2403 waited=0 wait_us_avg=0.03 admit_rma=2403 admit_am=14418 rma_pct=14.29 rma_fellback=0 decline_capacity=0 decline_timeout=0 decline_swap=0 decline_epfail=0 ack_sent=0 ack_gen_mismatch=0 ack_on_free=0 ack_applied=2403 ack_held=0 ack_released=0 ack_epoch_dropped=0 parked=0
GUSTO_METRIC tag=periodic slots_total=8 peak_inflight=1 avg_inflight=0.106 peak_waiters=0 reservations=2419 waited=0 wait_us_avg=0.03 admit_rma=2419 admit_am=14512 rma_pct=14.29 rma_fellback=0 decline_capacity=0 decline_timeout=0 decline_swap=0 decline_epfail=0 ack_sent=0 ack_gen_mismatch=0 ack_on_free=0 ack_applied=2418 ack_held=0 ack_released=0 ack_epoch_dropped=0 parked=0
GUSTO_METRIC tag=periodic slots_total=8 peak_inflight=1 avg_inflight=0.126 peak_waiters=0 reservations=2455 waited=0 wait_us_avg=0.03 admit_rma=2455 admit_am=14734 rma_pct=14.28 rma_fellback=0 decline_capacity=0 decline_timeout=0 decline_swap=0 decline_epfail=0 ack_sent=0 ack_gen_mismatch=0 ack_on_free=0 ack_applied=2455 ack_held=0 ack_released=0 ack_epoch_dropped=0 parked=0
GUSTO_METRIC tag=periodic slots_total=8 peak_inflight=1 avg_inflight=0.113 peak_waiters=0 reservations=2549 waited=0 wait_us_avg=0.03 admit_rma=2549 admit_am=15296 rma_pct=14.28 rma_fellback=0 decline_capacity=0 decline_timeout=0 decline_swap=0 decline_epfail=0 ack_sent=0 ack_gen_mismatch=0 ack_on_free=0 ack_applied=2549 ack_held=0 ack_released=0 ack_epoch_dropped=0 parked=0
GUSTO_METRIC tag=periodic slots_total=8 peak_inflight=1 avg_inflight=0.149 peak_waiters=0 reservations=3660 waited=0 wait_us_avg=0.04 admit_rma=3660 admit_am=21962 rma_pct=14.28 rma_fellback=0 decline_capacity=0 decline_timeout=0 decline_swap=0 decline_epfail=0 ack_sent=0 ack_gen_mismatch=0 ack_on_free=0 ack_applied=3660 ack_held=0 ack_released=0 ack_epoch_dropped=0 parked=0
GUSTO_METRIC tag=periodic slots_total=8 peak_inflight=1 avg_inflight=0.166 peak_waiters=0 reservations=3751 waited=0 wait_us_avg=0.09 admit_rma=3751 admit_am=22504 rma_pct=14.29 rma_fellback=0 decline_capacity=0 decline_timeout=0 decline_swap=0 decline_epfail=0 ack_sent=0 ack_gen_mismatch=0 ack_on_free=0 ack_applied=3750 ack_held=0 ack_released=0 ack_epoch_dropped=0 parked=0
GUSTO_METRIC tag=periodic slots_total=8 peak_inflight=1 avg_inflight=0.145 peak_waiters=0 reservations=3830 waited=0 wait_us_avg=0.04 admit_rma=3830 admit_am=22984 rma_pct=14.28 rma_fellback=0 decline_capacity=0 decline_timeout=0 decline_swap=0 decline_epfail=0 ack_sent=0 ack_gen_mismatch=0 ack_on_free=0 ack_applied=3830 ack_held=0 ack_released=0 ack_epoch_dropped=0 parked=0
GUSTO_METRIC tag=periodic slots_total=8 peak_inflight=1 avg_inflight=0.156 peak_waiters=0 reservations=3818 waited=0 wait_us_avg=0.04 admit_rma=3818 admit_am=22911 rma_pct=14.28 rma_fellback=0 decline_capacity=0 decline_timeout=0 decline_swap=0 decline_epfail=0 ack_sent=0 ack_gen_mismatch=0 ack_on_free=0 ack_applied=3818 ack_held=0 ack_released=0 ack_epoch_dropped=0 parked=0
GUSTO_METRIC tag=periodic slots_total=8 peak_inflight=1 avg_inflight=0.170 peak_waiters=0 reservations=3913 waited=0 wait_us_avg=0.03 admit_rma=3913 admit_am=23478 rma_pct=14.29 rma_fellback=0 decline_capacity=0 decline_timeout=0 decline_swap=0 decline_epfail=0 ack_sent=0 ack_gen_mismatch=0 ack_on_free=0 ack_applied=3913 ack_held=0 ack_released=0 ack_epoch_dropped=0 parked=0
GUSTO_METRIC tag=periodic slots_total=8 peak_inflight=1 avg_inflight=0.136 peak_waiters=0 reservations=3855 waited=0 wait_us_avg=0.04 admit_rma=3855 admit_am=23134 rma_pct=14.28 rma_fellback=0 decline_capacity=0 decline_timeout=0 decline_swap=0 decline_epfail=0 ack_sent=0 ack_gen_mismatch=0 ack_on_free=0 ack_applied=3855 ack_held=0 ack_released=0 ack_epoch_dropped=0 parked=0
GUSTO_METRIC tag=periodic slots_total=8 peak_inflight=1 avg_inflight=0.143 peak_waiters=0 reservations=3923 waited=0 wait_us_avg=0.03 admit_rma=3923 admit_am=23536 rma_pct=14.29 rma_fellback=0 decline_capacity=0 decline_timeout=0 decline_swap=0 decline_epfail=0 ack_sent=0 ack_gen_mismatch=0 ack_on_free=0 ack_applied=3922 ack_held=0 ack_released=0 ack_epoch_dropped=0 parked=0
GUSTO_METRIC tag=periodic slots_total=8 peak_inflight=1 avg_inflight=0.137 peak_waiters=0 reservations=3915 waited=0 wait_us_avg=0.03 admit_rma=3915 admit_am=23489 rma_pct=14.29 rma_fellback=0 decline_capacity=0 decline_timeout=0 decline_swap=0 decline_epfail=0 ack_sent=0 ack_gen_mismatch=0 ack_on_free=0 ack_applied=3914 ack_held=0 ack_released=0 ack_epoch_dropped=0 parked=0
GUSTO_METRIC tag=periodic slots_total=8 peak_inflight=1 avg_inflight=0.138 peak_waiters=0 reservations=3935 waited=0 wait_us_avg=0.03 admit_rma=3935 admit_am=23613 rma_pct=14.28 rma_fellback=0 decline_capacity=0 decline_timeout=0 decline_swap=0 decline_epfail=0 ack_sent=0 ack_gen_mismatch=0 ack_on_free=0 ack_applied=3935 ack_held=0 ack_released=0 ack_epoch_dropped=0 parked=0
GUSTO_METRIC tag=periodic slots_total=8 peak_inflight=1 avg_inflight=0.135 peak_waiters=0 reservations=4195 waited=0 wait_us_avg=0.03 admit_rma=4195 admit_am=25169 rma_pct=14.29 rma_fellback=0 decline_capacity=0 decline_timeout=0 decline_swap=0 decline_epfail=0 ack_sent=0 ack_gen_mismatch=0 ack_on_free=0 ack_applied=4194 ack_held=0 ack_released=0 ack_epoch_dropped=0 parked=0
GUSTO_METRIC tag=periodic slots_total=8 peak_inflight=1 avg_inflight=0.102 peak_waiters=0 reservations=4198 waited=0 wait_us_avg=0.03 admit_rma=4198 admit_am=25189 rma_pct=14.29 rma_fellback=0 decline_capacity=0 decline_timeout=0 decline_swap=0 decline_epfail=0 ack_sent=0 ack_gen_mismatch=0 ack_on_free=0 ack_applied=4198 ack_held=0 ack_released=0 ack_epoch_dropped=0 parked=0
GUSTO_METRIC tag=periodic slots_total=8 peak_inflight=1 avg_inflight=0.128 peak_waiters=0 reservations=4172 waited=0 wait_us_avg=0.03 admit_rma=4172 admit_am=25033 rma_pct=14.29 rma_fellback=0 decline_capacity=0 decline_timeout=0 decline_swap=0 decline_epfail=0 ack_sent=0 ack_gen_mismatch=0 ack_on_free=0 ack_applied=4172 ack_held=0 ack_released=0 ack_epoch_dropped=0 parked=0
GUSTO_METRIC tag=periodic slots_total=8 peak_inflight=1 avg_inflight=0.132 peak_waiters=0 reservations=4292 waited=0 wait_us_avg=0.04 admit_rma=4292 admit_am=25751 rma_pct=14.29 rma_fellback=0 decline_capacity=0 decline_timeout=0 decline_swap=0 decline_epfail=0 ack_sent=0 ack_gen_mismatch=0 ack_on_free=0 ack_applied=4291 ack_held=0 ack_released=0 ack_epoch_dropped=0 parked=0
GUSTO_METRIC tag=periodic slots_total=8 peak_inflight=1 avg_inflight=0.125 peak_waiters=0 reservations=4208 waited=0 wait_us_avg=0.03 admit_rma=4208 admit_am=25246 rma_pct=14.29 rma_fellback=0 decline_capacity=0 decline_timeout=0 decline_swap=0 decline_epfail=0 ack_sent=0 ack_gen_mismatch=0 ack_on_free=0 ack_applied=4207 ack_held=0 ack_released=0 ack_epoch_dropped=0 parked=0
GUSTO_METRIC tag=periodic slots_total=8 peak_inflight=1 avg_inflight=0.120 peak_waiters=0 reservations=4334 waited=0 wait_us_avg=0.04 admit_rma=4334 admit_am=26007 rma_pct=14.28 rma_fellback=0 decline_capacity=0 decline_timeout=0 decline_swap=0 decline_epfail=0 ack_sent=0 ack_gen_mismatch=0 ack_on_free=0 ack_applied=4334 ack_held=0 ack_released=0 ack_epoch_dropped=0 parked=0
GUSTO_METRIC tag=periodic slots_total=8 peak_inflight=1 avg_inflight=0.126 peak_waiters=0 reservations=4293 waited=0 wait_us_avg=0.04 admit_rma=4293 admit_am=25762 rma_pct=14.28 rma_fellback=0 decline_capacity=0 decline_timeout=0 decline_swap=0 decline_epfail=0 ack_sent=0 ack_gen_mismatch=0 ack_on_free=0 ack_applied=4293 ack_held=0 ack_released=0 ack_epoch_dropped=0 parked=0
GUSTO_METRIC tag=periodic slots_total=8 peak_inflight=1 avg_inflight=0.115 peak_waiters=0 reservations=4512 waited=0 wait_us_avg=0.03 admit_rma=4512 admit_am=27073 rma_pct=14.29 rma_fellback=0 decline_capacity=0 decline_timeout=0 decline_swap=0 decline_epfail=0 ack_sent=0 ack_gen_mismatch=0 ack_on_free=0 ack_applied=4512 ack_held=0 ack_released=0 ack_epoch_dropped=0 parked=0
GUSTO_METRIC tag=periodic slots_total=8 peak_inflight=1 avg_inflight=0.134 peak_waiters=0 reservations=4497 waited=0 wait_us_avg=0.04 admit_rma=4497 admit_am=26983 rma_pct=14.29 rma_fellback=0 decline_capacity=0 decline_timeout=0 decline_swap=0 decline_epfail=0 ack_sent=0 ack_gen_mismatch=0 ack_on_free=0 ack_applied=4497 ack_held=0 ack_released=0 ack_epoch_dropped=0 parked=0
GUSTO_METRIC tag=periodic slots_total=8 peak_inflight=1 avg_inflight=0.134 peak_waiters=0 reservations=4738 waited=0 wait_us_avg=0.03 admit_rma=4738 admit_am=28426 rma_pct=14.29 rma_fellback=0 decline_capacity=0 decline_timeout=0 decline_swap=0 decline_epfail=0 ack_sent=0 ack_gen_mismatch=0 ack_on_free=0 ack_applied=4737 ack_held=0 ack_released=0 ack_epoch_dropped=0 parked=0
GUSTO_METRIC tag=periodic slots_total=8 peak_inflight=1 avg_inflight=0.135 peak_waiters=0 reservations=4756 waited=0 wait_us_avg=0.04 admit_rma=4756 admit_am=28535 rma_pct=14.29 rma_fellback=0 decline_capacity=0 decline_timeout=0 decline_swap=0 decline_epfail=0 ack_sent=0 ack_gen_mismatch=0 ack_on_free=0 ack_applied=4755 ack_held=0 ack_released=0 ack_epoch_dropped=0 parked=0
GUSTO_METRIC tag=periodic slots_total=8 peak_inflight=1 avg_inflight=0.101 peak_waiters=0 reservations=4645 waited=0 wait_us_avg=0.03 admit_rma=4645 admit_am=27870 rma_pct=14.29 rma_fellback=0 decline_capacity=0 decline_timeout=0 decline_swap=0 decline_epfail=0 ack_sent=0 ack_gen_mismatch=0 ack_on_free=0 ack_applied=4645 ack_held=0 ack_released=0 ack_epoch_dropped=0 parked=0
GUSTO_METRIC tag=periodic slots_total=8 peak_inflight=1 avg_inflight=0.131 peak_waiters=0 reservations=4871 waited=0 wait_us_avg=0.03 admit_rma=4871 admit_am=29228 rma_pct=14.28 rma_fellback=0 decline_capacity=0 decline_timeout=0 decline_swap=0 decline_epfail=0 ack_sent=0 ack_gen_mismatch=0 ack_on_free=0 ack_applied=4871 ack_held=0 ack_released=0 ack_epoch_dropped=0 parked=0
GUSTO_METRIC tag=periodic slots_total=8 peak_inflight=1 avg_inflight=0.130 peak_waiters=0 reservations=4787 waited=0 wait_us_avg=0.03 admit_rma=4787 admit_am=28723 rma_pct=14.29 rma_fellback=0 decline_capacity=0 decline_timeout=0 decline_swap=0 decline_epfail=0 ack_sent=0 ack_gen_mismatch=0 ack_on_free=0 ack_applied=4787 ack_held=0 ack_released=0 ack_epoch_dropped=0 parked=0
GUSTO_METRIC tag=periodic slots_total=8 peak_inflight=1 avg_inflight=0.128 peak_waiters=0 reservations=4689 waited=0 wait_us_avg=0.03 admit_rma=4689 admit_am=28133 rma_pct=14.29 rma_fellback=0 decline_capacity=0 decline_timeout=0 decline_swap=0 decline_epfail=0 ack_sent=0 ack_gen_mismatch=0 ack_on_free=0 ack_applied=4688 ack_held=0 ack_released=0 ack_epoch_dropped=0 parked=0
GUSTO_METRIC tag=periodic slots_total=8 peak_inflight=1 avg_inflight=0.126 peak_waiters=0 reservations=4964 waited=0 wait_us_avg=0.04 admit_rma=4964 admit_am=29786 rma_pct=14.28 rma_fellback=0 decline_capacity=0 decline_timeout=0 decline_swap=0 decline_epfail=0 ack_sent=0 ack_gen_mismatch=0 ack_on_free=0 ack_applied=4964 ack_held=0 ack_released=0 ack_epoch_dropped=0 parked=0
GUSTO_METRIC tag=periodic slots_total=8 peak_inflight=1 avg_inflight=0.137 peak_waiters=0 reservations=4599 waited=0 wait_us_avg=0.03 admit_rma=4599 admit_am=27592 rma_pct=14.29 rma_fellback=0 decline_capacity=0 decline_timeout=0 decline_swap=0 decline_epfail=0 ack_sent=0 ack_gen_mismatch=0 ack_on_free=0 ack_applied=4598 ack_held=0 ack_released=0 ack_epoch_dropped=0 parked=0
GUSTO_METRIC tag=periodic slots_total=8 peak_inflight=1 avg_inflight=0.128 peak_waiters=0 reservations=5042 waited=0 wait_us_avg=0.11 admit_rma=5042 admit_am=30250 rma_pct=14.29 rma_fellback=0 decline_capacity=0 decline_timeout=0 decline_swap=0 decline_epfail=0 ack_sent=0 ack_gen_mismatch=0 ack_on_free=0 ack_applied=5041 ack_held=0 ack_released=0 ack_epoch_dropped=0 parked=0
GUSTO_METRIC tag=periodic slots_total=8 peak_inflight=1 avg_inflight=0.136 peak_waiters=0 reservations=5166 waited=0 wait_us_avg=0.03 admit_rma=5166 admit_am=30996 rma_pct=14.29 rma_fellback=0 decline_capacity=0 decline_timeout=0 decline_swap=0 decline_epfail=0 ack_sent=0 ack_gen_mismatch=0 ack_on_free=0 ack_applied=5166 ack_held=0 ack_released=0 ack_epoch_dropped=0 parked=0
GUSTO_METRIC tag=periodic slots_total=8 peak_inflight=1 avg_inflight=0.124 peak_waiters=0 reservations=5125 waited=0 wait_us_avg=0.03 admit_rma=5125 admit_am=30752 rma_pct=14.28 rma_fellback=0 decline_capacity=0 decline_timeout=0 decline_swap=0 decline_epfail=0 ack_sent=0 ack_gen_mismatch=0 ack_on_free=0 ack_applied=5125 ack_held=0 ack_released=0 ack_epoch_dropped=0 parked=0
GUSTO_METRIC tag=periodic slots_total=8 peak_inflight=1 avg_inflight=0.132 peak_waiters=0 reservations=5144 waited=0 wait_us_avg=0.03 admit_rma=5144 admit_am=30867 rma_pct=14.28 rma_fellback=0 decline_capacity=0 decline_timeout=0 decline_swap=0 decline_epfail=0 ack_sent=0 ack_gen_mismatch=0 ack_on_free=0 ack_applied=5144 ack_held=0 ack_released=0 ack_epoch_dropped=0 parked=0
GUSTO_METRIC tag=periodic slots_total=8 peak_inflight=1 avg_inflight=0.145 peak_waiters=0 reservations=5164 waited=0 wait_us_avg=0.03 admit_rma=5164 admit_am=30988 rma_pct=14.28 rma_fellback=0 decline_capacity=0 decline_timeout=0 decline_swap=0 decline_epfail=0 ack_sent=0 ack_gen_mismatch=0 ack_on_free=0 ack_applied=5164 ack_held=0 ack_released=0 ack_epoch_dropped=0 parked=0
GUSTO_METRIC tag=periodic slots_total=8 peak_inflight=1 avg_inflight=0.136 peak_waiters=0 reservations=5246 waited=0 wait_us_avg=0.03 admit_rma=5246 admit_am=31474 rma_pct=14.29 rma_fellback=0 decline_capacity=0 decline_timeout=0 decline_swap=0 decline_epfail=0 ack_sent=0 ack_gen_mismatch=0 ack_on_free=0 ack_applied=5245 ack_held=0 ack_released=0 ack_epoch_dropped=0 parked=0
GUSTO_METRIC tag=periodic slots_total=8 peak_inflight=1 avg_inflight=0.167 peak_waiters=0 reservations=6413 waited=0 wait_us_avg=0.09 admit_rma=6413 admit_am=38477 rma_pct=14.29 rma_fellback=0 decline_capacity=0 decline_timeout=0 decline_swap=0 decline_epfail=0 ack_sent=0 ack_gen_mismatch=0 ack_on_free=0 ack_applied=6412 ack_held=0 ack_released=0 ack_epoch_dropped=0 parked=0
GUSTO_METRIC tag=periodic slots_total=8 peak_inflight=1 avg_inflight=0.152 peak_waiters=0 reservations=6544 waited=0 wait_us_avg=0.04 admit_rma=6544 admit_am=39263 rma_pct=14.29 rma_fellback=0 decline_capacity=0 decline_timeout=0 decline_swap=0 decline_epfail=0 ack_sent=0 ack_gen_mismatch=0 ack_on_free=0 ack_applied=6543 ack_held=0 ack_released=0 ack_epoch_dropped=0 parked=0
GUSTO_METRIC tag=periodic slots_total=8 peak_inflight=1 avg_inflight=0.155 peak_waiters=0 reservations=6302 waited=0 wait_us_avg=0.03 admit_rma=6302 admit_am=37816 rma_pct=14.28 rma_fellback=0 decline_capacity=0 decline_timeout=0 decline_swap=0 decline_epfail=0 ack_sent=0 ack_gen_mismatch=0 ack_on_free=0 ack_applied=6302 ack_held=0 ack_released=0 ack_epoch_dropped=0 parked=0
GUSTO_METRIC tag=periodic slots_total=8 peak_inflight=1 avg_inflight=0.159 peak_waiters=0 reservations=6568 waited=0 wait_us_avg=0.04 admit_rma=6568 admit_am=39408 rma_pct=14.29 rma_fellback=0 decline_capacity=0 decline_timeout=0 decline_swap=0 decline_epfail=0 ack_sent=0 ack_gen_mismatch=0 ack_on_free=0 ack_applied=6568 ack_held=0 ack_released=0 ack_epoch_dropped=0 parked=0
GUSTO_METRIC tag=periodic slots_total=8 peak_inflight=1 avg_inflight=0.170 peak_waiters=0 reservations=6664 waited=0 wait_us_avg=0.03 admit_rma=6664 admit_am=39986 rma_pct=14.29 rma_fellback=0 decline_capacity=0 decline_timeout=0 decline_swap=0 decline_epfail=0 ack_sent=0 ack_gen_mismatch=0 ack_on_free=0 ack_applied=6664 ack_held=0 ack_released=0 ack_epoch_dropped=0 parked=0
GUSTO_METRIC tag=periodic slots_total=8 peak_inflight=1 avg_inflight=0.144 peak_waiters=0 reservations=6595 waited=0 wait_us_avg=0.04 admit_rma=6595 admit_am=39572 rma_pct=14.29 rma_fellback=0 decline_capacity=0 decline_timeout=0 decline_swap=0 decline_epfail=0 ack_sent=0 ack_gen_mismatch=0 ack_on_free=0 ack_applied=6595 ack_held=0 ack_released=0 ack_epoch_dropped=0 parked=0
GUSTO_METRIC tag=periodic slots_total=8 peak_inflight=1 avg_inflight=0.150 peak_waiters=0 reservations=6696 waited=0 wait_us_avg=0.03 admit_rma=6696 admit_am=40176 rma_pct=14.29 rma_fellback=0 decline_capacity=0 decline_timeout=0 decline_swap=0 decline_epfail=0 ack_sent=0 ack_gen_mismatch=0 ack_on_free=0 ack_applied=6696 ack_held=0 ack_released=0 ack_epoch_dropped=0 parked=0
GUSTO_METRIC tag=periodic slots_total=8 peak_inflight=1 avg_inflight=0.146 peak_waiters=0 reservations=6627 waited=0 wait_us_avg=0.03 admit_rma=6627 admit_am=39765 rma_pct=14.28 rma_fellback=0 decline_capacity=0 decline_timeout=0 decline_swap=0 decline_epfail=0 ack_sent=0 ack_gen_mismatch=0 ack_on_free=0 ack_applied=6627 ack_held=0 ack_released=0 ack_epoch_dropped=0 parked=0
GUSTO_METRIC tag=periodic slots_total=8 peak_inflight=1 avg_inflight=0.146 peak_waiters=0 reservations=6630 waited=0 wait_us_avg=0.03 admit_rma=6630 admit_am=39784 rma_pct=14.28 rma_fellback=0 decline_capacity=0 decline_timeout=0 decline_swap=0 decline_epfail=0 ack_sent=0 ack_gen_mismatch=0 ack_on_free=0 ack_applied=6630 ack_held=0 ack_released=0 ack_epoch_dropped=0 parked=0
GUSTO_METRIC tag=periodic slots_total=8 peak_inflight=1 avg_inflight=0.144 peak_waiters=0 reservations=6951 waited=0 wait_us_avg=0.03 admit_rma=6951 admit_am=41709 rma_pct=14.28 rma_fellback=0 decline_capacity=0 decline_timeout=0 decline_swap=0 decline_epfail=0 ack_sent=0 ack_gen_mismatch=0 ack_on_free=0 ack_applied=6951 ack_held=0 ack_released=0 ack_epoch_dropped=0 parked=0
GUSTO_METRIC tag=periodic slots_total=8 peak_inflight=1 avg_inflight=0.119 peak_waiters=0 reservations=6983 waited=0 wait_us_avg=0.03 admit_rma=6983 admit_am=41896 rma_pct=14.29 rma_fellback=0 decline_capacity=0 decline_timeout=0 decline_swap=0 decline_epfail=0 ack_sent=0 ack_gen_mismatch=0 ack_on_free=0 ack_applied=6982 ack_held=0 ack_released=0 ack_epoch_dropped=0 parked=0
GUSTO_METRIC tag=periodic slots_total=8 peak_inflight=1 avg_inflight=0.139 peak_waiters=0 reservations=6891 waited=0 wait_us_avg=0.03 admit_rma=6891 admit_am=41349 rma_pct=14.28 rma_fellback=0 decline_capacity=0 decline_timeout=0 decline_swap=0 decline_epfail=0 ack_sent=0 ack_gen_mismatch=0 ack_on_free=0 ack_applied=6891 ack_held=0 ack_released=0 ack_epoch_dropped=0 parked=0
GUSTO_METRIC tag=periodic slots_total=8 peak_inflight=1 avg_inflight=0.141 peak_waiters=0 reservations=7086 waited=0 wait_us_avg=0.04 admit_rma=7086 admit_am=42515 rma_pct=14.29 rma_fellback=0 decline_capacity=0 decline_timeout=0 decline_swap=0 decline_epfail=0 ack_sent=0 ack_gen_mismatch=0 ack_on_free=0 ack_applied=7085 ack_held=0 ack_released=0 ack_epoch_dropped=0 parked=0
GUSTO_METRIC tag=periodic slots_total=8 peak_inflight=1 avg_inflight=0.136 peak_waiters=0 reservations=6935 waited=0 wait_us_avg=0.03 admit_rma=6935 admit_am=41610 rma_pct=14.29 rma_fellback=0 decline_capacity=0 decline_timeout=0 decline_swap=0 decline_epfail=0 ack_sent=0 ack_gen_mismatch=0 ack_on_free=0 ack_applied=6935 ack_held=0 ack_released=0 ack_epoch_dropped=0 parked=0
GUSTO_METRIC tag=periodic slots_total=8 peak_inflight=1 avg_inflight=0.133 peak_waiters=0 reservations=6996 waited=0 wait_us_avg=0.04 admit_rma=6996 admit_am=41974 rma_pct=14.29 rma_fellback=0 decline_capacity=0 decline_timeout=0 decline_swap=0 decline_epfail=0 ack_sent=0 ack_gen_mismatch=0 ack_on_free=0 ack_applied=6995 ack_held=0 ack_released=0 ack_epoch_dropped=0 parked=0
GUSTO_METRIC tag=periodic slots_total=8 peak_inflight=1 avg_inflight=0.139 peak_waiters=0 reservations=7084 waited=0 wait_us_avg=0.04 admit_rma=7084 admit_am=42508 rma_pct=14.28 rma_fellback=0 decline_capacity=0 decline_timeout=0 decline_swap=0 decline_epfail=0 ack_sent=0 ack_gen_mismatch=0 ack_on_free=0 ack_applied=7084 ack_held=0 ack_released=0 ack_epoch_dropped=0 parked=0
GUSTO_METRIC tag=periodic slots_total=8 peak_inflight=1 avg_inflight=0.128 peak_waiters=0 reservations=7242 waited=0 wait_us_avg=0.03 admit_rma=7242 admit_am=43450 rma_pct=14.29 rma_fellback=0 decline_capacity=0 decline_timeout=0 decline_swap=0 decline_epfail=0 ack_sent=0 ack_gen_mismatch=0 ack_on_free=0 ack_applied=7241 ack_held=0 ack_released=0 ack_epoch_dropped=0 parked=0
GUSTO_METRIC tag=periodic slots_total=8 peak_inflight=1 avg_inflight=0.144 peak_waiters=0 reservations=7171 waited=0 wait_us_avg=0.04 admit_rma=7171 admit_am=43028 rma_pct=14.29 rma_fellback=0 decline_capacity=0 decline_timeout=0 decline_swap=0 decline_epfail=0 ack_sent=0 ack_gen_mismatch=0 ack_on_free=0 ack_applied=7171 ack_held=0 ack_released=0 ack_epoch_dropped=0 parked=0
GUSTO_METRIC tag=periodic slots_total=8 peak_inflight=1 avg_inflight=0.144 peak_waiters=0 reservations=7528 waited=0 wait_us_avg=0.03 admit_rma=7528 admit_am=45171 rma_pct=14.28 rma_fellback=0 decline_capacity=0 decline_timeout=0 decline_swap=0 decline_epfail=0 ack_sent=0 ack_gen_mismatch=0 ack_on_free=0 ack_applied=7528 ack_held=0 ack_released=0 ack_epoch_dropped=0 parked=0
GUSTO_METRIC tag=periodic slots_total=8 peak_inflight=1 avg_inflight=0.146 peak_waiters=0 reservations=7516 waited=0 wait_us_avg=0.04 admit_rma=7516 admit_am=45098 rma_pct=14.29 rma_fellback=0 decline_capacity=0 decline_timeout=0 decline_swap=0 decline_epfail=0 ack_sent=0 ack_gen_mismatch=0 ack_on_free=0 ack_applied=7516 ack_held=0 ack_released=0 ack_epoch_dropped=0 parked=0
GUSTO_METRIC tag=periodic slots_total=8 peak_inflight=1 avg_inflight=0.118 peak_waiters=0 reservations=7355 waited=0 wait_us_avg=0.03 admit_rma=7355 admit_am=44128 rma_pct=14.29 rma_fellback=0 decline_capacity=0 decline_timeout=0 decline_swap=0 decline_epfail=0 ack_sent=0 ack_gen_mismatch=0 ack_on_free=0 ack_applied=7354 ack_held=0 ack_released=0 ack_epoch_dropped=0 parked=0
GUSTO_METRIC tag=periodic slots_total=8 peak_inflight=1 avg_inflight=0.143 peak_waiters=0 reservations=7689 waited=0 wait_us_avg=0.03 admit_rma=7689 admit_am=46136 rma_pct=14.29 rma_fellback=0 decline_capacity=0 decline_timeout=0 decline_swap=0 decline_epfail=0 ack_sent=0 ack_gen_mismatch=0 ack_on_free=0 ack_applied=7689 ack_held=0 ack_released=0 ack_epoch_dropped=0 parked=0
GUSTO_METRIC tag=periodic slots_total=8 peak_inflight=1 avg_inflight=0.141 peak_waiters=0 reservations=7504 waited=0 wait_us_avg=0.03 admit_rma=7504 admit_am=45028 rma_pct=14.28 rma_fellback=0 decline_capacity=0 decline_timeout=0 decline_swap=0 decline_epfail=0 ack_sent=0 ack_gen_mismatch=0 ack_on_free=0 ack_applied=7504 ack_held=0 ack_released=0 ack_epoch_dropped=0 parked=0
GUSTO_METRIC tag=periodic slots_total=8 peak_inflight=1 avg_inflight=0.140 peak_waiters=0 reservations=7260 waited=0 wait_us_avg=0.03 admit_rma=7260 admit_am=43561 rma_pct=14.29 rma_fellback=0 decline_capacity=0 decline_timeout=0 decline_swap=0 decline_epfail=0 ack_sent=0 ack_gen_mismatch=0 ack_on_free=0 ack_applied=7260 ack_held=0 ack_released=0 ack_epoch_dropped=0 parked=0
GUSTO_METRIC tag=periodic slots_total=8 peak_inflight=1 avg_inflight=0.147 peak_waiters=0 reservations=7177 waited=0 wait_us_avg=0.03 admit_rma=7177 admit_am=43066 rma_pct=14.28 rma_fellback=0 decline_capacity=0 decline_timeout=0 decline_swap=0 decline_epfail=0 ack_sent=0 ack_gen_mismatch=0 ack_on_free=0 ack_applied=7177 ack_held=0 ack_released=0 ack_epoch_dropped=0 parked=0
GUSTO_METRIC tag=periodic slots_total=8 peak_inflight=1 avg_inflight=0.138 peak_waiters=0 reservations=7682 waited=0 wait_us_avg=0.03 admit_rma=7682 admit_am=46091 rma_pct=14.29 rma_fellback=0 decline_capacity=0 decline_timeout=0 decline_swap=0 decline_epfail=0 ack_sent=0 ack_gen_mismatch=0 ack_on_free=0 ack_applied=7681 ack_held=0 ack_released=0 ack_epoch_dropped=0 parked=0
GUSTO_METRIC tag=periodic slots_total=8 peak_inflight=1 avg_inflight=0.140 peak_waiters=0 reservations=7728 waited=0 wait_us_avg=0.11 admit_rma=7728 admit_am=46368 rma_pct=14.29 rma_fellback=0 decline_capacity=0 decline_timeout=0 decline_swap=0 decline_epfail=0 ack_sent=0 ack_gen_mismatch=0 ack_on_free=0 ack_applied=7728 ack_held=0 ack_released=0 ack_epoch_dropped=0 parked=0
GUSTO_METRIC tag=periodic slots_total=8 peak_inflight=1 avg_inflight=0.147 peak_waiters=0 reservations=7901 waited=0 wait_us_avg=0.03 admit_rma=7901 admit_am=47408 rma_pct=14.29 rma_fellback=0 decline_capacity=0 decline_timeout=0 decline_swap=0 decline_epfail=0 ack_sent=0 ack_gen_mismatch=0 ack_on_free=0 ack_applied=7901 ack_held=0 ack_released=0 ack_epoch_dropped=0 parked=0
GUSTO_METRIC tag=periodic slots_total=8 peak_inflight=1 avg_inflight=0.137 peak_waiters=0 reservations=7841 waited=0 wait_us_avg=0.03 admit_rma=7841 admit_am=47047 rma_pct=14.29 rma_fellback=0 decline_capacity=0 decline_timeout=0 decline_swap=0 decline_epfail=0 ack_sent=0 ack_gen_mismatch=0 ack_on_free=0 ack_applied=7841 ack_held=0 ack_released=0 ack_epoch_dropped=0 parked=0
GUSTO_METRIC tag=periodic slots_total=8 peak_inflight=1 avg_inflight=0.143 peak_waiters=0 reservations=7866 waited=0 wait_us_avg=0.03 admit_rma=7866 admit_am=47194 rma_pct=14.29 rma_fellback=0 decline_capacity=0 decline_timeout=0 decline_swap=0 decline_epfail=0 ack_sent=0 ack_gen_mismatch=0 ack_on_free=0 ack_applied=7865 ack_held=0 ack_released=0 ack_epoch_dropped=0 parked=0
GUSTO_METRIC tag=periodic slots_total=8 peak_inflight=1 avg_inflight=0.153 peak_waiters=0 reservations=7870 waited=0 wait_us_avg=0.03 admit_rma=7870 admit_am=47219 rma_pct=14.29 rma_fellback=0 decline_capacity=0 decline_timeout=0 decline_swap=0 decline_epfail=0 ack_sent=0 ack_gen_mismatch=0 ack_on_free=0 ack_applied=7869 ack_held=0 ack_released=0 ack_epoch_dropped=0 parked=0
GUSTO_METRIC tag=periodic slots_total=8 peak_inflight=1 avg_inflight=0.146 peak_waiters=0 reservations=7926 waited=0 wait_us_avg=0.03 admit_rma=7926 admit_am=47555 rma_pct=14.29 rma_fellback=0 decline_capacity=0 decline_timeout=0 decline_swap=0 decline_epfail=0 ack_sent=0 ack_gen_mismatch=0 ack_on_free=0 ack_applied=7925 ack_held=0 ack_released=0 ack_epoch_dropped=0 parked=0
GUSTO_METRIC tag=periodic slots_total=8 peak_inflight=1 avg_inflight=0.168 peak_waiters=0 reservations=9055 waited=0 wait_us_avg=0.09 admit_rma=9055 admit_am=54331 rma_pct=14.29 rma_fellback=0 decline_capacity=0 decline_timeout=0 decline_swap=0 decline_epfail=0 ack_sent=0 ack_gen_mismatch=0 ack_on_free=0 ack_applied=9055 ack_held=0 ack_released=0 ack_epoch_dropped=0 parked=0
GUSTO_METRIC tag=periodic slots_total=8 peak_inflight=1 avg_inflight=0.156 peak_waiters=0 reservations=9290 waited=0 wait_us_avg=0.04 admit_rma=9290 admit_am=55742 rma_pct=14.29 rma_fellback=0 decline_capacity=0 decline_timeout=0 decline_swap=0 decline_epfail=0 ack_sent=0 ack_gen_mismatch=0 ack_on_free=0 ack_applied=9290 ack_held=0 ack_released=0 ack_epoch_dropped=0 parked=0
GUSTO_METRIC tag=periodic slots_total=8 peak_inflight=1 avg_inflight=0.158 peak_waiters=0 reservations=8955 waited=0 wait_us_avg=0.03 admit_rma=8955 admit_am=53733 rma_pct=14.29 rma_fellback=0 decline_capacity=0 decline_timeout=0 decline_swap=0 decline_epfail=0 ack_sent=0 ack_gen_mismatch=0 ack_on_free=0 ack_applied=8955 ack_held=0 ack_released=0 ack_epoch_dropped=0 parked=0
GUSTO_METRIC tag=periodic slots_total=8 peak_inflight=1 avg_inflight=0.162 peak_waiters=0 reservations=9316 waited=0 wait_us_avg=0.03 admit_rma=9316 admit_am=55899 rma_pct=14.29 rma_fellback=0 decline_capacity=0 decline_timeout=0 decline_swap=0 decline_epfail=0 ack_sent=0 ack_gen_mismatch=0 ack_on_free=0 ack_applied=9316 ack_held=0 ack_released=0 ack_epoch_dropped=0 parked=0
GUSTO_METRIC tag=periodic slots_total=8 peak_inflight=1 avg_inflight=0.170 peak_waiters=0 reservations=9385 waited=0 wait_us_avg=0.03 admit_rma=9385 admit_am=56313 rma_pct=14.29 rma_fellback=0 decline_capacity=0 decline_timeout=0 decline_swap=0 decline_epfail=0 ack_sent=0 ack_gen_mismatch=0 ack_on_free=0 ack_applied=9385 ack_held=0 ack_released=0 ack_epoch_dropped=0 parked=0
GUSTO_METRIC tag=periodic slots_total=8 peak_inflight=1 avg_inflight=0.150 peak_waiters=0 reservations=9303 waited=0 wait_us_avg=0.04 admit_rma=9303 admit_am=55822 rma_pct=14.28 rma_fellback=0 decline_capacity=0 decline_timeout=0 decline_swap=0 decline_epfail=0 ack_sent=0 ack_gen_mismatch=0 ack_on_free=0 ack_applied=9303 ack_held=0 ack_released=0 ack_epoch_dropped=0 parked=0
GUSTO_METRIC tag=periodic slots_total=8 peak_inflight=1 avg_inflight=0.155 peak_waiters=0 reservations=9464 waited=0 wait_us_avg=0.03 admit_rma=9464 admit_am=56784 rma_pct=14.29 rma_fellback=0 decline_capacity=0 decline_timeout=0 decline_swap=0 decline_epfail=0 ack_sent=0 ack_gen_mismatch=0 ack_on_free=0 ack_applied=9464 ack_held=0 ack_released=0 ack_epoch_dropped=0 parked=0
GUSTO_METRIC tag=periodic slots_total=8 peak_inflight=1 avg_inflight=0.150 peak_waiters=0 reservations=9321 waited=0 wait_us_avg=0.03 admit_rma=9321 admit_am=55930 rma_pct=14.28 rma_fellback=0 decline_capacity=0 decline_timeout=0 decline_swap=0 decline_epfail=0 ack_sent=0 ack_gen_mismatch=0 ack_on_free=0 ack_applied=9321 ack_held=0 ack_released=0 ack_epoch_dropped=0 parked=0
GUSTO_METRIC tag=periodic slots_total=8 peak_inflight=1 avg_inflight=0.151 peak_waiters=0 reservations=9289 waited=0 wait_us_avg=0.03 admit_rma=9289 admit_am=55733 rma_pct=14.29 rma_fellback=0 decline_capacity=0 decline_timeout=0 decline_swap=0 decline_epfail=0 ack_sent=0 ack_gen_mismatch=0 ack_on_free=0 ack_applied=9288 ack_held=0 ack_released=0 ack_epoch_dropped=0 parked=0
GUSTO_METRIC tag=periodic slots_total=8 peak_inflight=1 avg_inflight=0.149 peak_waiters=0 reservations=9711 waited=0 wait_us_avg=0.03 admit_rma=9711 admit_am=58270 rma_pct=14.28 rma_fellback=0 decline_capacity=0 decline_timeout=0 decline_swap=0 decline_epfail=0 ack_sent=0 ack_gen_mismatch=0 ack_on_free=0 ack_applied=9711 ack_held=0 ack_released=0 ack_epoch_dropped=0 parked=0
GUSTO_METRIC tag=periodic slots_total=8 peak_inflight=1 avg_inflight=0.129 peak_waiters=0 reservations=9734 waited=0 wait_us_avg=0.03 admit_rma=9734 admit_am=58403 rma_pct=14.29 rma_fellback=0 decline_capacity=0 decline_timeout=0 decline_swap=0 decline_epfail=0 ack_sent=0 ack_gen_mismatch=0 ack_on_free=0 ack_applied=9733 ack_held=0 ack_released=0 ack_epoch_dropped=0 parked=0
GUSTO_METRIC tag=periodic slots_total=8 peak_inflight=1 avg_inflight=0.145 peak_waiters=0 reservations=9618 waited=0 wait_us_avg=0.03 admit_rma=9618 admit_am=57706 rma_pct=14.29 rma_fellback=0 decline_capacity=0 decline_timeout=0 decline_swap=0 decline_epfail=0 ack_sent=0 ack_gen_mismatch=0 ack_on_free=0 ack_applied=9617 ack_held=0 ack_released=0 ack_epoch_dropped=0 parked=0
GUSTO_METRIC tag=periodic slots_total=8 peak_inflight=1 avg_inflight=0.147 peak_waiters=0 reservations=9891 waited=0 wait_us_avg=0.03 admit_rma=9891 admit_am=59346 rma_pct=14.29 rma_fellback=0 decline_capacity=0 decline_timeout=0 decline_swap=0 decline_epfail=0 ack_sent=0 ack_gen_mismatch=0 ack_on_free=0 ack_applied=9891 ack_held=0 ack_released=0 ack_epoch_dropped=0 parked=0
GUSTO_METRIC tag=periodic slots_total=8 peak_inflight=1 avg_inflight=0.143 peak_waiters=0 reservations=9724 waited=0 wait_us_avg=0.03 admit_rma=9724 admit_am=58343 rma_pct=14.29 rma_fellback=0 decline_capacity=0 decline_timeout=0 decline_swap=0 decline_epfail=0 ack_sent=0 ack_gen_mismatch=0 ack_on_free=0 ack_applied=9723 ack_held=0 ack_released=0 ack_epoch_dropped=0 parked=0
GUSTO_METRIC tag=periodic slots_total=8 peak_inflight=1 avg_inflight=0.140 peak_waiters=0 reservations=9720 waited=0 wait_us_avg=0.03 admit_rma=9720 admit_am=58320 rma_pct=14.29 rma_fellback=0 decline_capacity=0 decline_timeout=0 decline_swap=0 decline_epfail=0 ack_sent=0 ack_gen_mismatch=0 ack_on_free=0 ack_applied=9720 ack_held=0 ack_released=0 ack_epoch_dropped=0 parked=0
GUSTO_METRIC tag=periodic slots_total=8 peak_inflight=1 avg_inflight=0.146 peak_waiters=0 reservations=9949 waited=0 wait_us_avg=0.04 admit_rma=9949 admit_am=59692 rma_pct=14.29 rma_fellback=0 decline_capacity=0 decline_timeout=0 decline_swap=0 decline_epfail=0 ack_sent=0 ack_gen_mismatch=0 ack_on_free=0 ack_applied=9948 ack_held=0 ack_released=0 ack_epoch_dropped=0 parked=0
GUSTO_METRIC tag=periodic slots_total=8 peak_inflight=0 avg_inflight=0.000 peak_waiters=0 reservations=0 waited=0 wait_us_avg=0.00 admit_rma=0 admit_am=5 rma_pct=0.00 rma_fellback=0 decline_capacity=0 decline_timeout=0 decline_swap=0 decline_epfail=0 ack_sent=0 ack_gen_mismatch=0 ack_on_free=0 ack_applied=0 ack_held=0 ack_released=0 ack_epoch_dropped=0 parked=0
UCX control-plane connected: Connect (25.25.25.2:32222)
UCX control-plane connected: Connect (25.25.25.2:32222)
UCX control-plane connected: Connect (25.25.25.2:32222)
UCX control-plane connected: Connect (25.25.25.2:32222)
UCX control-plane connected: Connect (25.25.25.2:32222)
UCX control-plane connected: Connect (25.25.25.2:32222)
UCX control-plane connected: Connect (25.25.25.2:32222)
UCX control-plane connected: Connect (25.25.25.2:32222)
UCX control-plane connected: Connect (25.25.25.2:32222)
UCX control-plane connected: Connect (25.25.25.2:32222)
UCX control-plane connected: Connect (25.25.25.2:32222)
UCX control-plane connected: Connect (25.25.25.2:32222)
UCX control-plane connected: Connect (25.25.25.2:32222)
UCX control-plane connected: Connect (25.25.25.2:32222)
UCX control-plane connected: Connect (25.25.25.2:32222)
UCX control-plane connected: Connect (25.25.25.2:32222)
UCX control-plane connected: Connect (25.25.25.2:32222)
UCX control-plane connected: Connect (25.25.25.2:32222)
UCX control-plane connected: Connect (25.25.25.2:32222)
UCX control-plane connected: Connect (25.25.25.2:32222)
UCX control-plane connected: Connect (25.25.25.2:32222)
UCX control-plane connected: Connect (25.25.25.2:32222)
UCX control-plane connected: Connect (25.25.25.2:32222)
UCX control-plane connected: Connect (25.25.25.2:32222)
UCX control-plane connected: Connect (25.25.25.2:32222)
UCX control-plane connected: Connect (25.25.25.2:32222)
UCX control-plane connected: Connect (25.25.25.2:32222)
UCX control-plane connected: Connect (25.25.25.2:32222)
UCX control-plane connected: Connect (25.25.25.2:32222)
UCX control-plane connected: Connect (25.25.25.2:32222)
UCX control-plane connected: Connect (25.25.25.2:32222)
UCX control-plane connected: Connect (25.25.25.2:32222)
CSVROW,event_crossstream,ptsz,32,1,10000,1,0,none,29923.764
[GVS] rma teardown: acks descartados por epoch=0, advertisements aparcadas=0
GUSTO_METRIC tag=teardown slots_total=8 peak_inflight=0 avg_inflight=0.000 peak_waiters=0 reservations=0 waited=0 wait_us_avg=0.00 admit_rma=0 admit_am=5 rma_pct=0.00 rma_fellback=0 decline_capacity=0 decline_timeout=0 decline_swap=0 decline_epfail=0 ack_sent=0 ack_gen_mismatch=0 ack_on_free=0 ack_applied=0 ack_held=0 ack_released=0 ack_epoch_dropped=0 parked=0
[GVS] rma coste: reservas=10000 (esperaron 0) media=0.03us | cache de registro: aciertos=0 fallos=0 (0.0%) | acks enviados=0 media=0.00us | acks con generacion desajustada=0
[GVS] rma teardown: acks descartados por epoch=0, advertisements aparcadas=0
GUSTO_METRIC tag=teardown slots_total=8 peak_inflight=1 avg_inflight=0.147 peak_waiters=0 reservations=10000 waited=0 wait_us_avg=0.03 admit_rma=10000 admit_am=60008 rma_pct=14.28 rma_fellback=0 decline_capacity=0 decline_timeout=0 decline_swap=0 decline_epfail=0 ack_sent=0 ack_gen_mismatch=0 ack_on_free=0 ack_applied=10000 ack_held=0 ack_released=0 ack_epoch_dropped=0 parked=0
[GVS] rma coste: reservas=10000 (esperaron 0) media=0.04us | cache de registro: aciertos=0 fallos=0 (0.0%) | acks enviados=0 media=0.00us | acks con generacion desajustada=0
[GVS] rma teardown: acks descartados por epoch=0, advertisements aparcadas=0
GUSTO_METRIC tag=teardown slots_total=8 peak_inflight=1 avg_inflight=0.151 peak_waiters=0 reservations=10000 waited=0 wait_us_avg=0.04 admit_rma=10000 admit_am=60008 rma_pct=14.28 rma_fellback=0 decline_capacity=0 decline_timeout=0 decline_swap=0 decline_epfail=0 ack_sent=0 ack_gen_mismatch=0 ack_on_free=0 ack_applied=10000 ack_held=0 ack_released=0 ack_epoch_dropped=0 parked=0
[GVS] rma coste: reservas=10000 (esperaron 0) media=0.03us | cache de registro: aciertos=0 fallos=0 (0.0%) | acks enviados=0 media=0.00us | acks con generacion desajustada=0
[GVS] rma teardown: acks descartados por epoch=0, advertisements aparcadas=0
GUSTO_METRIC tag=teardown slots_total=8 peak_inflight=1 avg_inflight=0.141 peak_waiters=0 reservations=10000 waited=0 wait_us_avg=0.03 admit_rma=10000 admit_am=60008 rma_pct=14.28 rma_fellback=0 decline_capacity=0 decline_timeout=0 decline_swap=0 decline_epfail=0 ack_sent=0 ack_gen_mismatch=0 ack_on_free=0 ack_applied=10000 ack_held=0 ack_released=0 ack_epoch_dropped=0 parked=0
[GVS] rma coste: reservas=10000 (esperaron 0) media=0.04us | cache de registro: aciertos=0 fallos=0 (0.0%) | acks enviados=0 media=0.00us | acks con generacion desajustada=0
[GVS] rma teardown: acks descartados por epoch=0, advertisements aparcadas=0
GUSTO_METRIC tag=teardown slots_total=8 peak_inflight=1 avg_inflight=0.156 peak_waiters=0 reservations=10000 waited=0 wait_us_avg=0.04 admit_rma=10000 admit_am=60008 rma_pct=14.28 rma_fellback=0 decline_capacity=0 decline_timeout=0 decline_swap=0 decline_epfail=0 ack_sent=0 ack_gen_mismatch=0 ack_on_free=0 ack_applied=10000 ack_held=0 ack_released=0 ack_epoch_dropped=0 parked=0
[GVS] rma coste: reservas=10000 (esperaron 0) media=0.03us | cache de registro: aciertos=0 fallos=0 (0.0%) | acks enviados=0 media=0.00us | acks con generacion desajustada=0
[GVS] rma teardown: acks descartados por epoch=0, advertisements aparcadas=0
GUSTO_METRIC tag=teardown slots_total=8 peak_inflight=1 avg_inflight=0.128 peak_waiters=0 reservations=10000 waited=0 wait_us_avg=0.03 admit_rma=10000 admit_am=60008 rma_pct=14.28 rma_fellback=0 decline_capacity=0 decline_timeout=0 decline_swap=0 decline_epfail=0 ack_sent=0 ack_gen_mismatch=0 ack_on_free=0 ack_applied=10000 ack_held=0 ack_released=0 ack_epoch_dropped=0 parked=0
[GVS] rma coste: reservas=10000 (esperaron 0) media=0.03us | cache de registro: aciertos=0 fallos=0 (0.0%) | acks enviados=0 media=0.00us | acks con generacion desajustada=0
[GVS] rma teardown: acks descartados por epoch=0, advertisements aparcadas=0
GUSTO_METRIC tag=teardown slots_total=8 peak_inflight=1 avg_inflight=0.150 peak_waiters=0 reservations=10000 waited=0 wait_us_avg=0.03 admit_rma=10000 admit_am=60008 rma_pct=14.28 rma_fellback=0 decline_capacity=0 decline_timeout=0 decline_swap=0 decline_epfail=0 ack_sent=0 ack_gen_mismatch=0 ack_on_free=0 ack_applied=10000 ack_held=0 ack_released=0 ack_epoch_dropped=0 parked=0
[GVS] rma coste: reservas=10000 (esperaron 0) media=0.03us | cache de registro: aciertos=0 fallos=0 (0.0%) | acks enviados=0 media=0.00us | acks con generacion desajustada=0
[GVS] rma teardown: acks descartados por epoch=0, advertisements aparcadas=0
GUSTO_METRIC tag=teardown slots_total=8 peak_inflight=1 avg_inflight=0.146 peak_waiters=0 reservations=10000 waited=0 wait_us_avg=0.03 admit_rma=10000 admit_am=60008 rma_pct=14.28 rma_fellback=0 decline_capacity=0 decline_timeout=0 decline_swap=0 decline_epfail=0 ack_sent=0 ack_gen_mismatch=0 ack_on_free=0 ack_applied=10000 ack_held=0 ack_released=0 ack_epoch_dropped=0 parked=0
[GVS] rma coste: reservas=10000 (esperaron 0) media=0.03us | cache de registro: aciertos=0 fallos=0 (0.0%) | acks enviados=0 media=0.00us | acks con generacion desajustada=0
[GVS] rma teardown: acks descartados por epoch=0, advertisements aparcadas=0
GUSTO_METRIC tag=teardown slots_total=8 peak_inflight=1 avg_inflight=0.156 peak_waiters=0 reservations=10000 waited=0 wait_us_avg=0.03 admit_rma=10000 admit_am=60008 rma_pct=14.28 rma_fellback=0 decline_capacity=0 decline_timeout=0 decline_swap=0 decline_epfail=0 ack_sent=0 ack_gen_mismatch=0 ack_on_free=0 ack_applied=10000 ack_held=0 ack_released=0 ack_epoch_dropped=0 parked=0
[GVS] rma coste: reservas=10000 (esperaron 0) media=0.04us | cache de registro: aciertos=0 fallos=0 (0.0%) | acks enviados=0 media=0.00us | acks con generacion desajustada=0
[GVS] rma teardown: acks descartados por epoch=0, advertisements aparcadas=0
GUSTO_METRIC tag=teardown slots_total=8 peak_inflight=1 avg_inflight=0.151 peak_waiters=0 reservations=10000 waited=0 wait_us_avg=0.04 admit_rma=10000 admit_am=60008 rma_pct=14.28 rma_fellback=0 decline_capacity=0 decline_timeout=0 decline_swap=0 decline_epfail=0 ack_sent=0 ack_gen_mismatch=0 ack_on_free=0 ack_applied=10000 ack_held=0 ack_released=0 ack_epoch_dropped=0 parked=0
[GVS] rma coste: reservas=10000 (esperaron 0) media=0.03us | cache de registro: aciertos=0 fallos=0 (0.0%) | acks enviados=0 media=0.00us | acks con generacion desajustada=0
[GVS] rma teardown: acks descartados por epoch=0, advertisements aparcadas=0
GUSTO_METRIC tag=teardown slots_total=8 peak_inflight=1 avg_inflight=0.170 peak_waiters=0 reservations=10000 waited=0 wait_us_avg=0.03 admit_rma=10000 admit_am=60008 rma_pct=14.28 rma_fellback=0 decline_capacity=0 decline_timeout=0 decline_swap=0 decline_epfail=0 ack_sent=0 ack_gen_mismatch=0 ack_on_free=0 ack_applied=10000 ack_held=0 ack_released=0 ack_epoch_dropped=0 parked=0
[GVS] rma coste: reservas=10000 (esperaron 0) media=0.03us | cache de registro: aciertos=0 fallos=0 (0.0%) | acks enviados=0 media=0.00us | acks con generacion desajustada=0
[GVS] rma teardown: acks descartados por epoch=0, advertisements aparcadas=0
GUSTO_METRIC tag=teardown slots_total=8 peak_inflight=1 avg_inflight=0.144 peak_waiters=0 reservations=10000 waited=0 wait_us_avg=0.03 admit_rma=10000 admit_am=60008 rma_pct=14.28 rma_fellback=0 decline_capacity=0 decline_timeout=0 decline_swap=0 decline_epfail=0 ack_sent=0 ack_gen_mismatch=0 ack_on_free=0 ack_applied=10000 ack_held=0 ack_released=0 ack_epoch_dropped=0 parked=0
[GVS] rma coste: reservas=10000 (esperaron 0) media=0.03us | cache de registro: aciertos=0 fallos=0 (0.0%) | acks enviados=0 media=0.00us | acks con generacion desajustada=0
[GVS] rma teardown: acks descartados por epoch=0, advertisements aparcadas=0
GUSTO_METRIC tag=teardown slots_total=8 peak_inflight=1 avg_inflight=0.149 peak_waiters=0 reservations=10000 waited=0 wait_us_avg=0.03 admit_rma=10000 admit_am=60008 rma_pct=14.28 rma_fellback=0 decline_capacity=0 decline_timeout=0 decline_swap=0 decline_epfail=0 ack_sent=0 ack_gen_mismatch=0 ack_on_free=0 ack_applied=10000 ack_held=0 ack_released=0 ack_epoch_dropped=0 parked=0
[GVS] rma coste: reservas=10000 (esperaron 0) media=0.04us | cache de registro: aciertos=0 fallos=0 (0.0%) | acks enviados=0 media=0.00us | acks con generacion desajustada=0
[GVS] rma teardown: acks descartados por epoch=0, advertisements aparcadas=0
GUSTO_METRIC tag=teardown slots_total=8 peak_inflight=1 avg_inflight=0.146 peak_waiters=0 reservations=10000 waited=0 wait_us_avg=0.04 admit_rma=10000 admit_am=60008 rma_pct=14.28 rma_fellback=0 decline_capacity=0 decline_timeout=0 decline_swap=0 decline_epfail=0 ack_sent=0 ack_gen_mismatch=0 ack_on_free=0 ack_applied=10000 ack_held=0 ack_released=0 ack_epoch_dropped=0 parked=0
[GVS] rma coste: reservas=10000 (esperaron 0) media=0.03us | cache de registro: aciertos=0 fallos=0 (0.0%) | acks enviados=0 media=0.00us | acks con generacion desajustada=0
[GVS] rma teardown: acks descartados por epoch=0, advertisements aparcadas=0
GUSTO_METRIC tag=teardown slots_total=8 peak_inflight=1 avg_inflight=0.155 peak_waiters=0 reservations=10000 waited=0 wait_us_avg=0.03 admit_rma=10000 admit_am=60008 rma_pct=14.28 rma_fellback=0 decline_capacity=0 decline_timeout=0 decline_swap=0 decline_epfail=0 ack_sent=0 ack_gen_mismatch=0 ack_on_free=0 ack_applied=10000 ack_held=0 ack_released=0 ack_epoch_dropped=0 parked=0
[GVS] rma coste: reservas=10000 (esperaron 0) media=0.03us | cache de registro: aciertos=0 fallos=0 (0.0%) | acks enviados=0 media=0.00us | acks con generacion desajustada=0
[GVS] rma teardown: acks descartados por epoch=0, advertisements aparcadas=0
GUSTO_METRIC tag=teardown slots_total=8 peak_inflight=1 avg_inflight=0.162 peak_waiters=0 reservations=10000 waited=0 wait_us_avg=0.03 admit_rma=10000 admit_am=60008 rma_pct=14.28 rma_fellback=0 decline_capacity=0 decline_timeout=0 decline_swap=0 decline_epfail=0 ack_sent=0 ack_gen_mismatch=0 ack_on_free=0 ack_applied=10000 ack_held=0 ack_released=0 ack_epoch_dropped=0 parked=0
[GVS] rma coste: reservas=10000 (esperaron 0) media=0.03us | cache de registro: aciertos=0 fallos=0 (0.0%) | acks enviados=0 media=0.00us | acks con generacion desajustada=0
[GVS] rma teardown: acks descartados por epoch=0, advertisements aparcadas=0
GUSTO_METRIC tag=teardown slots_total=8 peak_inflight=1 avg_inflight=0.159 peak_waiters=0 reservations=10000 waited=0 wait_us_avg=0.03 admit_rma=10000 admit_am=60008 rma_pct=14.28 rma_fellback=0 decline_capacity=0 decline_timeout=0 decline_swap=0 decline_epfail=0 ack_sent=0 ack_gen_mismatch=0 ack_on_free=0 ack_applied=10000 ack_held=0 ack_released=0 ack_epoch_dropped=0 parked=0
[GVS] rma coste: reservas=10000 (esperaron 0) media=0.03us | cache de registro: aciertos=0 fallos=0 (0.0%) | acks enviados=0 media=0.00us | acks con generacion desajustada=0
[GVS] rma teardown: acks descartados por epoch=0, advertisements aparcadas=0
GUSTO_METRIC tag=teardown slots_total=8 peak_inflight=1 avg_inflight=0.148 peak_waiters=0 reservations=10000 waited=0 wait_us_avg=0.03 admit_rma=10000 admit_am=60008 rma_pct=14.28 rma_fellback=0 decline_capacity=0 decline_timeout=0 decline_swap=0 decline_epfail=0 ack_sent=0 ack_gen_mismatch=0 ack_on_free=0 ack_applied=10000 ack_held=0 ack_released=0 ack_epoch_dropped=0 parked=0
[GVS] rma coste: reservas=10000 (esperaron 0) media=0.11us | cache de registro: aciertos=0 fallos=0 (0.0%) | acks enviados=0 media=0.00us | acks con generacion desajustada=0
[GVS] rma teardown: acks descartados por epoch=0, advertisements aparcadas=0
GUSTO_METRIC tag=teardown slots_total=8 peak_inflight=1 avg_inflight=0.145 peak_waiters=0 reservations=10000 waited=0 wait_us_avg=0.11 admit_rma=10000 admit_am=60008 rma_pct=14.28 rma_fellback=0 decline_capacity=0 decline_timeout=0 decline_swap=0 decline_epfail=0 ack_sent=0 ack_gen_mismatch=0 ack_on_free=0 ack_applied=10000 ack_held=0 ack_released=0 ack_epoch_dropped=0 parked=0
[GVS] rma coste: reservas=10000 (esperaron 0) media=0.03us | cache de registro: aciertos=0 fallos=0 (0.0%) | acks enviados=0 media=0.00us | acks con generacion desajustada=0
[GVS] rma teardown: acks descartados por epoch=0, advertisements aparcadas=0
GUSTO_METRIC tag=teardown slots_total=8 peak_inflight=1 avg_inflight=0.143 peak_waiters=0 reservations=10000 waited=0 wait_us_avg=0.03 admit_rma=10000 admit_am=60008 rma_pct=14.28 rma_fellback=0 decline_capacity=0 decline_timeout=0 decline_swap=0 decline_epfail=0 ack_sent=0 ack_gen_mismatch=0 ack_on_free=0 ack_applied=10000 ack_held=0 ack_released=0 ack_epoch_dropped=0 parked=0
[GVS] rma coste: reservas=10000 (esperaron 0) media=0.03us | cache de registro: aciertos=0 fallos=0 (0.0%) | acks enviados=0 media=0.00us | acks con generacion desajustada=0
[GVS] rma teardown: acks descartados por epoch=0, advertisements aparcadas=0
GUSTO_METRIC tag=teardown slots_total=8 peak_inflight=1 avg_inflight=0.151 peak_waiters=0 reservations=10000 waited=0 wait_us_avg=0.03 admit_rma=10000 admit_am=60008 rma_pct=14.28 rma_fellback=0 decline_capacity=0 decline_timeout=0 decline_swap=0 decline_epfail=0 ack_sent=0 ack_gen_mismatch=0 ack_on_free=0 ack_applied=10000 ack_held=0 ack_released=0 ack_epoch_dropped=0 parked=0
[GVS] rma coste: reservas=10000 (esperaron 0) media=0.03us | cache de registro: aciertos=0 fallos=0 (0.0%) | acks enviados=0 media=0.00us | acks con generacion desajustada=0
[GVS] rma teardown: acks descartados por epoch=0, advertisements aparcadas=0
GUSTO_METRIC tag=teardown slots_total=8 peak_inflight=1 avg_inflight=0.148 peak_waiters=0 reservations=10000 waited=0 wait_us_avg=0.03 admit_rma=10000 admit_am=60008 rma_pct=14.28 rma_fellback=0 decline_capacity=0 decline_timeout=0 decline_swap=0 decline_epfail=0 ack_sent=0 ack_gen_mismatch=0 ack_on_free=0 ack_applied=10000 ack_held=0 ack_released=0 ack_epoch_dropped=0 parked=0
[GVS] rma coste: reservas=10000 (esperaron 0) media=0.03us | cache de registro: aciertos=0 fallos=0 (0.0%) | acks enviados=0 media=0.00us | acks con generacion desajustada=0
[GVS] rma teardown: acks descartados por epoch=0, advertisements aparcadas=0
GUSTO_METRIC tag=teardown slots_total=8 peak_inflight=1 avg_inflight=0.137 peak_waiters=0 reservations=10000 waited=0 wait_us_avg=0.03 admit_rma=10000 admit_am=60008 rma_pct=14.28 rma_fellback=0 decline_capacity=0 decline_timeout=0 decline_swap=0 decline_epfail=0 ack_sent=0 ack_gen_mismatch=0 ack_on_free=0 ack_applied=10000 ack_held=0 ack_released=0 ack_epoch_dropped=0 parked=0
[GVS] rma coste: reservas=10000 (esperaron 0) media=0.03us | cache de registro: aciertos=0 fallos=0 (0.0%) | acks enviados=0 media=0.00us | acks con generacion desajustada=0
[GVS] rma teardown: acks descartados por epoch=0, advertisements aparcadas=0
GUSTO_METRIC tag=teardown slots_total=8 peak_inflight=1 avg_inflight=0.130 peak_waiters=0 reservations=10000 waited=0 wait_us_avg=0.03 admit_rma=10000 admit_am=60008 rma_pct=14.28 rma_fellback=0 decline_capacity=0 decline_timeout=0 decline_swap=0 decline_epfail=0 ack_sent=0 ack_gen_mismatch=0 ack_on_free=0 ack_applied=10000 ack_held=0 ack_released=0 ack_epoch_dropped=0 parked=0
[GVS] rma coste: reservas=10000 (esperaron 0) media=0.03us | cache de registro: aciertos=0 fallos=0 (0.0%) | acks enviados=0 media=0.00us | acks con generacion desajustada=0
[GVS] rma teardown: acks descartados por epoch=0, advertisements aparcadas=0
GUSTO_METRIC tag=teardown slots_total=8 peak_inflight=1 avg_inflight=0.151 peak_waiters=0 reservations=10000 waited=0 wait_us_avg=0.03 admit_rma=10000 admit_am=60008 rma_pct=14.28 rma_fellback=0 decline_capacity=0 decline_timeout=0 decline_swap=0 decline_epfail=0 ack_sent=0 ack_gen_mismatch=0 ack_on_free=0 ack_applied=10000 ack_held=0 ack_released=0 ack_epoch_dropped=0 parked=0
[GVS] rma coste: reservas=10000 (esperaron 0) media=0.09us | cache de registro: aciertos=0 fallos=0 (0.0%) | acks enviados=0 media=0.00us | acks con generacion desajustada=0
[GVS] rma teardown: acks descartados por epoch=0, advertisements aparcadas=0
GUSTO_METRIC tag=teardown slots_total=8 peak_inflight=1 avg_inflight=0.168 peak_waiters=0 reservations=10000 waited=0 wait_us_avg=0.09 admit_rma=10000 admit_am=60008 rma_pct=14.28 rma_fellback=0 decline_capacity=0 decline_timeout=0 decline_swap=0 decline_epfail=0 ack_sent=0 ack_gen_mismatch=0 ack_on_free=0 ack_applied=10000 ack_held=0 ack_released=0 ack_epoch_dropped=0 parked=0
[GVS] rma coste: reservas=10000 (esperaron 0) media=0.03us | cache de registro: aciertos=0 fallos=0 (0.0%) | acks enviados=0 media=0.00us | acks con generacion desajustada=0
[GVS] rma teardown: acks descartados por epoch=0, advertisements aparcadas=0
GUSTO_METRIC tag=teardown slots_total=8 peak_inflight=1 avg_inflight=0.151 peak_waiters=0 reservations=10000 waited=0 wait_us_avg=0.03 admit_rma=10000 admit_am=60008 rma_pct=14.28 rma_fellback=0 decline_capacity=0 decline_timeout=0 decline_swap=0 decline_epfail=0 ack_sent=0 ack_gen_mismatch=0 ack_on_free=0 ack_applied=10000 ack_held=0 ack_released=0 ack_epoch_dropped=0 parked=0
[GVS] rma coste: reservas=10000 (esperaron 0) media=0.03us | cache de registro: aciertos=0 fallos=0 (0.0%) | acks enviados=0 media=0.00us | acks con generacion desajustada=0
[GVS] rma teardown: acks descartados por epoch=0, advertisements aparcadas=0
GUSTO_METRIC tag=teardown slots_total=8 peak_inflight=1 avg_inflight=0.147 peak_waiters=0 reservations=10000 waited=0 wait_us_avg=0.03 admit_rma=10000 admit_am=60008 rma_pct=14.28 rma_fellback=0 decline_capacity=0 decline_timeout=0 decline_swap=0 decline_epfail=0 ack_sent=0 ack_gen_mismatch=0 ack_on_free=0 ack_applied=10000 ack_held=0 ack_released=0 ack_epoch_dropped=0 parked=0
[GVS] rma coste: reservas=10000 (esperaron 0) media=0.03us | cache de registro: aciertos=0 fallos=0 (0.0%) | acks enviados=0 media=0.00us | acks con generacion desajustada=0
[GVS] rma teardown: acks descartados por epoch=0, advertisements aparcadas=0
GUSTO_METRIC tag=teardown slots_total=8 peak_inflight=1 avg_inflight=0.152 peak_waiters=0 reservations=10000 waited=0 wait_us_avg=0.03 admit_rma=10000 admit_am=60008 rma_pct=14.28 rma_fellback=0 decline_capacity=0 decline_timeout=0 decline_swap=0 decline_epfail=0 ack_sent=0 ack_gen_mismatch=0 ack_on_free=0 ack_applied=10000 ack_held=0 ack_released=0 ack_epoch_dropped=0 parked=0
[GVS] rma coste: reservas=10000 (esperaron 0) media=0.04us | cache de registro: aciertos=0 fallos=0 (0.0%) | acks enviados=0 media=0.00us | acks con generacion desajustada=0
[GVS] rma teardown: acks descartados por epoch=0, advertisements aparcadas=0
GUSTO_METRIC tag=teardown slots_total=8 peak_inflight=1 avg_inflight=0.150 peak_waiters=0 reservations=10000 waited=0 wait_us_avg=0.04 admit_rma=10000 admit_am=60008 rma_pct=14.28 rma_fellback=0 decline_capacity=0 decline_timeout=0 decline_swap=0 decline_epfail=0 ack_sent=0 ack_gen_mismatch=0 ack_on_free=0 ack_applied=10000 ack_held=0 ack_released=0 ack_epoch_dropped=0 parked=0
[GVS] rma coste: reservas=10000 (esperaron 0) media=0.03us | cache de registro: aciertos=0 fallos=0 (0.0%) | acks enviados=0 media=0.00us | acks con generacion desajustada=0
[GVS] rma teardown: acks descartados por epoch=0, advertisements aparcadas=0
GUSTO_METRIC tag=teardown slots_total=8 peak_inflight=1 avg_inflight=0.143 peak_waiters=0 reservations=10000 waited=0 wait_us_avg=0.03 admit_rma=10000 admit_am=60008 rma_pct=14.28 rma_fellback=0 decline_capacity=0 decline_timeout=0 decline_swap=0 decline_epfail=0 ack_sent=0 ack_gen_mismatch=0 ack_on_free=0 ack_applied=10000 ack_held=0 ack_released=0 ack_epoch_dropped=0 parked=0
[GVS] rma coste: reservas=10000 (esperaron 0) media=0.03us | cache de registro: aciertos=0 fallos=0 (0.0%) | acks enviados=0 media=0.00us | acks con generacion desajustada=0
[GVS] rma teardown: acks descartados por epoch=0, advertisements aparcadas=0
GUSTO_METRIC tag=teardown slots_total=8 peak_inflight=1 avg_inflight=0.150 peak_waiters=0 reservations=10000 waited=0 wait_us_avg=0.03 admit_rma=10000 admit_am=60008 rma_pct=14.28 rma_fellback=0 decline_capacity=0 decline_timeout=0 decline_swap=0 decline_epfail=0 ack_sent=0 ack_gen_mismatch=0 ack_on_free=0 ack_applied=10000 ack_held=0 ack_released=0 ack_epoch_dropped=0 parked=0
[GVS] rma coste: reservas=10000 (esperaron 0) media=0.03us | cache de registro: aciertos=0 fallos=0 (0.0%) | acks enviados=0 media=0.00us | acks con generacion desajustada=0
[GVS] rma teardown: acks descartados por epoch=0, advertisements aparcadas=0
GUSTO_METRIC tag=teardown slots_total=8 peak_inflight=1 avg_inflight=0.146 peak_waiters=0 reservations=10000 waited=0 wait_us_avg=0.03 admit_rma=10000 admit_am=60008 rma_pct=14.28 rma_fellback=0 decline_capacity=0 decline_timeout=0 decline_swap=0 decline_epfail=0 ack_sent=0 ack_gen_mismatch=0 ack_on_free=0 ack_applied=10000 ack_held=0 ack_released=0 ack_epoch_dropped=0 parked=0
