DEBUG: protocol string is [ucx]
[GVS] GPUDirect=disabled (GVIRTUS_GPUDIRECT=1 but probe FAILED: cudaMalloc(4K) failed (no GPU? OOM?)) - falling back to host slots, behavior unchanged
[GVS IDX] epoch 1 anuncia server_idx=[0,1,2,3,4,5,6,7]
[GVS] rma_setup: epoch 1 arrived, 0/0 slots in flight -> install now
UCX control-plane connected: Connect (25.25.25.2:32222)
DEBUG: protocol string is [ucx]
[GVS] GPUDirect=disabled (GVIRTUS_GPUDIRECT=1 but probe FAILED: cudaMalloc(4K) failed (no GPU? OOM?)) - falling back to host slots, behavior unchanged
[GVS IDX] epoch 1 anuncia server_idx=[0,1,2,3,4,5,6,7]
[GVS] rma_setup: epoch 1 arrived, 0/0 slots in flight -> install now
# variant=ptsz threads=32 iters=10000 bytes=65536 seed=1
# cudaStreamPerThread=0x2 cudaStreamLegacy=0x1
UCX control-plane connected: Connect (25.25.25.2:32222)
INFO - Parsing endpoint config from: /opt/GVirtuS/etc/properties_ucx.json
INFO - Parsing endpoint config from: /opt/GVirtuS/etc/properties_ucx.json
INFO - Parsing endpoint config from: /opt/GVirtuS/etc/properties_ucx.json
INFO - Parsed endpoint suite: ucx
DEBUG: protocol string is [ucx]
DEBUG: protocol string is [ucx]
DEBUG: protocol string is [ucx]
DEBUG: protocol string is [ucx]
DEBUG: protocol string is [ucx]
DEBUG: protocol string is [ucx]
DEBUG: protocol string is [ucx]
DEBUG: protocol string is [ucx]
DEBUG: protocol string is [ucx]
DEBUG: protocol string is [ucx]
DEBUG: protocol string is [ucx]
DEBUG: protocol string is [ucx]
DEBUG: protocol string is [ucx]
DEBUG: protocol string is [ucx]
DEBUG: protocol string is [ucx]
DEBUG: protocol string is [ucx]
INFO - Parsing endpoint config from: /opt/GVirtuS/etc/properties_ucx.json
DEBUG: protocol string is [ucx]
DEBUG: protocol string is [ucx]
DEBUG: protocol string is [ucx]
DEBUG: protocol string is [ucx]
DEBUG: protocol string is [ucx]
DEBUG: protocol string is [ucx]
DEBUG: protocol string is [ucx]
DEBUG: protocol string is [ucx]
DEBUG: protocol string is [ucx]
DEBUG: protocol string is [ucx]
DEBUG: protocol string is [ucx]
DEBUG: protocol string is [ucx]
DEBUG: protocol string is [ucx]
DEBUG: protocol string is [ucx]
DEBUG: protocol string is [ucx]
DEBUG: protocol string is [ucx]
[GVS] GPUDirect=disabled (GVIRTUS_GPUDIRECT=1 but probe FAILED: cudaMalloc(4K) failed (no GPU? OOM?)) - falling back to host slots, behavior unchanged
[GVS] GPUDirect=disabled (GVIRTUS_GPUDIRECT=1 but probe FAILED: cudaMalloc(4K) failed (no GPU? OOM?)) - falling back to host slots, behavior unchanged
[GVS] GPUDirect=disabled (GVIRTUS_GPUDIRECT=1 but probe FAILED: cudaMalloc(4K) failed (no GPU? OOM?)) - falling back to host slots, behavior unchanged
[GVS] GPUDirect=disabled (GVIRTUS_GPUDIRECT=1 but probe FAILED: cudaMalloc(4K) failed (no GPU? OOM?)) - falling back to host slots, behavior unchanged
[GVS] GPUDirect=disabled (GVIRTUS_GPUDIRECT=1 but probe FAILED: cudaMalloc(4K) failed (no GPU? OOM?)) - falling back to host slots, behavior unchanged
[GVS] GPUDirect=disabled (GVIRTUS_GPUDIRECT=1 but probe FAILED: cudaMalloc(4K) failed (no GPU? OOM?)) - falling back to host slots, behavior unchanged
[GVS] GPUDirect=disabled (GVIRTUS_GPUDIRECT=1 but probe FAILED: cudaMalloc(4K) failed (no GPU? OOM?)) - falling back to host slots, behavior unchanged
[GVS] GPUDirect=disabled (GVIRTUS_GPUDIRECT=1 but probe FAILED: cudaMalloc(4K) failed (no GPU? OOM?)) - falling back to host slots, behavior unchanged
[GVS] GPUDirect=disabled (GVIRTUS_GPUDIRECT=1 but probe FAILED: cudaMalloc(4K) failed (no GPU? OOM?)) - falling back to host slots, behavior unchanged
[GVS] GPUDirect=disabled (GVIRTUS_GPUDIRECT=1 but probe FAILED: cudaMalloc(4K) failed (no GPU? OOM?)) - falling back to host slots, behavior unchanged
[GVS] GPUDirect=disabled (GVIRTUS_GPUDIRECT=1 but probe FAILED: cudaMalloc(4K) failed (no GPU? OOM?)) - falling back to host slots, behavior unchanged
[GVS] GPUDirect=disabled (GVIRTUS_GPUDIRECT=1 but probe FAILED: cudaMalloc(4K) failed (no GPU? OOM?)) - falling back to host slots, behavior unchanged
[GVS] GPUDirect=disabled (GVIRTUS_GPUDIRECT=1 but probe FAILED: cudaMalloc(4K) failed (no GPU? OOM?)) - falling back to host slots, behavior unchanged
[GVS] GPUDirect=disabled (GVIRTUS_GPUDIRECT=1 but probe FAILED: cudaMalloc(4K) failed (no GPU? OOM?)) - falling back to host slots, behavior unchanged
[GVS] GPUDirect=disabled (GVIRTUS_GPUDIRECT=1 but probe FAILED: cudaMalloc(4K) failed (no GPU? OOM?)) - falling back to host slots, behavior unchanged
[GVS] GPUDirect=disabled (GVIRTUS_GPUDIRECT=1 but probe FAILED: cudaMalloc(4K) failed (no GPU? OOM?)) - falling back to host slots, behavior unchanged
[GVS] GPUDirect=disabled (GVIRTUS_GPUDIRECT=1 but probe FAILED: cudaMalloc(4K) failed (no GPU? OOM?)) - falling back to host slots, behavior unchanged
[GVS] GPUDirect=disabled (GVIRTUS_GPUDIRECT=1 but probe FAILED: cudaMalloc(4K) failed (no GPU? OOM?)) - falling back to host slots, behavior unchanged
[GVS] GPUDirect=disabled (GVIRTUS_GPUDIRECT=1 but probe FAILED: cudaMalloc(4K) failed (no GPU? OOM?)) - falling back to host slots, behavior unchanged
[GVS] GPUDirect=disabled (GVIRTUS_GPUDIRECT=1 but probe FAILED: cudaMalloc(4K) failed (no GPU? OOM?)) - falling back to host slots, behavior unchanged
[GVS] GPUDirect=disabled (GVIRTUS_GPUDIRECT=1 but probe FAILED: cudaMalloc(4K) failed (no GPU? OOM?)) - falling back to host slots, behavior unchanged
[GVS] GPUDirect=disabled (GVIRTUS_GPUDIRECT=1 but probe FAILED: cudaMalloc(4K) failed (no GPU? OOM?)) - falling back to host slots, behavior unchanged
[GVS] GPUDirect=disabled (GVIRTUS_GPUDIRECT=1 but probe FAILED: cudaMalloc(4K) failed (no GPU? OOM?)) - falling back to host slots, behavior unchanged
[GVS] GPUDirect=disabled (GVIRTUS_GPUDIRECT=1 but probe FAILED: cudaMalloc(4K) failed (no GPU? OOM?)) - falling back to host slots, behavior unchanged
[GVS] GPUDirect=disabled (GVIRTUS_GPUDIRECT=1 but probe FAILED: cudaMalloc(4K) failed (no GPU? OOM?)) - falling back to host slots, behavior unchanged
[GVS] GPUDirect=disabled (GVIRTUS_GPUDIRECT=1 but probe FAILED: cudaMalloc(4K) failed (no GPU? OOM?)) - falling back to host slots, behavior unchanged
[GVS] GPUDirect=disabled (GVIRTUS_GPUDIRECT=1 but probe FAILED: cudaMalloc(4K) failed (no GPU? OOM?)) - falling back to host slots, behavior unchanged
[GVS] GPUDirect=disabled (GVIRTUS_GPUDIRECT=1 but probe FAILED: cudaMalloc(4K) failed (no GPU? OOM?)) - falling back to host slots, behavior unchanged
[GVS] GPUDirect=disabled (GVIRTUS_GPUDIRECT=1 but probe FAILED: cudaMalloc(4K) failed (no GPU? OOM?)) - falling back to host slots, behavior unchanged
[GVS] GPUDirect=disabled (GVIRTUS_GPUDIRECT=1 but probe FAILED: cudaMalloc(4K) failed (no GPU? OOM?)) - falling back to host slots, behavior unchanged
[GVS] GPUDirect=disabled (GVIRTUS_GPUDIRECT=1 but probe FAILED: cudaMalloc(4K) failed (no GPU? OOM?)) - falling back to host slots, behavior unchanged
[GVS] GPUDirect=disabled (GVIRTUS_GPUDIRECT=1 but probe FAILED: cudaMalloc(4K) failed (no GPU? OOM?)) - falling back to host slots, behavior unchanged
[GVS IDX] epoch 1 anuncia server_idx=[0,1,2,3,4,5,6,7]
[GVS] rma_setup: epoch 1 arrived, 0/0 slots in flight -> install now
[GVS IDX] epoch 1 anuncia server_idx=[0,1,2,3,4,5,6,7]
[GVS] rma_setup: epoch 1 arrived, 0/0 slots in flight -> install now
[GVS IDX] epoch 1 anuncia server_idx=[0,1,2,3,4,5,6,7]
[GVS] rma_setup: epoch 1 arrived, 0/0 slots in flight -> install now
[GVS IDX] epoch 1 anuncia server_idx=[0,1,2,3,4,5,6,7]
[GVS] rma_setup: epoch 1 arrived, 0/0 slots in flight -> install now
[GVS IDX] epoch 1 anuncia server_idx=[0,1,2,3,4,5,6,7]
[GVS] rma_setup: epoch 1 arrived, 0/0 slots in flight -> install now
[GVS IDX] epoch 1 anuncia server_idx=[0,1,2,3,4,5,6,7]
[GVS] rma_setup: epoch 1 arrived, 0/0 slots in flight -> install now
[GVS IDX] epoch 1 anuncia server_idx=[0,1,2,3,4,5,6,7]
[GVS] rma_setup: epoch 1 arrived, 0/0 slots in flight -> install now
[GVS IDX] epoch 1 anuncia server_idx=[0,1,2,3,4,5,6,7]
[GVS] rma_setup: epoch 1 arrived, 0/0 slots in flight -> install now
[GVS IDX] epoch 1 anuncia server_idx=[0,1,2,3,4,5,6,7]
[GVS] rma_setup: epoch 1 arrived, 0/0 slots in flight -> install now
[GVS IDX] epoch 1 anuncia server_idx=[0,1,2,3,4,5,6,7]
[GVS] rma_setup: epoch 1 arrived, 0/0 slots in flight -> install now
[GVS IDX] epoch 1 anuncia server_idx=[0,1,2,3,4,5,6,7]
[GVS] rma_setup: epoch 1 arrived, 0/0 slots in flight -> install now
[GVS IDX] epoch 1 anuncia server_idx=[0,1,2,3,4,5,6,7]
[GVS] rma_setup: epoch 1 arrived, 0/0 slots in flight -> install now
[GVS IDX] epoch 1 anuncia server_idx=[0,1,2,3,4,5,6,7]
[GVS] rma_setup: epoch 1 arrived, 0/0 slots in flight -> install now
[GVS IDX] epoch 1 anuncia server_idx=[0,1,2,3,4,5,6,7]
[GVS] rma_setup: epoch 1 arrived, 0/0 slots in flight -> install now
[GVS IDX] epoch 2 anuncia server_idx=[9,10,11,12,13,14,15,16]
[GVS] rma_setup: epoch 2 arrived, 0/8 slots in flight -> install now
[GVS IDX] epoch 2 anuncia server_idx=[9,10,11,12,13,14,15,16]
[GVS] rma_setup: epoch 2 arrived, 0/8 slots in flight -> install now
[GUSTO CFG] pool efectivo: slots=2 cap=0.1 MiB shadow=no total=0.1 MiB (sin presupuesto definido)
[GVS IDX] epoch 1 anuncia server_idx=[0,1,2,3,4,5,6,7]
[GVS] rma_setup: epoch 1 arrived, 0/0 slots in flight -> install now
[GVS IDX] epoch 1 anuncia server_idx=[0,1,2,3,4,5,6,7]
[GVS] rma_setup: epoch 1 arrived, 0/0 slots in flight -> install now
[GVS IDX] epoch 1 anuncia server_idx=[0,1,2,3,4,5,6,7]
[GVS] rma_setup: epoch 1 arrived, 0/0 slots in flight -> install now
[GUSTO CFG] pool efectivo: slots=2 cap=0.1 MiB shadow=no total=0.1 MiB (sin presupuesto definido)
[GVS IDX] epoch 2 anuncia server_idx=[9,10,11,12,13,14,15,16]
[GVS] rma_setup: epoch 2 arrived, 0/8 slots in flight -> install now
[GUSTO CFG] pool efectivo: slots=2 cap=0.1 MiB shadow=no total=0.1 MiB (sin presupuesto definido)
[GVS IDX] epoch 2 anuncia server_idx=[9,10,11,12,13,14,15,16]
[GVS] rma_setup: epoch 2 arrived, 0/8 slots in flight -> install now
[GVS IDX] epoch 1 anuncia server_idx=[0,1,2,3,4,5,6,7]
[GVS] rma_setup: epoch 1 arrived, 0/0 slots in flight -> install now
[GVS IDX] epoch 2 anuncia server_idx=[9,10,11,12,13,14,15,16]
[GVS] rma_setup: epoch 2 arrived, 0/8 slots in flight -> install now
[GVS IDX] epoch 1 anuncia server_idx=[0,1,2,3,4,5,6,7]
[GVS] rma_setup: epoch 1 arrived, 0/0 slots in flight -> install now
[GUSTO CFG] pool efectivo: slots=2 cap=0.1 MiB shadow=no total=0.1 MiB (sin presupuesto definido)
[GVS IDX] epoch 1 anuncia server_idx=[0,1,2,3,4,5,6,7]
[GVS] rma_setup: epoch 1 arrived, 0/0 slots in flight -> install now
[GVS IDX] epoch 2 anuncia server_idx=[9,10,11,12,13,14,15,16]
[GVS] rma_setup: epoch 2 arrived, 0/8 slots in flight -> install now
[GUSTO CFG] pool efectivo: slots=2 cap=0.1 MiB shadow=no total=0.1 MiB (sin presupuesto definido)
[GVS IDX] epoch 2 anuncia server_idx=[9,10,11,12,13,14,15,16]
[GVS] rma_setup: epoch 2 arrived, 0/8 slots in flight -> install now
[GUSTO CFG] pool efectivo: slots=2 cap=0.1 MiB shadow=no total=0.1 MiB (sin presupuesto definido)
[GVS IDX] epoch 2 anuncia server_idx=[9,10,11,12,13,14,15,16]
[GVS] rma_setup: epoch 2 arrived, 0/8 slots in flight -> install now
[GVS IDX] epoch 2 anuncia server_idx=[9,10,11,12,13,14,15,16]
[GVS] rma_setup: epoch 2 arrived, 0/8 slots in flight -> install now
[GVS IDX] epoch 1 anuncia server_idx=[0,1,2,3,4,5,6,7]
[GVS] rma_setup: epoch 1 arrived, 0/0 slots in flight -> install now
[GVS IDX] epoch 1 anuncia server_idx=[0,1,2,3,4,5,6,7]
[GVS] rma_setup: epoch 1 arrived, 0/0 slots in flight -> install now
[GUSTO CFG] pool efectivo: slots=2 cap=0.1 MiB shadow=no total=0.1 MiB (sin presupuesto definido)
[GVS IDX] epoch 2 anuncia server_idx=[9,10,11,12,13,14,15,16]
[GVS] rma_setup: epoch 2 arrived, 0/8 slots in flight -> install now
[GVS IDX] epoch 2 anuncia server_idx=[9,10,11,12,13,14,15,16]
[GVS] rma_setup: epoch 2 arrived, 0/8 slots in flight -> install now
[GVS IDX] epoch 2 anuncia server_idx=[9,10,11,12,13,14,15,16]
[GVS] rma_setup: epoch 2 arrived, 0/8 slots in flight -> install now
[GVS IDX] epoch 2 anuncia server_idx=[9,10,11,12,13,14,15,16]
[GVS] rma_setup: epoch 2 arrived, 0/8 slots in flight -> install now
[GUSTO CFG] pool efectivo: slots=2 cap=0.1 MiB shadow=no total=0.1 MiB (sin presupuesto definido)
[GVS IDX] epoch 1 anuncia server_idx=[0,1,2,3,4,5,6,7]
[GVS] rma_setup: epoch 1 arrived, 0/0 slots in flight -> install now
[GUSTO CFG] pool efectivo: slots=2 cap=0.1 MiB shadow=no total=0.1 MiB (sin presupuesto definido)
[GVS IDX] epoch 1 anuncia server_idx=[0,1,2,3,4,5,6,7]
[GVS] rma_setup: epoch 1 arrived, 0/0 slots in flight -> install now
[GUSTO CFG] pool efectivo: slots=2 cap=0.1 MiB shadow=no total=0.1 MiB (sin presupuesto definido)
[GUSTO CFG] pool efectivo: slots=2 cap=0.1 MiB shadow=no total=0.1 MiB (sin presupuesto definido)
GUSTO_METRIC tag=periodic slots_total=8 peak_inflight=1 avg_inflight=0.135 peak_waiters=0 reservations=43 waited=0 wait_us_avg=0.17 admit_rma=43 admit_am=173 rma_pct=19.91 rma_fellback=0 decline_capacity=0 decline_timeout=0 decline_swap=0 decline_epfail=0 ack_sent=0 ack_gen_mismatch=0 ack_on_free=0 ack_applied=43 ack_held=0 ack_released=0 ack_epoch_dropped=0 parked=0
[GVS IDX] epoch 1 anuncia server_idx=[0,1,2,3,4,5,6,7]
[GVS] rma_setup: epoch 1 arrived, 0/0 slots in flight -> install now
[GVS IDX] epoch 1 anuncia server_idx=[0,1,2,3,4,5,6,7]
[GVS] rma_setup: epoch 1 arrived, 0/0 slots in flight -> install now
[GUSTO CFG] pool efectivo: slots=2 cap=0.1 MiB shadow=no total=0.1 MiB (sin presupuesto definido)
[GVS IDX] epoch 1 anuncia server_idx=[0,1,2,3,4,5,6,7]
[GVS] rma_setup: epoch 1 arrived, 0/0 slots in flight -> install now
[GVS IDX] epoch 2 anuncia server_idx=[9,10,11,12,13,14,15,16]
[GVS] rma_setup: epoch 2 arrived, 0/8 slots in flight -> install now
[GVS IDX] epoch 1 anuncia server_idx=[0,1,2,3,4,5,6,7]
[GVS] rma_setup: epoch 1 arrived, 0/0 slots in flight -> install now
GUSTO_METRIC tag=periodic slots_total=8 peak_inflight=1 avg_inflight=0.119 peak_waiters=0 reservations=58 waited=0 wait_us_avg=0.16 admit_rma=58 admit_am=231 rma_pct=20.07 rma_fellback=0 decline_capacity=0 decline_timeout=0 decline_swap=0 decline_epfail=0 ack_sent=0 ack_gen_mismatch=0 ack_on_free=0 ack_applied=58 ack_held=0 ack_released=0 ack_epoch_dropped=0 parked=0
GUSTO_METRIC tag=periodic slots_total=8 peak_inflight=1 avg_inflight=0.030 peak_waiters=0 reservations=15 waited=0 wait_us_avg=0.18 admit_rma=15 admit_am=58 rma_pct=20.55 rma_fellback=0 decline_capacity=0 decline_timeout=0 decline_swap=0 decline_epfail=0 ack_sent=0 ack_gen_mismatch=0 ack_on_free=0 ack_applied=14 ack_held=0 ack_released=0 ack_epoch_dropped=0 parked=0
GUSTO_METRIC tag=periodic slots_total=8 peak_inflight=1 avg_inflight=0.009 peak_waiters=0 reservations=5 waited=0 wait_us_avg=0.17 admit_rma=5 admit_am=18 rma_pct=21.74 rma_fellback=0 decline_capacity=0 decline_timeout=0 decline_swap=0 decline_epfail=0 ack_sent=0 ack_gen_mismatch=0 ack_on_free=0 ack_applied=4 ack_held=0 ack_released=0 ack_epoch_dropped=0 parked=0
GUSTO_METRIC tag=periodic slots_total=8 peak_inflight=1 avg_inflight=0.009 peak_waiters=0 reservations=5 waited=0 wait_us_avg=0.19 admit_rma=5 admit_am=18 rma_pct=21.74 rma_fellback=0 decline_capacity=0 decline_timeout=0 decline_swap=0 decline_epfail=0 ack_sent=0 ack_gen_mismatch=0 ack_on_free=0 ack_applied=4 ack_held=0 ack_released=0 ack_epoch_dropped=0 parked=0
[GUSTO CFG] pool efectivo: slots=2 cap=0.1 MiB shadow=no total=0.1 MiB (sin presupuesto definido)
[GVS IDX] epoch 1 anuncia server_idx=[0,1,2,3,4,5,6,7]
[GVS] rma_setup: epoch 1 arrived, 0/0 slots in flight -> install now
[GVS IDX] epoch 1 anuncia server_idx=[0,1,2,3,4,5,6,7]
[GVS] rma_setup: epoch 1 arrived, 0/0 slots in flight -> install now
[GVS IDX] epoch 1 anuncia server_idx=[0,1,2,3,4,5,6,7]
[GVS] rma_setup: epoch 1 arrived, 0/0 slots in flight -> install now
GUSTO_METRIC tag=periodic slots_total=8 peak_inflight=1 avg_inflight=1.000 peak_waiters=0 reservations=1 waited=0 wait_us_avg=0.36 admit_rma=1 admit_am=3 rma_pct=25.00 rma_fellback=0 decline_capacity=0 decline_timeout=0 decline_swap=0 decline_epfail=0 ack_sent=0 ack_gen_mismatch=0 ack_on_free=0 ack_applied=1 ack_held=0 ack_released=0 ack_epoch_dropped=0 parked=0
[GVS IDX] epoch 2 anuncia server_idx=[9,10,11,12,13,14,15,16]
[GVS] rma_setup: epoch 2 arrived, 0/8 slots in flight -> install now
GUSTO_METRIC tag=periodic slots_total=8 peak_inflight=1 avg_inflight=0.006 peak_waiters=0 reservations=2 waited=0 wait_us_avg=0.29 admit_rma=2 admit_am=7 rma_pct=22.22 rma_fellback=0 decline_capacity=0 decline_timeout=0 decline_swap=0 decline_epfail=0 ack_sent=0 ack_gen_mismatch=0 ack_on_free=0 ack_applied=2 ack_held=0 ack_released=0 ack_epoch_dropped=0 parked=0
GUSTO_METRIC tag=periodic slots_total=8 peak_inflight=1 avg_inflight=1.000 peak_waiters=0 reservations=1 waited=0 wait_us_avg=0.35 admit_rma=1 admit_am=3 rma_pct=25.00 rma_fellback=0 decline_capacity=0 decline_timeout=0 decline_swap=0 decline_epfail=0 ack_sent=0 ack_gen_mismatch=0 ack_on_free=0 ack_applied=1 ack_held=0 ack_released=0 ack_epoch_dropped=0 parked=0
[GUSTO CFG] pool efectivo: slots=2 cap=0.1 MiB shadow=no total=0.1 MiB (sin presupuesto definido)
[GUSTO CFG] pool efectivo: slots=2 cap=0.1 MiB shadow=no total=0.1 MiB (sin presupuesto definido)
[GVS IDX] epoch 1 anuncia server_idx=[0,1,2,3,4,5,6,7]
[GVS] rma_setup: epoch 1 arrived, 0/0 slots in flight -> install now
GUSTO_METRIC tag=periodic slots_total=8 peak_inflight=1 avg_inflight=0.008 peak_waiters=0 reservations=2 waited=0 wait_us_avg=0.33 admit_rma=2 admit_am=7 rma_pct=22.22 rma_fellback=0 decline_capacity=0 decline_timeout=0 decline_swap=0 decline_epfail=0 ack_sent=0 ack_gen_mismatch=0 ack_on_free=0 ack_applied=2 ack_held=0 ack_released=0 ack_epoch_dropped=0 parked=0
GUSTO_METRIC tag=periodic slots_total=8 peak_inflight=1 avg_inflight=0.010 peak_waiters=0 reservations=2 waited=0 wait_us_avg=0.31 admit_rma=2 admit_am=7 rma_pct=22.22 rma_fellback=0 decline_capacity=0 decline_timeout=0 decline_swap=0 decline_epfail=0 ack_sent=0 ack_gen_mismatch=0 ack_on_free=0 ack_applied=2 ack_held=0 ack_released=0 ack_epoch_dropped=0 parked=0
GUSTO_METRIC tag=periodic slots_total=8 peak_inflight=1 avg_inflight=0.007 peak_waiters=0 reservations=2 waited=0 wait_us_avg=0.25 admit_rma=2 admit_am=7 rma_pct=22.22 rma_fellback=0 decline_capacity=0 decline_timeout=0 decline_swap=0 decline_epfail=0 ack_sent=0 ack_gen_mismatch=0 ack_on_free=0 ack_applied=2 ack_held=0 ack_released=0 ack_epoch_dropped=0 parked=0
[GVS IDX] epoch 2 anuncia server_idx=[9,10,11,12,13,14,15,16]
[GVS] rma_setup: epoch 2 arrived, 0/8 slots in flight -> install now
GUSTO_METRIC tag=periodic slots_total=8 peak_inflight=1 avg_inflight=0.007 peak_waiters=0 reservations=2 waited=0 wait_us_avg=0.33 admit_rma=2 admit_am=7 rma_pct=22.22 rma_fellback=0 decline_capacity=0 decline_timeout=0 decline_swap=0 decline_epfail=0 ack_sent=0 ack_gen_mismatch=0 ack_on_free=0 ack_applied=2 ack_held=0 ack_released=0 ack_epoch_dropped=0 parked=0
GUSTO_METRIC tag=periodic slots_total=8 peak_inflight=1 avg_inflight=0.006 peak_waiters=0 reservations=2 waited=0 wait_us_avg=0.32 admit_rma=2 admit_am=7 rma_pct=22.22 rma_fellback=0 decline_capacity=0 decline_timeout=0 decline_swap=0 decline_epfail=0 ack_sent=0 ack_gen_mismatch=0 ack_on_free=0 ack_applied=2 ack_held=0 ack_released=0 ack_epoch_dropped=0 parked=0
[GVS IDX] epoch 2 anuncia server_idx=[9,10,11,12,13,14,15,16]
[GVS] rma_setup: epoch 2 arrived, 0/8 slots in flight -> install now
GUSTO_METRIC tag=periodic slots_total=8 peak_inflight=1 avg_inflight=0.005 peak_waiters=0 reservations=2 waited=0 wait_us_avg=0.35 admit_rma=2 admit_am=7 rma_pct=22.22 rma_fellback=0 decline_capacity=0 decline_timeout=0 decline_swap=0 decline_epfail=0 ack_sent=0 ack_gen_mismatch=0 ack_on_free=0 ack_applied=2 ack_held=0 ack_released=0 ack_epoch_dropped=0 parked=0
GUSTO_METRIC tag=periodic slots_total=8 peak_inflight=1 avg_inflight=1.000 peak_waiters=0 reservations=1 waited=0 wait_us_avg=0.35 admit_rma=1 admit_am=3 rma_pct=25.00 rma_fellback=0 decline_capacity=0 decline_timeout=0 decline_swap=0 decline_epfail=0 ack_sent=0 ack_gen_mismatch=0 ack_on_free=0 ack_applied=1 ack_held=0 ack_released=0 ack_epoch_dropped=0 parked=0
[GUSTO CFG] pool efectivo: slots=2 cap=0.1 MiB shadow=no total=0.1 MiB (sin presupuesto definido)
GUSTO_METRIC tag=periodic slots_total=8 peak_inflight=1 avg_inflight=1.000 peak_waiters=0 reservations=1 waited=0 wait_us_avg=0.39 admit_rma=1 admit_am=3 rma_pct=25.00 rma_fellback=0 decline_capacity=0 decline_timeout=0 decline_swap=0 decline_epfail=0 ack_sent=0 ack_gen_mismatch=0 ack_on_free=0 ack_applied=1 ack_held=0 ack_released=0 ack_epoch_dropped=0 parked=0
[GUSTO CFG] pool efectivo: slots=2 cap=0.1 MiB shadow=no total=0.1 MiB (sin presupuesto definido)
GUSTO_METRIC tag=periodic slots_total=8 peak_inflight=1 avg_inflight=0.008 peak_waiters=0 reservations=2 waited=0 wait_us_avg=0.29 admit_rma=2 admit_am=7 rma_pct=22.22 rma_fellback=0 decline_capacity=0 decline_timeout=0 decline_swap=0 decline_epfail=0 ack_sent=0 ack_gen_mismatch=0 ack_on_free=0 ack_applied=2 ack_held=0 ack_released=0 ack_epoch_dropped=0 parked=0
[GVS IDX] epoch 2 anuncia server_idx=[9,10,11,12,13,14,15,16]
[GVS] rma_setup: epoch 2 arrived, 0/8 slots in flight -> install now
GUSTO_METRIC tag=periodic slots_total=8 peak_inflight=1 avg_inflight=1.000 peak_waiters=0 reservations=1 waited=0 wait_us_avg=0.34 admit_rma=1 admit_am=3 rma_pct=25.00 rma_fellback=0 decline_capacity=0 decline_timeout=0 decline_swap=0 decline_epfail=0 ack_sent=0 ack_gen_mismatch=0 ack_on_free=0 ack_applied=1 ack_held=0 ack_released=0 ack_epoch_dropped=0 parked=0
[GUSTO CFG] pool efectivo: slots=2 cap=0.1 MiB shadow=no total=0.1 MiB (sin presupuesto definido)
[GVS IDX] epoch 2 anuncia server_idx=[9,10,11,12,13,14,15,16]
[GVS] rma_setup: epoch 2 arrived, 0/8 slots in flight -> install now
[GVS IDX] epoch 2 anuncia server_idx=[9,10,11,12,13,14,15,16]
[GVS] rma_setup: epoch 2 arrived, 0/8 slots in flight -> install now
GUSTO_METRIC tag=periodic slots_total=8 peak_inflight=1 avg_inflight=1.000 peak_waiters=0 reservations=1 waited=0 wait_us_avg=0.40 admit_rma=1 admit_am=3 rma_pct=25.00 rma_fellback=0 decline_capacity=0 decline_timeout=0 decline_swap=0 decline_epfail=0 ack_sent=0 ack_gen_mismatch=0 ack_on_free=0 ack_applied=1 ack_held=0 ack_released=0 ack_epoch_dropped=0 parked=0
[GUSTO CFG] pool efectivo: slots=2 cap=0.1 MiB shadow=no total=0.1 MiB (sin presupuesto definido)
GUSTO_METRIC tag=periodic slots_total=8 peak_inflight=1 avg_inflight=1.000 peak_waiters=0 reservations=1 waited=0 wait_us_avg=0.33 admit_rma=1 admit_am=3 rma_pct=25.00 rma_fellback=0 decline_capacity=0 decline_timeout=0 decline_swap=0 decline_epfail=0 ack_sent=0 ack_gen_mismatch=0 ack_on_free=0 ack_applied=1 ack_held=0 ack_released=0 ack_epoch_dropped=0 parked=0
[GUSTO CFG] pool efectivo: slots=2 cap=0.1 MiB shadow=no total=0.1 MiB (sin presupuesto definido)
[GVS IDX] epoch 2 anuncia server_idx=[9,10,11,12,13,14,15,16]
[GVS] rma_setup: epoch 2 arrived, 0/8 slots in flight -> install now
GUSTO_METRIC tag=periodic slots_total=8 peak_inflight=1 avg_inflight=1.000 peak_waiters=0 reservations=1 waited=0 wait_us_avg=0.17 admit_rma=1 admit_am=3 rma_pct=25.00 rma_fellback=0 decline_capacity=0 decline_timeout=0 decline_swap=0 decline_epfail=0 ack_sent=0 ack_gen_mismatch=0 ack_on_free=0 ack_applied=1 ack_held=0 ack_released=0 ack_epoch_dropped=0 parked=0
[GUSTO CFG] pool efectivo: slots=2 cap=0.1 MiB shadow=no total=0.1 MiB (sin presupuesto definido)
[GVS IDX] epoch 2 anuncia server_idx=[9,10,11,12,13,14,15,16]
[GVS] rma_setup: epoch 2 arrived, 0/8 slots in flight -> install now
[GVS IDX] epoch 2 anuncia server_idx=[9,10,11,12,13,14,15,16]
[GVS] rma_setup: epoch 2 arrived, 0/8 slots in flight -> install now
[GVS IDX] epoch 2 anuncia server_idx=[9,10,11,12,13,14,15,16]
[GVS] rma_setup: epoch 2 arrived, 0/8 slots in flight -> install now
[GVS IDX] epoch 2 anuncia server_idx=[9,10,11,12,13,14,15,16]
[GVS] rma_setup: epoch 2 arrived, 0/8 slots in flight -> install now
[GVS IDX] epoch 2 anuncia server_idx=[9,10,11,12,13,14,15,16]
[GVS] rma_setup: epoch 2 arrived, 0/8 slots in flight -> install now
GUSTO_METRIC tag=periodic slots_total=8 peak_inflight=1 avg_inflight=1.000 peak_waiters=0 reservations=1 waited=0 wait_us_avg=0.39 admit_rma=1 admit_am=3 rma_pct=25.00 rma_fellback=0 decline_capacity=0 decline_timeout=0 decline_swap=0 decline_epfail=0 ack_sent=0 ack_gen_mismatch=0 ack_on_free=0 ack_applied=1 ack_held=0 ack_released=0 ack_epoch_dropped=0 parked=0
GUSTO_METRIC tag=periodic slots_total=8 peak_inflight=1 avg_inflight=1.000 peak_waiters=0 reservations=1 waited=0 wait_us_avg=0.34 admit_rma=1 admit_am=3 rma_pct=25.00 rma_fellback=0 decline_capacity=0 decline_timeout=0 decline_swap=0 decline_epfail=0 ack_sent=0 ack_gen_mismatch=0 ack_on_free=0 ack_applied=1 ack_held=0 ack_released=0 ack_epoch_dropped=0 parked=0
GUSTO_METRIC tag=periodic slots_total=8 peak_inflight=1 avg_inflight=1.000 peak_waiters=0 reservations=1 waited=0 wait_us_avg=0.30 admit_rma=1 admit_am=3 rma_pct=25.00 rma_fellback=0 decline_capacity=0 decline_timeout=0 decline_swap=0 decline_epfail=0 ack_sent=0 ack_gen_mismatch=0 ack_on_free=0 ack_applied=1 ack_held=0 ack_released=0 ack_epoch_dropped=0 parked=0
[GUSTO CFG] pool efectivo: slots=2 cap=0.1 MiB shadow=no total=0.1 MiB (sin presupuesto definido)
[GUSTO CFG] pool efectivo: slots=2 cap=0.1 MiB shadow=no total=0.1 MiB (sin presupuesto definido)
[GUSTO CFG] pool efectivo: slots=2 cap=0.1 MiB shadow=no total=0.1 MiB (sin presupuesto definido)
[GVS IDX] epoch 2 anuncia server_idx=[9,10,11,12,13,14,15,16]
[GVS] rma_setup: epoch 2 arrived, 0/8 slots in flight -> install now
GUSTO_METRIC tag=periodic slots_total=8 peak_inflight=1 avg_inflight=1.000 peak_waiters=0 reservations=1 waited=0 wait_us_avg=0.16 admit_rma=1 admit_am=3 rma_pct=25.00 rma_fellback=0 decline_capacity=0 decline_timeout=0 decline_swap=0 decline_epfail=0 ack_sent=0 ack_gen_mismatch=0 ack_on_free=0 ack_applied=1 ack_held=0 ack_released=0 ack_epoch_dropped=0 parked=0
[GVS IDX] epoch 2 anuncia server_idx=[9,10,11,12,13,14,15,16]
[GVS] rma_setup: epoch 2 arrived, 0/8 slots in flight -> install now
[GUSTO CFG] pool efectivo: slots=2 cap=0.1 MiB shadow=no total=0.1 MiB (sin presupuesto definido)
[GVS IDX] epoch 2 anuncia server_idx=[9,10,11,12,13,14,15,16]
[GVS] rma_setup: epoch 2 arrived, 0/8 slots in flight -> install now
[GVS IDX] epoch 2 anuncia server_idx=[9,10,11,12,13,14,15,16]
[GVS] rma_setup: epoch 2 arrived, 0/8 slots in flight -> install now
GUSTO_METRIC tag=periodic slots_total=8 peak_inflight=1 avg_inflight=1.000 peak_waiters=0 reservations=1 waited=0 wait_us_avg=0.36 admit_rma=1 admit_am=3 rma_pct=25.00 rma_fellback=0 decline_capacity=0 decline_timeout=0 decline_swap=0 decline_epfail=0 ack_sent=0 ack_gen_mismatch=0 ack_on_free=0 ack_applied=1 ack_held=0 ack_released=0 ack_epoch_dropped=0 parked=0
GUSTO_METRIC tag=periodic slots_total=8 peak_inflight=1 avg_inflight=1.000 peak_waiters=0 reservations=1 waited=0 wait_us_avg=0.28 admit_rma=1 admit_am=3 rma_pct=25.00 rma_fellback=0 decline_capacity=0 decline_timeout=0 decline_swap=0 decline_epfail=0 ack_sent=0 ack_gen_mismatch=0 ack_on_free=0 ack_applied=1 ack_held=0 ack_released=0 ack_epoch_dropped=0 parked=0
[GUSTO CFG] pool efectivo: slots=2 cap=0.1 MiB shadow=no total=0.1 MiB (sin presupuesto definido)
[GUSTO CFG] pool efectivo: slots=2 cap=0.1 MiB shadow=no total=0.1 MiB (sin presupuesto definido)
GUSTO_METRIC tag=periodic slots_total=8 peak_inflight=1 avg_inflight=1.000 peak_waiters=0 reservations=1 waited=0 wait_us_avg=0.30 admit_rma=1 admit_am=3 rma_pct=25.00 rma_fellback=0 decline_capacity=0 decline_timeout=0 decline_swap=0 decline_epfail=0 ack_sent=0 ack_gen_mismatch=0 ack_on_free=0 ack_applied=1 ack_held=0 ack_released=0 ack_epoch_dropped=0 parked=0
GUSTO_METRIC tag=periodic slots_total=8 peak_inflight=1 avg_inflight=1.000 peak_waiters=0 reservations=1 waited=0 wait_us_avg=0.29 admit_rma=1 admit_am=3 rma_pct=25.00 rma_fellback=0 decline_capacity=0 decline_timeout=0 decline_swap=0 decline_epfail=0 ack_sent=0 ack_gen_mismatch=0 ack_on_free=0 ack_applied=1 ack_held=0 ack_released=0 ack_epoch_dropped=0 parked=0
[GUSTO CFG] pool efectivo: slots=2 cap=0.1 MiB shadow=no total=0.1 MiB (sin presupuesto definido)
[GUSTO CFG] pool efectivo: slots=2 cap=0.1 MiB shadow=no total=0.1 MiB (sin presupuesto definido)
GUSTO_METRIC tag=periodic slots_total=8 peak_inflight=1 avg_inflight=1.000 peak_waiters=0 reservations=1 waited=0 wait_us_avg=0.18 admit_rma=1 admit_am=3 rma_pct=25.00 rma_fellback=0 decline_capacity=0 decline_timeout=0 decline_swap=0 decline_epfail=0 ack_sent=0 ack_gen_mismatch=0 ack_on_free=0 ack_applied=1 ack_held=0 ack_released=0 ack_epoch_dropped=0 parked=0
[GUSTO CFG] pool efectivo: slots=2 cap=0.1 MiB shadow=no total=0.1 MiB (sin presupuesto definido)
[GVS IDX] epoch 2 anuncia server_idx=[9,10,11,12,13,14,15,16]
[GVS] rma_setup: epoch 2 arrived, 0/8 slots in flight -> install now
[GVS IDX] epoch 2 anuncia server_idx=[9,10,11,12,13,14,15,16]
[GVS] rma_setup: epoch 2 arrived, 0/8 slots in flight -> install now
GUSTO_METRIC tag=periodic slots_total=8 peak_inflight=1 avg_inflight=1.000 peak_waiters=0 reservations=1 waited=0 wait_us_avg=0.28 admit_rma=1 admit_am=3 rma_pct=25.00 rma_fellback=0 decline_capacity=0 decline_timeout=0 decline_swap=0 decline_epfail=0 ack_sent=0 ack_gen_mismatch=0 ack_on_free=0 ack_applied=1 ack_held=0 ack_released=0 ack_epoch_dropped=0 parked=0
[GUSTO CFG] pool efectivo: slots=2 cap=0.1 MiB shadow=no total=0.1 MiB (sin presupuesto definido)
GUSTO_METRIC tag=periodic slots_total=8 peak_inflight=1 avg_inflight=1.000 peak_waiters=0 reservations=1 waited=0 wait_us_avg=0.29 admit_rma=1 admit_am=3 rma_pct=25.00 rma_fellback=0 decline_capacity=0 decline_timeout=0 decline_swap=0 decline_epfail=0 ack_sent=0 ack_gen_mismatch=0 ack_on_free=0 ack_applied=1 ack_held=0 ack_released=0 ack_epoch_dropped=0 parked=0
[GUSTO CFG] pool efectivo: slots=2 cap=0.1 MiB shadow=no total=0.1 MiB (sin presupuesto definido)
GUSTO_METRIC tag=periodic slots_total=8 peak_inflight=1 avg_inflight=0.220 peak_waiters=0 reservations=864 waited=0 wait_us_avg=0.05 admit_rma=864 admit_am=3454 rma_pct=20.01 rma_fellback=0 decline_capacity=0 decline_timeout=0 decline_swap=0 decline_epfail=0 ack_sent=0 ack_gen_mismatch=0 ack_on_free=0 ack_applied=863 ack_held=0 ack_released=0 ack_epoch_dropped=0 parked=0
GUSTO_METRIC tag=periodic slots_total=8 peak_inflight=1 avg_inflight=0.161 peak_waiters=0 reservations=1013 waited=0 wait_us_avg=0.04 admit_rma=1013 admit_am=4052 rma_pct=20.00 rma_fellback=0 decline_capacity=0 decline_timeout=0 decline_swap=0 decline_epfail=0 ack_sent=0 ack_gen_mismatch=0 ack_on_free=0 ack_applied=1013 ack_held=0 ack_released=0 ack_epoch_dropped=0 parked=0
GUSTO_METRIC tag=periodic slots_total=8 peak_inflight=1 avg_inflight=0.175 peak_waiters=0 reservations=992 waited=0 wait_us_avg=0.05 admit_rma=992 admit_am=3969 rma_pct=20.00 rma_fellback=0 decline_capacity=0 decline_timeout=0 decline_swap=0 decline_epfail=0 ack_sent=0 ack_gen_mismatch=0 ack_on_free=0 ack_applied=992 ack_held=0 ack_released=0 ack_epoch_dropped=0 parked=0
GUSTO_METRIC tag=periodic slots_total=8 peak_inflight=1 avg_inflight=0.213 peak_waiters=0 reservations=1058 waited=0 wait_us_avg=0.05 admit_rma=1058 admit_am=4232 rma_pct=20.00 rma_fellback=0 decline_capacity=0 decline_timeout=0 decline_swap=0 decline_epfail=0 ack_sent=0 ack_gen_mismatch=0 ack_on_free=0 ack_applied=1058 ack_held=0 ack_released=0 ack_epoch_dropped=0 parked=0
GUSTO_METRIC tag=periodic slots_total=8 peak_inflight=1 avg_inflight=0.163 peak_waiters=0 reservations=1027 waited=0 wait_us_avg=0.05 admit_rma=1027 admit_am=4106 rma_pct=20.01 rma_fellback=0 decline_capacity=0 decline_timeout=0 decline_swap=0 decline_epfail=0 ack_sent=0 ack_gen_mismatch=0 ack_on_free=0 ack_applied=1026 ack_held=0 ack_released=0 ack_epoch_dropped=0 parked=0
GUSTO_METRIC tag=periodic slots_total=8 peak_inflight=1 avg_inflight=0.097 peak_waiters=0 reservations=1199 waited=0 wait_us_avg=0.04 admit_rma=1199 admit_am=4796 rma_pct=20.00 rma_fellback=0 decline_capacity=0 decline_timeout=0 decline_swap=0 decline_epfail=0 ack_sent=0 ack_gen_mismatch=0 ack_on_free=0 ack_applied=1199 ack_held=0 ack_released=0 ack_epoch_dropped=0 parked=0
GUSTO_METRIC tag=periodic slots_total=8 peak_inflight=1 avg_inflight=0.152 peak_waiters=0 reservations=1342 waited=0 wait_us_avg=0.04 admit_rma=1342 admit_am=5367 rma_pct=20.00 rma_fellback=0 decline_capacity=0 decline_timeout=0 decline_swap=0 decline_epfail=0 ack_sent=0 ack_gen_mismatch=0 ack_on_free=0 ack_applied=1342 ack_held=0 ack_released=0 ack_epoch_dropped=0 parked=0
GUSTO_METRIC tag=periodic slots_total=8 peak_inflight=1 avg_inflight=0.118 peak_waiters=0 reservations=1274 waited=0 wait_us_avg=0.03 admit_rma=1274 admit_am=5097 rma_pct=20.00 rma_fellback=0 decline_capacity=0 decline_timeout=0 decline_swap=0 decline_epfail=0 ack_sent=0 ack_gen_mismatch=0 ack_on_free=0 ack_applied=1274 ack_held=0 ack_released=0 ack_epoch_dropped=0 parked=0
GUSTO_METRIC tag=periodic slots_total=8 peak_inflight=1 avg_inflight=0.140 peak_waiters=0 reservations=1607 waited=0 wait_us_avg=0.04 admit_rma=1607 admit_am=6428 rma_pct=20.00 rma_fellback=0 decline_capacity=0 decline_timeout=0 decline_swap=0 decline_epfail=0 ack_sent=0 ack_gen_mismatch=0 ack_on_free=0 ack_applied=1607 ack_held=0 ack_released=0 ack_epoch_dropped=0 parked=0
GUSTO_METRIC tag=periodic slots_total=8 peak_inflight=1 avg_inflight=0.142 peak_waiters=0 reservations=1603 waited=0 wait_us_avg=0.03 admit_rma=1603 admit_am=6413 rma_pct=20.00 rma_fellback=0 decline_capacity=0 decline_timeout=0 decline_swap=0 decline_epfail=0 ack_sent=0 ack_gen_mismatch=0 ack_on_free=0 ack_applied=1603 ack_held=0 ack_released=0 ack_epoch_dropped=0 parked=0
GUSTO_METRIC tag=periodic slots_total=8 peak_inflight=1 avg_inflight=0.127 peak_waiters=0 reservations=1710 waited=0 wait_us_avg=0.03 admit_rma=1710 admit_am=6839 rma_pct=20.00 rma_fellback=0 decline_capacity=0 decline_timeout=0 decline_swap=0 decline_epfail=0 ack_sent=0 ack_gen_mismatch=0 ack_on_free=0 ack_applied=1710 ack_held=0 ack_released=0 ack_epoch_dropped=0 parked=0
GUSTO_METRIC tag=periodic slots_total=8 peak_inflight=1 avg_inflight=0.130 peak_waiters=0 reservations=1692 waited=0 wait_us_avg=0.03 admit_rma=1692 admit_am=6766 rma_pct=20.00 rma_fellback=0 decline_capacity=0 decline_timeout=0 decline_swap=0 decline_epfail=0 ack_sent=0 ack_gen_mismatch=0 ack_on_free=0 ack_applied=1691 ack_held=0 ack_released=0 ack_epoch_dropped=0 parked=0
GUSTO_METRIC tag=periodic slots_total=8 peak_inflight=1 avg_inflight=0.128 peak_waiters=0 reservations=1714 waited=0 wait_us_avg=0.11 admit_rma=1714 admit_am=6857 rma_pct=20.00 rma_fellback=0 decline_capacity=0 decline_timeout=0 decline_swap=0 decline_epfail=0 ack_sent=0 ack_gen_mismatch=0 ack_on_free=0 ack_applied=1714 ack_held=0 ack_released=0 ack_epoch_dropped=0 parked=0
GUSTO_METRIC tag=periodic slots_total=8 peak_inflight=1 avg_inflight=0.138 peak_waiters=0 reservations=1814 waited=0 wait_us_avg=0.04 admit_rma=1814 admit_am=7256 rma_pct=20.00 rma_fellback=0 decline_capacity=0 decline_timeout=0 decline_swap=0 decline_epfail=0 ack_sent=0 ack_gen_mismatch=0 ack_on_free=0 ack_applied=1814 ack_held=0 ack_released=0 ack_epoch_dropped=0 parked=0
GUSTO_METRIC tag=periodic slots_total=8 peak_inflight=1 avg_inflight=0.111 peak_waiters=0 reservations=1820 waited=0 wait_us_avg=0.03 admit_rma=1820 admit_am=7277 rma_pct=20.01 rma_fellback=0 decline_capacity=0 decline_timeout=0 decline_swap=0 decline_epfail=0 ack_sent=0 ack_gen_mismatch=0 ack_on_free=0 ack_applied=1819 ack_held=0 ack_released=0 ack_epoch_dropped=0 parked=0
GUSTO_METRIC tag=periodic slots_total=8 peak_inflight=1 avg_inflight=0.124 peak_waiters=0 reservations=1854 waited=0 wait_us_avg=0.03 admit_rma=1854 admit_am=7414 rma_pct=20.00 rma_fellback=0 decline_capacity=0 decline_timeout=0 decline_swap=0 decline_epfail=0 ack_sent=0 ack_gen_mismatch=0 ack_on_free=0 ack_applied=1853 ack_held=0 ack_released=0 ack_epoch_dropped=0 parked=0
GUSTO_METRIC tag=periodic slots_total=8 peak_inflight=1 avg_inflight=0.132 peak_waiters=0 reservations=1839 waited=0 wait_us_avg=0.04 admit_rma=1839 admit_am=7353 rma_pct=20.01 rma_fellback=0 decline_capacity=0 decline_timeout=0 decline_swap=0 decline_epfail=0 ack_sent=0 ack_gen_mismatch=0 ack_on_free=0 ack_applied=1838 ack_held=0 ack_released=0 ack_epoch_dropped=0 parked=0
GUSTO_METRIC tag=periodic slots_total=8 peak_inflight=1 avg_inflight=0.105 peak_waiters=0 reservations=2000 waited=0 wait_us_avg=0.03 admit_rma=2000 admit_am=8000 rma_pct=20.00 rma_fellback=0 decline_capacity=0 decline_timeout=0 decline_swap=0 decline_epfail=0 ack_sent=0 ack_gen_mismatch=0 ack_on_free=0 ack_applied=2000 ack_held=0 ack_released=0 ack_epoch_dropped=0 parked=0
GUSTO_METRIC tag=periodic slots_total=8 peak_inflight=1 avg_inflight=0.120 peak_waiters=0 reservations=2249 waited=0 wait_us_avg=0.03 admit_rma=2249 admit_am=8994 rma_pct=20.00 rma_fellback=0 decline_capacity=0 decline_timeout=0 decline_swap=0 decline_epfail=0 ack_sent=0 ack_gen_mismatch=0 ack_on_free=0 ack_applied=2248 ack_held=0 ack_released=0 ack_epoch_dropped=0 parked=0
GUSTO_METRIC tag=periodic slots_total=8 peak_inflight=1 avg_inflight=0.129 peak_waiters=0 reservations=2312 waited=0 wait_us_avg=0.03 admit_rma=2312 admit_am=9246 rma_pct=20.00 rma_fellback=0 decline_capacity=0 decline_timeout=0 decline_swap=0 decline_epfail=0 ack_sent=0 ack_gen_mismatch=0 ack_on_free=0 ack_applied=2311 ack_held=0 ack_released=0 ack_epoch_dropped=0 parked=0
GUSTO_METRIC tag=periodic slots_total=8 peak_inflight=1 avg_inflight=0.120 peak_waiters=0 reservations=2558 waited=0 wait_us_avg=0.03 admit_rma=2558 admit_am=10233 rma_pct=20.00 rma_fellback=0 decline_capacity=0 decline_timeout=0 decline_swap=0 decline_epfail=0 ack_sent=0 ack_gen_mismatch=0 ack_on_free=0 ack_applied=2558 ack_held=0 ack_released=0 ack_epoch_dropped=0 parked=0
GUSTO_METRIC tag=periodic slots_total=8 peak_inflight=1 avg_inflight=0.123 peak_waiters=0 reservations=2819 waited=0 wait_us_avg=0.03 admit_rma=2819 admit_am=11273 rma_pct=20.00 rma_fellback=0 decline_capacity=0 decline_timeout=0 decline_swap=0 decline_epfail=0 ack_sent=0 ack_gen_mismatch=0 ack_on_free=0 ack_applied=2818 ack_held=0 ack_released=0 ack_epoch_dropped=0 parked=0
GUSTO_METRIC tag=periodic slots_total=8 peak_inflight=1 avg_inflight=0.116 peak_waiters=0 reservations=2711 waited=0 wait_us_avg=0.03 admit_rma=2711 admit_am=10842 rma_pct=20.00 rma_fellback=0 decline_capacity=0 decline_timeout=0 decline_swap=0 decline_epfail=0 ack_sent=0 ack_gen_mismatch=0 ack_on_free=0 ack_applied=2710 ack_held=0 ack_released=0 ack_epoch_dropped=0 parked=0
GUSTO_METRIC tag=periodic slots_total=8 peak_inflight=1 avg_inflight=0.122 peak_waiters=0 reservations=2670 waited=0 wait_us_avg=0.03 admit_rma=2670 admit_am=10677 rma_pct=20.00 rma_fellback=0 decline_capacity=0 decline_timeout=0 decline_swap=0 decline_epfail=0 ack_sent=0 ack_gen_mismatch=0 ack_on_free=0 ack_applied=2669 ack_held=0 ack_released=0 ack_epoch_dropped=0 parked=0
GUSTO_METRIC tag=periodic slots_total=8 peak_inflight=1 avg_inflight=0.126 peak_waiters=0 reservations=2735 waited=0 wait_us_avg=0.03 admit_rma=2735 admit_am=10940 rma_pct=20.00 rma_fellback=0 decline_capacity=0 decline_timeout=0 decline_swap=0 decline_epfail=0 ack_sent=0 ack_gen_mismatch=0 ack_on_free=0 ack_applied=2735 ack_held=0 ack_released=0 ack_epoch_dropped=0 parked=0
GUSTO_METRIC tag=periodic slots_total=8 peak_inflight=1 avg_inflight=0.136 peak_waiters=0 reservations=2793 waited=0 wait_us_avg=0.04 admit_rma=2793 admit_am=11173 rma_pct=20.00 rma_fellback=0 decline_capacity=0 decline_timeout=0 decline_swap=0 decline_epfail=0 ack_sent=0 ack_gen_mismatch=0 ack_on_free=0 ack_applied=2793 ack_held=0 ack_released=0 ack_epoch_dropped=0 parked=0
GUSTO_METRIC tag=periodic slots_total=8 peak_inflight=1 avg_inflight=0.123 peak_waiters=0 reservations=2732 waited=0 wait_us_avg=0.03 admit_rma=2732 admit_am=10927 rma_pct=20.00 rma_fellback=0 decline_capacity=0 decline_timeout=0 decline_swap=0 decline_epfail=0 ack_sent=0 ack_gen_mismatch=0 ack_on_free=0 ack_applied=2732 ack_held=0 ack_released=0 ack_epoch_dropped=0 parked=0
GUSTO_METRIC tag=periodic slots_total=8 peak_inflight=1 avg_inflight=0.123 peak_waiters=0 reservations=2793 waited=0 wait_us_avg=0.03 admit_rma=2793 admit_am=11173 rma_pct=20.00 rma_fellback=0 decline_capacity=0 decline_timeout=0 decline_swap=0 decline_epfail=0 ack_sent=0 ack_gen_mismatch=0 ack_on_free=0 ack_applied=2793 ack_held=0 ack_released=0 ack_epoch_dropped=0 parked=0
GUSTO_METRIC tag=periodic slots_total=8 peak_inflight=1 avg_inflight=0.116 peak_waiters=0 reservations=2799 waited=0 wait_us_avg=0.04 admit_rma=2799 admit_am=11195 rma_pct=20.00 rma_fellback=0 decline_capacity=0 decline_timeout=0 decline_swap=0 decline_epfail=0 ack_sent=0 ack_gen_mismatch=0 ack_on_free=0 ack_applied=2799 ack_held=0 ack_released=0 ack_epoch_dropped=0 parked=0
GUSTO_METRIC tag=periodic slots_total=8 peak_inflight=1 avg_inflight=0.143 peak_waiters=0 reservations=2869 waited=0 wait_us_avg=0.10 admit_rma=2869 admit_am=11476 rma_pct=20.00 rma_fellback=0 decline_capacity=0 decline_timeout=0 decline_swap=0 decline_epfail=0 ack_sent=0 ack_gen_mismatch=0 ack_on_free=0 ack_applied=2869 ack_held=0 ack_released=0 ack_epoch_dropped=0 parked=0
GUSTO_METRIC tag=periodic slots_total=8 peak_inflight=1 avg_inflight=0.133 peak_waiters=0 reservations=3228 waited=0 wait_us_avg=0.03 admit_rma=3228 admit_am=12911 rma_pct=20.00 rma_fellback=0 decline_capacity=0 decline_timeout=0 decline_swap=0 decline_epfail=0 ack_sent=0 ack_gen_mismatch=0 ack_on_free=0 ack_applied=3228 ack_held=0 ack_released=0 ack_epoch_dropped=0 parked=0
GUSTO_METRIC tag=periodic slots_total=8 peak_inflight=1 avg_inflight=0.136 peak_waiters=0 reservations=3113 waited=0 wait_us_avg=0.03 admit_rma=3113 admit_am=12451 rma_pct=20.00 rma_fellback=0 decline_capacity=0 decline_timeout=0 decline_swap=0 decline_epfail=0 ack_sent=0 ack_gen_mismatch=0 ack_on_free=0 ack_applied=3113 ack_held=0 ack_released=0 ack_epoch_dropped=0 parked=0
GUSTO_METRIC tag=periodic slots_total=8 peak_inflight=1 avg_inflight=0.218 peak_waiters=0 reservations=4184 waited=0 wait_us_avg=0.04 admit_rma=4184 admit_am=16737 rma_pct=20.00 rma_fellback=0 decline_capacity=0 decline_timeout=0 decline_swap=0 decline_epfail=0 ack_sent=0 ack_gen_mismatch=0 ack_on_free=0 ack_applied=4184 ack_held=0 ack_released=0 ack_epoch_dropped=0 parked=0
GUSTO_METRIC tag=periodic slots_total=8 peak_inflight=1 avg_inflight=0.180 peak_waiters=0 reservations=4462 waited=0 wait_us_avg=0.03 admit_rma=4462 admit_am=17846 rma_pct=20.00 rma_fellback=0 decline_capacity=0 decline_timeout=0 decline_swap=0 decline_epfail=0 ack_sent=0 ack_gen_mismatch=0 ack_on_free=0 ack_applied=4461 ack_held=0 ack_released=0 ack_epoch_dropped=0 parked=0
GUSTO_METRIC tag=periodic slots_total=8 peak_inflight=1 avg_inflight=0.190 peak_waiters=0 reservations=4279 waited=0 wait_us_avg=0.04 admit_rma=4279 admit_am=17117 rma_pct=20.00 rma_fellback=0 decline_capacity=0 decline_timeout=0 decline_swap=0 decline_epfail=0 ack_sent=0 ack_gen_mismatch=0 ack_on_free=0 ack_applied=4279 ack_held=0 ack_released=0 ack_epoch_dropped=0 parked=0
GUSTO_METRIC tag=periodic slots_total=8 peak_inflight=1 avg_inflight=0.214 peak_waiters=0 reservations=4529 waited=0 wait_us_avg=0.04 admit_rma=4529 admit_am=18113 rma_pct=20.00 rma_fellback=0 decline_capacity=0 decline_timeout=0 decline_swap=0 decline_epfail=0 ack_sent=0 ack_gen_mismatch=0 ack_on_free=0 ack_applied=4528 ack_held=0 ack_released=0 ack_epoch_dropped=0 parked=0
GUSTO_METRIC tag=periodic slots_total=8 peak_inflight=1 avg_inflight=0.181 peak_waiters=0 reservations=4478 waited=0 wait_us_avg=0.04 admit_rma=4478 admit_am=17912 rma_pct=20.00 rma_fellback=0 decline_capacity=0 decline_timeout=0 decline_swap=0 decline_epfail=0 ack_sent=0 ack_gen_mismatch=0 ack_on_free=0 ack_applied=4478 ack_held=0 ack_released=0 ack_epoch_dropped=0 parked=0
GUSTO_METRIC tag=periodic slots_total=8 peak_inflight=1 avg_inflight=0.136 peak_waiters=0 reservations=4498 waited=0 wait_us_avg=0.04 admit_rma=4498 admit_am=17989 rma_pct=20.00 rma_fellback=0 decline_capacity=0 decline_timeout=0 decline_swap=0 decline_epfail=0 ack_sent=0 ack_gen_mismatch=0 ack_on_free=0 ack_applied=4497 ack_held=0 ack_released=0 ack_epoch_dropped=0 parked=0
GUSTO_METRIC tag=periodic slots_total=8 peak_inflight=1 avg_inflight=0.174 peak_waiters=0 reservations=4865 waited=0 wait_us_avg=0.03 admit_rma=4865 admit_am=19458 rma_pct=20.00 rma_fellback=0 decline_capacity=0 decline_timeout=0 decline_swap=0 decline_epfail=0 ack_sent=0 ack_gen_mismatch=0 ack_on_free=0 ack_applied=4864 ack_held=0 ack_released=0 ack_epoch_dropped=0 parked=0
GUSTO_METRIC tag=periodic slots_total=8 peak_inflight=1 avg_inflight=0.156 peak_waiters=0 reservations=4718 waited=0 wait_us_avg=0.03 admit_rma=4718 admit_am=18869 rma_pct=20.00 rma_fellback=0 decline_capacity=0 decline_timeout=0 decline_swap=0 decline_epfail=0 ack_sent=0 ack_gen_mismatch=0 ack_on_free=0 ack_applied=4717 ack_held=0 ack_released=0 ack_epoch_dropped=0 parked=0
GUSTO_METRIC tag=periodic slots_total=8 peak_inflight=1 avg_inflight=0.164 peak_waiters=0 reservations=5015 waited=0 wait_us_avg=0.04 admit_rma=5015 admit_am=20057 rma_pct=20.00 rma_fellback=0 decline_capacity=0 decline_timeout=0 decline_swap=0 decline_epfail=0 ack_sent=0 ack_gen_mismatch=0 ack_on_free=0 ack_applied=5014 ack_held=0 ack_released=0 ack_epoch_dropped=0 parked=0
GUSTO_METRIC tag=periodic slots_total=8 peak_inflight=1 avg_inflight=0.168 peak_waiters=0 reservations=4990 waited=0 wait_us_avg=0.03 admit_rma=4990 admit_am=19957 rma_pct=20.00 rma_fellback=0 decline_capacity=0 decline_timeout=0 decline_swap=0 decline_epfail=0 ack_sent=0 ack_gen_mismatch=0 ack_on_free=0 ack_applied=4989 ack_held=0 ack_released=0 ack_epoch_dropped=0 parked=0
GUSTO_METRIC tag=periodic slots_total=8 peak_inflight=1 avg_inflight=0.156 peak_waiters=0 reservations=5222 waited=0 wait_us_avg=0.03 admit_rma=5222 admit_am=20889 rma_pct=20.00 rma_fellback=0 decline_capacity=0 decline_timeout=0 decline_swap=0 decline_epfail=0 ack_sent=0 ack_gen_mismatch=0 ack_on_free=0 ack_applied=5222 ack_held=0 ack_released=0 ack_epoch_dropped=0 parked=0
GUSTO_METRIC tag=periodic slots_total=8 peak_inflight=1 avg_inflight=0.158 peak_waiters=0 reservations=5093 waited=0 wait_us_avg=0.03 admit_rma=5093 admit_am=20370 rma_pct=20.00 rma_fellback=0 decline_capacity=0 decline_timeout=0 decline_swap=0 decline_epfail=0 ack_sent=0 ack_gen_mismatch=0 ack_on_free=0 ack_applied=5092 ack_held=0 ack_released=0 ack_epoch_dropped=0 parked=0
GUSTO_METRIC tag=periodic slots_total=8 peak_inflight=1 avg_inflight=0.157 peak_waiters=0 reservations=5143 waited=0 wait_us_avg=0.10 admit_rma=5143 admit_am=20570 rma_pct=20.00 rma_fellback=0 decline_capacity=0 decline_timeout=0 decline_swap=0 decline_epfail=0 ack_sent=0 ack_gen_mismatch=0 ack_on_free=0 ack_applied=5142 ack_held=0 ack_released=0 ack_epoch_dropped=0 parked=0
GUSTO_METRIC tag=periodic slots_total=8 peak_inflight=1 avg_inflight=0.165 peak_waiters=0 reservations=5171 waited=0 wait_us_avg=0.03 admit_rma=5171 admit_am=20683 rma_pct=20.00 rma_fellback=0 decline_capacity=0 decline_timeout=0 decline_swap=0 decline_epfail=0 ack_sent=0 ack_gen_mismatch=0 ack_on_free=0 ack_applied=5171 ack_held=0 ack_released=0 ack_epoch_dropped=0 parked=0
GUSTO_METRIC tag=periodic slots_total=8 peak_inflight=1 avg_inflight=0.148 peak_waiters=0 reservations=5399 waited=0 wait_us_avg=0.03 admit_rma=5399 admit_am=21596 rma_pct=20.00 rma_fellback=0 decline_capacity=0 decline_timeout=0 decline_swap=0 decline_epfail=0 ack_sent=0 ack_gen_mismatch=0 ack_on_free=0 ack_applied=5399 ack_held=0 ack_released=0 ack_epoch_dropped=0 parked=0
GUSTO_METRIC tag=periodic slots_total=8 peak_inflight=1 avg_inflight=0.160 peak_waiters=0 reservations=5368 waited=0 wait_us_avg=0.03 admit_rma=5368 admit_am=21473 rma_pct=20.00 rma_fellback=0 decline_capacity=0 decline_timeout=0 decline_swap=0 decline_epfail=0 ack_sent=0 ack_gen_mismatch=0 ack_on_free=0 ack_applied=5368 ack_held=0 ack_released=0 ack_epoch_dropped=0 parked=0
GUSTO_METRIC tag=periodic slots_total=8 peak_inflight=1 avg_inflight=0.159 peak_waiters=0 reservations=5171 waited=0 wait_us_avg=0.03 admit_rma=5171 admit_am=20684 rma_pct=20.00 rma_fellback=0 decline_capacity=0 decline_timeout=0 decline_swap=0 decline_epfail=0 ack_sent=0 ack_gen_mismatch=0 ack_on_free=0 ack_applied=5171 ack_held=0 ack_released=0 ack_epoch_dropped=0 parked=0
GUSTO_METRIC tag=periodic slots_total=8 peak_inflight=1 avg_inflight=0.148 peak_waiters=0 reservations=5376 waited=0 wait_us_avg=0.03 admit_rma=5376 admit_am=21505 rma_pct=20.00 rma_fellback=0 decline_capacity=0 decline_timeout=0 decline_swap=0 decline_epfail=0 ack_sent=0 ack_gen_mismatch=0 ack_on_free=0 ack_applied=5376 ack_held=0 ack_released=0 ack_epoch_dropped=0 parked=0
GUSTO_METRIC tag=periodic slots_total=8 peak_inflight=1 avg_inflight=0.159 peak_waiters=0 reservations=5643 waited=0 wait_us_avg=0.03 admit_rma=5643 admit_am=22573 rma_pct=20.00 rma_fellback=0 decline_capacity=0 decline_timeout=0 decline_swap=0 decline_epfail=0 ack_sent=0 ack_gen_mismatch=0 ack_on_free=0 ack_applied=5643 ack_held=0 ack_released=0 ack_epoch_dropped=0 parked=0
GUSTO_METRIC tag=periodic slots_total=8 peak_inflight=1 avg_inflight=0.166 peak_waiters=0 reservations=5730 waited=0 wait_us_avg=0.03 admit_rma=5730 admit_am=22921 rma_pct=20.00 rma_fellback=0 decline_capacity=0 decline_timeout=0 decline_swap=0 decline_epfail=0 ack_sent=0 ack_gen_mismatch=0 ack_on_free=0 ack_applied=5730 ack_held=0 ack_released=0 ack_epoch_dropped=0 parked=0
GUSTO_METRIC tag=periodic slots_total=8 peak_inflight=1 avg_inflight=0.157 peak_waiters=0 reservations=6032 waited=0 wait_us_avg=0.03 admit_rma=6032 admit_am=24125 rma_pct=20.00 rma_fellback=0 decline_capacity=0 decline_timeout=0 decline_swap=0 decline_epfail=0 ack_sent=0 ack_gen_mismatch=0 ack_on_free=0 ack_applied=6031 ack_held=0 ack_released=0 ack_epoch_dropped=0 parked=0
GUSTO_METRIC tag=periodic slots_total=8 peak_inflight=1 avg_inflight=0.153 peak_waiters=0 reservations=6133 waited=0 wait_us_avg=0.03 admit_rma=6133 admit_am=24530 rma_pct=20.00 rma_fellback=0 decline_capacity=0 decline_timeout=0 decline_swap=0 decline_epfail=0 ack_sent=0 ack_gen_mismatch=0 ack_on_free=0 ack_applied=6132 ack_held=0 ack_released=0 ack_epoch_dropped=0 parked=0
GUSTO_METRIC tag=periodic slots_total=8 peak_inflight=1 avg_inflight=0.159 peak_waiters=0 reservations=6042 waited=0 wait_us_avg=0.03 admit_rma=6042 admit_am=24167 rma_pct=20.00 rma_fellback=0 decline_capacity=0 decline_timeout=0 decline_swap=0 decline_epfail=0 ack_sent=0 ack_gen_mismatch=0 ack_on_free=0 ack_applied=6042 ack_held=0 ack_released=0 ack_epoch_dropped=0 parked=0
GUSTO_METRIC tag=periodic slots_total=8 peak_inflight=1 avg_inflight=0.159 peak_waiters=0 reservations=6348 waited=0 wait_us_avg=0.03 admit_rma=6348 admit_am=25390 rma_pct=20.00 rma_fellback=0 decline_capacity=0 decline_timeout=0 decline_swap=0 decline_epfail=0 ack_sent=0 ack_gen_mismatch=0 ack_on_free=0 ack_applied=6347 ack_held=0 ack_released=0 ack_epoch_dropped=0 parked=0
GUSTO_METRIC tag=periodic slots_total=8 peak_inflight=1 avg_inflight=0.162 peak_waiters=0 reservations=6113 waited=0 wait_us_avg=0.03 admit_rma=6113 admit_am=24451 rma_pct=20.00 rma_fellback=0 decline_capacity=0 decline_timeout=0 decline_swap=0 decline_epfail=0 ack_sent=0 ack_gen_mismatch=0 ack_on_free=0 ack_applied=6113 ack_held=0 ack_released=0 ack_epoch_dropped=0 parked=0
GUSTO_METRIC tag=periodic slots_total=8 peak_inflight=1 avg_inflight=0.169 peak_waiters=0 reservations=6159 waited=0 wait_us_avg=0.04 admit_rma=6159 admit_am=24637 rma_pct=20.00 rma_fellback=0 decline_capacity=0 decline_timeout=0 decline_swap=0 decline_epfail=0 ack_sent=0 ack_gen_mismatch=0 ack_on_free=0 ack_applied=6159 ack_held=0 ack_released=0 ack_epoch_dropped=0 parked=0
GUSTO_METRIC tag=periodic slots_total=8 peak_inflight=1 avg_inflight=0.160 peak_waiters=0 reservations=6033 waited=0 wait_us_avg=0.03 admit_rma=6033 admit_am=24129 rma_pct=20.00 rma_fellback=0 decline_capacity=0 decline_timeout=0 decline_swap=0 decline_epfail=0 ack_sent=0 ack_gen_mismatch=0 ack_on_free=0 ack_applied=6032 ack_held=0 ack_released=0 ack_epoch_dropped=0 parked=0
GUSTO_METRIC tag=periodic slots_total=8 peak_inflight=1 avg_inflight=0.161 peak_waiters=0 reservations=6133 waited=0 wait_us_avg=0.03 admit_rma=6133 admit_am=24531 rma_pct=20.00 rma_fellback=0 decline_capacity=0 decline_timeout=0 decline_swap=0 decline_epfail=0 ack_sent=0 ack_gen_mismatch=0 ack_on_free=0 ack_applied=6133 ack_held=0 ack_released=0 ack_epoch_dropped=0 parked=0
GUSTO_METRIC tag=periodic slots_total=8 peak_inflight=1 avg_inflight=0.154 peak_waiters=0 reservations=6166 waited=0 wait_us_avg=0.04 admit_rma=6166 admit_am=24662 rma_pct=20.00 rma_fellback=0 decline_capacity=0 decline_timeout=0 decline_swap=0 decline_epfail=0 ack_sent=0 ack_gen_mismatch=0 ack_on_free=0 ack_applied=6165 ack_held=0 ack_released=0 ack_epoch_dropped=0 parked=0
GUSTO_METRIC tag=periodic slots_total=8 peak_inflight=1 avg_inflight=0.173 peak_waiters=0 reservations=6239 waited=0 wait_us_avg=0.10 admit_rma=6239 admit_am=24957 rma_pct=20.00 rma_fellback=0 decline_capacity=0 decline_timeout=0 decline_swap=0 decline_epfail=0 ack_sent=0 ack_gen_mismatch=0 ack_on_free=0 ack_applied=6239 ack_held=0 ack_released=0 ack_epoch_dropped=0 parked=0
GUSTO_METRIC tag=periodic slots_total=8 peak_inflight=1 avg_inflight=0.167 peak_waiters=0 reservations=6704 waited=0 wait_us_avg=0.03 admit_rma=6704 admit_am=26816 rma_pct=20.00 rma_fellback=0 decline_capacity=0 decline_timeout=0 decline_swap=0 decline_epfail=0 ack_sent=0 ack_gen_mismatch=0 ack_on_free=0 ack_applied=6704 ack_held=0 ack_released=0 ack_epoch_dropped=0 parked=0
GUSTO_METRIC tag=periodic slots_total=8 peak_inflight=1 avg_inflight=0.167 peak_waiters=0 reservations=6428 waited=0 wait_us_avg=0.03 admit_rma=6428 admit_am=25712 rma_pct=20.00 rma_fellback=0 decline_capacity=0 decline_timeout=0 decline_swap=0 decline_epfail=0 ack_sent=0 ack_gen_mismatch=0 ack_on_free=0 ack_applied=6428 ack_held=0 ack_released=0 ack_epoch_dropped=0 parked=0
GUSTO_METRIC tag=periodic slots_total=8 peak_inflight=1 avg_inflight=0.218 peak_waiters=0 reservations=7457 waited=0 wait_us_avg=0.03 admit_rma=7457 admit_am=29826 rma_pct=20.00 rma_fellback=0 decline_capacity=0 decline_timeout=0 decline_swap=0 decline_epfail=0 ack_sent=0 ack_gen_mismatch=0 ack_on_free=0 ack_applied=7456 ack_held=0 ack_released=0 ack_epoch_dropped=0 parked=0
GUSTO_METRIC tag=periodic slots_total=8 peak_inflight=1 avg_inflight=0.189 peak_waiters=0 reservations=7902 waited=0 wait_us_avg=0.03 admit_rma=7902 admit_am=31606 rma_pct=20.00 rma_fellback=0 decline_capacity=0 decline_timeout=0 decline_swap=0 decline_epfail=0 ack_sent=0 ack_gen_mismatch=0 ack_on_free=0 ack_applied=7901 ack_held=0 ack_released=0 ack_epoch_dropped=0 parked=0
GUSTO_METRIC tag=periodic slots_total=8 peak_inflight=1 avg_inflight=0.197 peak_waiters=0 reservations=7582 waited=0 wait_us_avg=0.04 admit_rma=7582 admit_am=30325 rma_pct=20.00 rma_fellback=0 decline_capacity=0 decline_timeout=0 decline_swap=0 decline_epfail=0 ack_sent=0 ack_gen_mismatch=0 ack_on_free=0 ack_applied=7581 ack_held=0 ack_released=0 ack_epoch_dropped=0 parked=0
GUSTO_METRIC tag=periodic slots_total=8 peak_inflight=1 avg_inflight=0.215 peak_waiters=0 reservations=7985 waited=0 wait_us_avg=0.04 admit_rma=7985 admit_am=31937 rma_pct=20.00 rma_fellback=0 decline_capacity=0 decline_timeout=0 decline_swap=0 decline_epfail=0 ack_sent=0 ack_gen_mismatch=0 ack_on_free=0 ack_applied=7984 ack_held=0 ack_released=0 ack_epoch_dropped=0 parked=0
GUSTO_METRIC tag=periodic slots_total=8 peak_inflight=1 avg_inflight=0.191 peak_waiters=0 reservations=7907 waited=0 wait_us_avg=0.05 admit_rma=7907 admit_am=31629 rma_pct=20.00 rma_fellback=0 decline_capacity=0 decline_timeout=0 decline_swap=0 decline_epfail=0 ack_sent=0 ack_gen_mismatch=0 ack_on_free=0 ack_applied=7907 ack_held=0 ack_released=0 ack_epoch_dropped=0 parked=0
GUSTO_METRIC tag=periodic slots_total=8 peak_inflight=1 avg_inflight=0.156 peak_waiters=0 reservations=7776 waited=0 wait_us_avg=0.04 admit_rma=7776 admit_am=31103 rma_pct=20.00 rma_fellback=0 decline_capacity=0 decline_timeout=0 decline_swap=0 decline_epfail=0 ack_sent=0 ack_gen_mismatch=0 ack_on_free=0 ack_applied=7776 ack_held=0 ack_released=0 ack_epoch_dropped=0 parked=0
GUSTO_METRIC tag=periodic slots_total=8 peak_inflight=1 avg_inflight=0.184 peak_waiters=0 reservations=8395 waited=0 wait_us_avg=0.03 admit_rma=8395 admit_am=33579 rma_pct=20.00 rma_fellback=0 decline_capacity=0 decline_timeout=0 decline_swap=0 decline_epfail=0 ack_sent=0 ack_gen_mismatch=0 ack_on_free=0 ack_applied=8395 ack_held=0 ack_released=0 ack_epoch_dropped=0 parked=0
GUSTO_METRIC tag=periodic slots_total=8 peak_inflight=1 avg_inflight=0.173 peak_waiters=0 reservations=8138 waited=0 wait_us_avg=0.03 admit_rma=8138 admit_am=32552 rma_pct=20.00 rma_fellback=0 decline_capacity=0 decline_timeout=0 decline_swap=0 decline_epfail=0 ack_sent=0 ack_gen_mismatch=0 ack_on_free=0 ack_applied=8138 ack_held=0 ack_released=0 ack_epoch_dropped=0 parked=0
GUSTO_METRIC tag=periodic slots_total=8 peak_inflight=1 avg_inflight=0.176 peak_waiters=0 reservations=8507 waited=0 wait_us_avg=0.04 admit_rma=8507 admit_am=34028 rma_pct=20.00 rma_fellback=0 decline_capacity=0 decline_timeout=0 decline_swap=0 decline_epfail=0 ack_sent=0 ack_gen_mismatch=0 ack_on_free=0 ack_applied=8507 ack_held=0 ack_released=0 ack_epoch_dropped=0 parked=0
GUSTO_METRIC tag=periodic slots_total=8 peak_inflight=1 avg_inflight=0.181 peak_waiters=0 reservations=8338 waited=0 wait_us_avg=0.03 admit_rma=8338 admit_am=33352 rma_pct=20.00 rma_fellback=0 decline_capacity=0 decline_timeout=0 decline_swap=0 decline_epfail=0 ack_sent=0 ack_gen_mismatch=0 ack_on_free=0 ack_applied=8338 ack_held=0 ack_released=0 ack_epoch_dropped=0 parked=0
GUSTO_METRIC tag=periodic slots_total=8 peak_inflight=1 avg_inflight=0.170 peak_waiters=0 reservations=8658 waited=0 wait_us_avg=0.03 admit_rma=8658 admit_am=34629 rma_pct=20.00 rma_fellback=0 decline_capacity=0 decline_timeout=0 decline_swap=0 decline_epfail=0 ack_sent=0 ack_gen_mismatch=0 ack_on_free=0 ack_applied=8657 ack_held=0 ack_released=0 ack_epoch_dropped=0 parked=0
GUSTO_METRIC tag=periodic slots_total=8 peak_inflight=1 avg_inflight=0.173 peak_waiters=0 reservations=8483 waited=0 wait_us_avg=0.03 admit_rma=8483 admit_am=33930 rma_pct=20.00 rma_fellback=0 decline_capacity=0 decline_timeout=0 decline_swap=0 decline_epfail=0 ack_sent=0 ack_gen_mismatch=0 ack_on_free=0 ack_applied=8482 ack_held=0 ack_released=0 ack_epoch_dropped=0 parked=0
GUSTO_METRIC tag=periodic slots_total=8 peak_inflight=1 avg_inflight=0.171 peak_waiters=0 reservations=8555 waited=0 wait_us_avg=0.10 admit_rma=8555 admit_am=34217 rma_pct=20.00 rma_fellback=0 decline_capacity=0 decline_timeout=0 decline_swap=0 decline_epfail=0 ack_sent=0 ack_gen_mismatch=0 ack_on_free=0 ack_applied=8554 ack_held=0 ack_released=0 ack_epoch_dropped=0 parked=0
GUSTO_METRIC tag=periodic slots_total=8 peak_inflight=1 avg_inflight=0.178 peak_waiters=0 reservations=8544 waited=0 wait_us_avg=0.03 admit_rma=8544 admit_am=34176 rma_pct=20.00 rma_fellback=0 decline_capacity=0 decline_timeout=0 decline_swap=0 decline_epfail=0 ack_sent=0 ack_gen_mismatch=0 ack_on_free=0 ack_applied=8544 ack_held=0 ack_released=0 ack_epoch_dropped=0 parked=0
GUSTO_METRIC tag=periodic slots_total=8 peak_inflight=1 avg_inflight=0.166 peak_waiters=0 reservations=8954 waited=0 wait_us_avg=0.03 admit_rma=8954 admit_am=35815 rma_pct=20.00 rma_fellback=0 decline_capacity=0 decline_timeout=0 decline_swap=0 decline_epfail=0 ack_sent=0 ack_gen_mismatch=0 ack_on_free=0 ack_applied=8954 ack_held=0 ack_released=0 ack_epoch_dropped=0 parked=0
GUSTO_METRIC tag=periodic slots_total=8 peak_inflight=1 avg_inflight=0.176 peak_waiters=0 reservations=8888 waited=0 wait_us_avg=0.03 admit_rma=8888 admit_am=35552 rma_pct=20.00 rma_fellback=0 decline_capacity=0 decline_timeout=0 decline_swap=0 decline_epfail=0 ack_sent=0 ack_gen_mismatch=0 ack_on_free=0 ack_applied=8888 ack_held=0 ack_released=0 ack_epoch_dropped=0 parked=0
GUSTO_METRIC tag=periodic slots_total=8 peak_inflight=1 avg_inflight=0.173 peak_waiters=0 reservations=8505 waited=0 wait_us_avg=0.03 admit_rma=8505 admit_am=34018 rma_pct=20.00 rma_fellback=0 decline_capacity=0 decline_timeout=0 decline_swap=0 decline_epfail=0 ack_sent=0 ack_gen_mismatch=0 ack_on_free=0 ack_applied=8504 ack_held=0 ack_released=0 ack_epoch_dropped=0 parked=0
GUSTO_METRIC tag=periodic slots_total=8 peak_inflight=1 avg_inflight=0.167 peak_waiters=0 reservations=8823 waited=0 wait_us_avg=0.03 admit_rma=8823 admit_am=35293 rma_pct=20.00 rma_fellback=0 decline_capacity=0 decline_timeout=0 decline_swap=0 decline_epfail=0 ack_sent=0 ack_gen_mismatch=0 ack_on_free=0 ack_applied=8823 ack_held=0 ack_released=0 ack_epoch_dropped=0 parked=0
GUSTO_METRIC tag=periodic slots_total=8 peak_inflight=1 avg_inflight=0.175 peak_waiters=0 reservations=9059 waited=0 wait_us_avg=0.03 admit_rma=9059 admit_am=36234 rma_pct=20.00 rma_fellback=0 decline_capacity=0 decline_timeout=0 decline_swap=0 decline_epfail=0 ack_sent=0 ack_gen_mismatch=0 ack_on_free=0 ack_applied=9058 ack_held=0 ack_released=0 ack_epoch_dropped=0 parked=0
GUSTO_METRIC tag=periodic slots_total=8 peak_inflight=1 avg_inflight=0.182 peak_waiters=0 reservations=9151 waited=0 wait_us_avg=0.03 admit_rma=9151 admit_am=36602 rma_pct=20.00 rma_fellback=0 decline_capacity=0 decline_timeout=0 decline_swap=0 decline_epfail=0 ack_sent=0 ack_gen_mismatch=0 ack_on_free=0 ack_applied=9150 ack_held=0 ack_released=0 ack_epoch_dropped=0 parked=0
GUSTO_METRIC tag=periodic slots_total=8 peak_inflight=1 avg_inflight=0.174 peak_waiters=0 reservations=9481 waited=0 wait_us_avg=0.03 admit_rma=9481 admit_am=37922 rma_pct=20.00 rma_fellback=0 decline_capacity=0 decline_timeout=0 decline_swap=0 decline_epfail=0 ack_sent=0 ack_gen_mismatch=0 ack_on_free=0 ack_applied=9480 ack_held=0 ack_released=0 ack_epoch_dropped=0 parked=0
GUSTO_METRIC tag=periodic slots_total=8 peak_inflight=1 avg_inflight=0.171 peak_waiters=0 reservations=9532 waited=0 wait_us_avg=0.03 admit_rma=9532 admit_am=38125 rma_pct=20.00 rma_fellback=0 decline_capacity=0 decline_timeout=0 decline_swap=0 decline_epfail=0 ack_sent=0 ack_gen_mismatch=0 ack_on_free=0 ack_applied=9531 ack_held=0 ack_released=0 ack_epoch_dropped=0 parked=0
GUSTO_METRIC tag=periodic slots_total=8 peak_inflight=1 avg_inflight=0.175 peak_waiters=0 reservations=9385 waited=0 wait_us_avg=0.03 admit_rma=9385 admit_am=37540 rma_pct=20.00 rma_fellback=0 decline_capacity=0 decline_timeout=0 decline_swap=0 decline_epfail=0 ack_sent=0 ack_gen_mismatch=0 ack_on_free=0 ack_applied=9385 ack_held=0 ack_released=0 ack_epoch_dropped=0 parked=0
GUSTO_METRIC tag=periodic slots_total=8 peak_inflight=1 avg_inflight=0.174 peak_waiters=0 reservations=9825 waited=0 wait_us_avg=0.03 admit_rma=9825 admit_am=39299 rma_pct=20.00 rma_fellback=0 decline_capacity=0 decline_timeout=0 decline_swap=0 decline_epfail=0 ack_sent=0 ack_gen_mismatch=0 ack_on_free=0 ack_applied=9825 ack_held=0 ack_released=0 ack_epoch_dropped=0 parked=0
GUSTO_METRIC tag=periodic slots_total=8 peak_inflight=1 avg_inflight=0.177 peak_waiters=0 reservations=9540 waited=0 wait_us_avg=0.03 admit_rma=9540 admit_am=38159 rma_pct=20.00 rma_fellback=0 decline_capacity=0 decline_timeout=0 decline_swap=0 decline_epfail=0 ack_sent=0 ack_gen_mismatch=0 ack_on_free=0 ack_applied=9540 ack_held=0 ack_released=0 ack_epoch_dropped=0 parked=0
GUSTO_METRIC tag=periodic slots_total=8 peak_inflight=1 avg_inflight=0.182 peak_waiters=0 reservations=9542 waited=0 wait_us_avg=0.04 admit_rma=9542 admit_am=38166 rma_pct=20.00 rma_fellback=0 decline_capacity=0 decline_timeout=0 decline_swap=0 decline_epfail=0 ack_sent=0 ack_gen_mismatch=0 ack_on_free=0 ack_applied=9541 ack_held=0 ack_released=0 ack_epoch_dropped=0 parked=0
GUSTO_METRIC tag=periodic slots_total=8 peak_inflight=1 avg_inflight=0.176 peak_waiters=0 reservations=9373 waited=0 wait_us_avg=0.03 admit_rma=9373 admit_am=37492 rma_pct=20.00 rma_fellback=0 decline_capacity=0 decline_timeout=0 decline_swap=0 decline_epfail=0 ack_sent=0 ack_gen_mismatch=0 ack_on_free=0 ack_applied=9373 ack_held=0 ack_released=0 ack_epoch_dropped=0 parked=0
GUSTO_METRIC tag=periodic slots_total=8 peak_inflight=1 avg_inflight=0.177 peak_waiters=0 reservations=9491 waited=0 wait_us_avg=0.03 admit_rma=9491 admit_am=37961 rma_pct=20.00 rma_fellback=0 decline_capacity=0 decline_timeout=0 decline_swap=0 decline_epfail=0 ack_sent=0 ack_gen_mismatch=0 ack_on_free=0 ack_applied=9490 ack_held=0 ack_released=0 ack_epoch_dropped=0 parked=0
GUSTO_METRIC tag=periodic slots_total=8 peak_inflight=1 avg_inflight=0.172 peak_waiters=0 reservations=9597 waited=0 wait_us_avg=0.04 admit_rma=9597 admit_am=38387 rma_pct=20.00 rma_fellback=0 decline_capacity=0 decline_timeout=0 decline_swap=0 decline_epfail=0 ack_sent=0 ack_gen_mismatch=0 ack_on_free=0 ack_applied=9597 ack_held=0 ack_released=0 ack_epoch_dropped=0 parked=0
GUSTO_METRIC tag=periodic slots_total=8 peak_inflight=1 avg_inflight=0.186 peak_waiters=0 reservations=9640 waited=0 wait_us_avg=0.10 admit_rma=9640 admit_am=38557 rma_pct=20.00 rma_fellback=0 decline_capacity=0 decline_timeout=0 decline_swap=0 decline_epfail=0 ack_sent=0 ack_gen_mismatch=0 ack_on_free=0 ack_applied=9639 ack_held=0 ack_released=0 ack_epoch_dropped=0 parked=0
GUSTO_METRIC tag=periodic slots_total=8 peak_inflight=0 avg_inflight=0.000 peak_waiters=0 reservations=0 waited=0 wait_us_avg=0.00 admit_rma=0 admit_am=5 rma_pct=0.00 rma_fellback=0 decline_capacity=0 decline_timeout=0 decline_swap=0 decline_epfail=0 ack_sent=0 ack_gen_mismatch=0 ack_on_free=0 ack_applied=0 ack_held=0 ack_released=0 ack_epoch_dropped=0 parked=0
UCX control-plane connected: Connect (25.25.25.2:32222)
UCX control-plane connected: Connect (25.25.25.2:32222)
UCX control-plane connected: Connect (25.25.25.2:32222)
UCX control-plane connected: Connect (25.25.25.2:32222)
UCX control-plane connected: Connect (25.25.25.2:32222)
UCX control-plane connected: Connect (25.25.25.2:32222)
UCX control-plane connected: Connect (25.25.25.2:32222)
UCX control-plane connected: Connect (25.25.25.2:32222)
UCX control-plane connected: Connect (25.25.25.2:32222)
UCX control-plane connected: Connect (25.25.25.2:32222)
UCX control-plane connected: Connect (25.25.25.2:32222)
UCX control-plane connected: Connect (25.25.25.2:32222)
UCX control-plane connected: Connect (25.25.25.2:32222)
UCX control-plane connected: Connect (25.25.25.2:32222)
UCX control-plane connected: Connect (25.25.25.2:32222)
UCX control-plane connected: Connect (25.25.25.2:32222)
UCX control-plane connected: Connect (25.25.25.2:32222)
UCX control-plane connected: Connect (25.25.25.2:32222)
UCX control-plane connected: Connect (25.25.25.2:32222)
UCX control-plane connected: Connect (25.25.25.2:32222)
UCX control-plane connected: Connect (25.25.25.2:32222)
UCX control-plane connected: Connect (25.25.25.2:32222)
UCX control-plane connected: Connect (25.25.25.2:32222)
UCX control-plane connected: Connect (25.25.25.2:32222)
UCX control-plane connected: Connect (25.25.25.2:32222)
UCX control-plane connected: Connect (25.25.25.2:32222)
UCX control-plane connected: Connect (25.25.25.2:32222)
UCX control-plane connected: Connect (25.25.25.2:32222)
UCX control-plane connected: Connect (25.25.25.2:32222)
UCX control-plane connected: Connect (25.25.25.2:32222)
UCX control-plane connected: Connect (25.25.25.2:32222)
UCX control-plane connected: Connect (25.25.25.2:32222)
CSVROW,order_null,ptsz,32,1,10000,1,0,none,26884.145
[GVS] rma teardown: acks descartados por epoch=0, advertisements aparcadas=0
GUSTO_METRIC tag=teardown slots_total=8 peak_inflight=0 avg_inflight=0.000 peak_waiters=0 reservations=0 waited=0 wait_us_avg=0.00 admit_rma=0 admit_am=5 rma_pct=0.00 rma_fellback=0 decline_capacity=0 decline_timeout=0 decline_swap=0 decline_epfail=0 ack_sent=0 ack_gen_mismatch=0 ack_on_free=0 ack_applied=0 ack_held=0 ack_released=0 ack_epoch_dropped=0 parked=0
[GVS] rma coste: reservas=10000 (esperaron 0) media=0.05us | cache de registro: aciertos=0 fallos=0 (0.0%) | acks enviados=0 media=0.00us | acks con generacion desajustada=0
[GVS] rma teardown: acks descartados por epoch=0, advertisements aparcadas=0
GUSTO_METRIC tag=teardown slots_total=8 peak_inflight=1 avg_inflight=0.194 peak_waiters=0 reservations=10000 waited=0 wait_us_avg=0.05 admit_rma=10000 admit_am=40002 rma_pct=20.00 rma_fellback=0 decline_capacity=0 decline_timeout=0 decline_swap=0 decline_epfail=0 ack_sent=0 ack_gen_mismatch=0 ack_on_free=0 ack_applied=10000 ack_held=0 ack_released=0 ack_epoch_dropped=0 parked=0
[GVS] rma coste: reservas=10000 (esperaron 0) media=0.03us | cache de registro: aciertos=0 fallos=0 (0.0%) | acks enviados=0 media=0.00us | acks con generacion desajustada=0
[GVS] rma teardown: acks descartados por epoch=0, advertisements aparcadas=0
GUSTO_METRIC tag=teardown slots_total=8 peak_inflight=1 avg_inflight=0.174 peak_waiters=0 reservations=10000 waited=0 wait_us_avg=0.03 admit_rma=10000 admit_am=40002 rma_pct=20.00 rma_fellback=0 decline_capacity=0 decline_timeout=0 decline_swap=0 decline_epfail=0 ack_sent=0 ack_gen_mismatch=0 ack_on_free=0 ack_applied=10000 ack_held=0 ack_released=0 ack_epoch_dropped=0 parked=0
[GVS] rma coste: reservas=10000 (esperaron 0) media=0.10us | cache de registro: aciertos=0 fallos=0 (0.0%) | acks enviados=0 media=0.00us | acks con generacion desajustada=0
[GVS] rma teardown: acks descartados por epoch=0, advertisements aparcadas=0
GUSTO_METRIC tag=teardown slots_total=8 peak_inflight=1 avg_inflight=0.176 peak_waiters=0 reservations=10000 waited=0 wait_us_avg=0.10 admit_rma=10000 admit_am=40002 rma_pct=20.00 rma_fellback=0 decline_capacity=0 decline_timeout=0 decline_swap=0 decline_epfail=0 ack_sent=0 ack_gen_mismatch=0 ack_on_free=0 ack_applied=10000 ack_held=0 ack_released=0 ack_epoch_dropped=0 parked=0
[GVS] rma coste: reservas=10000 (esperaron 0) media=0.03us | cache de registro: aciertos=0 fallos=0 (0.0%) | acks enviados=0 media=0.00us | acks con generacion desajustada=0
[GVS] rma teardown: acks descartados por epoch=0, advertisements aparcadas=0
GUSTO_METRIC tag=teardown slots_total=8 peak_inflight=1 avg_inflight=0.178 peak_waiters=0 reservations=10000 waited=0 wait_us_avg=0.03 admit_rma=10000 admit_am=40002 rma_pct=20.00 rma_fellback=0 decline_capacity=0 decline_timeout=0 decline_swap=0 decline_epfail=0 ack_sent=0 ack_gen_mismatch=0 ack_on_free=0 ack_applied=10000 ack_held=0 ack_released=0 ack_epoch_dropped=0 parked=0
[GVS] rma coste: reservas=10000 (esperaron 0) media=0.03us | cache de registro: aciertos=0 fallos=0 (0.0%) | acks enviados=0 media=0.00us | acks con generacion desajustada=0
[GVS] rma teardown: acks descartados por epoch=0, advertisements aparcadas=0
GUSTO_METRIC tag=teardown slots_total=8 peak_inflight=1 avg_inflight=0.180 peak_waiters=0 reservations=10000 waited=0 wait_us_avg=0.03 admit_rma=10000 admit_am=40002 rma_pct=20.00 rma_fellback=0 decline_capacity=0 decline_timeout=0 decline_swap=0 decline_epfail=0 ack_sent=0 ack_gen_mismatch=0 ack_on_free=0 ack_applied=10000 ack_held=0 ack_released=0 ack_epoch_dropped=0 parked=0
[GVS] rma coste: reservas=10000 (esperaron 0) media=0.03us | cache de registro: aciertos=0 fallos=0 (0.0%) | acks enviados=0 media=0.00us | acks con generacion desajustada=0
[GVS] rma teardown: acks descartados por epoch=0, advertisements aparcadas=0
GUSTO_METRIC tag=teardown slots_total=8 peak_inflight=1 avg_inflight=0.172 peak_waiters=0 reservations=10000 waited=0 wait_us_avg=0.03 admit_rma=10000 admit_am=40002 rma_pct=20.00 rma_fellback=0 decline_capacity=0 decline_timeout=0 decline_swap=0 decline_epfail=0 ack_sent=0 ack_gen_mismatch=0 ack_on_free=0 ack_applied=10000 ack_held=0 ack_released=0 ack_epoch_dropped=0 parked=0
[GVS] rma coste: reservas=10000 (esperaron 0) media=0.03us | cache de registro: aciertos=0 fallos=0 (0.0%) | acks enviados=0 media=0.00us | acks con generacion desajustada=0
[GVS] rma teardown: acks descartados por epoch=0, advertisements aparcadas=0
GUSTO_METRIC tag=teardown slots_total=8 peak_inflight=1 avg_inflight=0.193 peak_waiters=0 reservations=10000 waited=0 wait_us_avg=0.03 admit_rma=10000 admit_am=40002 rma_pct=20.00 rma_fellback=0 decline_capacity=0 decline_timeout=0 decline_swap=0 decline_epfail=0 ack_sent=0 ack_gen_mismatch=0 ack_on_free=0 ack_applied=10000 ack_held=0 ack_released=0 ack_epoch_dropped=0 parked=0
[GVS] rma coste: reservas=10000 (esperaron 0) media=0.03us | cache de registro: aciertos=0 fallos=0 (0.0%) | acks enviados=0 media=0.00us | acks con generacion desajustada=0
[GVS] rma teardown: acks descartados por epoch=0, advertisements aparcadas=0
GUSTO_METRIC tag=teardown slots_total=8 peak_inflight=1 avg_inflight=0.177 peak_waiters=0 reservations=10000 waited=0 wait_us_avg=0.03 admit_rma=10000 admit_am=40002 rma_pct=20.00 rma_fellback=0 decline_capacity=0 decline_timeout=0 decline_swap=0 decline_epfail=0 ack_sent=0 ack_gen_mismatch=0 ack_on_free=0 ack_applied=10000 ack_held=0 ack_released=0 ack_epoch_dropped=0 parked=0
[GVS] rma coste: reservas=10000 (esperaron 0) media=0.03us | cache de registro: aciertos=0 fallos=0 (0.0%) | acks enviados=0 media=0.00us | acks con generacion desajustada=0
[GVS] rma teardown: acks descartados por epoch=0, advertisements aparcadas=0
GUSTO_METRIC tag=teardown slots_total=8 peak_inflight=1 avg_inflight=0.163 peak_waiters=0 reservations=10000 waited=0 wait_us_avg=0.03 admit_rma=10000 admit_am=40002 rma_pct=20.00 rma_fellback=0 decline_capacity=0 decline_timeout=0 decline_swap=0 decline_epfail=0 ack_sent=0 ack_gen_mismatch=0 ack_on_free=0 ack_applied=10000 ack_held=0 ack_released=0 ack_epoch_dropped=0 parked=0
[GVS] rma coste: reservas=10000 (esperaron 0) media=0.04us | cache de registro: aciertos=0 fallos=0 (0.0%) | acks enviados=0 media=0.00us | acks con generacion desajustada=0
[GVS] rma teardown: acks descartados por epoch=0, advertisements aparcadas=0
GUSTO_METRIC tag=teardown slots_total=8 peak_inflight=1 avg_inflight=0.180 peak_waiters=0 reservations=10000 waited=0 wait_us_avg=0.04 admit_rma=10000 admit_am=40002 rma_pct=20.00 rma_fellback=0 decline_capacity=0 decline_timeout=0 decline_swap=0 decline_epfail=0 ack_sent=0 ack_gen_mismatch=0 ack_on_free=0 ack_applied=10000 ack_held=0 ack_released=0 ack_epoch_dropped=0 parked=0
[GVS] rma coste: reservas=10000 (esperaron 0) media=0.03us | cache de registro: aciertos=0 fallos=0 (0.0%) | acks enviados=0 media=0.00us | acks con generacion desajustada=0
[GVS] rma teardown: acks descartados por epoch=0, advertisements aparcadas=0
GUSTO_METRIC tag=teardown slots_total=8 peak_inflight=1 avg_inflight=0.200 peak_waiters=0 reservations=10000 waited=0 wait_us_avg=0.03 admit_rma=10000 admit_am=40002 rma_pct=20.00 rma_fellback=0 decline_capacity=0 decline_timeout=0 decline_swap=0 decline_epfail=0 ack_sent=0 ack_gen_mismatch=0 ack_on_free=0 ack_applied=10000 ack_held=0 ack_released=0 ack_epoch_dropped=0 parked=0
[GVS] rma coste: reservas=10000 (esperaron 0) media=0.03us | cache de registro: aciertos=0 fallos=0 (0.0%) | acks enviados=0 media=0.00us | acks con generacion desajustada=0
[GVS] rma teardown: acks descartados por epoch=0, advertisements aparcadas=0
GUSTO_METRIC tag=teardown slots_total=8 peak_inflight=1 avg_inflight=0.180 peak_waiters=0 reservations=10000 waited=0 wait_us_avg=0.03 admit_rma=10000 admit_am=40002 rma_pct=20.00 rma_fellback=0 decline_capacity=0 decline_timeout=0 decline_swap=0 decline_epfail=0 ack_sent=0 ack_gen_mismatch=0 ack_on_free=0 ack_applied=10000 ack_held=0 ack_released=0 ack_epoch_dropped=0 parked=0
[GVS] rma coste: reservas=10000 (esperaron 0) media=0.03us | cache de registro: aciertos=0 fallos=0 (0.0%) | acks enviados=0 media=0.00us | acks con generacion desajustada=0
[GVS] rma teardown: acks descartados por epoch=0, advertisements aparcadas=0
GUSTO_METRIC tag=teardown slots_total=8 peak_inflight=1 avg_inflight=0.175 peak_waiters=0 reservations=10000 waited=0 wait_us_avg=0.03 admit_rma=10000 admit_am=40002 rma_pct=20.00 rma_fellback=0 decline_capacity=0 decline_timeout=0 decline_swap=0 decline_epfail=0 ack_sent=0 ack_gen_mismatch=0 ack_on_free=0 ack_applied=10000 ack_held=0 ack_released=0 ack_epoch_dropped=0 parked=0
[GVS] rma coste: reservas=10000 (esperaron 0) media=0.03us | cache de registro: aciertos=0 fallos=0 (0.0%) | acks enviados=0 media=0.00us | acks con generacion desajustada=0
[GVS] rma teardown: acks descartados por epoch=0, advertisements aparcadas=0
GUSTO_METRIC tag=teardown slots_total=8 peak_inflight=1 avg_inflight=0.187 peak_waiters=0 reservations=10000 waited=0 wait_us_avg=0.03 admit_rma=10000 admit_am=40002 rma_pct=20.00 rma_fellback=0 decline_capacity=0 decline_timeout=0 decline_swap=0 decline_epfail=0 ack_sent=0 ack_gen_mismatch=0 ack_on_free=0 ack_applied=10000 ack_held=0 ack_released=0 ack_epoch_dropped=0 parked=0
[GVS] rma coste: reservas=10000 (esperaron 0) media=0.03us | cache de registro: aciertos=0 fallos=0 (0.0%) | acks enviados=0 media=0.00us | acks con generacion desajustada=0
[GVS] rma teardown: acks descartados por epoch=0, advertisements aparcadas=0
GUSTO_METRIC tag=teardown slots_total=8 peak_inflight=1 avg_inflight=0.178 peak_waiters=0 reservations=10000 waited=0 wait_us_avg=0.03 admit_rma=10000 admit_am=40002 rma_pct=20.00 rma_fellback=0 decline_capacity=0 decline_timeout=0 decline_swap=0 decline_epfail=0 ack_sent=0 ack_gen_mismatch=0 ack_on_free=0 ack_applied=10000 ack_held=0 ack_released=0 ack_epoch_dropped=0 parked=0
[GVS] rma coste: reservas=10000 (esperaron 0) media=0.03us | cache de registro: aciertos=0 fallos=0 (0.0%) | acks enviados=0 media=0.00us | acks con generacion desajustada=0
[GVS] rma teardown: acks descartados por epoch=0, advertisements aparcadas=0
GUSTO_METRIC tag=teardown slots_total=8 peak_inflight=1 avg_inflight=0.170 peak_waiters=0 reservations=10000 waited=0 wait_us_avg=0.03 admit_rma=10000 admit_am=40002 rma_pct=20.00 rma_fellback=0 decline_capacity=0 decline_timeout=0 decline_swap=0 decline_epfail=0 ack_sent=0 ack_gen_mismatch=0 ack_on_free=0 ack_applied=10000 ack_held=0 ack_released=0 ack_epoch_dropped=0 parked=0
[GVS] rma coste: reservas=10000 (esperaron 0) media=0.03us | cache de registro: aciertos=0 fallos=0 (0.0%) | acks enviados=0 media=0.00us | acks con generacion desajustada=0
[GVS] rma teardown: acks descartados por epoch=0, advertisements aparcadas=0
GUSTO_METRIC tag=teardown slots_total=8 peak_inflight=1 avg_inflight=0.175 peak_waiters=0 reservations=10000 waited=0 wait_us_avg=0.03 admit_rma=10000 admit_am=40002 rma_pct=20.00 rma_fellback=0 decline_capacity=0 decline_timeout=0 decline_swap=0 decline_epfail=0 ack_sent=0 ack_gen_mismatch=0 ack_on_free=0 ack_applied=10000 ack_held=0 ack_released=0 ack_epoch_dropped=0 parked=0
[GVS] rma coste: reservas=10000 (esperaron 0) media=0.03us | cache de registro: aciertos=0 fallos=0 (0.0%) | acks enviados=0 media=0.00us | acks con generacion desajustada=0
[GVS] rma teardown: acks descartados por epoch=0, advertisements aparcadas=0
GUSTO_METRIC tag=teardown slots_total=8 peak_inflight=1 avg_inflight=0.184 peak_waiters=0 reservations=10000 waited=0 wait_us_avg=0.03 admit_rma=10000 admit_am=40002 rma_pct=20.00 rma_fellback=0 decline_capacity=0 decline_timeout=0 decline_swap=0 decline_epfail=0 ack_sent=0 ack_gen_mismatch=0 ack_on_free=0 ack_applied=10000 ack_held=0 ack_released=0 ack_epoch_dropped=0 parked=0
[GVS] rma coste: reservas=10000 (esperaron 0) media=0.03us | cache de registro: aciertos=0 fallos=0 (0.0%) | acks enviados=0 media=0.00us | acks con generacion desajustada=0
[GVS] rma teardown: acks descartados por epoch=0, advertisements aparcadas=0
GUSTO_METRIC tag=teardown slots_total=8 peak_inflight=1 avg_inflight=0.185 peak_waiters=0 reservations=10000 waited=0 wait_us_avg=0.03 admit_rma=10000 admit_am=40002 rma_pct=20.00 rma_fellback=0 decline_capacity=0 decline_timeout=0 decline_swap=0 decline_epfail=0 ack_sent=0 ack_gen_mismatch=0 ack_on_free=0 ack_applied=10000 ack_held=0 ack_released=0 ack_epoch_dropped=0 parked=0
[GVS] rma coste: reservas=10000 (esperaron 0) media=0.03us | cache de registro: aciertos=0 fallos=0 (0.0%) | acks enviados=0 media=0.00us | acks con generacion desajustada=0
[GVS] rma teardown: acks descartados por epoch=0, advertisements aparcadas=0
GUSTO_METRIC tag=teardown slots_total=8 peak_inflight=1 avg_inflight=0.218 peak_waiters=0 reservations=10000 waited=0 wait_us_avg=0.03 admit_rma=10000 admit_am=40002 rma_pct=20.00 rma_fellback=0 decline_capacity=0 decline_timeout=0 decline_swap=0 decline_epfail=0 ack_sent=0 ack_gen_mismatch=0 ack_on_free=0 ack_applied=10000 ack_held=0 ack_released=0 ack_epoch_dropped=0 parked=0
[GVS] rma coste: reservas=10000 (esperaron 0) media=0.04us | cache de registro: aciertos=0 fallos=0 (0.0%) | acks enviados=0 media=0.00us | acks con generacion desajustada=0
[GVS] rma teardown: acks descartados por epoch=0, advertisements aparcadas=0
GUSTO_METRIC tag=teardown slots_total=8 peak_inflight=1 avg_inflight=0.215 peak_waiters=0 reservations=10000 waited=0 wait_us_avg=0.04 admit_rma=10000 admit_am=40002 rma_pct=20.00 rma_fellback=0 decline_capacity=0 decline_timeout=0 decline_swap=0 decline_epfail=0 ack_sent=0 ack_gen_mismatch=0 ack_on_free=0 ack_applied=10000 ack_held=0 ack_released=0 ack_epoch_dropped=0 parked=0
[GVS] rma coste: reservas=10000 (esperaron 0) media=0.09us | cache de registro: aciertos=0 fallos=0 (0.0%) | acks enviados=0 media=0.00us | acks con generacion desajustada=0
[GVS] rma teardown: acks descartados por epoch=0, advertisements aparcadas=0
GUSTO_METRIC tag=teardown slots_total=8 peak_inflight=1 avg_inflight=0.187 peak_waiters=0 reservations=10000 waited=0 wait_us_avg=0.09 admit_rma=10000 admit_am=40002 rma_pct=20.00 rma_fellback=0 decline_capacity=0 decline_timeout=0 decline_swap=0 decline_epfail=0 ack_sent=0 ack_gen_mismatch=0 ack_on_free=0 ack_applied=10000 ack_held=0 ack_released=0 ack_epoch_dropped=0 parked=0
[GVS] rma coste: reservas=10000 (esperaron 0) media=0.04us | cache de registro: aciertos=0 fallos=0 (0.0%) | acks enviados=0 media=0.00us | acks con generacion desajustada=0
[GVS] rma teardown: acks descartados por epoch=0, advertisements aparcadas=0
GUSTO_METRIC tag=teardown slots_total=8 peak_inflight=1 avg_inflight=0.173 peak_waiters=0 reservations=10000 waited=0 wait_us_avg=0.04 admit_rma=10000 admit_am=40002 rma_pct=20.00 rma_fellback=0 decline_capacity=0 decline_timeout=0 decline_swap=0 decline_epfail=0 ack_sent=0 ack_gen_mismatch=0 ack_on_free=0 ack_applied=10000 ack_held=0 ack_released=0 ack_epoch_dropped=0 parked=0
[GVS] rma coste: reservas=10000 (esperaron 0) media=0.03us | cache de registro: aciertos=0 fallos=0 (0.0%) | acks enviados=0 media=0.00us | acks con generacion desajustada=0
[GVS] rma teardown: acks descartados por epoch=0, advertisements aparcadas=0
GUSTO_METRIC tag=teardown slots_total=8 peak_inflight=1 avg_inflight=0.177 peak_waiters=0 reservations=10000 waited=0 wait_us_avg=0.03 admit_rma=10000 admit_am=40002 rma_pct=20.00 rma_fellback=0 decline_capacity=0 decline_timeout=0 decline_swap=0 decline_epfail=0 ack_sent=0 ack_gen_mismatch=0 ack_on_free=0 ack_applied=10000 ack_held=0 ack_released=0 ack_epoch_dropped=0 parked=0
[GVS] rma coste: reservas=10000 (esperaron 0) media=0.03us | cache de registro: aciertos=0 fallos=0 (0.0%) | acks enviados=0 media=0.00us | acks con generacion desajustada=0
[GVS] rma teardown: acks descartados por epoch=0, advertisements aparcadas=0
GUSTO_METRIC tag=teardown slots_total=8 peak_inflight=1 avg_inflight=0.181 peak_waiters=0 reservations=10000 waited=0 wait_us_avg=0.03 admit_rma=10000 admit_am=40002 rma_pct=20.00 rma_fellback=0 decline_capacity=0 decline_timeout=0 decline_swap=0 decline_epfail=0 ack_sent=0 ack_gen_mismatch=0 ack_on_free=0 ack_applied=10000 ack_held=0 ack_released=0 ack_epoch_dropped=0 parked=0
[GVS] rma coste: reservas=10000 (esperaron 0) media=0.03us | cache de registro: aciertos=0 fallos=0 (0.0%) | acks enviados=0 media=0.00us | acks con generacion desajustada=0
[GVS] rma teardown: acks descartados por epoch=0, advertisements aparcadas=0
GUSTO_METRIC tag=teardown slots_total=8 peak_inflight=1 avg_inflight=0.177 peak_waiters=0 reservations=10000 waited=0 wait_us_avg=0.03 admit_rma=10000 admit_am=40002 rma_pct=20.00 rma_fellback=0 decline_capacity=0 decline_timeout=0 decline_swap=0 decline_epfail=0 ack_sent=0 ack_gen_mismatch=0 ack_on_free=0 ack_applied=10000 ack_held=0 ack_released=0 ack_epoch_dropped=0 parked=0
[GVS] rma coste: reservas=10000 (esperaron 0) media=0.03us | cache de registro: aciertos=0 fallos=0 (0.0%) | acks enviados=0 media=0.00us | acks con generacion desajustada=0
[GVS] rma teardown: acks descartados por epoch=0, advertisements aparcadas=0
GUSTO_METRIC tag=teardown slots_total=8 peak_inflight=1 avg_inflight=0.178 peak_waiters=0 reservations=10000 waited=0 wait_us_avg=0.03 admit_rma=10000 admit_am=40002 rma_pct=20.00 rma_fellback=0 decline_capacity=0 decline_timeout=0 decline_swap=0 decline_epfail=0 ack_sent=0 ack_gen_mismatch=0 ack_on_free=0 ack_applied=10000 ack_held=0 ack_released=0 ack_epoch_dropped=0 parked=0
[GVS] rma coste: reservas=10000 (esperaron 0) media=0.03us | cache de registro: aciertos=0 fallos=0 (0.0%) | acks enviados=0 media=0.00us | acks con generacion desajustada=0
[GVS] rma teardown: acks descartados por epoch=0, advertisements aparcadas=0
GUSTO_METRIC tag=teardown slots_total=8 peak_inflight=1 avg_inflight=0.178 peak_waiters=0 reservations=10000 waited=0 wait_us_avg=0.03 admit_rma=10000 admit_am=40002 rma_pct=20.00 rma_fellback=0 decline_capacity=0 decline_timeout=0 decline_swap=0 decline_epfail=0 ack_sent=0 ack_gen_mismatch=0 ack_on_free=0 ack_applied=10000 ack_held=0 ack_released=0 ack_epoch_dropped=0 parked=0
[GVS] rma coste: reservas=10000 (esperaron 0) media=0.03us | cache de registro: aciertos=0 fallos=0 (0.0%) | acks enviados=0 media=0.00us | acks con generacion desajustada=0
[GVS] rma teardown: acks descartados por epoch=0, advertisements aparcadas=0
GUSTO_METRIC tag=teardown slots_total=8 peak_inflight=1 avg_inflight=0.171 peak_waiters=0 reservations=10000 waited=0 wait_us_avg=0.03 admit_rma=10000 admit_am=40002 rma_pct=20.00 rma_fellback=0 decline_capacity=0 decline_timeout=0 decline_swap=0 decline_epfail=0 ack_sent=0 ack_gen_mismatch=0 ack_on_free=0 ack_applied=10000 ack_held=0 ack_released=0 ack_epoch_dropped=0 parked=0
[GVS] rma coste: reservas=10000 (esperaron 0) media=0.03us | cache de registro: aciertos=0 fallos=0 (0.0%) | acks enviados=0 media=0.00us | acks con generacion desajustada=0
[GVS] rma teardown: acks descartados por epoch=0, advertisements aparcadas=0
GUSTO_METRIC tag=teardown slots_total=8 peak_inflight=1 avg_inflight=0.180 peak_waiters=0 reservations=10000 waited=0 wait_us_avg=0.03 admit_rma=10000 admit_am=40002 rma_pct=20.00 rma_fellback=0 decline_capacity=0 decline_timeout=0 decline_swap=0 decline_epfail=0 ack_sent=0 ack_gen_mismatch=0 ack_on_free=0 ack_applied=10000 ack_held=0 ack_released=0 ack_epoch_dropped=0 parked=0
[GVS] rma coste: reservas=10000 (esperaron 0) media=0.04us | cache de registro: aciertos=0 fallos=0 (0.0%) | acks enviados=0 media=0.00us | acks con generacion desajustada=0
[GVS] rma teardown: acks descartados por epoch=0, advertisements aparcadas=0
GUSTO_METRIC tag=teardown slots_total=8 peak_inflight=1 avg_inflight=0.183 peak_waiters=0 reservations=10000 waited=0 wait_us_avg=0.04 admit_rma=10000 admit_am=40002 rma_pct=20.00 rma_fellback=0 decline_capacity=0 decline_timeout=0 decline_swap=0 decline_epfail=0 ack_sent=0 ack_gen_mismatch=0 ack_on_free=0 ack_applied=10000 ack_held=0 ack_released=0 ack_epoch_dropped=0 parked=0
[GVS] rma coste: reservas=10000 (esperaron 0) media=0.03us | cache de registro: aciertos=0 fallos=0 (0.0%) | acks enviados=0 media=0.00us | acks con generacion desajustada=0
[GVS] rma teardown: acks descartados por epoch=0, advertisements aparcadas=0
GUSTO_METRIC tag=teardown slots_total=8 peak_inflight=1 avg_inflight=0.177 peak_waiters=0 reservations=10000 waited=0 wait_us_avg=0.03 admit_rma=10000 admit_am=40002 rma_pct=20.00 rma_fellback=0 decline_capacity=0 decline_timeout=0 decline_swap=0 decline_epfail=0 ack_sent=0 ack_gen_mismatch=0 ack_on_free=0 ack_applied=10000 ack_held=0 ack_released=0 ack_epoch_dropped=0 parked=0
