DEBUG: protocol string is [ucx]
[GVS] GPUDirect=disabled (GVIRTUS_GPUDIRECT=1 but probe FAILED: cudaMalloc(4K) failed (no GPU? OOM?)) - falling back to host slots, behavior unchanged
[GVS IDX] epoch 1 anuncia server_idx=[0,1,2,3,4,5,6,7]
[GVS] rma_setup: epoch 1 arrived, 0/0 slots in flight -> install now
UCX control-plane connected: Connect (25.25.25.2:32222)
DEBUG: protocol string is [ucx]
[GVS] GPUDirect=disabled (GVIRTUS_GPUDIRECT=1 but probe FAILED: cudaMalloc(4K) failed (no GPU? OOM?)) - falling back to host slots, behavior unchanged
[GVS IDX] epoch 1 anuncia server_idx=[0,1,2,3,4,5,6,7]
[GVS] rma_setup: epoch 1 arrived, 0/0 slots in flight -> install now
# variant=handle threads=32 iters=100 bytes=1048576 seed=1
# cudaStreamPerThread=0x2 cudaStreamLegacy=0x1
UCX control-plane connected: Connect (25.25.25.2:32222)
INFO - Parsing endpoint config from: /opt/GVirtuS/etc/properties_ucx.json
DEBUG: protocol string is [ucx]
DEBUG: protocol string is [ucx]
DEBUG: protocol string is [ucx]
DEBUG: protocol string is [ucx]
DEBUG: protocol string is [ucx]
DEBUG: protocol string is [ucx]
DEBUG: protocol string is [ucx]
DEBUG: protocol string is [ucx]
DEBUG: protocol string is [ucx]
DEBUG: protocol string is [ucx]
DEBUG: protocol string is [ucx]
DEBUG: protocol string is [ucx]
DEBUG: protocol string is [ucx]
DEBUG: protocol string is [ucx]
DEBUG: protocol string is [ucx]
DEBUG: protocol string is [ucx]
DEBUG: protocol string is [ucx]
DEBUG: protocol string is [ucx]
DEBUG: protocol string is [ucx]
DEBUG: protocol string is [ucx]
DEBUG: protocol string is [ucx]
DEBUG: protocol string is [ucx]
DEBUG: protocol string is [DEBUG: protocol string is [ucx]
ucx]
DEBUG: protocol string is [ucx]
DEBUG: protocol string is [ucx]
DEBUG: protocol string is [ucx]
DEBUG: protocol string is [ucx]
DEBUG: protocol string is [ucx]
DEBUG: protocol string is [ucx]
DEBUG: protocol string is [ucx]
DEBUG: protocol string is [ucx]
[GVS] GPUDirect=disabled (GVIRTUS_GPUDIRECT=1 but probe FAILED: cudaMalloc(4K) failed (no GPU? OOM?)) - falling back to host slots, behavior unchanged
[GVS] GPUDirect=disabled (GVIRTUS_GPUDIRECT=1 but probe FAILED: cudaMalloc(4K) failed (no GPU? OOM?)) - falling back to host slots, behavior unchanged
[GVS] GPUDirect=disabled (GVIRTUS_GPUDIRECT=1 but probe FAILED: cudaMalloc(4K) failed (no GPU? OOM?)) - falling back to host slots, behavior unchanged
[GVS] GPUDirect=disabled (GVIRTUS_GPUDIRECT=1 but probe FAILED: cudaMalloc(4K) failed (no GPU? OOM?)) - falling back to host slots, behavior unchanged
[GVS] GPUDirect=disabled (GVIRTUS_GPUDIRECT=1 but probe FAILED: cudaMalloc(4K) failed (no GPU? OOM?)) - falling back to host slots, behavior unchanged
[GVS] GPUDirect=disabled (GVIRTUS_GPUDIRECT=1 but probe FAILED: cudaMalloc(4K) failed (no GPU? OOM?)) - falling back to host slots, behavior unchanged
[GVS] GPUDirect=disabled (GVIRTUS_GPUDIRECT=1 but probe FAILED: cudaMalloc(4K) failed (no GPU? OOM?)) - falling back to host slots, behavior unchanged
[GVS] GPUDirect=disabled (GVIRTUS_GPUDIRECT=1 but probe FAILED: cudaMalloc(4K) failed (no GPU? OOM?)) - falling back to host slots, behavior unchanged
[GVS] GPUDirect=disabled (GVIRTUS_GPUDIRECT=1 but probe FAILED: cudaMalloc(4K) failed (no GPU? OOM?)) - falling back to host slots, behavior unchanged
[GVS] GPUDirect=disabled (GVIRTUS_GPUDIRECT=1 but probe FAILED: cudaMalloc(4K) failed (no GPU? OOM?)) - falling back to host slots, behavior unchanged
[GVS] GPUDirect=disabled (GVIRTUS_GPUDIRECT=1 but probe FAILED: cudaMalloc(4K) failed (no GPU? OOM?)) - falling back to host slots, behavior unchanged
[GVS] GPUDirect=disabled (GVIRTUS_GPUDIRECT=1 but probe FAILED: cudaMalloc(4K) failed (no GPU? OOM?)) - falling back to host slots, behavior unchanged
[GVS] GPUDirect=disabled (GVIRTUS_GPUDIRECT=1 but probe FAILED: cudaMalloc(4K) failed (no GPU? OOM?)) - falling back to host slots, behavior unchanged
[GVS] GPUDirect=disabled (GVIRTUS_GPUDIRECT=1 but probe FAILED: cudaMalloc(4K) failed (no GPU? OOM?)) - falling back to host slots, behavior unchanged
[GVS] GPUDirect=disabled (GVIRTUS_GPUDIRECT=1 but probe FAILED: cudaMalloc(4K) failed (no GPU? OOM?)) - falling back to host slots, behavior unchanged
[GVS] GPUDirect=disabled (GVIRTUS_GPUDIRECT=1 but probe FAILED: cudaMalloc(4K) failed (no GPU? OOM?)) - falling back to host slots, behavior unchanged
[GVS] GPUDirect=disabled (GVIRTUS_GPUDIRECT=1 but probe FAILED: cudaMalloc(4K) failed (no GPU? OOM?)) - falling back to host slots, behavior unchanged
[GVS] GPUDirect=disabled (GVIRTUS_GPUDIRECT=1 but probe FAILED: cudaMalloc(4K) failed (no GPU? OOM?)) - falling back to host slots, behavior unchanged
[GVS] GPUDirect=disabled (GVIRTUS_GPUDIRECT=1 but probe FAILED: cudaMalloc(4K) failed (no GPU? OOM?)) - falling back to host slots, behavior unchanged
[GVS] GPUDirect=disabled (GVIRTUS_GPUDIRECT=1 but probe FAILED: cudaMalloc(4K) failed (no GPU? OOM?)) - falling back to host slots, behavior unchanged
[GVS] GPUDirect=disabled (GVIRTUS_GPUDIRECT=1 but probe FAILED: cudaMalloc(4K) failed (no GPU? OOM?)) - falling back to host slots, behavior unchanged
[GVS] GPUDirect=disabled (GVIRTUS_GPUDIRECT=1 but probe FAILED: cudaMalloc(4K) failed (no GPU? OOM?)) - falling back to host slots, behavior unchanged
[GVS] GPUDirect=disabled (GVIRTUS_GPUDIRECT=1 but probe FAILED: cudaMalloc(4K) failed (no GPU? OOM?)) - falling back to host slots, behavior unchanged
[GVS] GPUDirect=disabled (GVIRTUS_GPUDIRECT=1 but probe FAILED: cudaMalloc(4K) failed (no GPU? OOM?)) - falling back to host slots, behavior unchanged
[GVS] GPUDirect=disabled (GVIRTUS_GPUDIRECT=1 but probe FAILED: cudaMalloc(4K) failed (no GPU? OOM?)) - falling back to host slots, behavior unchanged
[GVS] GPUDirect=disabled (GVIRTUS_GPUDIRECT=1 but probe FAILED: cudaMalloc(4K) failed (no GPU? OOM?)) - falling back to host slots, behavior unchanged
[GVS] GPUDirect=disabled (GVIRTUS_GPUDIRECT=1 but probe FAILED: cudaMalloc(4K) failed (no GPU? OOM?)) - falling back to host slots, behavior unchanged
[GVS] GPUDirect=disabled (GVIRTUS_GPUDIRECT=1 but probe FAILED: cudaMalloc(4K) failed (no GPU? OOM?)) - falling back to host slots, behavior unchanged
[GVS] GPUDirect=disabled (GVIRTUS_GPUDIRECT=1 but probe FAILED: cudaMalloc(4K) failed (no GPU? OOM?)) - falling back to host slots, behavior unchanged
[GVS] GPUDirect=disabled (GVIRTUS_GPUDIRECT=1 but probe FAILED: cudaMalloc(4K) failed (no GPU? OOM?)) - falling back to host slots, behavior unchanged
[GVS] GPUDirect=disabled (GVIRTUS_GPUDIRECT=1 but probe FAILED: cudaMalloc(4K) failed (no GPU? OOM?)) - falling back to host slots, behavior unchanged
[GVS] GPUDirect=disabled (GVIRTUS_GPUDIRECT=1 but probe FAILED: cudaMalloc(4K) failed (no GPU? OOM?)) - falling back to host slots, behavior unchanged
[GVS IDX] epoch 1 anuncia server_idx=[0,1,2,3,4,5,6,7]
[GVS] rma_setup: epoch 1 arrived, 0/0 slots in flight -> install now
[GVS IDX] epoch 2 anuncia server_idx=[9,10,11,12,13,14,15,16]
[GVS] rma_setup: epoch 2 arrived, 0/8 slots in flight -> install now
[GUSTO CFG] pool efectivo: slots=2 cap=1.1 MiB shadow=no total=2.1 MiB (sin presupuesto definido)
[GVS IDX] epoch 1 anuncia server_idx=[0,1,2,3,4,5,6,7]
[GVS] rma_setup: epoch 1 arrived, 0/0 slots in flight -> install now
[GVS IDX] epoch 1 anuncia server_idx=[0,1,2,3,4,5,6,7]
[GVS] rma_setup: epoch 1 arrived, 0/0 slots in flight -> install now
[GVS IDX] epoch 1 anuncia server_idx=[0,1,2,3,4,5,6,7]
[GVS] rma_setup: epoch 1 arrived, 0/0 slots in flight -> install now
[GVS IDX] epoch 1 anuncia server_idx=[0,1,2,3,4,5,6,7]
[GVS] rma_setup: epoch 1 arrived, 0/0 slots in flight -> install now
[GVS IDX] epoch 1 anuncia server_idx=[0,1,2,3,4,5,6,7]
[GVS] rma_setup: epoch 1 arrived, 0/0 slots in flight -> install now
[GVS IDX] epoch 1 anuncia server_idx=[0,1,2,3,4,5,6,7]
[GVS] rma_setup: epoch 1 arrived, 0/0 slots in flight -> install now
[GVS IDX] epoch 1 anuncia server_idx=[0,1,2,3,4,5,6,7]
[GVS] rma_setup: epoch 1 arrived, 0/0 slots in flight -> install now
[GVS IDX] epoch 1 anuncia server_idx=[0,1,2,3,4,5,6,7]
[GVS] rma_setup: epoch 1 arrived, 0/0 slots in flight -> install now
[GVS IDX] epoch 1 anuncia server_idx=[0,1,2,3,4,5,6,7]
[GVS] rma_setup: epoch 1 arrived, 0/0 slots in flight -> install now
[GVS IDX] epoch 1 anuncia server_idx=[0,1,2,3,4,5,6,7]
[GVS] rma_setup: epoch 1 arrived, 0/0 slots in flight -> install now
[GVS IDX] epoch 1 anuncia server_idx=[0,1,2,3,4,5,6,7]
[GVS] rma_setup: epoch 1 arrived, 0/0 slots in flight -> install now
[GVS IDX] epoch 1 anuncia server_idx=[0,1,2,3,4,5,6,7]
[GVS] rma_setup: epoch 1 arrived, 0/0 slots in flight -> install now
[GVS IDX] epoch 1 anuncia server_idx=[0,1,2,3,4,5,6,7]
[GVS] rma_setup: epoch 1 arrived, 0/0 slots in flight -> install now
[GVS IDX] epoch 1 anuncia server_idx=[0,1,2,3,4,5,6,7]
[GVS] rma_setup: epoch 1 arrived, 0/0 slots in flight -> install now
[GVS IDX] epoch 1 anuncia server_idx=[0,1,2,3,4,5,6,7]
[GVS] rma_setup: epoch 1 arrived, 0/0 slots in flight -> install now
[GVS IDX] epoch 1 anuncia server_idx=[0,1,2,3,4,5,6,7]
[GVS] rma_setup: epoch 1 arrived, 0/0 slots in flight -> install now
[GVS IDX] epoch 2 anuncia server_idx=[9,10,11,12,13,14,15,16]
[GVS] rma_setup: epoch 2 arrived, 0/8 slots in flight -> install now
[GVS IDX] epoch 2 anuncia server_idx=[9,10,11,12,13,14,15,16]
[GVS] rma_setup: epoch 2 arrived, 0/8 slots in flight -> install now
[GUSTO CFG] pool efectivo: slots=2 cap=1.1 MiB shadow=no total=2.1 MiB (sin presupuesto definido)
[GUSTO CFG] pool efectivo: slots=2 cap=1.1 MiB shadow=no total=2.1 MiB (sin presupuesto definido)
[GVS IDX] epoch 1 anuncia server_idx=[0,1,2,3,4,5,6,7]
[GVS] rma_setup: epoch 1 arrived, 0/0 slots in flight -> install now
[GVS IDX] epoch 2 anuncia server_idx=[9,10,11,12,13,14,15,16]
[GVS] rma_setup: epoch 2 arrived, 0/8 slots in flight -> install now
[GVS IDX] epoch 2 anuncia server_idx=[9,10,11,12,13,14,15,16]
[GVS] rma_setup: epoch 2 arrived, 0/8 slots in flight -> install now
[GVS IDX] epoch 2 anuncia server_idx=[9,10,11,12,13,14,15,16]
[GVS] rma_setup: epoch 2 arrived, 0/8 slots in flight -> install now
[GVS IDX] epoch 2 anuncia server_idx=[9,10,11,12,13,14,15,16]
[GVS] rma_setup: epoch 2 arrived, 0/8 slots in flight -> install now
[GUSTO CFG] pool efectivo: slots=2 cap=1.1 MiB shadow=no total=2.1 MiB (sin presupuesto definido)
[GVS IDX] epoch 1 anuncia server_idx=[0,1,2,3,4,5,6,7]
[GVS] rma_setup: epoch 1 arrived, 0/0 slots in flight -> install now
[GVS IDX] epoch 2 anuncia server_idx=[9,10,11,12,13,14,15,16]
[GVS] rma_setup: epoch 2 arrived, 0/8 slots in flight -> install now
[GUSTO CFG] pool efectivo: slots=2 cap=1.1 MiB shadow=no total=2.1 MiB (sin presupuesto definido)
[GUSTO CFG] pool efectivo: slots=2 cap=1.1 MiB shadow=no total=2.1 MiB (sin presupuesto definido)
[GVS IDX] epoch 2 anuncia server_idx=[9,10,11,12,13,14,15,16]
[GVS] rma_setup: epoch 2 arrived, 0/8 slots in flight -> install now
[GUSTO CFG] pool efectivo: slots=2 cap=1.1 MiB shadow=no total=2.1 MiB (sin presupuesto definido)
[GVS IDX] epoch 2 anuncia server_idx=[9,10,11,12,13,14,15,16]
[GVS] rma_setup: epoch 2 arrived, 0/8 slots in flight -> install now
[GUSTO CFG] pool efectivo: slots=2 cap=1.1 MiB shadow=no total=2.1 MiB (sin presupuesto definido)
[GVS IDX] epoch 1 anuncia server_idx=[0,1,2,3,4,5,6,7]
[GVS] rma_setup: epoch 1 arrived, 0/0 slots in flight -> install now
[GUSTO CFG] pool efectivo: slots=2 cap=1.1 MiB shadow=no total=2.1 MiB (sin presupuesto definido)
[GVS IDX] epoch 2 anuncia server_idx=[9,10,11,12,13,14,15,16]
[GVS] rma_setup: epoch 2 arrived, 0/8 slots in flight -> install now
[GVS IDX] epoch 1 anuncia server_idx=[0,1,2,3,4,5,6,7]
[GVS] rma_setup: epoch 1 arrived, 0/0 slots in flight -> install now
[GVS IDX] epoch 2 anuncia server_idx=[9,10,11,12,13,14,15,16]
[GVS] rma_setup: epoch 2 arrived, 0/8 slots in flight -> install now
[GVS IDX] epoch 2 anuncia server_idx=[9,10,11,12,13,14,15,16]
[GVS] rma_setup: epoch 2 arrived, 0/8 slots in flight -> install now
[GUSTO CFG] pool efectivo: slots=2 cap=1.1 MiB shadow=no total=2.1 MiB (sin presupuesto definido)
[GVS IDX] epoch 2 anuncia server_idx=[9,10,11,12,13,14,15,16]
[GVS] rma_setup: epoch 2 arrived, 0/8 slots in flight -> install now
[GUSTO CFG] pool efectivo: slots=2 cap=1.1 MiB shadow=no total=2.1 MiB (sin presupuesto definido)
[GVS IDX] epoch 1 anuncia server_idx=[0,1,2,3,4,5,6,7]
[GVS] rma_setup: epoch 1 arrived, 0/0 slots in flight -> install now
GUSTO_METRIC tag=periodic slots_total=8 peak_inflight=1 avg_inflight=0.317 peak_waiters=0 reservations=99 waited=0 wait_us_avg=0.15 admit_rma=99 admit_am=394 rma_pct=20.08 rma_fellback=0 decline_capacity=0 decline_timeout=0 decline_swap=0 decline_epfail=0 ack_sent=0 ack_gen_mismatch=0 ack_on_free=0 ack_applied=98 ack_held=0 ack_released=0 ack_epoch_dropped=0 parked=0
[GUSTO CFG] pool efectivo: slots=2 cap=1.1 MiB shadow=no total=2.1 MiB (sin presupuesto definido)
[GUSTO CFG] pool efectivo: slots=2 cap=1.1 MiB shadow=no total=2.1 MiB (sin presupuesto definido)
[GVS IDX] epoch 2 anuncia server_idx=[9,10,11,12,13,14,15,16]
[GVS] rma_setup: epoch 2 arrived, 0/8 slots in flight -> install now
[GUSTO CFG] pool efectivo: slots=2 cap=1.1 MiB shadow=no total=2.1 MiB (sin presupuesto definido)
[GVS IDX] epoch 1 anuncia server_idx=[0,1,2,3,4,5,6,7]
[GVS] rma_setup: epoch 1 arrived, 0/0 slots in flight -> install now
[GVS IDX] epoch 1 anuncia server_idx=[0,1,2,3,4,5,6,7]
[GVS] rma_setup: epoch 1 arrived, 0/0 slots in flight -> install now
[GUSTO CFG] pool efectivo: slots=2 cap=1.1 MiB shadow=no total=2.1 MiB (sin presupuesto definido)
GUSTO_METRIC tag=periodic slots_total=8 peak_inflight=1 avg_inflight=0.099 peak_waiters=0 reservations=28 waited=0 wait_us_avg=0.22 admit_rma=28 admit_am=112 rma_pct=20.00 rma_fellback=0 decline_capacity=0 decline_timeout=0 decline_swap=0 decline_epfail=0 ack_sent=0 ack_gen_mismatch=0 ack_on_free=0 ack_applied=28 ack_held=0 ack_released=0 ack_epoch_dropped=0 parked=0
GUSTO_METRIC tag=periodic slots_total=8 peak_inflight=1 avg_inflight=0.097 peak_waiters=0 reservations=28 waited=0 wait_us_avg=0.15 admit_rma=28 admit_am=113 rma_pct=19.86 rma_fellback=0 decline_capacity=0 decline_timeout=0 decline_swap=0 decline_epfail=0 ack_sent=0 ack_gen_mismatch=0 ack_on_free=0 ack_applied=28 ack_held=0 ack_released=0 ack_epoch_dropped=0 parked=0
GUSTO_METRIC tag=periodic slots_total=8 peak_inflight=1 avg_inflight=0.054 peak_waiters=0 reservations=14 waited=0 wait_us_avg=0.22 admit_rma=14 admit_am=57 rma_pct=19.72 rma_fellback=0 decline_capacity=0 decline_timeout=0 decline_swap=0 decline_epfail=0 ack_sent=0 ack_gen_mismatch=0 ack_on_free=0 ack_applied=14 ack_held=0 ack_released=0 ack_epoch_dropped=0 parked=0
[GVS IDX] epoch 1 anuncia server_idx=[0,1,2,3,4,5,6,7]
[GVS] rma_setup: epoch 1 arrived, 0/0 slots in flight -> install now
GUSTO_METRIC tag=periodic slots_total=8 peak_inflight=1 avg_inflight=0.159 peak_waiters=0 reservations=50 waited=0 wait_us_avg=0.19 admit_rma=50 admit_am=199 rma_pct=20.08 rma_fellback=0 decline_capacity=0 decline_timeout=0 decline_swap=0 decline_epfail=0 ack_sent=0 ack_gen_mismatch=0 ack_on_free=0 ack_applied=50 ack_held=0 ack_released=0 ack_epoch_dropped=0 parked=0
GUSTO_METRIC tag=periodic slots_total=8 peak_inflight=1 avg_inflight=0.082 peak_waiters=0 reservations=22 waited=0 wait_us_avg=0.21 admit_rma=22 admit_am=87 rma_pct=20.18 rma_fellback=0 decline_capacity=0 decline_timeout=0 decline_swap=0 decline_epfail=0 ack_sent=0 ack_gen_mismatch=0 ack_on_free=0 ack_applied=22 ack_held=0 ack_released=0 ack_epoch_dropped=0 parked=0
GUSTO_METRIC tag=periodic slots_total=8 peak_inflight=1 avg_inflight=0.014 peak_waiters=0 reservations=3 waited=0 wait_us_avg=0.32 admit_rma=3 admit_am=13 rma_pct=18.75 rma_fellback=0 decline_capacity=0 decline_timeout=0 decline_swap=0 decline_epfail=0 ack_sent=0 ack_gen_mismatch=0 ack_on_free=0 ack_applied=3 ack_held=0 ack_released=0 ack_epoch_dropped=0 parked=0
GUSTO_METRIC tag=periodic slots_total=8 peak_inflight=1 avg_inflight=0.009 peak_waiters=0 reservations=2 waited=0 wait_us_avg=0.31 admit_rma=2 admit_am=7 rma_pct=22.22 rma_fellback=0 decline_capacity=0 decline_timeout=0 decline_swap=0 decline_epfail=0 ack_sent=0 ack_gen_mismatch=0 ack_on_free=0 ack_applied=2 ack_held=0 ack_released=0 ack_epoch_dropped=0 parked=0
[GVS IDX] epoch 1 anuncia server_idx=[0,1,2,3,4,5,6,7]
[GVS] rma_setup: epoch 1 arrived, 0/0 slots in flight -> install now
GUSTO_METRIC tag=periodic slots_total=8 peak_inflight=1 avg_inflight=0.022 peak_waiters=0 reservations=2 waited=0 wait_us_avg=0.20 admit_rma=2 admit_am=7 rma_pct=22.22 rma_fellback=0 decline_capacity=0 decline_timeout=0 decline_swap=0 decline_epfail=0 ack_sent=0 ack_gen_mismatch=0 ack_on_free=0 ack_applied=2 ack_held=0 ack_released=0 ack_epoch_dropped=0 parked=0
GUSTO_METRIC tag=periodic slots_total=8 peak_inflight=1 avg_inflight=0.008 peak_waiters=0 reservations=2 waited=0 wait_us_avg=0.20 admit_rma=2 admit_am=7 rma_pct=22.22 rma_fellback=0 decline_capacity=0 decline_timeout=0 decline_swap=0 decline_epfail=0 ack_sent=0 ack_gen_mismatch=0 ack_on_free=0 ack_applied=2 ack_held=0 ack_released=0 ack_epoch_dropped=0 parked=0
[GVS IDX] epoch 2 anuncia server_idx=[9,10,11,12,13,14,15,16]
[GVS] rma_setup: epoch 2 arrived, 0/8 slots in flight -> install now
[GVS IDX] epoch 1 anuncia server_idx=[0,1,2,3,4,5,6,7]
[GVS] rma_setup: epoch 1 arrived, 0/0 slots in flight -> install now
[GVS IDX] epoch 1 anuncia server_idx=[0,1,2,3,4,5,6,7]
[GVS] rma_setup: epoch 1 arrived, 0/0 slots in flight -> install now
[GVS IDX] epoch 1 anuncia server_idx=[0,1,2,3,4,5,6,7]
[GVS] rma_setup: epoch 1 arrived, 0/0 slots in flight -> install now
GUSTO_METRIC tag=periodic slots_total=8 peak_inflight=1 avg_inflight=0.008 peak_waiters=0 reservations=2 waited=0 wait_us_avg=0.23 admit_rma=2 admit_am=7 rma_pct=22.22 rma_fellback=0 decline_capacity=0 decline_timeout=0 decline_swap=0 decline_epfail=0 ack_sent=0 ack_gen_mismatch=0 ack_on_free=0 ack_applied=2 ack_held=0 ack_released=0 ack_epoch_dropped=0 parked=0
[GVS IDX] epoch 1 anuncia server_idx=[0,1,2,3,4,5,6,7]
[GVS] rma_setup: epoch 1 arrived, 0/0 slots in flight -> install now
GUSTO_METRIC tag=periodic slots_total=8 peak_inflight=1 avg_inflight=0.010 peak_waiters=0 reservations=2 waited=0 wait_us_avg=0.25 admit_rma=2 admit_am=7 rma_pct=22.22 rma_fellback=0 decline_capacity=0 decline_timeout=0 decline_swap=0 decline_epfail=0 ack_sent=0 ack_gen_mismatch=0 ack_on_free=0 ack_applied=2 ack_held=0 ack_released=0 ack_epoch_dropped=0 parked=0
[GVS IDX] epoch 1 anuncia server_idx=[0,1,2,3,4,5,6,7]
[GVS] rma_setup: epoch 1 arrived, 0/0 slots in flight -> install now
[GVS IDX] epoch 1 anuncia server_idx=[0,1,2,3,4,5,6,7]
[GVS] rma_setup: epoch 1 arrived, 0/0 slots in flight -> install now
GUSTO_METRIC tag=periodic slots_total=8 peak_inflight=1 avg_inflight=1.000 peak_waiters=0 reservations=1 waited=0 wait_us_avg=0.33 admit_rma=1 admit_am=3 rma_pct=25.00 rma_fellback=0 decline_capacity=0 decline_timeout=0 decline_swap=0 decline_epfail=0 ack_sent=0 ack_gen_mismatch=0 ack_on_free=0 ack_applied=1 ack_held=0 ack_released=0 ack_epoch_dropped=0 parked=0
[GUSTO CFG] pool efectivo: slots=2 cap=1.1 MiB shadow=no total=2.1 MiB (sin presupuesto definido)
GUSTO_METRIC tag=periodic slots_total=8 peak_inflight=1 avg_inflight=0.012 peak_waiters=0 reservations=2 waited=0 wait_us_avg=0.34 admit_rma=2 admit_am=7 rma_pct=22.22 rma_fellback=0 decline_capacity=0 decline_timeout=0 decline_swap=0 decline_epfail=0 ack_sent=0 ack_gen_mismatch=0 ack_on_free=0 ack_applied=2 ack_held=0 ack_released=0 ack_epoch_dropped=0 parked=0
[GVS IDX] epoch 2 anuncia server_idx=[9,10,11,12,13,14,15,16]
[GVS] rma_setup: epoch 2 arrived, 0/8 slots in flight -> install now
GUSTO_METRIC tag=periodic slots_total=8 peak_inflight=1 avg_inflight=1.000 peak_waiters=0 reservations=1 waited=0 wait_us_avg=0.48 admit_rma=1 admit_am=3 rma_pct=25.00 rma_fellback=0 decline_capacity=0 decline_timeout=0 decline_swap=0 decline_epfail=0 ack_sent=0 ack_gen_mismatch=0 ack_on_free=0 ack_applied=1 ack_held=0 ack_released=0 ack_epoch_dropped=0 parked=0
[GUSTO CFG] pool efectivo: slots=2 cap=1.1 MiB shadow=no total=2.1 MiB (sin presupuesto definido)
GUSTO_METRIC tag=periodic slots_total=8 peak_inflight=1 avg_inflight=0.011 peak_waiters=0 reservations=2 waited=0 wait_us_avg=0.20 admit_rma=2 admit_am=7 rma_pct=22.22 rma_fellback=0 decline_capacity=0 decline_timeout=0 decline_swap=0 decline_epfail=0 ack_sent=0 ack_gen_mismatch=0 ack_on_free=0 ack_applied=2 ack_held=0 ack_released=0 ack_epoch_dropped=0 parked=0
[GVS IDX] epoch 2 anuncia server_idx=[9,10,11,12,13,14,15,16]
[GVS] rma_setup: epoch 2 arrived, 0/8 slots in flight -> install now
[GVS IDX] epoch 2 anuncia server_idx=[9,10,11,12,13,14,15,16]
[GVS] rma_setup: epoch 2 arrived, 0/8 slots in flight -> install now
GUSTO_METRIC tag=periodic slots_total=8 peak_inflight=1 avg_inflight=1.000 peak_waiters=0 reservations=1 waited=0 wait_us_avg=0.29 admit_rma=1 admit_am=3 rma_pct=25.00 rma_fellback=0 decline_capacity=0 decline_timeout=0 decline_swap=0 decline_epfail=0 ack_sent=0 ack_gen_mismatch=0 ack_on_free=0 ack_applied=1 ack_held=0 ack_released=0 ack_epoch_dropped=0 parked=0
GUSTO_METRIC tag=periodic slots_total=8 peak_inflight=1 avg_inflight=0.008 peak_waiters=0 reservations=2 waited=0 wait_us_avg=0.27 admit_rma=2 admit_am=7 rma_pct=22.22 rma_fellback=0 decline_capacity=0 decline_timeout=0 decline_swap=0 decline_epfail=0 ack_sent=0 ack_gen_mismatch=0 ack_on_free=0 ack_applied=2 ack_held=0 ack_released=0 ack_epoch_dropped=0 parked=0
[GVS IDX] epoch 2 anuncia server_idx=[9,10,11,12,13,14,15,16]
[GVS] rma_setup: epoch 2 arrived, 0/8 slots in flight -> install now
[GUSTO CFG] pool efectivo: slots=2 cap=1.1 MiB shadow=no total=2.1 MiB (sin presupuesto definido)
GUSTO_METRIC tag=periodic slots_total=8 peak_inflight=1 avg_inflight=1.000 peak_waiters=0 reservations=1 waited=0 wait_us_avg=0.27 admit_rma=1 admit_am=3 rma_pct=25.00 rma_fellback=0 decline_capacity=0 decline_timeout=0 decline_swap=0 decline_epfail=0 ack_sent=0 ack_gen_mismatch=0 ack_on_free=0 ack_applied=1 ack_held=0 ack_released=0 ack_epoch_dropped=0 parked=0
[GUSTO CFG] pool efectivo: slots=2 cap=1.1 MiB shadow=no total=2.1 MiB (sin presupuesto definido)
GUSTO_METRIC tag=periodic slots_total=8 peak_inflight=1 avg_inflight=1.000 peak_waiters=0 reservations=1 waited=0 wait_us_avg=0.45 admit_rma=1 admit_am=3 rma_pct=25.00 rma_fellback=0 decline_capacity=0 decline_timeout=0 decline_swap=0 decline_epfail=0 ack_sent=0 ack_gen_mismatch=0 ack_on_free=0 ack_applied=1 ack_held=0 ack_released=0 ack_epoch_dropped=0 parked=0
[GUSTO CFG] pool efectivo: slots=2 cap=1.1 MiB shadow=no total=2.1 MiB (sin presupuesto definido)
[GVS IDX] epoch 2 anuncia server_idx=[9,10,11,12,13,14,15,16]
[GVS] rma_setup: epoch 2 arrived, 0/8 slots in flight -> install now
GUSTO_METRIC tag=periodic slots_total=8 peak_inflight=1 avg_inflight=1.000 peak_waiters=0 reservations=1 waited=0 wait_us_avg=0.28 admit_rma=1 admit_am=3 rma_pct=25.00 rma_fellback=0 decline_capacity=0 decline_timeout=0 decline_swap=0 decline_epfail=0 ack_sent=0 ack_gen_mismatch=0 ack_on_free=0 ack_applied=1 ack_held=0 ack_released=0 ack_epoch_dropped=0 parked=0
[GUSTO CFG] pool efectivo: slots=2 cap=1.1 MiB shadow=no total=2.1 MiB (sin presupuesto definido)
[GVS IDX] epoch 2 anuncia server_idx=[9,10,11,12,13,14,15,16]
[GVS] rma_setup: epoch 2 arrived, 0/8 slots in flight -> install now
[GVS IDX] epoch 2 anuncia server_idx=[9,10,11,12,13,14,15,16]
[GVS] rma_setup: epoch 2 arrived, 0/8 slots in flight -> install now
[GVS IDX] epoch 2 anuncia server_idx=[9,10,11,12,13,14,15,16]
[GVS] rma_setup: epoch 2 arrived, 0/8 slots in flight -> install now
GUSTO_METRIC tag=periodic slots_total=8 peak_inflight=1 avg_inflight=1.000 peak_waiters=0 reservations=1 waited=0 wait_us_avg=0.33 admit_rma=1 admit_am=3 rma_pct=25.00 rma_fellback=0 decline_capacity=0 decline_timeout=0 decline_swap=0 decline_epfail=0 ack_sent=0 ack_gen_mismatch=0 ack_on_free=0 ack_applied=1 ack_held=0 ack_released=0 ack_epoch_dropped=0 parked=0
[GUSTO CFG] pool efectivo: slots=2 cap=1.1 MiB shadow=no total=2.1 MiB (sin presupuesto definido)
GUSTO_METRIC tag=periodic slots_total=8 peak_inflight=1 avg_inflight=1.000 peak_waiters=0 reservations=1 waited=0 wait_us_avg=0.28 admit_rma=1 admit_am=3 rma_pct=25.00 rma_fellback=0 decline_capacity=0 decline_timeout=0 decline_swap=0 decline_epfail=0 ack_sent=0 ack_gen_mismatch=0 ack_on_free=0 ack_applied=1 ack_held=0 ack_released=0 ack_epoch_dropped=0 parked=0
[GUSTO CFG] pool efectivo: slots=2 cap=1.1 MiB shadow=no total=2.1 MiB (sin presupuesto definido)
[GVS IDX] epoch 2 anuncia server_idx=[9,10,11,12,13,14,15,16]
[GVS] rma_setup: epoch 2 arrived, 0/8 slots in flight -> install now
[GVS IDX] epoch 2 anuncia server_idx=[9,10,11,12,13,14,15,16]
[GVS] rma_setup: epoch 2 arrived, 0/8 slots in flight -> install now
[GUSTO CFG] pool efectivo: slots=2 cap=1.1 MiB shadow=no total=2.1 MiB (sin presupuesto definido)
GUSTO_METRIC tag=periodic slots_total=8 peak_inflight=1 avg_inflight=1.000 peak_waiters=0 reservations=1 waited=0 wait_us_avg=0.20 admit_rma=1 admit_am=3 rma_pct=25.00 rma_fellback=0 decline_capacity=0 decline_timeout=0 decline_swap=0 decline_epfail=0 ack_sent=0 ack_gen_mismatch=0 ack_on_free=0 ack_applied=1 ack_held=0 ack_released=0 ack_epoch_dropped=0 parked=0
[GUSTO CFG] pool efectivo: slots=2 cap=1.1 MiB shadow=no total=2.1 MiB (sin presupuesto definido)
[GVS IDX] epoch 2 anuncia server_idx=[9,10,11,12,13,14,15,16]
[GVS] rma_setup: epoch 2 arrived, 0/8 slots in flight -> install now
[GVS IDX] epoch 2 anuncia server_idx=[9,10,11,12,13,14,15,16]
[GVS] rma_setup: epoch 2 arrived, 0/8 slots in flight -> install now
[GVS IDX] epoch 2 anuncia server_idx=[9,10,11,12,13,14,15,16]
[GVS] rma_setup: epoch 2 arrived, 0/8 slots in flight -> install now
[GVS IDX] epoch 2 anuncia server_idx=[9,10,11,12,13,14,15,16]
[GVS] rma_setup: epoch 2 arrived, 0/8 slots in flight -> install now
[GUSTO CFG] pool efectivo: slots=2 cap=1.1 MiB shadow=no total=2.1 MiB (sin presupuesto definido)
GUSTO_METRIC tag=periodic slots_total=8 peak_inflight=1 avg_inflight=1.000 peak_waiters=0 reservations=1 waited=0 wait_us_avg=0.32 admit_rma=1 admit_am=3 rma_pct=25.00 rma_fellback=0 decline_capacity=0 decline_timeout=0 decline_swap=0 decline_epfail=0 ack_sent=0 ack_gen_mismatch=0 ack_on_free=0 ack_applied=1 ack_held=0 ack_released=0 ack_epoch_dropped=0 parked=0
[GUSTO CFG] pool efectivo: slots=2 cap=1.1 MiB shadow=no total=2.1 MiB (sin presupuesto definido)
[GVS IDX] epoch 2 anuncia server_idx=[9,10,11,12,13,14,15,16]
[GVS] rma_setup: epoch 2 arrived, 0/8 slots in flight -> install now
[GUSTO CFG] pool efectivo: slots=2 cap=1.1 MiB shadow=no total=2.1 MiB (sin presupuesto definido)
GUSTO_METRIC tag=periodic slots_total=8 peak_inflight=1 avg_inflight=1.000 peak_waiters=0 reservations=1 waited=0 wait_us_avg=0.20 admit_rma=1 admit_am=3 rma_pct=25.00 rma_fellback=0 decline_capacity=0 decline_timeout=0 decline_swap=0 decline_epfail=0 ack_sent=0 ack_gen_mismatch=0 ack_on_free=0 ack_applied=1 ack_held=0 ack_released=0 ack_epoch_dropped=0 parked=0
GUSTO_METRIC tag=periodic slots_total=8 peak_inflight=1 avg_inflight=1.000 peak_waiters=0 reservations=1 waited=0 wait_us_avg=0.43 admit_rma=1 admit_am=3 rma_pct=25.00 rma_fellback=0 decline_capacity=0 decline_timeout=0 decline_swap=0 decline_epfail=0 ack_sent=0 ack_gen_mismatch=0 ack_on_free=0 ack_applied=1 ack_held=0 ack_released=0 ack_epoch_dropped=0 parked=0
[GUSTO CFG] pool efectivo: slots=2 cap=1.1 MiB shadow=no total=2.1 MiB (sin presupuesto definido)
[GUSTO CFG] pool efectivo: slots=2 cap=1.1 MiB shadow=no total=2.1 MiB (sin presupuesto definido)
GUSTO_METRIC tag=periodic slots_total=8 peak_inflight=1 avg_inflight=1.000 peak_waiters=0 reservations=1 waited=0 wait_us_avg=0.30 admit_rma=1 admit_am=3 rma_pct=25.00 rma_fellback=0 decline_capacity=0 decline_timeout=0 decline_swap=0 decline_epfail=0 ack_sent=0 ack_gen_mismatch=0 ack_on_free=0 ack_applied=1 ack_held=0 ack_released=0 ack_epoch_dropped=0 parked=0
[GUSTO CFG] pool efectivo: slots=2 cap=1.1 MiB shadow=no total=2.1 MiB (sin presupuesto definido)
GUSTO_METRIC tag=periodic slots_total=8 peak_inflight=1 avg_inflight=0.011 peak_waiters=0 reservations=2 waited=0 wait_us_avg=0.20 admit_rma=2 admit_am=7 rma_pct=22.22 rma_fellback=0 decline_capacity=0 decline_timeout=0 decline_swap=0 decline_epfail=0 ack_sent=0 ack_gen_mismatch=0 ack_on_free=0 ack_applied=2 ack_held=0 ack_released=0 ack_epoch_dropped=0 parked=0
[GVS IDX] epoch 2 anuncia server_idx=[9,10,11,12,13,14,15,16]
[GVS] rma_setup: epoch 2 arrived, 0/8 slots in flight -> install now
GUSTO_METRIC tag=periodic slots_total=8 peak_inflight=1 avg_inflight=0.011 peak_waiters=0 reservations=2 waited=0 wait_us_avg=0.36 admit_rma=2 admit_am=7 rma_pct=22.22 rma_fellback=0 decline_capacity=0 decline_timeout=0 decline_swap=0 decline_epfail=0 ack_sent=0 ack_gen_mismatch=0 ack_on_free=0 ack_applied=2 ack_held=0 ack_released=0 ack_epoch_dropped=0 parked=0
GUSTO_METRIC tag=periodic slots_total=8 peak_inflight=1 avg_inflight=1.000 peak_waiters=0 reservations=1 waited=0 wait_us_avg=2.17 admit_rma=1 admit_am=3 rma_pct=25.00 rma_fellback=0 decline_capacity=0 decline_timeout=0 decline_swap=0 decline_epfail=0 ack_sent=0 ack_gen_mismatch=0 ack_on_free=0 ack_applied=1 ack_held=0 ack_released=0 ack_epoch_dropped=0 parked=0
[GUSTO CFG] pool efectivo: slots=2 cap=1.1 MiB shadow=no total=2.1 MiB (sin presupuesto definido)
GUSTO_METRIC tag=periodic slots_total=8 peak_inflight=1 avg_inflight=0.013 peak_waiters=0 reservations=2 waited=0 wait_us_avg=0.19 admit_rma=2 admit_am=7 rma_pct=22.22 rma_fellback=0 decline_capacity=0 decline_timeout=0 decline_swap=0 decline_epfail=0 ack_sent=0 ack_gen_mismatch=0 ack_on_free=0 ack_applied=2 ack_held=0 ack_released=0 ack_epoch_dropped=0 parked=0
UCX control-plane connected: Connect (25.25.25.2:32222)
UCX control-plane connected: Connect (25.25.25.2:32222)
UCX control-plane connected: Connect (25.25.25.2:32222)
UCX control-plane connected: Connect (25.25.25.2:32222)
UCX control-plane connected: Connect (25.25.25.2:32222)
UCX control-plane connected: Connect (25.25.25.2:32222)
UCX control-plane connected: Connect (25.25.25.2:32222)
UCX control-plane connected: Connect (25.25.25.2:32222)
UCX control-plane connected: Connect (25.25.25.2:32222)
UCX control-plane connected: Connect (25.25.25.2:32222)
UCX control-plane connected: Connect (25.25.25.2:32222)
UCX control-plane connected: Connect (25.25.25.2:32222)
UCX control-plane connected: Connect (25.25.25.2:32222)
UCX control-plane connected: Connect (25.25.25.2:32222)
UCX control-plane connected: Connect (25.25.25.2:32222)
UCX control-plane connected: Connect (25.25.25.2:32222)
UCX control-plane connected: Connect (25.25.25.2:32222)
UCX control-plane connected: Connect (25.25.25.2:32222)
UCX control-plane connected: Connect (25.25.25.2:32222)
UCX control-plane connected: Connect (25.25.25.2:32222)
UCX control-plane connected: Connect (25.25.25.2:32222)
UCX control-plane connected: Connect (25.25.25.2:32222)
UCX control-plane connected: Connect (25.25.25.2:32222)
UCX control-plane connected: Connect (25.25.25.2:32222)
UCX control-plane connected: Connect (25.25.25.2:32222)
UCX control-plane connected: Connect (25.25.25.2:32222)
UCX control-plane connected: Connect (25.25.25.2:32222)
UCX control-plane connected: Connect (25.25.25.2:32222)
UCX control-plane connected: Connect (25.25.25.2:32222)
UCX control-plane connected: Connect (25.25.25.2:32222)
UCX control-plane connected: Connect (25.25.25.2:32222)
UCX control-plane connected: Connect (25.25.25.2:32222)
CSVROW,order_ptds,handle,32,1,100,1,0,none,12414.258
GUSTO_METRIC tag=periodic slots_total=8 peak_inflight=0 avg_inflight=0.000 peak_waiters=0 reservations=0 waited=0 wait_us_avg=0.00 admit_rma=0 admit_am=5 rma_pct=0.00 rma_fellback=0 decline_capacity=0 decline_timeout=0 decline_swap=0 decline_epfail=0 ack_sent=0 ack_gen_mismatch=0 ack_on_free=0 ack_applied=0 ack_held=0 ack_released=0 ack_epoch_dropped=0 parked=0
[GVS] rma teardown: acks descartados por epoch=0, advertisements aparcadas=0
GUSTO_METRIC tag=teardown slots_total=8 peak_inflight=0 avg_inflight=0.000 peak_waiters=0 reservations=0 waited=0 wait_us_avg=0.00 admit_rma=0 admit_am=5 rma_pct=0.00 rma_fellback=0 decline_capacity=0 decline_timeout=0 decline_swap=0 decline_epfail=0 ack_sent=0 ack_gen_mismatch=0 ack_on_free=0 ack_applied=0 ack_held=0 ack_released=0 ack_epoch_dropped=0 parked=0
[GVS] rma coste: reservas=100 (esperaron 0) media=0.13us | cache de registro: aciertos=0 fallos=0 (0.0%) | acks enviados=0 media=0.00us | acks con generacion desajustada=0
[GVS] rma teardown: acks descartados por epoch=0, advertisements aparcadas=0
GUSTO_METRIC tag=teardown slots_total=8 peak_inflight=1 avg_inflight=0.120 peak_waiters=0 reservations=100 waited=0 wait_us_avg=0.13 admit_rma=100 admit_am=402 rma_pct=19.92 rma_fellback=0 decline_capacity=0 decline_timeout=0 decline_swap=0 decline_epfail=0 ack_sent=0 ack_gen_mismatch=0 ack_on_free=0 ack_applied=100 ack_held=0 ack_released=0 ack_epoch_dropped=0 parked=0
[GVS] rma coste: reservas=100 (esperaron 0) media=0.11us | cache de registro: aciertos=0 fallos=0 (0.0%) | acks enviados=0 media=0.00us | acks con generacion desajustada=0
[GVS] rma teardown: acks descartados por epoch=0, advertisements aparcadas=0
GUSTO_METRIC tag=teardown slots_total=8 peak_inflight=1 avg_inflight=0.106 peak_waiters=0 reservations=100 waited=0 wait_us_avg=0.11 admit_rma=100 admit_am=402 rma_pct=19.92 rma_fellback=0 decline_capacity=0 decline_timeout=0 decline_swap=0 decline_epfail=0 ack_sent=0 ack_gen_mismatch=0 ack_on_free=0 ack_applied=100 ack_held=0 ack_released=0 ack_epoch_dropped=0 parked=0
[GVS] rma coste: reservas=100 (esperaron 0) media=0.10us | cache de registro: aciertos=0 fallos=0 (0.0%) | acks enviados=0 media=0.00us | acks con generacion desajustada=0
[GVS] rma teardown: acks descartados por epoch=0, advertisements aparcadas=0
GUSTO_METRIC tag=teardown slots_total=8 peak_inflight=1 avg_inflight=0.010 peak_waiters=0 reservations=100 waited=0 wait_us_avg=0.10 admit_rma=100 admit_am=402 rma_pct=19.92 rma_fellback=0 decline_capacity=0 decline_timeout=0 decline_swap=0 decline_epfail=0 ack_sent=0 ack_gen_mismatch=0 ack_on_free=0 ack_applied=100 ack_held=0 ack_released=0 ack_epoch_dropped=0 parked=0
[GVS] rma coste: reservas=100 (esperaron 0) media=0.08us | cache de registro: aciertos=0 fallos=0 (0.0%) | acks enviados=0 media=0.00us | acks con generacion desajustada=0
[GVS] rma teardown: acks descartados por epoch=0, advertisements aparcadas=0
GUSTO_METRIC tag=teardown slots_total=8 peak_inflight=1 avg_inflight=0.051 peak_waiters=0 reservations=100 waited=0 wait_us_avg=0.08 admit_rma=100 admit_am=402 rma_pct=19.92 rma_fellback=0 decline_capacity=0 decline_timeout=0 decline_swap=0 decline_epfail=0 ack_sent=0 ack_gen_mismatch=0 ack_on_free=0 ack_applied=100 ack_held=0 ack_released=0 ack_epoch_dropped=0 parked=0
[GVS] rma coste: reservas=100 (esperaron 0) media=0.12us | cache de registro: aciertos=0 fallos=0 (0.0%) | acks enviados=0 media=0.00us | acks con generacion desajustada=0
[GVS] rma teardown: acks descartados por epoch=0, advertisements aparcadas=0
GUSTO_METRIC tag=teardown slots_total=8 peak_inflight=1 avg_inflight=0.113 peak_waiters=0 reservations=100 waited=0 wait_us_avg=0.12 admit_rma=100 admit_am=402 rma_pct=19.92 rma_fellback=0 decline_capacity=0 decline_timeout=0 decline_swap=0 decline_epfail=0 ack_sent=0 ack_gen_mismatch=0 ack_on_free=0 ack_applied=100 ack_held=0 ack_released=0 ack_epoch_dropped=0 parked=0
[GVS] rma coste: reservas=100 (esperaron 0) media=0.11us | cache de registro: aciertos=0 fallos=0 (0.0%) | acks enviados=0 media=0.00us | acks con generacion desajustada=0
[GVS] rma teardown: acks descartados por epoch=0, advertisements aparcadas=0
GUSTO_METRIC tag=teardown slots_total=8 peak_inflight=1 avg_inflight=0.101 peak_waiters=0 reservations=100 waited=0 wait_us_avg=0.11 admit_rma=100 admit_am=402 rma_pct=19.92 rma_fellback=0 decline_capacity=0 decline_timeout=0 decline_swap=0 decline_epfail=0 ack_sent=0 ack_gen_mismatch=0 ack_on_free=0 ack_applied=100 ack_held=0 ack_released=0 ack_epoch_dropped=0 parked=0
[GVS] rma coste: reservas=100 (esperaron 0) media=0.12us | cache de registro: aciertos=0 fallos=0 (0.0%) | acks enviados=0 media=0.00us | acks con generacion desajustada=0
[GVS] rma teardown: acks descartados por epoch=0, advertisements aparcadas=0
GUSTO_METRIC tag=teardown slots_total=8 peak_inflight=1 avg_inflight=0.093 peak_waiters=0 reservations=100 waited=0 wait_us_avg=0.12 admit_rma=100 admit_am=402 rma_pct=19.92 rma_fellback=0 decline_capacity=0 decline_timeout=0 decline_swap=0 decline_epfail=0 ack_sent=0 ack_gen_mismatch=0 ack_on_free=0 ack_applied=100 ack_held=0 ack_released=0 ack_epoch_dropped=0 parked=0
[GVS] rma coste: reservas=100 (esperaron 0) media=0.15us | cache de registro: aciertos=0 fallos=0 (0.0%) | acks enviados=0 media=0.00us | acks con generacion desajustada=0
[GVS] rma teardown: acks descartados por epoch=0, advertisements aparcadas=0
GUSTO_METRIC tag=teardown slots_total=8 peak_inflight=1 avg_inflight=0.319 peak_waiters=0 reservations=100 waited=0 wait_us_avg=0.15 admit_rma=100 admit_am=402 rma_pct=19.92 rma_fellback=0 decline_capacity=0 decline_timeout=0 decline_swap=0 decline_epfail=0 ack_sent=0 ack_gen_mismatch=0 ack_on_free=0 ack_applied=100 ack_held=0 ack_released=0 ack_epoch_dropped=0 parked=0
[GVS] rma coste: reservas=100 (esperaron 0) media=0.15us | cache de registro: aciertos=0 fallos=0 (0.0%) | acks enviados=0 media=0.00us | acks con generacion desajustada=0
[GVS] rma teardown: acks descartados por epoch=0, advertisements aparcadas=0
GUSTO_METRIC tag=teardown slots_total=8 peak_inflight=1 avg_inflight=0.118 peak_waiters=0 reservations=100 waited=0 wait_us_avg=0.15 admit_rma=100 admit_am=402 rma_pct=19.92 rma_fellback=0 decline_capacity=0 decline_timeout=0 decline_swap=0 decline_epfail=0 ack_sent=0 ack_gen_mismatch=0 ack_on_free=0 ack_applied=100 ack_held=0 ack_released=0 ack_epoch_dropped=0 parked=0
[GVS] rma coste: reservas=100 (esperaron 0) media=0.13us | cache de registro: aciertos=0 fallos=0 (0.0%) | acks enviados=0 media=0.00us | acks con generacion desajustada=0
[GVS] rma teardown: acks descartados por epoch=0, advertisements aparcadas=0
GUSTO_METRIC tag=teardown slots_total=8 peak_inflight=1 avg_inflight=0.107 peak_waiters=0 reservations=100 waited=0 wait_us_avg=0.13 admit_rma=100 admit_am=402 rma_pct=19.92 rma_fellback=0 decline_capacity=0 decline_timeout=0 decline_swap=0 decline_epfail=0 ack_sent=0 ack_gen_mismatch=0 ack_on_free=0 ack_applied=100 ack_held=0 ack_released=0 ack_epoch_dropped=0 parked=0
[GVS] rma coste: reservas=100 (esperaron 0) media=0.11us | cache de registro: aciertos=0 fallos=0 (0.0%) | acks enviados=0 media=0.00us | acks con generacion desajustada=0
[GVS] rma teardown: acks descartados por epoch=0, advertisements aparcadas=0
GUSTO_METRIC tag=teardown slots_total=8 peak_inflight=1 avg_inflight=0.140 peak_waiters=0 reservations=100 waited=0 wait_us_avg=0.11 admit_rma=100 admit_am=402 rma_pct=19.92 rma_fellback=0 decline_capacity=0 decline_timeout=0 decline_swap=0 decline_epfail=0 ack_sent=0 ack_gen_mismatch=0 ack_on_free=0 ack_applied=100 ack_held=0 ack_released=0 ack_epoch_dropped=0 parked=0
[GVS] rma coste: reservas=100 (esperaron 0) media=0.08us | cache de registro: aciertos=0 fallos=0 (0.0%) | acks enviados=0 media=0.00us | acks con generacion desajustada=0
[GVS] rma teardown: acks descartados por epoch=0, advertisements aparcadas=0
GUSTO_METRIC tag=teardown slots_total=8 peak_inflight=1 avg_inflight=0.071 peak_waiters=0 reservations=100 waited=0 wait_us_avg=0.08 admit_rma=100 admit_am=402 rma_pct=19.92 rma_fellback=0 decline_capacity=0 decline_timeout=0 decline_swap=0 decline_epfail=0 ack_sent=0 ack_gen_mismatch=0 ack_on_free=0 ack_applied=100 ack_held=0 ack_released=0 ack_epoch_dropped=0 parked=0
[GVS] rma coste: reservas=100 (esperaron 0) media=0.12us | cache de registro: aciertos=0 fallos=0 (0.0%) | acks enviados=0 media=0.00us | acks con generacion desajustada=0
[GVS] rma teardown: acks descartados por epoch=0, advertisements aparcadas=0
GUSTO_METRIC tag=teardown slots_total=8 peak_inflight=1 avg_inflight=0.156 peak_waiters=0 reservations=100 waited=0 wait_us_avg=0.12 admit_rma=100 admit_am=402 rma_pct=19.92 rma_fellback=0 decline_capacity=0 decline_timeout=0 decline_swap=0 decline_epfail=0 ack_sent=0 ack_gen_mismatch=0 ack_on_free=0 ack_applied=100 ack_held=0 ack_released=0 ack_epoch_dropped=0 parked=0
[GVS] rma coste: reservas=100 (esperaron 0) media=0.15us | cache de registro: aciertos=0 fallos=0 (0.0%) | acks enviados=0 media=0.00us | acks con generacion desajustada=0
[GVS] rma teardown: acks descartados por epoch=0, advertisements aparcadas=0
GUSTO_METRIC tag=teardown slots_total=8 peak_inflight=1 avg_inflight=0.100 peak_waiters=0 reservations=100 waited=0 wait_us_avg=0.15 admit_rma=100 admit_am=402 rma_pct=19.92 rma_fellback=0 decline_capacity=0 decline_timeout=0 decline_swap=0 decline_epfail=0 ack_sent=0 ack_gen_mismatch=0 ack_on_free=0 ack_applied=100 ack_held=0 ack_released=0 ack_epoch_dropped=0 parked=0
[GVS] rma coste: reservas=100 (esperaron 0) media=0.08us | cache de registro: aciertos=0 fallos=0 (0.0%) | acks enviados=0 media=0.00us | acks con generacion desajustada=0
[GVS] rma teardown: acks descartados por epoch=0, advertisements aparcadas=0
GUSTO_METRIC tag=teardown slots_total=8 peak_inflight=1 avg_inflight=0.042 peak_waiters=0 reservations=100 waited=0 wait_us_avg=0.08 admit_rma=100 admit_am=402 rma_pct=19.92 rma_fellback=0 decline_capacity=0 decline_timeout=0 decline_swap=0 decline_epfail=0 ack_sent=0 ack_gen_mismatch=0 ack_on_free=0 ack_applied=100 ack_held=0 ack_released=0 ack_epoch_dropped=0 parked=0
[GVS] rma coste: reservas=100 (esperaron 0) media=0.10us | cache de registro: aciertos=0 fallos=0 (0.0%) | acks enviados=0 media=0.00us | acks con generacion desajustada=0
[GVS] rma teardown: acks descartados por epoch=0, advertisements aparcadas=0
GUSTO_METRIC tag=teardown slots_total=8 peak_inflight=1 avg_inflight=0.106 peak_waiters=0 reservations=100 waited=0 wait_us_avg=0.10 admit_rma=100 admit_am=402 rma_pct=19.92 rma_fellback=0 decline_capacity=0 decline_timeout=0 decline_swap=0 decline_epfail=0 ack_sent=0 ack_gen_mismatch=0 ack_on_free=0 ack_applied=100 ack_held=0 ack_released=0 ack_epoch_dropped=0 parked=0
[GVS] rma coste: reservas=100 (esperaron 0) media=0.14us | cache de registro: aciertos=0 fallos=0 (0.0%) | acks enviados=0 media=0.00us | acks con generacion desajustada=0
[GVS] rma teardown: acks descartados por epoch=0, advertisements aparcadas=0
GUSTO_METRIC tag=teardown slots_total=8 peak_inflight=1 avg_inflight=0.188 peak_waiters=0 reservations=100 waited=0 wait_us_avg=0.14 admit_rma=100 admit_am=402 rma_pct=19.92 rma_fellback=0 decline_capacity=0 decline_timeout=0 decline_swap=0 decline_epfail=0 ack_sent=0 ack_gen_mismatch=0 ack_on_free=0 ack_applied=100 ack_held=0 ack_released=0 ack_epoch_dropped=0 parked=0
[GVS] rma coste: reservas=100 (esperaron 0) media=0.11us | cache de registro: aciertos=0 fallos=0 (0.0%) | acks enviados=0 media=0.00us | acks con generacion desajustada=0
[GVS] rma teardown: acks descartados por epoch=0, advertisements aparcadas=0
GUSTO_METRIC tag=teardown slots_total=8 peak_inflight=1 avg_inflight=0.111 peak_waiters=0 reservations=100 waited=0 wait_us_avg=0.11 admit_rma=100 admit_am=402 rma_pct=19.92 rma_fellback=0 decline_capacity=0 decline_timeout=0 decline_swap=0 decline_epfail=0 ack_sent=0 ack_gen_mismatch=0 ack_on_free=0 ack_applied=100 ack_held=0 ack_released=0 ack_epoch_dropped=0 parked=0
[GVS] rma coste: reservas=100 (esperaron 0) media=0.08us | cache de registro: aciertos=0 fallos=0 (0.0%) | acks enviados=0 media=0.00us | acks con generacion desajustada=0
[GVS] rma teardown: acks descartados por epoch=0, advertisements aparcadas=0
GUSTO_METRIC tag=teardown slots_total=8 peak_inflight=1 avg_inflight=0.054 peak_waiters=0 reservations=100 waited=0 wait_us_avg=0.08 admit_rma=100 admit_am=402 rma_pct=19.92 rma_fellback=0 decline_capacity=0 decline_timeout=0 decline_swap=0 decline_epfail=0 ack_sent=0 ack_gen_mismatch=0 ack_on_free=0 ack_applied=100 ack_held=0 ack_released=0 ack_epoch_dropped=0 parked=0
[GVS] rma coste: reservas=100 (esperaron 0) media=0.11us | cache de registro: aciertos=0 fallos=0 (0.0%) | acks enviados=0 media=0.00us | acks con generacion desajustada=0
[GVS] rma teardown: acks descartados por epoch=0, advertisements aparcadas=0
GUSTO_METRIC tag=teardown slots_total=8 peak_inflight=1 avg_inflight=0.140 peak_waiters=0 reservations=100 waited=0 wait_us_avg=0.11 admit_rma=100 admit_am=402 rma_pct=19.92 rma_fellback=0 decline_capacity=0 decline_timeout=0 decline_swap=0 decline_epfail=0 ack_sent=0 ack_gen_mismatch=0 ack_on_free=0 ack_applied=100 ack_held=0 ack_released=0 ack_epoch_dropped=0 parked=0
[GVS] rma coste: reservas=100 (esperaron 0) media=0.11us | cache de registro: aciertos=0 fallos=0 (0.0%) | acks enviados=0 media=0.00us | acks con generacion desajustada=0
[GVS] rma teardown: acks descartados por epoch=0, advertisements aparcadas=0
GUSTO_METRIC tag=teardown slots_total=8 peak_inflight=1 avg_inflight=0.152 peak_waiters=0 reservations=100 waited=0 wait_us_avg=0.11 admit_rma=100 admit_am=402 rma_pct=19.92 rma_fellback=0 decline_capacity=0 decline_timeout=0 decline_swap=0 decline_epfail=0 ack_sent=0 ack_gen_mismatch=0 ack_on_free=0 ack_applied=100 ack_held=0 ack_released=0 ack_epoch_dropped=0 parked=0
[GVS] rma coste: reservas=100 (esperaron 0) media=0.08us | cache de registro: aciertos=0 fallos=0 (0.0%) | acks enviados=0 media=0.00us | acks con generacion desajustada=0
[GVS] rma teardown: acks descartados por epoch=0, advertisements aparcadas=0
GUSTO_METRIC tag=teardown slots_total=8 peak_inflight=1 avg_inflight=0.018 peak_waiters=0 reservations=100 waited=0 wait_us_avg=0.08 admit_rma=100 admit_am=402 rma_pct=19.92 rma_fellback=0 decline_capacity=0 decline_timeout=0 decline_swap=0 decline_epfail=0 ack_sent=0 ack_gen_mismatch=0 ack_on_free=0 ack_applied=100 ack_held=0 ack_released=0 ack_epoch_dropped=0 parked=0
[GVS] rma coste: reservas=100 (esperaron 0) media=0.17us | cache de registro: aciertos=0 fallos=0 (0.0%) | acks enviados=0 media=0.00us | acks con generacion desajustada=0
[GVS] rma teardown: acks descartados por epoch=0, advertisements aparcadas=0
GUSTO_METRIC tag=teardown slots_total=8 peak_inflight=1 avg_inflight=0.126 peak_waiters=0 reservations=100 waited=0 wait_us_avg=0.17 admit_rma=100 admit_am=402 rma_pct=19.92 rma_fellback=0 decline_capacity=0 decline_timeout=0 decline_swap=0 decline_epfail=0 ack_sent=0 ack_gen_mismatch=0 ack_on_free=0 ack_applied=100 ack_held=0 ack_released=0 ack_epoch_dropped=0 parked=0
[GVS] rma coste: reservas=100 (esperaron 0) media=0.07us | cache de registro: aciertos=0 fallos=0 (0.0%) | acks enviados=0 media=0.00us | acks con generacion desajustada=0
[GVS] rma teardown: acks descartados por epoch=0, advertisements aparcadas=0
GUSTO_METRIC tag=teardown slots_total=8 peak_inflight=1 avg_inflight=0.019 peak_waiters=0 reservations=100 waited=0 wait_us_avg=0.07 admit_rma=100 admit_am=402 rma_pct=19.92 rma_fellback=0 decline_capacity=0 decline_timeout=0 decline_swap=0 decline_epfail=0 ack_sent=0 ack_gen_mismatch=0 ack_on_free=0 ack_applied=100 ack_held=0 ack_released=0 ack_epoch_dropped=0 parked=0
[GVS] rma coste: reservas=100 (esperaron 0) media=0.08us | cache de registro: aciertos=0 fallos=0 (0.0%) | acks enviados=0 media=0.00us | acks con generacion desajustada=0
[GVS] rma teardown: acks descartados por epoch=0, advertisements aparcadas=0
GUSTO_METRIC tag=teardown slots_total=8 peak_inflight=1 avg_inflight=0.040 peak_waiters=0 reservations=100 waited=0 wait_us_avg=0.08 admit_rma=100 admit_am=402 rma_pct=19.92 rma_fellback=0 decline_capacity=0 decline_timeout=0 decline_swap=0 decline_epfail=0 ack_sent=0 ack_gen_mismatch=0 ack_on_free=0 ack_applied=100 ack_held=0 ack_released=0 ack_epoch_dropped=0 parked=0
[GVS] rma coste: reservas=100 (esperaron 0) media=0.09us | cache de registro: aciertos=0 fallos=0 (0.0%) | acks enviados=0 media=0.00us | acks con generacion desajustada=0
[GVS] rma teardown: acks descartados por epoch=0, advertisements aparcadas=0
GUSTO_METRIC tag=teardown slots_total=8 peak_inflight=1 avg_inflight=0.088 peak_waiters=0 reservations=100 waited=0 wait_us_avg=0.09 admit_rma=100 admit_am=402 rma_pct=19.92 rma_fellback=0 decline_capacity=0 decline_timeout=0 decline_swap=0 decline_epfail=0 ack_sent=0 ack_gen_mismatch=0 ack_on_free=0 ack_applied=100 ack_held=0 ack_released=0 ack_epoch_dropped=0 parked=0
[GVS] rma coste: reservas=100 (esperaron 0) media=0.11us | cache de registro: aciertos=0 fallos=0 (0.0%) | acks enviados=0 media=0.00us | acks con generacion desajustada=0
[GVS] rma teardown: acks descartados por epoch=0, advertisements aparcadas=0
GUSTO_METRIC tag=teardown slots_total=8 peak_inflight=1 avg_inflight=0.097 peak_waiters=0 reservations=100 waited=0 wait_us_avg=0.11 admit_rma=100 admit_am=402 rma_pct=19.92 rma_fellback=0 decline_capacity=0 decline_timeout=0 decline_swap=0 decline_epfail=0 ack_sent=0 ack_gen_mismatch=0 ack_on_free=0 ack_applied=100 ack_held=0 ack_released=0 ack_epoch_dropped=0 parked=0
[GVS] rma coste: reservas=100 (esperaron 0) media=0.08us | cache de registro: aciertos=0 fallos=0 (0.0%) | acks enviados=0 media=0.00us | acks con generacion desajustada=0
[GVS] rma teardown: acks descartados por epoch=0, advertisements aparcadas=0
GUSTO_METRIC tag=teardown slots_total=8 peak_inflight=1 avg_inflight=0.070 peak_waiters=0 reservations=100 waited=0 wait_us_avg=0.08 admit_rma=100 admit_am=402 rma_pct=19.92 rma_fellback=0 decline_capacity=0 decline_timeout=0 decline_swap=0 decline_epfail=0 ack_sent=0 ack_gen_mismatch=0 ack_on_free=0 ack_applied=100 ack_held=0 ack_released=0 ack_epoch_dropped=0 parked=0
[GVS] rma coste: reservas=100 (esperaron 0) media=0.11us | cache de registro: aciertos=0 fallos=0 (0.0%) | acks enviados=0 media=0.00us | acks con generacion desajustada=0
[GVS] rma teardown: acks descartados por epoch=0, advertisements aparcadas=0
GUSTO_METRIC tag=teardown slots_total=8 peak_inflight=1 avg_inflight=0.156 peak_waiters=0 reservations=100 waited=0 wait_us_avg=0.11 admit_rma=100 admit_am=402 rma_pct=19.92 rma_fellback=0 decline_capacity=0 decline_timeout=0 decline_swap=0 decline_epfail=0 ack_sent=0 ack_gen_mismatch=0 ack_on_free=0 ack_applied=100 ack_held=0 ack_released=0 ack_epoch_dropped=0 parked=0
[GVS] rma coste: reservas=100 (esperaron 0) media=0.10us | cache de registro: aciertos=0 fallos=0 (0.0%) | acks enviados=0 media=0.00us | acks con generacion desajustada=0
[GVS] rma teardown: acks descartados por epoch=0, advertisements aparcadas=0
GUSTO_METRIC tag=teardown slots_total=8 peak_inflight=1 avg_inflight=0.062 peak_waiters=0 reservations=100 waited=0 wait_us_avg=0.10 admit_rma=100 admit_am=402 rma_pct=19.92 rma_fellback=0 decline_capacity=0 decline_timeout=0 decline_swap=0 decline_epfail=0 ack_sent=0 ack_gen_mismatch=0 ack_on_free=0 ack_applied=100 ack_held=0 ack_released=0 ack_epoch_dropped=0 parked=0
[GVS] rma coste: reservas=100 (esperaron 0) media=0.08us | cache de registro: aciertos=0 fallos=0 (0.0%) | acks enviados=0 media=0.00us | acks con generacion desajustada=0
[GVS] rma teardown: acks descartados por epoch=0, advertisements aparcadas=0
GUSTO_METRIC tag=teardown slots_total=8 peak_inflight=1 avg_inflight=0.025 peak_waiters=0 reservations=100 waited=0 wait_us_avg=0.08 admit_rma=100 admit_am=402 rma_pct=19.92 rma_fellback=0 decline_capacity=0 decline_timeout=0 decline_swap=0 decline_epfail=0 ack_sent=0 ack_gen_mismatch=0 ack_on_free=0 ack_applied=100 ack_held=0 ack_released=0 ack_epoch_dropped=0 parked=0
[GVS] rma coste: reservas=100 (esperaron 0) media=0.12us | cache de registro: aciertos=0 fallos=0 (0.0%) | acks enviados=0 media=0.00us | acks con generacion desajustada=0
[GVS] rma teardown: acks descartados por epoch=0, advertisements aparcadas=0
GUSTO_METRIC tag=teardown slots_total=8 peak_inflight=1 avg_inflight=0.115 peak_waiters=0 reservations=100 waited=0 wait_us_avg=0.12 admit_rma=100 admit_am=402 rma_pct=19.92 rma_fellback=0 decline_capacity=0 decline_timeout=0 decline_swap=0 decline_epfail=0 ack_sent=0 ack_gen_mismatch=0 ack_on_free=0 ack_applied=100 ack_held=0 ack_released=0 ack_epoch_dropped=0 parked=0
