DEBUG: protocol string is [ucx]
[GVS] GPUDirect=disabled (GVIRTUS_GPUDIRECT=1 but probe FAILED: cudaMalloc(4K) failed (no GPU? OOM?)) - falling back to host slots, behavior unchanged
[GVS IDX] epoch 1 anuncia server_idx=[0,1,2,3,4,5,6,7]
[GVS] rma_setup: epoch 1 arrived, 0/0 slots in flight -> install now
UCX control-plane connected: Connect (25.25.25.2:32222)
DEBUG: protocol string is [ucx]
[GVS] GPUDirect=disabled (GVIRTUS_GPUDIRECT=1 but probe FAILED: cudaMalloc(4K) failed (no GPU? OOM?)) - falling back to host slots, behavior unchanged
[GVS IDX] epoch 1 anuncia server_idx=[0,1,2,3,4,5,6,7]
[GVS] rma_setup: epoch 1 arrived, 0/0 slots in flight -> install now
# variant=handle threads=32 iters=10000 bytes=65536 seed=1
# cudaStreamPerThread=0x2 cudaStreamLegacy=0x1
UCX control-plane connected: Connect (25.25.25.2:32222)
INFO - Parsed endpoint suite: ucx
INFO - Parsing endpoint config from: /opt/GVirtuS/etc/properties_ucx.json
INFO - Using properties file: /opt/GVirtuS/etc/properties_ucx.json
INFO - Using properties file: /opt/GVirtuS/etc/properties_ucx.json
INFO - Parsing endpoint config from: /opt/GVirtuS/etc/properties_ucx.json
DEBUG: protocol string is [ucx]
DEBUG: protocol string is [ucx]
DEBUG: protocol string is [ucx]
DEBUG: protocol string is [ucx]
DEBUG: protocol string is [ucx]
DEBUG: protocol string is [ucx]
DEBUG: protocol string is [ucx]
INFO - Using properties file: /opt/GVirtuS/etc/properties_ucx.json
DEBUG: protocol string is [ucx]
DEBUG: protocol string is [ucx]
DEBUG: protocol string is [ucx]
INFO - Parsed endpoint suite: ucx
INFO - Parsed endpoint suite: ucx
DEBUG: protocol string is [ucx]
DEBUG: protocol string is [ucx]
DEBUG: protocol string is [ucx]
DEBUG: protocol string is [ucx]
DEBUG: protocol string is [ucx]
DEBUG: protocol string is [ucx]
DEBUG: protocol string is [ucx]
DEBUG: protocol string is [ucx]
DEBUG: protocol string is [ucx]
DEBUG: protocol string is [ucx]
DEBUG: protocol string is [ucx]
DEBUG: protocol string is [ucx]
DEBUG: protocol string is [ucx]
DEBUG: protocol string is [ucx]
DEBUG: protocol string is [ucx]
DEBUG: protocol string is [ucx]
DEBUG: protocol string is [ucx]
DEBUG: protocol string is [ucx]
DEBUG: protocol string is [ucx]
DEBUG: protocol string is [ucx]
DEBUG: protocol string is [ucx]
DEBUG: protocol string is [ucx]
[GVS] GPUDirect=disabled (GVIRTUS_GPUDIRECT=1 but probe FAILED: cudaMalloc(4K) failed (no GPU? OOM?)) - falling back to host slots, behavior unchanged
[GVS] GPUDirect=disabled (GVIRTUS_GPUDIRECT=1 but probe FAILED: cudaMalloc(4K) failed (no GPU? OOM?)) - falling back to host slots, behavior unchanged
[GVS] GPUDirect=disabled (GVIRTUS_GPUDIRECT=1 but probe FAILED: cudaMalloc(4K) failed (no GPU? OOM?)) - falling back to host slots, behavior unchanged
[GVS] GPUDirect=disabled (GVIRTUS_GPUDIRECT=1 but probe FAILED: cudaMalloc(4K) failed (no GPU? OOM?)) - falling back to host slots, behavior unchanged
[GVS] GPUDirect=disabled (GVIRTUS_GPUDIRECT=1 but probe FAILED: cudaMalloc(4K) failed (no GPU? OOM?)) - falling back to host slots, behavior unchanged
[GVS] GPUDirect=disabled (GVIRTUS_GPUDIRECT=1 but probe FAILED: cudaMalloc(4K) failed (no GPU? OOM?)) - falling back to host slots, behavior unchanged
[GVS] GPUDirect=disabled (GVIRTUS_GPUDIRECT=1 but probe FAILED: cudaMalloc(4K) failed (no GPU? OOM?)) - falling back to host slots, behavior unchanged
[GVS] GPUDirect=disabled (GVIRTUS_GPUDIRECT=1 but probe FAILED: cudaMalloc(4K) failed (no GPU? OOM?)) - falling back to host slots, behavior unchanged
[GVS] GPUDirect=disabled (GVIRTUS_GPUDIRECT=1 but probe FAILED: cudaMalloc(4K) failed (no GPU? OOM?)) - falling back to host slots, behavior unchanged
[GVS] GPUDirect=disabled (GVIRTUS_GPUDIRECT=1 but probe FAILED: cudaMalloc(4K) failed (no GPU? OOM?)) - falling back to host slots, behavior unchanged
[GVS] GPUDirect=disabled (GVIRTUS_GPUDIRECT=1 but probe FAILED: cudaMalloc(4K) failed (no GPU? OOM?)) - falling back to host slots, behavior unchanged
[GVS] GPUDirect=disabled (GVIRTUS_GPUDIRECT=1 but probe FAILED: cudaMalloc(4K) failed (no GPU? OOM?)) - falling back to host slots, behavior unchanged
[GVS] GPUDirect=disabled (GVIRTUS_GPUDIRECT=1 but probe FAILED: cudaMalloc(4K) failed (no GPU? OOM?)) - falling back to host slots, behavior unchanged
[GVS] GPUDirect=disabled (GVIRTUS_GPUDIRECT=1 but probe FAILED: cudaMalloc(4K) failed (no GPU? OOM?)) - falling back to host slots, behavior unchanged
[GVS] GPUDirect=disabled (GVIRTUS_GPUDIRECT=1 but probe FAILED: cudaMalloc(4K) failed (no GPU? OOM?)) - falling back to host slots, behavior unchanged
[GVS] GPUDirect=disabled (GVIRTUS_GPUDIRECT=1 but probe FAILED: cudaMalloc(4K) failed (no GPU? OOM?)) - falling back to host slots, behavior unchanged
[GVS] GPUDirect=disabled (GVIRTUS_GPUDIRECT=1 but probe FAILED: cudaMalloc(4K) failed (no GPU? OOM?)) - falling back to host slots, behavior unchanged
[GVS] GPUDirect=disabled (GVIRTUS_GPUDIRECT=1 but probe FAILED: cudaMalloc(4K) failed (no GPU? OOM?)) - falling back to host slots, behavior unchanged
[GVS] GPUDirect=disabled (GVIRTUS_GPUDIRECT=1 but probe FAILED: cudaMalloc(4K) failed (no GPU? OOM?)) - falling back to host slots, behavior unchanged
[GVS] GPUDirect=disabled (GVIRTUS_GPUDIRECT=1 but probe FAILED: cudaMalloc(4K) failed (no GPU? OOM?)) - falling back to host slots, behavior unchanged
[GVS] GPUDirect=disabled (GVIRTUS_GPUDIRECT=1 but probe FAILED: cudaMalloc(4K) failed (no GPU? OOM?)) - falling back to host slots, behavior unchanged
[GVS] GPUDirect=disabled (GVIRTUS_GPUDIRECT=1 but probe FAILED: cudaMalloc(4K) failed (no GPU? OOM?)) - falling back to host slots, behavior unchanged
[GVS] GPUDirect=disabled (GVIRTUS_GPUDIRECT=1 but probe FAILED: cudaMalloc(4K) failed (no GPU? OOM?)) - falling back to host slots, behavior unchanged
[GVS] GPUDirect=disabled (GVIRTUS_GPUDIRECT=1 but probe FAILED: cudaMalloc(4K) failed (no GPU? OOM?)) - falling back to host slots, behavior unchanged
[GVS] GPUDirect=disabled (GVIRTUS_GPUDIRECT=1 but probe FAILED: cudaMalloc(4K) failed (no GPU? OOM?)) - falling back to host slots, behavior unchanged
[GVS] GPUDirect=disabled (GVIRTUS_GPUDIRECT=1 but probe FAILED: cudaMalloc(4K) failed (no GPU? OOM?)) - falling back to host slots, behavior unchanged
[GVS] GPUDirect=disabled (GVIRTUS_GPUDIRECT=1 but probe FAILED: cudaMalloc(4K) failed (no GPU? OOM?)) - falling back to host slots, behavior unchanged
[GVS] GPUDirect=disabled (GVIRTUS_GPUDIRECT=1 but probe FAILED: cudaMalloc(4K) failed (no GPU? OOM?)) - falling back to host slots, behavior unchanged
[GVS] GPUDirect=disabled (GVIRTUS_GPUDIRECT=1 but probe FAILED: cudaMalloc(4K) failed (no GPU? OOM?)) - falling back to host slots, behavior unchanged
[GVS] GPUDirect=disabled (GVIRTUS_GPUDIRECT=1 but probe FAILED: cudaMalloc(4K) failed (no GPU? OOM?)) - falling back to host slots, behavior unchanged
[GVS] GPUDirect=disabled (GVIRTUS_GPUDIRECT=1 but probe FAILED: cudaMalloc(4K) failed (no GPU? OOM?)) - falling back to host slots, behavior unchanged
[GVS] GPUDirect=disabled (GVIRTUS_GPUDIRECT=1 but probe FAILED: cudaMalloc(4K) failed (no GPU? OOM?)) - falling back to host slots, behavior unchanged
[GVS IDX] epoch 1 anuncia server_idx=[0,1,2,3,4,5,6,7]
[GVS] rma_setup: epoch 1 arrived, 0/0 slots in flight -> install now
[GVS IDX] epoch 1 anuncia server_idx=[0,1,2,3,4,5,6,7]
[GVS] rma_setup: epoch 1 arrived, 0/0 slots in flight -> install now
[GVS IDX] epoch 1 anuncia server_idx=[0,1,2,3,4,5,6,7]
[GVS] rma_setup: epoch 1 arrived, 0/0 slots in flight -> install now
[GVS IDX] epoch 1 anuncia server_idx=[0,1,2,3,4,5,6,7]
[GVS] rma_setup: epoch 1 arrived, 0/0 slots in flight -> install now
[GVS IDX] epoch 1 anuncia server_idx=[0,1,2,3,4,5,6,7]
[GVS] rma_setup: epoch 1 arrived, 0/0 slots in flight -> install now
[GVS IDX] epoch 1 anuncia server_idx=[0,1,2,3,4,5,6,7]
[GVS] rma_setup: epoch 1 arrived, 0/0 slots in flight -> install now
[GVS IDX] epoch 1 anuncia server_idx=[0,1,2,3,4,5,6,7]
[GVS] rma_setup: epoch 1 arrived, 0/0 slots in flight -> install now
[GVS IDX] epoch 1 anuncia server_idx=[0,1,2,3,4,5,6,7]
[GVS] rma_setup: epoch 1 arrived, 0/0 slots in flight -> install now
[GVS IDX] epoch 1 anuncia server_idx=[0,1,2,3,4,5,6,7]
[GVS] rma_setup: epoch 1 arrived, 0/0 slots in flight -> install now
[GVS IDX] epoch 1 anuncia server_idx=[0,1,2,3,4,5,6,7]
[GVS] rma_setup: epoch 1 arrived, 0/0 slots in flight -> install now
[GVS IDX] epoch 1 anuncia server_idx=[0,1,2,3,4,5,6,7]
[GVS] rma_setup: epoch 1 arrived, 0/0 slots in flight -> install now
[GVS IDX] epoch 1 anuncia server_idx=[0,1,2,3,4,5,6,7]
[GVS] rma_setup: epoch 1 arrived, 0/0 slots in flight -> install now
[GVS IDX] epoch 1 anuncia server_idx=[0,1,2,3,4,5,6,7]
[GVS] rma_setup: epoch 1 arrived, 0/0 slots in flight -> install now
[GVS IDX] epoch 1 anuncia server_idx=[0,1,2,3,4,5,6,7]
[GVS] rma_setup: epoch 1 arrived, 0/0 slots in flight -> install now
[GVS IDX] epoch 1 anuncia server_idx=[0,1,2,3,4,5,6,7]
[GVS] rma_setup: epoch 1 arrived, 0/0 slots in flight -> install now
[GVS IDX] epoch 1 anuncia server_idx=[0,1,2,3,4,5,6,7]
[GVS] rma_setup: epoch 1 arrived, 0/0 slots in flight -> install now
[GVS IDX] epoch 1 anuncia server_idx=[0,1,2,3,4,5,6,7]
[GVS] rma_setup: epoch 1 arrived, 0/0 slots in flight -> install now
[GVS IDX] epoch 1 anuncia server_idx=[0,1,2,3,4,5,6,7]
[GVS] rma_setup: epoch 1 arrived, 0/0 slots in flight -> install now
[GVS IDX] epoch 1 anuncia server_idx=[0,1,2,3,4,5,6,7]
[GVS] rma_setup: epoch 1 arrived, 0/0 slots in flight -> install now
[GVS IDX] epoch 2 anuncia server_idx=[9,10,11,12,13,14,15,16]
[GVS] rma_setup: epoch 2 arrived, 0/8 slots in flight -> install now
[GUSTO CFG] pool efectivo: slots=2 cap=0.1 MiB shadow=no total=0.1 MiB (sin presupuesto definido)
[GVS IDX] epoch 1 anuncia server_idx=[0,1,2,3,4,5,6,7]
[GVS] rma_setup: epoch 1 arrived, 0/0 slots in flight -> install now
[GVS IDX] epoch 1 anuncia server_idx=[0,1,2,3,4,5,6,7]
[GVS] rma_setup: epoch 1 arrived, 0/0 slots in flight -> install now
[GVS IDX] epoch 2 anuncia server_idx=[9,10,11,12,13,14,15,16]
[GVS] rma_setup: epoch 2 arrived, 0/8 slots in flight -> install now
[GUSTO CFG] pool efectivo: slots=2 cap=0.1 MiB shadow=no total=0.1 MiB (sin presupuesto definido)
[GVS IDX] epoch 2 anuncia server_idx=[9,10,11,12,13,14,15,16]
[GVS] rma_setup: epoch 2 arrived, 0/8 slots in flight -> install now
[GVS IDX] epoch 2 anuncia server_idx=[9,10,11,12,13,14,15,16]
[GVS] rma_setup: epoch 2 arrived, 0/8 slots in flight -> install now
[GUSTO CFG] pool efectivo: slots=2 cap=0.1 MiB shadow=no total=0.1 MiB (sin presupuesto definido)
[GUSTO CFG] pool efectivo: slots=2 cap=0.1 MiB shadow=no total=0.1 MiB (sin presupuesto definido)
[GVS IDX] epoch 2 anuncia server_idx=[9,10,11,12,13,14,15,16]
[GVS] rma_setup: epoch 2 arrived, 0/8 slots in flight -> install now
[GVS IDX] epoch 1 anuncia server_idx=[0,1,2,3,4,5,6,7]
[GVS] rma_setup: epoch 1 arrived, 0/0 slots in flight -> install now
[GVS IDX] epoch 1 anuncia server_idx=[0,1,2,3,4,5,6,7]
[GVS] rma_setup: epoch 1 arrived, 0/0 slots in flight -> install now
[GVS IDX] epoch 2 anuncia server_idx=[9,10,11,12,13,14,15,16]
[GVS] rma_setup: epoch 2 arrived, 0/8 slots in flight -> install now
[GUSTO CFG] pool efectivo: slots=2 cap=0.1 MiB shadow=no total=0.1 MiB (sin presupuesto definido)
[GVS IDX] epoch 1 anuncia server_idx=[0,1,2,3,4,5,6,7]
[GVS] rma_setup: epoch 1 arrived, 0/0 slots in flight -> install now
[GVS IDX] epoch 2 anuncia server_idx=[9,10,11,12,13,14,15,16]
[GVS] rma_setup: epoch 2 arrived, 0/8 slots in flight -> install now
[GVS IDX] epoch 2 anuncia server_idx=[9,10,11,12,13,14,15,16]
[GVS] rma_setup: epoch 2 arrived, 0/8 slots in flight -> install now
[GUSTO CFG] pool efectivo: slots=2 cap=0.1 MiB shadow=no total=0.1 MiB (sin presupuesto definido)
[GUSTO CFG] pool efectivo: slots=2 cap=0.1 MiB shadow=no total=0.1 MiB (sin presupuesto definido)
[GVS IDX] epoch 2 anuncia server_idx=[9,10,11,12,13,14,15,16]
[GVS] rma_setup: epoch 2 arrived, 0/8 slots in flight -> install now
[GVS IDX] epoch 2 anuncia server_idx=[9,10,11,12,13,14,15,16]
[GVS] rma_setup: epoch 2 arrived, 0/8 slots in flight -> install now
[GVS IDX] epoch 2 anuncia server_idx=[9,10,11,12,13,14,15,16]
[GVS] rma_setup: epoch 2 arrived, 0/8 slots in flight -> install now
[GVS IDX] epoch 1 anuncia server_idx=[0,1,2,3,4,5,6,7]
[GVS] rma_setup: epoch 1 arrived, 0/0 slots in flight -> install now
[GUSTO CFG] pool efectivo: slots=2 cap=0.1 MiB shadow=no total=0.1 MiB (sin presupuesto definido)
[GVS IDX] epoch 2 anuncia server_idx=[9,10,11,12,13,14,15,16]
[GVS] rma_setup: epoch 2 arrived, 0/8 slots in flight -> install now
[GUSTO CFG] pool efectivo: slots=2 cap=0.1 MiB shadow=no total=0.1 MiB (sin presupuesto definido)
[GVS IDX] epoch 2 anuncia server_idx=[9,10,11,12,13,14,15,16]
[GVS] rma_setup: epoch 2 arrived, 0/8 slots in flight -> install now
[GVS IDX] epoch 1 anuncia server_idx=[0,1,2,3,4,5,6,7]
[GVS] rma_setup: epoch 1 arrived, 0/0 slots in flight -> install now
[GVS IDX] epoch 1 anuncia server_idx=[0,1,2,3,4,5,6,7]
[GVS] rma_setup: epoch 1 arrived, 0/0 slots in flight -> install now
[GUSTO CFG] pool efectivo: slots=2 cap=0.1 MiB shadow=no total=0.1 MiB (sin presupuesto definido)
[GVS IDX] epoch 1 anuncia server_idx=[0,1,2,3,4,5,6,7]
[GVS] rma_setup: epoch 1 arrived, 0/0 slots in flight -> install now
[GVS IDX] epoch 2 anuncia server_idx=[9,10,11,12,13,14,15,16]
[GVS] rma_setup: epoch 2 arrived, 0/8 slots in flight -> install now
[GUSTO CFG] pool efectivo: slots=2 cap=0.1 MiB shadow=no total=0.1 MiB (sin presupuesto definido)
[GUSTO CFG] pool efectivo: slots=2 cap=0.1 MiB shadow=no total=0.1 MiB (sin presupuesto definido)
[GVS IDX] epoch 2 anuncia server_idx=[9,10,11,12,13,14,15,16]
[GVS] rma_setup: epoch 2 arrived, 0/8 slots in flight -> install now
[GUSTO CFG] pool efectivo: slots=2 cap=0.1 MiB shadow=no total=0.1 MiB (sin presupuesto definido)
[GVS IDX] epoch 1 anuncia server_idx=[0,1,2,3,4,5,6,7]
[GVS] rma_setup: epoch 1 arrived, 0/0 slots in flight -> install now
[GUSTO CFG] pool efectivo: slots=2 cap=0.1 MiB shadow=no total=0.1 MiB (sin presupuesto definido)
[GVS IDX] epoch 2 anuncia server_idx=[9,10,11,12,13,14,15,16]
[GVS] rma_setup: epoch 2 arrived, 0/8 slots in flight -> install now
[GVS IDX] epoch 2 anuncia server_idx=[9,10,11,12,13,14,15,16]
[GVS] rma_setup: epoch 2 arrived, 0/8 slots in flight -> install now
[GUSTO CFG] pool efectivo: slots=2 cap=0.1 MiB shadow=no total=0.1 MiB (sin presupuesto definido)
[GUSTO CFG] pool efectivo: slots=2 cap=0.1 MiB shadow=no total=0.1 MiB (sin presupuesto definido)
[GVS IDX] epoch 2 anuncia server_idx=[9,10,11,12,13,14,15,16]
[GVS] rma_setup: epoch 2 arrived, 0/8 slots in flight -> install now
[GVS IDX] epoch 1 anuncia server_idx=[0,1,2,3,4,5,6,7]
[GVS] rma_setup: epoch 1 arrived, 0/0 slots in flight -> install now
GUSTO_METRIC tag=periodic slots_total=8 peak_inflight=1 avg_inflight=0.058 peak_waiters=0 reservations=12 waited=0 wait_us_avg=0.14 admit_rma=12 admit_am=49 rma_pct=19.67 rma_fellback=0 decline_capacity=0 decline_timeout=0 decline_swap=0 decline_epfail=0 ack_sent=0 ack_gen_mismatch=0 ack_on_free=0 ack_applied=12 ack_held=0 ack_released=0 ack_epoch_dropped=0 parked=0
GUSTO_METRIC tag=periodic slots_total=8 peak_inflight=1 avg_inflight=0.157 peak_waiters=0 reservations=81 waited=0 wait_us_avg=0.16 admit_rma=81 admit_am=325 rma_pct=19.95 rma_fellback=0 decline_capacity=0 decline_timeout=0 decline_swap=0 decline_epfail=0 ack_sent=0 ack_gen_mismatch=0 ack_on_free=0 ack_applied=81 ack_held=0 ack_released=0 ack_epoch_dropped=0 parked=0
GUSTO_METRIC tag=periodic slots_total=8 peak_inflight=1 avg_inflight=0.097 peak_waiters=0 reservations=47 waited=0 wait_us_avg=0.13 admit_rma=47 admit_am=189 rma_pct=19.92 rma_fellback=0 decline_capacity=0 decline_timeout=0 decline_swap=0 decline_epfail=0 ack_sent=0 ack_gen_mismatch=0 ack_on_free=0 ack_applied=47 ack_held=0 ack_released=0 ack_epoch_dropped=0 parked=0
[GUSTO CFG] pool efectivo: slots=2 cap=0.1 MiB shadow=no total=0.1 MiB (sin presupuesto definido)
GUSTO_METRIC tag=periodic slots_total=8 peak_inflight=1 avg_inflight=0.006 peak_waiters=0 reservations=6 waited=0 wait_us_avg=0.22 admit_rma=6 admit_am=22 rma_pct=21.43 rma_fellback=0 decline_capacity=0 decline_timeout=0 decline_swap=0 decline_epfail=0 ack_sent=0 ack_gen_mismatch=0 ack_on_free=0 ack_applied=5 ack_held=0 ack_released=0 ack_epoch_dropped=0 parked=0
GUSTO_METRIC tag=periodic slots_total=8 peak_inflight=1 avg_inflight=0.026 peak_waiters=0 reservations=2 waited=0 wait_us_avg=0.29 admit_rma=2 admit_am=7 rma_pct=22.22 rma_fellback=0 decline_capacity=0 decline_timeout=0 decline_swap=0 decline_epfail=0 ack_sent=0 ack_gen_mismatch=0 ack_on_free=0 ack_applied=2 ack_held=0 ack_released=0 ack_epoch_dropped=0 parked=0
GUSTO_METRIC tag=periodic slots_total=8 peak_inflight=1 avg_inflight=0.031 peak_waiters=0 reservations=14 waited=0 wait_us_avg=0.15 admit_rma=14 admit_am=54 rma_pct=20.59 rma_fellback=0 decline_capacity=0 decline_timeout=0 decline_swap=0 decline_epfail=0 ack_sent=0 ack_gen_mismatch=0 ack_on_free=0 ack_applied=13 ack_held=0 ack_released=0 ack_epoch_dropped=0 parked=0
GUSTO_METRIC tag=periodic slots_total=8 peak_inflight=1 avg_inflight=0.009 peak_waiters=0 reservations=2 waited=0 wait_us_avg=0.21 admit_rma=2 admit_am=7 rma_pct=22.22 rma_fellback=0 decline_capacity=0 decline_timeout=0 decline_swap=0 decline_epfail=0 ack_sent=0 ack_gen_mismatch=0 ack_on_free=0 ack_applied=2 ack_held=0 ack_released=0 ack_epoch_dropped=0 parked=0
GUSTO_METRIC tag=periodic slots_total=8 peak_inflight=1 avg_inflight=0.008 peak_waiters=0 reservations=2 waited=0 wait_us_avg=0.26 admit_rma=2 admit_am=7 rma_pct=22.22 rma_fellback=0 decline_capacity=0 decline_timeout=0 decline_swap=0 decline_epfail=0 ack_sent=0 ack_gen_mismatch=0 ack_on_free=0 ack_applied=2 ack_held=0 ack_released=0 ack_epoch_dropped=0 parked=0
[GVS IDX] epoch 1 anuncia server_idx=[0,1,2,3,4,5,6,7]
[GVS] rma_setup: epoch 1 arrived, 0/0 slots in flight -> install now
GUSTO_METRIC tag=periodic slots_total=8 peak_inflight=1 avg_inflight=0.029 peak_waiters=0 reservations=2 waited=0 wait_us_avg=0.26 admit_rma=2 admit_am=7 rma_pct=22.22 rma_fellback=0 decline_capacity=0 decline_timeout=0 decline_swap=0 decline_epfail=0 ack_sent=0 ack_gen_mismatch=0 ack_on_free=0 ack_applied=2 ack_held=0 ack_released=0 ack_epoch_dropped=0 parked=0
GUSTO_METRIC tag=periodic slots_total=8 peak_inflight=1 avg_inflight=1.000 peak_waiters=0 reservations=1 waited=0 wait_us_avg=0.21 admit_rma=1 admit_am=3 rma_pct=25.00 rma_fellback=0 decline_capacity=0 decline_timeout=0 decline_swap=0 decline_epfail=0 ack_sent=0 ack_gen_mismatch=0 ack_on_free=0 ack_applied=1 ack_held=0 ack_released=0 ack_epoch_dropped=0 parked=0
[GVS IDX] epoch 1 anuncia server_idx=[0,1,2,3,4,5,6,7]
[GVS] rma_setup: epoch 1 arrived, 0/0 slots in flight -> install now
[GUSTO CFG] pool efectivo: slots=2 cap=0.1 MiB shadow=no total=0.1 MiB (sin presupuesto definido)
GUSTO_METRIC tag=periodic slots_total=8 peak_inflight=1 avg_inflight=0.051 peak_waiters=0 reservations=2 waited=0 wait_us_avg=0.13 admit_rma=2 admit_am=7 rma_pct=22.22 rma_fellback=0 decline_capacity=0 decline_timeout=0 decline_swap=0 decline_epfail=0 ack_sent=0 ack_gen_mismatch=0 ack_on_free=0 ack_applied=2 ack_held=0 ack_released=0 ack_epoch_dropped=0 parked=0
GUSTO_METRIC tag=periodic slots_total=8 peak_inflight=1 avg_inflight=0.027 peak_waiters=0 reservations=2 waited=0 wait_us_avg=0.41 admit_rma=2 admit_am=7 rma_pct=22.22 rma_fellback=0 decline_capacity=0 decline_timeout=0 decline_swap=0 decline_epfail=0 ack_sent=0 ack_gen_mismatch=0 ack_on_free=0 ack_applied=2 ack_held=0 ack_released=0 ack_epoch_dropped=0 parked=0
[GVS IDX] epoch 2 anuncia server_idx=[9,10,11,12,13,14,15,16]
[GVS] rma_setup: epoch 2 arrived, 0/8 slots in flight -> install now
GUSTO_METRIC tag=periodic slots_total=8 peak_inflight=1 avg_inflight=0.040 peak_waiters=0 reservations=2 waited=0 wait_us_avg=0.15 admit_rma=2 admit_am=7 rma_pct=22.22 rma_fellback=0 decline_capacity=0 decline_timeout=0 decline_swap=0 decline_epfail=0 ack_sent=0 ack_gen_mismatch=0 ack_on_free=0 ack_applied=2 ack_held=0 ack_released=0 ack_epoch_dropped=0 parked=0
GUSTO_METRIC tag=periodic slots_total=8 peak_inflight=1 avg_inflight=0.008 peak_waiters=0 reservations=2 waited=0 wait_us_avg=0.28 admit_rma=2 admit_am=7 rma_pct=22.22 rma_fellback=0 decline_capacity=0 decline_timeout=0 decline_swap=0 decline_epfail=0 ack_sent=0 ack_gen_mismatch=0 ack_on_free=0 ack_applied=2 ack_held=0 ack_released=0 ack_epoch_dropped=0 parked=0
GUSTO_METRIC tag=periodic slots_total=8 peak_inflight=1 avg_inflight=0.006 peak_waiters=0 reservations=2 waited=0 wait_us_avg=0.28 admit_rma=2 admit_am=7 rma_pct=22.22 rma_fellback=0 decline_capacity=0 decline_timeout=0 decline_swap=0 decline_epfail=0 ack_sent=0 ack_gen_mismatch=0 ack_on_free=0 ack_applied=2 ack_held=0 ack_released=0 ack_epoch_dropped=0 parked=0
GUSTO_METRIC tag=periodic slots_total=8 peak_inflight=1 avg_inflight=1.000 peak_waiters=0 reservations=1 waited=0 wait_us_avg=0.43 admit_rma=1 admit_am=3 rma_pct=25.00 rma_fellback=0 decline_capacity=0 decline_timeout=0 decline_swap=0 decline_epfail=0 ack_sent=0 ack_gen_mismatch=0 ack_on_free=0 ack_applied=1 ack_held=0 ack_released=0 ack_epoch_dropped=0 parked=0
[GUSTO CFG] pool efectivo: slots=2 cap=0.1 MiB shadow=no total=0.1 MiB (sin presupuesto definido)
GUSTO_METRIC tag=periodic slots_total=8 peak_inflight=1 avg_inflight=0.045 peak_waiters=0 reservations=2 waited=0 wait_us_avg=0.19 admit_rma=2 admit_am=7 rma_pct=22.22 rma_fellback=0 decline_capacity=0 decline_timeout=0 decline_swap=0 decline_epfail=0 ack_sent=0 ack_gen_mismatch=0 ack_on_free=0 ack_applied=2 ack_held=0 ack_released=0 ack_epoch_dropped=0 parked=0
GUSTO_METRIC tag=periodic slots_total=8 peak_inflight=1 avg_inflight=0.009 peak_waiters=0 reservations=2 waited=0 wait_us_avg=0.23 admit_rma=2 admit_am=7 rma_pct=22.22 rma_fellback=0 decline_capacity=0 decline_timeout=0 decline_swap=0 decline_epfail=0 ack_sent=0 ack_gen_mismatch=0 ack_on_free=0 ack_applied=2 ack_held=0 ack_released=0 ack_epoch_dropped=0 parked=0
[GVS IDX] epoch 2 anuncia server_idx=[9,10,11,12,13,14,15,16]
[GVS] rma_setup: epoch 2 arrived, 0/8 slots in flight -> install now
[GVS IDX] epoch 2 anuncia server_idx=[9,10,11,12,13,14,15,16]
[GVS] rma_setup: epoch 2 arrived, 0/8 slots in flight -> install now
GUSTO_METRIC tag=periodic slots_total=8 peak_inflight=1 avg_inflight=0.045 peak_waiters=0 reservations=2 waited=0 wait_us_avg=0.23 admit_rma=2 admit_am=7 rma_pct=22.22 rma_fellback=0 decline_capacity=0 decline_timeout=0 decline_swap=0 decline_epfail=0 ack_sent=0 ack_gen_mismatch=0 ack_on_free=0 ack_applied=2 ack_held=0 ack_released=0 ack_epoch_dropped=0 parked=0
GUSTO_METRIC tag=periodic slots_total=8 peak_inflight=1 avg_inflight=1.000 peak_waiters=0 reservations=1 waited=0 wait_us_avg=0.29 admit_rma=1 admit_am=3 rma_pct=25.00 rma_fellback=0 decline_capacity=0 decline_timeout=0 decline_swap=0 decline_epfail=0 ack_sent=0 ack_gen_mismatch=0 ack_on_free=0 ack_applied=1 ack_held=0 ack_released=0 ack_epoch_dropped=0 parked=0
GUSTO_METRIC tag=periodic slots_total=8 peak_inflight=1 avg_inflight=1.000 peak_waiters=0 reservations=1 waited=0 wait_us_avg=0.28 admit_rma=1 admit_am=3 rma_pct=25.00 rma_fellback=0 decline_capacity=0 decline_timeout=0 decline_swap=0 decline_epfail=0 ack_sent=0 ack_gen_mismatch=0 ack_on_free=0 ack_applied=1 ack_held=0 ack_released=0 ack_epoch_dropped=0 parked=0
[GUSTO CFG] pool efectivo: slots=2 cap=0.1 MiB shadow=no total=0.1 MiB (sin presupuesto definido)
[GUSTO CFG] pool efectivo: slots=2 cap=0.1 MiB shadow=no total=0.1 MiB (sin presupuesto definido)
[GVS IDX] epoch 2 anuncia server_idx=[9,10,11,12,13,14,15,16]
[GVS] rma_setup: epoch 2 arrived, 0/8 slots in flight -> install now
GUSTO_METRIC tag=periodic slots_total=8 peak_inflight=1 avg_inflight=1.000 peak_waiters=0 reservations=1 waited=0 wait_us_avg=0.29 admit_rma=1 admit_am=3 rma_pct=25.00 rma_fellback=0 decline_capacity=0 decline_timeout=0 decline_swap=0 decline_epfail=0 ack_sent=0 ack_gen_mismatch=0 ack_on_free=0 ack_applied=1 ack_held=0 ack_released=0 ack_epoch_dropped=0 parked=0
[GUSTO CFG] pool efectivo: slots=2 cap=0.1 MiB shadow=no total=0.1 MiB (sin presupuesto definido)
[GVS IDX] epoch 2 anuncia server_idx=[9,10,11,12,13,14,15,16]
[GVS] rma_setup: epoch 2 arrived, 0/8 slots in flight -> install now
[GVS IDX] epoch 2 anuncia server_idx=[9,10,11,12,13,14,15,16]
[GVS] rma_setup: epoch 2 arrived, 0/8 slots in flight -> install now
[GVS IDX] epoch 2 anuncia server_idx=[9,10,11,12,13,14,15,16]
[GVS] rma_setup: epoch 2 arrived, 0/8 slots in flight -> install now
[GVS IDX] epoch 2 anuncia server_idx=[9,10,11,12,13,14,15,16]
[GVS] rma_setup: epoch 2 arrived, 0/8 slots in flight -> install now
[GVS IDX] epoch 2 anuncia server_idx=[9,10,11,12,13,14,15,16]
[GVS] rma_setup: epoch 2 arrived, 0/8 slots in flight -> install now
GUSTO_METRIC tag=periodic slots_total=8 peak_inflight=1 avg_inflight=1.000 peak_waiters=0 reservations=1 waited=0 wait_us_avg=0.32 admit_rma=1 admit_am=3 rma_pct=25.00 rma_fellback=0 decline_capacity=0 decline_timeout=0 decline_swap=0 decline_epfail=0 ack_sent=0 ack_gen_mismatch=0 ack_on_free=0 ack_applied=1 ack_held=0 ack_released=0 ack_epoch_dropped=0 parked=0
[GUSTO CFG] pool efectivo: slots=2 cap=0.1 MiB shadow=no total=0.1 MiB (sin presupuesto definido)
GUSTO_METRIC tag=periodic slots_total=8 peak_inflight=1 avg_inflight=1.000 peak_waiters=0 reservations=1 waited=0 wait_us_avg=0.30 admit_rma=1 admit_am=3 rma_pct=25.00 rma_fellback=0 decline_capacity=0 decline_timeout=0 decline_swap=0 decline_epfail=0 ack_sent=0 ack_gen_mismatch=0 ack_on_free=0 ack_applied=1 ack_held=0 ack_released=0 ack_epoch_dropped=0 parked=0
[GUSTO CFG] pool efectivo: slots=2 cap=0.1 MiB shadow=no total=0.1 MiB (sin presupuesto definido)
GUSTO_METRIC tag=periodic slots_total=8 peak_inflight=1 avg_inflight=1.000 peak_waiters=0 reservations=1 waited=0 wait_us_avg=0.30 admit_rma=1 admit_am=3 rma_pct=25.00 rma_fellback=0 decline_capacity=0 decline_timeout=0 decline_swap=0 decline_epfail=0 ack_sent=0 ack_gen_mismatch=0 ack_on_free=0 ack_applied=1 ack_held=0 ack_released=0 ack_epoch_dropped=0 parked=0
[GUSTO CFG] pool efectivo: slots=2 cap=0.1 MiB shadow=no total=0.1 MiB (sin presupuesto definido)
[GVS IDX] epoch 2 anuncia server_idx=[9,10,11,12,13,14,15,16]
[GVS] rma_setup: epoch 2 arrived, 0/8 slots in flight -> install now
[GVS IDX] epoch 2 anuncia server_idx=[9,10,11,12,13,14,15,16]
[GVS] rma_setup: epoch 2 arrived, 0/8 slots in flight -> install now
[GVS IDX] epoch 2 anuncia server_idx=[9,10,11,12,13,14,15,16]
[GVS] rma_setup: epoch 2 arrived, 0/8 slots in flight -> install now
GUSTO_METRIC tag=periodic slots_total=8 peak_inflight=1 avg_inflight=1.000 peak_waiters=0 reservations=1 waited=0 wait_us_avg=0.28 admit_rma=1 admit_am=3 rma_pct=25.00 rma_fellback=0 decline_capacity=0 decline_timeout=0 decline_swap=0 decline_epfail=0 ack_sent=0 ack_gen_mismatch=0 ack_on_free=0 ack_applied=1 ack_held=0 ack_released=0 ack_epoch_dropped=0 parked=0
GUSTO_METRIC tag=periodic slots_total=8 peak_inflight=1 avg_inflight=1.000 peak_waiters=0 reservations=1 waited=0 wait_us_avg=0.31 admit_rma=1 admit_am=3 rma_pct=25.00 rma_fellback=0 decline_capacity=0 decline_timeout=0 decline_swap=0 decline_epfail=0 ack_sent=0 ack_gen_mismatch=0 ack_on_free=0 ack_applied=1 ack_held=0 ack_released=0 ack_epoch_dropped=0 parked=0
[GUSTO CFG] pool efectivo: slots=2 cap=0.1 MiB shadow=no total=0.1 MiB (sin presupuesto definido)
[GUSTO CFG] pool efectivo: slots=2 cap=0.1 MiB shadow=no total=0.1 MiB (sin presupuesto definido)
GUSTO_METRIC tag=periodic slots_total=8 peak_inflight=1 avg_inflight=1.000 peak_waiters=0 reservations=1 waited=0 wait_us_avg=0.30 admit_rma=1 admit_am=3 rma_pct=25.00 rma_fellback=0 decline_capacity=0 decline_timeout=0 decline_swap=0 decline_epfail=0 ack_sent=0 ack_gen_mismatch=0 ack_on_free=0 ack_applied=1 ack_held=0 ack_released=0 ack_epoch_dropped=0 parked=0
[GUSTO CFG] pool efectivo: slots=2 cap=0.1 MiB shadow=no total=0.1 MiB (sin presupuesto definido)
GUSTO_METRIC tag=periodic slots_total=8 peak_inflight=1 avg_inflight=1.000 peak_waiters=0 reservations=1 waited=0 wait_us_avg=0.30 admit_rma=1 admit_am=3 rma_pct=25.00 rma_fellback=0 decline_capacity=0 decline_timeout=0 decline_swap=0 decline_epfail=0 ack_sent=0 ack_gen_mismatch=0 ack_on_free=0 ack_applied=1 ack_held=0 ack_released=0 ack_epoch_dropped=0 parked=0
GUSTO_METRIC tag=periodic slots_total=8 peak_inflight=1 avg_inflight=1.000 peak_waiters=0 reservations=1 waited=0 wait_us_avg=0.21 admit_rma=1 admit_am=3 rma_pct=25.00 rma_fellback=0 decline_capacity=0 decline_timeout=0 decline_swap=0 decline_epfail=0 ack_sent=0 ack_gen_mismatch=0 ack_on_free=0 ack_applied=1 ack_held=0 ack_released=0 ack_epoch_dropped=0 parked=0
[GUSTO CFG] pool efectivo: slots=2 cap=0.1 MiB shadow=no total=0.1 MiB (sin presupuesto definido)
[GUSTO CFG] pool efectivo: slots=2 cap=0.1 MiB shadow=no total=0.1 MiB (sin presupuesto definido)
[GVS IDX] epoch 2 anuncia server_idx=[9,10,11,12,13,14,15,16]
[GVS] rma_setup: epoch 2 arrived, 0/8 slots in flight -> install now
[GVS IDX] epoch 2 anuncia server_idx=[9,10,11,12,13,14,15,16]
[GVS] rma_setup: epoch 2 arrived, 0/8 slots in flight -> install now
GUSTO_METRIC tag=periodic slots_total=8 peak_inflight=1 avg_inflight=1.000 peak_waiters=0 reservations=1 waited=0 wait_us_avg=0.08 admit_rma=1 admit_am=3 rma_pct=25.00 rma_fellback=0 decline_capacity=0 decline_timeout=0 decline_swap=0 decline_epfail=0 ack_sent=0 ack_gen_mismatch=0 ack_on_free=0 ack_applied=1 ack_held=0 ack_released=0 ack_epoch_dropped=0 parked=0
[GUSTO CFG] pool efectivo: slots=2 cap=0.1 MiB shadow=no total=0.1 MiB (sin presupuesto definido)
GUSTO_METRIC tag=periodic slots_total=8 peak_inflight=1 avg_inflight=1.000 peak_waiters=0 reservations=1 waited=0 wait_us_avg=0.31 admit_rma=1 admit_am=3 rma_pct=25.00 rma_fellback=0 decline_capacity=0 decline_timeout=0 decline_swap=0 decline_epfail=0 ack_sent=0 ack_gen_mismatch=0 ack_on_free=0 ack_applied=1 ack_held=0 ack_released=0 ack_epoch_dropped=0 parked=0
[GUSTO CFG] pool efectivo: slots=2 cap=0.1 MiB shadow=no total=0.1 MiB (sin presupuesto definido)
GUSTO_METRIC tag=periodic slots_total=8 peak_inflight=1 avg_inflight=0.219 peak_waiters=0 reservations=1507 waited=0 wait_us_avg=0.05 admit_rma=1507 admit_am=6026 rma_pct=20.01 rma_fellback=0 decline_capacity=0 decline_timeout=0 decline_swap=0 decline_epfail=0 ack_sent=0 ack_gen_mismatch=0 ack_on_free=0 ack_applied=1506 ack_held=0 ack_released=0 ack_epoch_dropped=0 parked=0
GUSTO_METRIC tag=periodic slots_total=8 peak_inflight=1 avg_inflight=0.166 peak_waiters=0 reservations=1443 waited=0 wait_us_avg=0.05 admit_rma=1443 admit_am=5770 rma_pct=20.01 rma_fellback=0 decline_capacity=0 decline_timeout=0 decline_swap=0 decline_epfail=0 ack_sent=0 ack_gen_mismatch=0 ack_on_free=0 ack_applied=1442 ack_held=0 ack_released=0 ack_epoch_dropped=0 parked=0
GUSTO_METRIC tag=periodic slots_total=8 peak_inflight=1 avg_inflight=0.212 peak_waiters=0 reservations=1468 waited=0 wait_us_avg=0.04 admit_rma=1468 admit_am=5869 rma_pct=20.01 rma_fellback=0 decline_capacity=0 decline_timeout=0 decline_swap=0 decline_epfail=0 ack_sent=0 ack_gen_mismatch=0 ack_on_free=0 ack_applied=1467 ack_held=0 ack_released=0 ack_epoch_dropped=0 parked=0
GUSTO_METRIC tag=periodic slots_total=8 peak_inflight=1 avg_inflight=0.149 peak_waiters=0 reservations=1593 waited=0 wait_us_avg=0.04 admit_rma=1593 admit_am=6371 rma_pct=20.00 rma_fellback=0 decline_capacity=0 decline_timeout=0 decline_swap=0 decline_epfail=0 ack_sent=0 ack_gen_mismatch=0 ack_on_free=0 ack_applied=1593 ack_held=0 ack_released=0 ack_epoch_dropped=0 parked=0
GUSTO_METRIC tag=periodic slots_total=8 peak_inflight=1 avg_inflight=0.146 peak_waiters=0 reservations=1580 waited=0 wait_us_avg=0.04 admit_rma=1580 admit_am=6319 rma_pct=20.00 rma_fellback=0 decline_capacity=0 decline_timeout=0 decline_swap=0 decline_epfail=0 ack_sent=0 ack_gen_mismatch=0 ack_on_free=0 ack_applied=1580 ack_held=0 ack_released=0 ack_epoch_dropped=0 parked=0
GUSTO_METRIC tag=periodic slots_total=8 peak_inflight=1 avg_inflight=0.169 peak_waiters=0 reservations=1588 waited=0 wait_us_avg=0.04 admit_rma=1588 admit_am=6352 rma_pct=20.00 rma_fellback=0 decline_capacity=0 decline_timeout=0 decline_swap=0 decline_epfail=0 ack_sent=0 ack_gen_mismatch=0 ack_on_free=0 ack_applied=1588 ack_held=0 ack_released=0 ack_epoch_dropped=0 parked=0
GUSTO_METRIC tag=periodic slots_total=8 peak_inflight=1 avg_inflight=0.140 peak_waiters=0 reservations=1727 waited=0 wait_us_avg=0.05 admit_rma=1727 admit_am=6908 rma_pct=20.00 rma_fellback=0 decline_capacity=0 decline_timeout=0 decline_swap=0 decline_epfail=0 ack_sent=0 ack_gen_mismatch=0 ack_on_free=0 ack_applied=1727 ack_held=0 ack_released=0 ack_epoch_dropped=0 parked=0
GUSTO_METRIC tag=periodic slots_total=8 peak_inflight=1 avg_inflight=0.139 peak_waiters=0 reservations=1775 waited=0 wait_us_avg=0.04 admit_rma=1775 admit_am=7101 rma_pct=20.00 rma_fellback=0 decline_capacity=0 decline_timeout=0 decline_swap=0 decline_epfail=0 ack_sent=0 ack_gen_mismatch=0 ack_on_free=0 ack_applied=1775 ack_held=0 ack_released=0 ack_epoch_dropped=0 parked=0
GUSTO_METRIC tag=periodic slots_total=8 peak_inflight=1 avg_inflight=0.140 peak_waiters=0 reservations=1879 waited=0 wait_us_avg=0.04 admit_rma=1879 admit_am=7514 rma_pct=20.00 rma_fellback=0 decline_capacity=0 decline_timeout=0 decline_swap=0 decline_epfail=0 ack_sent=0 ack_gen_mismatch=0 ack_on_free=0 ack_applied=1878 ack_held=0 ack_released=0 ack_epoch_dropped=0 parked=0
GUSTO_METRIC tag=periodic slots_total=8 peak_inflight=1 avg_inflight=0.096 peak_waiters=0 reservations=1805 waited=0 wait_us_avg=0.04 admit_rma=1805 admit_am=7217 rma_pct=20.01 rma_fellback=0 decline_capacity=0 decline_timeout=0 decline_swap=0 decline_epfail=0 ack_sent=0 ack_gen_mismatch=0 ack_on_free=0 ack_applied=1804 ack_held=0 ack_released=0 ack_epoch_dropped=0 parked=0
GUSTO_METRIC tag=periodic slots_total=8 peak_inflight=1 avg_inflight=0.149 peak_waiters=0 reservations=1932 waited=0 wait_us_avg=0.04 admit_rma=1932 admit_am=7728 rma_pct=20.00 rma_fellback=0 decline_capacity=0 decline_timeout=0 decline_swap=0 decline_epfail=0 ack_sent=0 ack_gen_mismatch=0 ack_on_free=0 ack_applied=1932 ack_held=0 ack_released=0 ack_epoch_dropped=0 parked=0
GUSTO_METRIC tag=periodic slots_total=8 peak_inflight=1 avg_inflight=0.125 peak_waiters=0 reservations=2122 waited=0 wait_us_avg=0.04 admit_rma=2122 admit_am=8485 rma_pct=20.01 rma_fellback=0 decline_capacity=0 decline_timeout=0 decline_swap=0 decline_epfail=0 ack_sent=0 ack_gen_mismatch=0 ack_on_free=0 ack_applied=2121 ack_held=0 ack_released=0 ack_epoch_dropped=0 parked=0
GUSTO_METRIC tag=periodic slots_total=8 peak_inflight=1 avg_inflight=0.132 peak_waiters=0 reservations=2280 waited=0 wait_us_avg=0.07 admit_rma=2280 admit_am=9119 rma_pct=20.00 rma_fellback=0 decline_capacity=0 decline_timeout=0 decline_swap=0 decline_epfail=0 ack_sent=0 ack_gen_mismatch=0 ack_on_free=0 ack_applied=2280 ack_held=0 ack_released=0 ack_epoch_dropped=0 parked=0
GUSTO_METRIC tag=periodic slots_total=8 peak_inflight=1 avg_inflight=0.127 peak_waiters=0 reservations=2275 waited=0 wait_us_avg=0.04 admit_rma=2275 admit_am=9097 rma_pct=20.01 rma_fellback=0 decline_capacity=0 decline_timeout=0 decline_swap=0 decline_epfail=0 ack_sent=0 ack_gen_mismatch=0 ack_on_free=0 ack_applied=2274 ack_held=0 ack_released=0 ack_epoch_dropped=0 parked=0
GUSTO_METRIC tag=periodic slots_total=8 peak_inflight=1 avg_inflight=0.133 peak_waiters=0 reservations=2150 waited=0 wait_us_avg=0.03 admit_rma=2150 admit_am=8597 rma_pct=20.01 rma_fellback=0 decline_capacity=0 decline_timeout=0 decline_swap=0 decline_epfail=0 ack_sent=0 ack_gen_mismatch=0 ack_on_free=0 ack_applied=2149 ack_held=0 ack_released=0 ack_epoch_dropped=0 parked=0
GUSTO_METRIC tag=periodic slots_total=8 peak_inflight=1 avg_inflight=0.125 peak_waiters=0 reservations=2184 waited=0 wait_us_avg=0.03 admit_rma=2184 admit_am=8736 rma_pct=20.00 rma_fellback=0 decline_capacity=0 decline_timeout=0 decline_swap=0 decline_epfail=0 ack_sent=0 ack_gen_mismatch=0 ack_on_free=0 ack_applied=2184 ack_held=0 ack_released=0 ack_epoch_dropped=0 parked=0
GUSTO_METRIC tag=periodic slots_total=8 peak_inflight=1 avg_inflight=0.129 peak_waiters=0 reservations=2402 waited=0 wait_us_avg=0.03 admit_rma=2402 admit_am=9607 rma_pct=20.00 rma_fellback=0 decline_capacity=0 decline_timeout=0 decline_swap=0 decline_epfail=0 ack_sent=0 ack_gen_mismatch=0 ack_on_free=0 ack_applied=2402 ack_held=0 ack_released=0 ack_epoch_dropped=0 parked=0
GUSTO_METRIC tag=periodic slots_total=8 peak_inflight=1 avg_inflight=0.118 peak_waiters=0 reservations=2420 waited=0 wait_us_avg=0.03 admit_rma=2420 admit_am=9677 rma_pct=20.00 rma_fellback=0 decline_capacity=0 decline_timeout=0 decline_swap=0 decline_epfail=0 ack_sent=0 ack_gen_mismatch=0 ack_on_free=0 ack_applied=2419 ack_held=0 ack_released=0 ack_epoch_dropped=0 parked=0
GUSTO_METRIC tag=periodic slots_total=8 peak_inflight=1 avg_inflight=0.125 peak_waiters=0 reservations=2610 waited=0 wait_us_avg=0.03 admit_rma=2610 admit_am=10438 rma_pct=20.00 rma_fellback=0 decline_capacity=0 decline_timeout=0 decline_swap=0 decline_epfail=0 ack_sent=0 ack_gen_mismatch=0 ack_on_free=0 ack_applied=2609 ack_held=0 ack_released=0 ack_epoch_dropped=0 parked=0
GUSTO_METRIC tag=periodic slots_total=8 peak_inflight=1 avg_inflight=0.123 peak_waiters=0 reservations=2448 waited=0 wait_us_avg=0.03 admit_rma=2448 admit_am=9793 rma_pct=20.00 rma_fellback=0 decline_capacity=0 decline_timeout=0 decline_swap=0 decline_epfail=0 ack_sent=0 ack_gen_mismatch=0 ack_on_free=0 ack_applied=2448 ack_held=0 ack_released=0 ack_epoch_dropped=0 parked=0
GUSTO_METRIC tag=periodic slots_total=8 peak_inflight=1 avg_inflight=0.110 peak_waiters=0 reservations=2605 waited=0 wait_us_avg=0.03 admit_rma=2605 admit_am=10419 rma_pct=20.00 rma_fellback=0 decline_capacity=0 decline_timeout=0 decline_swap=0 decline_epfail=0 ack_sent=0 ack_gen_mismatch=0 ack_on_free=0 ack_applied=2605 ack_held=0 ack_released=0 ack_epoch_dropped=0 parked=0
GUSTO_METRIC tag=periodic slots_total=8 peak_inflight=1 avg_inflight=0.141 peak_waiters=0 reservations=2735 waited=0 wait_us_avg=0.03 admit_rma=2735 admit_am=10939 rma_pct=20.00 rma_fellback=0 decline_capacity=0 decline_timeout=0 decline_swap=0 decline_epfail=0 ack_sent=0 ack_gen_mismatch=0 ack_on_free=0 ack_applied=2735 ack_held=0 ack_released=0 ack_epoch_dropped=0 parked=0
GUSTO_METRIC tag=periodic slots_total=8 peak_inflight=1 avg_inflight=0.128 peak_waiters=0 reservations=2878 waited=0 wait_us_avg=0.04 admit_rma=2878 admit_am=11513 rma_pct=20.00 rma_fellback=0 decline_capacity=0 decline_timeout=0 decline_swap=0 decline_epfail=0 ack_sent=0 ack_gen_mismatch=0 ack_on_free=0 ack_applied=2878 ack_held=0 ack_released=0 ack_epoch_dropped=0 parked=0
GUSTO_METRIC tag=periodic slots_total=8 peak_inflight=1 avg_inflight=0.128 peak_waiters=0 reservations=2784 waited=0 wait_us_avg=0.03 admit_rma=2784 admit_am=11135 rma_pct=20.00 rma_fellback=0 decline_capacity=0 decline_timeout=0 decline_swap=0 decline_epfail=0 ack_sent=0 ack_gen_mismatch=0 ack_on_free=0 ack_applied=2784 ack_held=0 ack_released=0 ack_epoch_dropped=0 parked=0
GUSTO_METRIC tag=periodic slots_total=8 peak_inflight=1 avg_inflight=0.136 peak_waiters=0 reservations=2808 waited=0 wait_us_avg=0.04 admit_rma=2808 admit_am=11231 rma_pct=20.00 rma_fellback=0 decline_capacity=0 decline_timeout=0 decline_swap=0 decline_epfail=0 ack_sent=0 ack_gen_mismatch=0 ack_on_free=0 ack_applied=2808 ack_held=0 ack_released=0 ack_epoch_dropped=0 parked=0
GUSTO_METRIC tag=periodic slots_total=8 peak_inflight=1 avg_inflight=0.112 peak_waiters=0 reservations=2930 waited=0 wait_us_avg=0.03 admit_rma=2930 admit_am=11720 rma_pct=20.00 rma_fellback=0 decline_capacity=0 decline_timeout=0 decline_swap=0 decline_epfail=0 ack_sent=0 ack_gen_mismatch=0 ack_on_free=0 ack_applied=2930 ack_held=0 ack_released=0 ack_epoch_dropped=0 parked=0
GUSTO_METRIC tag=periodic slots_total=8 peak_inflight=1 avg_inflight=0.114 peak_waiters=0 reservations=2876 waited=0 wait_us_avg=0.03 admit_rma=2876 admit_am=11505 rma_pct=20.00 rma_fellback=0 decline_capacity=0 decline_timeout=0 decline_swap=0 decline_epfail=0 ack_sent=0 ack_gen_mismatch=0 ack_on_free=0 ack_applied=2876 ack_held=0 ack_released=0 ack_epoch_dropped=0 parked=0
GUSTO_METRIC tag=periodic slots_total=8 peak_inflight=1 avg_inflight=0.136 peak_waiters=0 reservations=3022 waited=0 wait_us_avg=0.03 admit_rma=3022 admit_am=12085 rma_pct=20.00 rma_fellback=0 decline_capacity=0 decline_timeout=0 decline_swap=0 decline_epfail=0 ack_sent=0 ack_gen_mismatch=0 ack_on_free=0 ack_applied=3021 ack_held=0 ack_released=0 ack_epoch_dropped=0 parked=0
GUSTO_METRIC tag=periodic slots_total=8 peak_inflight=1 avg_inflight=0.134 peak_waiters=0 reservations=2981 waited=0 wait_us_avg=0.03 admit_rma=2981 admit_am=11923 rma_pct=20.00 rma_fellback=0 decline_capacity=0 decline_timeout=0 decline_swap=0 decline_epfail=0 ack_sent=0 ack_gen_mismatch=0 ack_on_free=0 ack_applied=2981 ack_held=0 ack_released=0 ack_epoch_dropped=0 parked=0
GUSTO_METRIC tag=periodic slots_total=8 peak_inflight=1 avg_inflight=0.147 peak_waiters=0 reservations=2974 waited=0 wait_us_avg=0.03 admit_rma=2974 admit_am=11894 rma_pct=20.00 rma_fellback=0 decline_capacity=0 decline_timeout=0 decline_swap=0 decline_epfail=0 ack_sent=0 ack_gen_mismatch=0 ack_on_free=0 ack_applied=2973 ack_held=0 ack_released=0 ack_epoch_dropped=0 parked=0
GUSTO_METRIC tag=periodic slots_total=8 peak_inflight=1 avg_inflight=0.149 peak_waiters=0 reservations=3088 waited=0 wait_us_avg=0.03 admit_rma=3088 admit_am=12353 rma_pct=20.00 rma_fellback=0 decline_capacity=0 decline_timeout=0 decline_swap=0 decline_epfail=0 ack_sent=0 ack_gen_mismatch=0 ack_on_free=0 ack_applied=3088 ack_held=0 ack_released=0 ack_epoch_dropped=0 parked=0
GUSTO_METRIC tag=periodic slots_total=8 peak_inflight=1 avg_inflight=0.105 peak_waiters=0 reservations=3202 waited=0 wait_us_avg=0.04 admit_rma=3202 admit_am=12809 rma_pct=20.00 rma_fellback=0 decline_capacity=0 decline_timeout=0 decline_swap=0 decline_epfail=0 ack_sent=0 ack_gen_mismatch=0 ack_on_free=0 ack_applied=3202 ack_held=0 ack_released=0 ack_epoch_dropped=0 parked=0
GUSTO_METRIC tag=periodic slots_total=8 peak_inflight=1 avg_inflight=0.218 peak_waiters=0 reservations=4985 waited=0 wait_us_avg=0.04 admit_rma=4985 admit_am=19941 rma_pct=20.00 rma_fellback=0 decline_capacity=0 decline_timeout=0 decline_swap=0 decline_epfail=0 ack_sent=0 ack_gen_mismatch=0 ack_on_free=0 ack_applied=4985 ack_held=0 ack_released=0 ack_epoch_dropped=0 parked=0
GUSTO_METRIC tag=periodic slots_total=8 peak_inflight=1 avg_inflight=0.183 peak_waiters=0 reservations=4914 waited=0 wait_us_avg=0.04 admit_rma=4914 admit_am=19654 rma_pct=20.00 rma_fellback=0 decline_capacity=0 decline_timeout=0 decline_swap=0 decline_epfail=0 ack_sent=0 ack_gen_mismatch=0 ack_on_free=0 ack_applied=4913 ack_held=0 ack_released=0 ack_epoch_dropped=0 parked=0
GUSTO_METRIC tag=periodic slots_total=8 peak_inflight=1 avg_inflight=0.214 peak_waiters=0 reservations=4944 waited=0 wait_us_avg=0.04 admit_rma=4944 admit_am=19777 rma_pct=20.00 rma_fellback=0 decline_capacity=0 decline_timeout=0 decline_swap=0 decline_epfail=0 ack_sent=0 ack_gen_mismatch=0 ack_on_free=0 ack_applied=4944 ack_held=0 ack_released=0 ack_epoch_dropped=0 parked=0
GUSTO_METRIC tag=periodic slots_total=8 peak_inflight=1 avg_inflight=0.172 peak_waiters=0 reservations=5017 waited=0 wait_us_avg=0.04 admit_rma=5017 admit_am=20069 rma_pct=20.00 rma_fellback=0 decline_capacity=0 decline_timeout=0 decline_swap=0 decline_epfail=0 ack_sent=0 ack_gen_mismatch=0 ack_on_free=0 ack_applied=5017 ack_held=0 ack_released=0 ack_epoch_dropped=0 parked=0
GUSTO_METRIC tag=periodic slots_total=8 peak_inflight=1 avg_inflight=0.170 peak_waiters=0 reservations=4955 waited=0 wait_us_avg=0.04 admit_rma=4955 admit_am=19818 rma_pct=20.00 rma_fellback=0 decline_capacity=0 decline_timeout=0 decline_swap=0 decline_epfail=0 ack_sent=0 ack_gen_mismatch=0 ack_on_free=0 ack_applied=4954 ack_held=0 ack_released=0 ack_epoch_dropped=0 parked=0
GUSTO_METRIC tag=periodic slots_total=8 peak_inflight=1 avg_inflight=0.185 peak_waiters=0 reservations=5074 waited=0 wait_us_avg=0.04 admit_rma=5074 admit_am=20295 rma_pct=20.00 rma_fellback=0 decline_capacity=0 decline_timeout=0 decline_swap=0 decline_epfail=0 ack_sent=0 ack_gen_mismatch=0 ack_on_free=0 ack_applied=5074 ack_held=0 ack_released=0 ack_epoch_dropped=0 parked=0
GUSTO_METRIC tag=periodic slots_total=8 peak_inflight=1 avg_inflight=0.165 peak_waiters=0 reservations=5164 waited=0 wait_us_avg=0.05 admit_rma=5164 admit_am=20654 rma_pct=20.00 rma_fellback=0 decline_capacity=0 decline_timeout=0 decline_swap=0 decline_epfail=0 ack_sent=0 ack_gen_mismatch=0 ack_on_free=0 ack_applied=5163 ack_held=0 ack_released=0 ack_epoch_dropped=0 parked=0
GUSTO_METRIC tag=periodic slots_total=8 peak_inflight=1 avg_inflight=0.166 peak_waiters=0 reservations=5292 waited=0 wait_us_avg=0.04 admit_rma=5292 admit_am=21168 rma_pct=20.00 rma_fellback=0 decline_capacity=0 decline_timeout=0 decline_swap=0 decline_epfail=0 ack_sent=0 ack_gen_mismatch=0 ack_on_free=0 ack_applied=5292 ack_held=0 ack_released=0 ack_epoch_dropped=0 parked=0
GUSTO_METRIC tag=periodic slots_total=8 peak_inflight=1 avg_inflight=0.165 peak_waiters=0 reservations=5385 waited=0 wait_us_avg=0.04 admit_rma=5385 admit_am=21540 rma_pct=20.00 rma_fellback=0 decline_capacity=0 decline_timeout=0 decline_swap=0 decline_epfail=0 ack_sent=0 ack_gen_mismatch=0 ack_on_free=0 ack_applied=5385 ack_held=0 ack_released=0 ack_epoch_dropped=0 parked=0
GUSTO_METRIC tag=periodic slots_total=8 peak_inflight=1 avg_inflight=0.136 peak_waiters=0 reservations=5278 waited=0 wait_us_avg=0.03 admit_rma=5278 admit_am=21113 rma_pct=20.00 rma_fellback=0 decline_capacity=0 decline_timeout=0 decline_swap=0 decline_epfail=0 ack_sent=0 ack_gen_mismatch=0 ack_on_free=0 ack_applied=5278 ack_held=0 ack_released=0 ack_epoch_dropped=0 parked=0
GUSTO_METRIC tag=periodic slots_total=8 peak_inflight=1 avg_inflight=0.172 peak_waiters=0 reservations=5376 waited=0 wait_us_avg=0.04 admit_rma=5376 admit_am=21503 rma_pct=20.00 rma_fellback=0 decline_capacity=0 decline_timeout=0 decline_swap=0 decline_epfail=0 ack_sent=0 ack_gen_mismatch=0 ack_on_free=0 ack_applied=5376 ack_held=0 ack_released=0 ack_epoch_dropped=0 parked=0
GUSTO_METRIC tag=periodic slots_total=8 peak_inflight=1 avg_inflight=0.154 peak_waiters=0 reservations=5715 waited=0 wait_us_avg=0.04 admit_rma=5715 admit_am=22861 rma_pct=20.00 rma_fellback=0 decline_capacity=0 decline_timeout=0 decline_swap=0 decline_epfail=0 ack_sent=0 ack_gen_mismatch=0 ack_on_free=0 ack_applied=5715 ack_held=0 ack_released=0 ack_epoch_dropped=0 parked=0
GUSTO_METRIC tag=periodic slots_total=8 peak_inflight=1 avg_inflight=0.159 peak_waiters=0 reservations=5874 waited=0 wait_us_avg=0.07 admit_rma=5874 admit_am=23494 rma_pct=20.00 rma_fellback=0 decline_capacity=0 decline_timeout=0 decline_swap=0 decline_epfail=0 ack_sent=0 ack_gen_mismatch=0 ack_on_free=0 ack_applied=5873 ack_held=0 ack_released=0 ack_epoch_dropped=0 parked=0
GUSTO_METRIC tag=periodic slots_total=8 peak_inflight=1 avg_inflight=0.156 peak_waiters=0 reservations=5848 waited=0 wait_us_avg=0.04 admit_rma=5848 admit_am=23389 rma_pct=20.00 rma_fellback=0 decline_capacity=0 decline_timeout=0 decline_swap=0 decline_epfail=0 ack_sent=0 ack_gen_mismatch=0 ack_on_free=0 ack_applied=5847 ack_held=0 ack_released=0 ack_epoch_dropped=0 parked=0
GUSTO_METRIC tag=periodic slots_total=8 peak_inflight=1 avg_inflight=0.159 peak_waiters=0 reservations=5482 waited=0 wait_us_avg=0.03 admit_rma=5482 admit_am=21925 rma_pct=20.00 rma_fellback=0 decline_capacity=0 decline_timeout=0 decline_swap=0 decline_epfail=0 ack_sent=0 ack_gen_mismatch=0 ack_on_free=0 ack_applied=5481 ack_held=0 ack_released=0 ack_epoch_dropped=0 parked=0
GUSTO_METRIC tag=periodic slots_total=8 peak_inflight=1 avg_inflight=0.163 peak_waiters=0 reservations=5617 waited=0 wait_us_avg=0.03 admit_rma=5617 admit_am=22465 rma_pct=20.00 rma_fellback=0 decline_capacity=0 decline_timeout=0 decline_swap=0 decline_epfail=0 ack_sent=0 ack_gen_mismatch=0 ack_on_free=0 ack_applied=5616 ack_held=0 ack_released=0 ack_epoch_dropped=0 parked=0
GUSTO_METRIC tag=periodic slots_total=8 peak_inflight=1 avg_inflight=0.157 peak_waiters=0 reservations=5851 waited=0 wait_us_avg=0.03 admit_rma=5851 admit_am=23402 rma_pct=20.00 rma_fellback=0 decline_capacity=0 decline_timeout=0 decline_swap=0 decline_epfail=0 ack_sent=0 ack_gen_mismatch=0 ack_on_free=0 ack_applied=5850 ack_held=0 ack_released=0 ack_epoch_dropped=0 parked=0
GUSTO_METRIC tag=periodic slots_total=8 peak_inflight=1 avg_inflight=0.150 peak_waiters=0 reservations=5927 waited=0 wait_us_avg=0.03 admit_rma=5927 admit_am=23707 rma_pct=20.00 rma_fellback=0 decline_capacity=0 decline_timeout=0 decline_swap=0 decline_epfail=0 ack_sent=0 ack_gen_mismatch=0 ack_on_free=0 ack_applied=5927 ack_held=0 ack_released=0 ack_epoch_dropped=0 parked=0
GUSTO_METRIC tag=periodic slots_total=8 peak_inflight=1 avg_inflight=0.152 peak_waiters=0 reservations=6197 waited=0 wait_us_avg=0.03 admit_rma=6197 admit_am=24786 rma_pct=20.00 rma_fellback=0 decline_capacity=0 decline_timeout=0 decline_swap=0 decline_epfail=0 ack_sent=0 ack_gen_mismatch=0 ack_on_free=0 ack_applied=6196 ack_held=0 ack_released=0 ack_epoch_dropped=0 parked=0
GUSTO_METRIC tag=periodic slots_total=8 peak_inflight=1 avg_inflight=0.159 peak_waiters=0 reservations=5825 waited=0 wait_us_avg=0.03 admit_rma=5825 admit_am=23300 rma_pct=20.00 rma_fellback=0 decline_capacity=0 decline_timeout=0 decline_swap=0 decline_epfail=0 ack_sent=0 ack_gen_mismatch=0 ack_on_free=0 ack_applied=5825 ack_held=0 ack_released=0 ack_epoch_dropped=0 parked=0
GUSTO_METRIC tag=periodic slots_total=8 peak_inflight=1 avg_inflight=0.146 peak_waiters=0 reservations=6203 waited=0 wait_us_avg=0.03 admit_rma=6203 admit_am=24813 rma_pct=20.00 rma_fellback=0 decline_capacity=0 decline_timeout=0 decline_swap=0 decline_epfail=0 ack_sent=0 ack_gen_mismatch=0 ack_on_free=0 ack_applied=6203 ack_held=0 ack_released=0 ack_epoch_dropped=0 parked=0
GUSTO_METRIC tag=periodic slots_total=8 peak_inflight=1 avg_inflight=0.173 peak_waiters=0 reservations=6255 waited=0 wait_us_avg=0.03 admit_rma=6255 admit_am=25018 rma_pct=20.00 rma_fellback=0 decline_capacity=0 decline_timeout=0 decline_swap=0 decline_epfail=0 ack_sent=0 ack_gen_mismatch=0 ack_on_free=0 ack_applied=6254 ack_held=0 ack_released=0 ack_epoch_dropped=0 parked=0
GUSTO_METRIC tag=periodic slots_total=8 peak_inflight=1 avg_inflight=0.163 peak_waiters=0 reservations=6430 waited=0 wait_us_avg=0.04 admit_rma=6430 admit_am=25721 rma_pct=20.00 rma_fellback=0 decline_capacity=0 decline_timeout=0 decline_swap=0 decline_epfail=0 ack_sent=0 ack_gen_mismatch=0 ack_on_free=0 ack_applied=6430 ack_held=0 ack_released=0 ack_epoch_dropped=0 parked=0
GUSTO_METRIC tag=periodic slots_total=8 peak_inflight=1 avg_inflight=0.163 peak_waiters=0 reservations=6219 waited=0 wait_us_avg=0.03 admit_rma=6219 admit_am=24876 rma_pct=20.00 rma_fellback=0 decline_capacity=0 decline_timeout=0 decline_swap=0 decline_epfail=0 ack_sent=0 ack_gen_mismatch=0 ack_on_free=0 ack_applied=6219 ack_held=0 ack_released=0 ack_epoch_dropped=0 parked=0
GUSTO_METRIC tag=periodic slots_total=8 peak_inflight=1 avg_inflight=0.168 peak_waiters=0 reservations=6311 waited=0 wait_us_avg=0.03 admit_rma=6311 admit_am=25242 rma_pct=20.00 rma_fellback=0 decline_capacity=0 decline_timeout=0 decline_swap=0 decline_epfail=0 ack_sent=0 ack_gen_mismatch=0 ack_on_free=0 ack_applied=6310 ack_held=0 ack_released=0 ack_epoch_dropped=0 parked=0
GUSTO_METRIC tag=periodic slots_total=8 peak_inflight=1 avg_inflight=0.152 peak_waiters=0 reservations=6277 waited=0 wait_us_avg=0.03 admit_rma=6277 admit_am=25107 rma_pct=20.00 rma_fellback=0 decline_capacity=0 decline_timeout=0 decline_swap=0 decline_epfail=0 ack_sent=0 ack_gen_mismatch=0 ack_on_free=0 ack_applied=6277 ack_held=0 ack_released=0 ack_epoch_dropped=0 parked=0
GUSTO_METRIC tag=periodic slots_total=8 peak_inflight=1 avg_inflight=0.148 peak_waiters=0 reservations=6400 waited=0 wait_us_avg=0.03 admit_rma=6400 admit_am=25597 rma_pct=20.00 rma_fellback=0 decline_capacity=0 decline_timeout=0 decline_swap=0 decline_epfail=0 ack_sent=0 ack_gen_mismatch=0 ack_on_free=0 ack_applied=6399 ack_held=0 ack_released=0 ack_epoch_dropped=0 parked=0
GUSTO_METRIC tag=periodic slots_total=8 peak_inflight=1 avg_inflight=0.170 peak_waiters=0 reservations=6593 waited=0 wait_us_avg=0.03 admit_rma=6593 admit_am=26371 rma_pct=20.00 rma_fellback=0 decline_capacity=0 decline_timeout=0 decline_swap=0 decline_epfail=0 ack_sent=0 ack_gen_mismatch=0 ack_on_free=0 ack_applied=6593 ack_held=0 ack_released=0 ack_epoch_dropped=0 parked=0
GUSTO_METRIC tag=periodic slots_total=8 peak_inflight=1 avg_inflight=0.166 peak_waiters=0 reservations=6455 waited=0 wait_us_avg=0.03 admit_rma=6455 admit_am=25817 rma_pct=20.00 rma_fellback=0 decline_capacity=0 decline_timeout=0 decline_swap=0 decline_epfail=0 ack_sent=0 ack_gen_mismatch=0 ack_on_free=0 ack_applied=6454 ack_held=0 ack_released=0 ack_epoch_dropped=0 parked=0
GUSTO_METRIC tag=periodic slots_total=8 peak_inflight=1 avg_inflight=0.178 peak_waiters=0 reservations=6449 waited=0 wait_us_avg=0.03 admit_rma=6449 admit_am=25794 rma_pct=20.00 rma_fellback=0 decline_capacity=0 decline_timeout=0 decline_swap=0 decline_epfail=0 ack_sent=0 ack_gen_mismatch=0 ack_on_free=0 ack_applied=6448 ack_held=0 ack_released=0 ack_epoch_dropped=0 parked=0
GUSTO_METRIC tag=periodic slots_total=8 peak_inflight=1 avg_inflight=0.178 peak_waiters=0 reservations=6509 waited=0 wait_us_avg=0.03 admit_rma=6509 admit_am=26035 rma_pct=20.00 rma_fellback=0 decline_capacity=0 decline_timeout=0 decline_swap=0 decline_epfail=0 ack_sent=0 ack_gen_mismatch=0 ack_on_free=0 ack_applied=6509 ack_held=0 ack_released=0 ack_epoch_dropped=0 parked=0
GUSTO_METRIC tag=periodic slots_total=8 peak_inflight=1 avg_inflight=0.143 peak_waiters=0 reservations=6612 waited=0 wait_us_avg=0.04 admit_rma=6612 admit_am=26449 rma_pct=20.00 rma_fellback=0 decline_capacity=0 decline_timeout=0 decline_swap=0 decline_epfail=0 ack_sent=0 ack_gen_mismatch=0 ack_on_free=0 ack_applied=6612 ack_held=0 ack_released=0 ack_epoch_dropped=0 parked=0
GUSTO_METRIC tag=periodic slots_total=8 peak_inflight=1 avg_inflight=0.218 peak_waiters=0 reservations=8474 waited=0 wait_us_avg=0.04 admit_rma=8474 admit_am=33893 rma_pct=20.00 rma_fellback=0 decline_capacity=0 decline_timeout=0 decline_swap=0 decline_epfail=0 ack_sent=0 ack_gen_mismatch=0 ack_on_free=0 ack_applied=8473 ack_held=0 ack_released=0 ack_epoch_dropped=0 parked=0
GUSTO_METRIC tag=periodic slots_total=8 peak_inflight=1 avg_inflight=0.215 peak_waiters=0 reservations=8227 waited=0 wait_us_avg=0.04 admit_rma=8227 admit_am=32905 rma_pct=20.00 rma_fellback=0 decline_capacity=0 decline_timeout=0 decline_swap=0 decline_epfail=0 ack_sent=0 ack_gen_mismatch=0 ack_on_free=0 ack_applied=8226 ack_held=0 ack_released=0 ack_epoch_dropped=0 parked=0
GUSTO_METRIC tag=periodic slots_total=8 peak_inflight=1 avg_inflight=0.192 peak_waiters=0 reservations=8380 waited=0 wait_us_avg=0.04 admit_rma=8380 admit_am=33521 rma_pct=20.00 rma_fellback=0 decline_capacity=0 decline_timeout=0 decline_swap=0 decline_epfail=0 ack_sent=0 ack_gen_mismatch=0 ack_on_free=0 ack_applied=8380 ack_held=0 ack_released=0 ack_epoch_dropped=0 parked=0
GUSTO_METRIC tag=periodic slots_total=8 peak_inflight=1 avg_inflight=0.184 peak_waiters=0 reservations=8452 waited=0 wait_us_avg=0.04 admit_rma=8452 admit_am=33808 rma_pct=20.00 rma_fellback=0 decline_capacity=0 decline_timeout=0 decline_swap=0 decline_epfail=0 ack_sent=0 ack_gen_mismatch=0 ack_on_free=0 ack_applied=8452 ack_held=0 ack_released=0 ack_epoch_dropped=0 parked=0
GUSTO_METRIC tag=periodic slots_total=8 peak_inflight=1 avg_inflight=0.182 peak_waiters=0 reservations=8367 waited=0 wait_us_avg=0.03 admit_rma=8367 admit_am=33466 rma_pct=20.00 rma_fellback=0 decline_capacity=0 decline_timeout=0 decline_swap=0 decline_epfail=0 ack_sent=0 ack_gen_mismatch=0 ack_on_free=0 ack_applied=8366 ack_held=0 ack_released=0 ack_epoch_dropped=0 parked=0
GUSTO_METRIC tag=periodic slots_total=8 peak_inflight=1 avg_inflight=0.194 peak_waiters=0 reservations=8573 waited=0 wait_us_avg=0.03 admit_rma=8573 admit_am=34293 rma_pct=20.00 rma_fellback=0 decline_capacity=0 decline_timeout=0 decline_swap=0 decline_epfail=0 ack_sent=0 ack_gen_mismatch=0 ack_on_free=0 ack_applied=8573 ack_held=0 ack_released=0 ack_epoch_dropped=0 parked=0
GUSTO_METRIC tag=periodic slots_total=8 peak_inflight=1 avg_inflight=0.179 peak_waiters=0 reservations=8620 waited=0 wait_us_avg=0.05 admit_rma=8620 admit_am=34478 rma_pct=20.00 rma_fellback=0 decline_capacity=0 decline_timeout=0 decline_swap=0 decline_epfail=0 ack_sent=0 ack_gen_mismatch=0 ack_on_free=0 ack_applied=8619 ack_held=0 ack_released=0 ack_epoch_dropped=0 parked=0
GUSTO_METRIC tag=periodic slots_total=8 peak_inflight=1 avg_inflight=0.179 peak_waiters=0 reservations=8702 waited=0 wait_us_avg=0.04 admit_rma=8702 admit_am=34808 rma_pct=20.00 rma_fellback=0 decline_capacity=0 decline_timeout=0 decline_swap=0 decline_epfail=0 ack_sent=0 ack_gen_mismatch=0 ack_on_free=0 ack_applied=8702 ack_held=0 ack_released=0 ack_epoch_dropped=0 parked=0
GUSTO_METRIC tag=periodic slots_total=8 peak_inflight=1 avg_inflight=0.179 peak_waiters=0 reservations=8891 waited=0 wait_us_avg=0.04 admit_rma=8891 admit_am=35565 rma_pct=20.00 rma_fellback=0 decline_capacity=0 decline_timeout=0 decline_swap=0 decline_epfail=0 ack_sent=0 ack_gen_mismatch=0 ack_on_free=0 ack_applied=8891 ack_held=0 ack_released=0 ack_epoch_dropped=0 parked=0
GUSTO_METRIC tag=periodic slots_total=8 peak_inflight=1 avg_inflight=0.156 peak_waiters=0 reservations=8749 waited=0 wait_us_avg=0.03 admit_rma=8749 admit_am=34996 rma_pct=20.00 rma_fellback=0 decline_capacity=0 decline_timeout=0 decline_swap=0 decline_epfail=0 ack_sent=0 ack_gen_mismatch=0 ack_on_free=0 ack_applied=8749 ack_held=0 ack_released=0 ack_epoch_dropped=0 parked=0
GUSTO_METRIC tag=periodic slots_total=8 peak_inflight=1 avg_inflight=0.184 peak_waiters=0 reservations=8808 waited=0 wait_us_avg=0.03 admit_rma=8808 admit_am=35233 rma_pct=20.00 rma_fellback=0 decline_capacity=0 decline_timeout=0 decline_swap=0 decline_epfail=0 ack_sent=0 ack_gen_mismatch=0 ack_on_free=0 ack_applied=8808 ack_held=0 ack_released=0 ack_epoch_dropped=0 parked=0
GUSTO_METRIC tag=periodic slots_total=8 peak_inflight=1 avg_inflight=0.169 peak_waiters=0 reservations=9321 waited=0 wait_us_avg=0.03 admit_rma=9321 admit_am=37281 rma_pct=20.00 rma_fellback=0 decline_capacity=0 decline_timeout=0 decline_swap=0 decline_epfail=0 ack_sent=0 ack_gen_mismatch=0 ack_on_free=0 ack_applied=9320 ack_held=0 ack_released=0 ack_epoch_dropped=0 parked=0
GUSTO_METRIC tag=periodic slots_total=8 peak_inflight=1 avg_inflight=0.173 peak_waiters=0 reservations=9497 waited=0 wait_us_avg=0.07 admit_rma=9497 admit_am=37986 rma_pct=20.00 rma_fellback=0 decline_capacity=0 decline_timeout=0 decline_swap=0 decline_epfail=0 ack_sent=0 ack_gen_mismatch=0 ack_on_free=0 ack_applied=9496 ack_held=0 ack_released=0 ack_epoch_dropped=0 parked=0
GUSTO_METRIC tag=periodic slots_total=8 peak_inflight=1 avg_inflight=0.172 peak_waiters=0 reservations=9432 waited=0 wait_us_avg=0.04 admit_rma=9432 admit_am=37725 rma_pct=20.00 rma_fellback=0 decline_capacity=0 decline_timeout=0 decline_swap=0 decline_epfail=0 ack_sent=0 ack_gen_mismatch=0 ack_on_free=0 ack_applied=9431 ack_held=0 ack_released=0 ack_epoch_dropped=0 parked=0
GUSTO_METRIC tag=periodic slots_total=8 peak_inflight=1 avg_inflight=0.173 peak_waiters=0 reservations=8824 waited=0 wait_us_avg=0.03 admit_rma=8824 admit_am=35294 rma_pct=20.00 rma_fellback=0 decline_capacity=0 decline_timeout=0 decline_swap=0 decline_epfail=0 ack_sent=0 ack_gen_mismatch=0 ack_on_free=0 ack_applied=8823 ack_held=0 ack_released=0 ack_epoch_dropped=0 parked=0
GUSTO_METRIC tag=periodic slots_total=8 peak_inflight=1 avg_inflight=0.179 peak_waiters=0 reservations=9078 waited=0 wait_us_avg=0.03 admit_rma=9078 admit_am=36309 rma_pct=20.00 rma_fellback=0 decline_capacity=0 decline_timeout=0 decline_swap=0 decline_epfail=0 ack_sent=0 ack_gen_mismatch=0 ack_on_free=0 ack_applied=9077 ack_held=0 ack_released=0 ack_epoch_dropped=0 parked=0
GUSTO_METRIC tag=periodic slots_total=8 peak_inflight=1 avg_inflight=0.171 peak_waiters=0 reservations=9413 waited=0 wait_us_avg=0.03 admit_rma=9413 admit_am=37653 rma_pct=20.00 rma_fellback=0 decline_capacity=0 decline_timeout=0 decline_swap=0 decline_epfail=0 ack_sent=0 ack_gen_mismatch=0 ack_on_free=0 ack_applied=9413 ack_held=0 ack_released=0 ack_epoch_dropped=0 parked=0
GUSTO_METRIC tag=periodic slots_total=8 peak_inflight=1 avg_inflight=0.166 peak_waiters=0 reservations=9407 waited=0 wait_us_avg=0.03 admit_rma=9407 admit_am=37625 rma_pct=20.00 rma_fellback=0 decline_capacity=0 decline_timeout=0 decline_swap=0 decline_epfail=0 ack_sent=0 ack_gen_mismatch=0 ack_on_free=0 ack_applied=9406 ack_held=0 ack_released=0 ack_epoch_dropped=0 parked=0
GUSTO_METRIC tag=periodic slots_total=8 peak_inflight=1 avg_inflight=0.167 peak_waiters=0 reservations=9821 waited=0 wait_us_avg=0.03 admit_rma=9821 admit_am=39285 rma_pct=20.00 rma_fellback=0 decline_capacity=0 decline_timeout=0 decline_swap=0 decline_epfail=0 ack_sent=0 ack_gen_mismatch=0 ack_on_free=0 ack_applied=9821 ack_held=0 ack_released=0 ack_epoch_dropped=0 parked=0
GUSTO_METRIC tag=periodic slots_total=8 peak_inflight=1 avg_inflight=0.176 peak_waiters=0 reservations=9241 waited=0 wait_us_avg=0.03 admit_rma=9241 admit_am=36964 rma_pct=20.00 rma_fellback=0 decline_capacity=0 decline_timeout=0 decline_swap=0 decline_epfail=0 ack_sent=0 ack_gen_mismatch=0 ack_on_free=0 ack_applied=9241 ack_held=0 ack_released=0 ack_epoch_dropped=0 parked=0
GUSTO_METRIC tag=periodic slots_total=8 peak_inflight=1 avg_inflight=0.165 peak_waiters=0 reservations=9827 waited=0 wait_us_avg=0.03 admit_rma=9827 admit_am=39305 rma_pct=20.00 rma_fellback=0 decline_capacity=0 decline_timeout=0 decline_swap=0 decline_epfail=0 ack_sent=0 ack_gen_mismatch=0 ack_on_free=0 ack_applied=9826 ack_held=0 ack_released=0 ack_epoch_dropped=0 parked=0
GUSTO_METRIC tag=periodic slots_total=8 peak_inflight=1 avg_inflight=0.186 peak_waiters=0 reservations=9805 waited=0 wait_us_avg=0.03 admit_rma=9805 admit_am=39218 rma_pct=20.00 rma_fellback=0 decline_capacity=0 decline_timeout=0 decline_swap=0 decline_epfail=0 ack_sent=0 ack_gen_mismatch=0 ack_on_free=0 ack_applied=9804 ack_held=0 ack_released=0 ack_epoch_dropped=0 parked=0
GUSTO_METRIC tag=periodic slots_total=8 peak_inflight=1 avg_inflight=0.178 peak_waiters=0 reservations=9692 waited=0 wait_us_avg=0.03 admit_rma=9692 admit_am=38769 rma_pct=20.00 rma_fellback=0 decline_capacity=0 decline_timeout=0 decline_swap=0 decline_epfail=0 ack_sent=0 ack_gen_mismatch=0 ack_on_free=0 ack_applied=9692 ack_held=0 ack_released=0 ack_epoch_dropped=0 parked=0
GUSTO_METRIC tag=periodic slots_total=8 peak_inflight=1 avg_inflight=0.182 peak_waiters=0 reservations=9874 waited=0 wait_us_avg=0.03 admit_rma=9874 admit_am=39494 rma_pct=20.00 rma_fellback=0 decline_capacity=0 decline_timeout=0 decline_swap=0 decline_epfail=0 ack_sent=0 ack_gen_mismatch=0 ack_on_free=0 ack_applied=9873 ack_held=0 ack_released=0 ack_epoch_dropped=0 parked=0
GUSTO_METRIC tag=periodic slots_total=8 peak_inflight=1 avg_inflight=0.170 peak_waiters=0 reservations=9826 waited=0 wait_us_avg=0.03 admit_rma=9826 admit_am=39302 rma_pct=20.00 rma_fellback=0 decline_capacity=0 decline_timeout=0 decline_swap=0 decline_epfail=0 ack_sent=0 ack_gen_mismatch=0 ack_on_free=0 ack_applied=9825 ack_held=0 ack_released=0 ack_epoch_dropped=0 parked=0
GUSTO_METRIC tag=periodic slots_total=8 peak_inflight=0 avg_inflight=0.000 peak_waiters=0 reservations=0 waited=0 wait_us_avg=0.00 admit_rma=0 admit_am=5 rma_pct=0.00 rma_fellback=0 decline_capacity=0 decline_timeout=0 decline_swap=0 decline_epfail=0 ack_sent=0 ack_gen_mismatch=0 ack_on_free=0 ack_applied=0 ack_held=0 ack_released=0 ack_epoch_dropped=0 parked=0
UCX control-plane connected: Connect (25.25.25.2:32222)
UCX control-plane connected: Connect (25.25.25.2:32222)
UCX control-plane connected: Connect (25.25.25.2:32222)
UCX control-plane connected: Connect (25.25.25.2:32222)
UCX control-plane connected: Connect (25.25.25.2:32222)
UCX control-plane connected: Connect (25.25.25.2:32222)
UCX control-plane connected: Connect (25.25.25.2:32222)
UCX control-plane connected: Connect (25.25.25.2:32222)
UCX control-plane connected: Connect (25.25.25.2:32222)
UCX control-plane connected: Connect (25.25.25.2:32222)
UCX control-plane connected: Connect (25.25.25.2:32222)
UCX control-plane connected: Connect (25.25.25.2:32222)
UCX control-plane connected: Connect (25.25.25.2:32222)
UCX control-plane connected: Connect (25.25.25.2:32222)
UCX control-plane connected: Connect (25.25.25.2:32222)
UCX control-plane connected: Connect (25.25.25.2:32222)
UCX control-plane connected: Connect (25.25.25.2:32222)
UCX control-plane connected: Connect (25.25.25.2:32222)
UCX control-plane connected: Connect (25.25.25.2:32222)
UCX control-plane connected: Connect (25.25.25.2:32222)
UCX control-plane connected: Connect (25.25.25.2:32222)
UCX control-plane connected: Connect (25.25.25.2:32222)
UCX control-plane connected: Connect (25.25.25.2:32222)
UCX control-plane connected: Connect (25.25.25.2:32222)
UCX control-plane connected: Connect (25.25.25.2:32222)
UCX control-plane connected: Connect (25.25.25.2:32222)
UCX control-plane connected: Connect (25.25.25.2:32222)
UCX control-plane connected: Connect (25.25.25.2:32222)
UCX control-plane connected: Connect (25.25.25.2:32222)
UCX control-plane connected: Connect (25.25.25.2:32222)
UCX control-plane connected: Connect (25.25.25.2:32222)
UCX control-plane connected: Connect (25.25.25.2:32222)
CSVROW,order_ptds,handle,32,1,10000,1,0,none,26034.139
[GVS] rma teardown: acks descartados por epoch=0, advertisements aparcadas=0
GUSTO_METRIC tag=teardown slots_total=8 peak_inflight=0 avg_inflight=0.000 peak_waiters=0 reservations=0 waited=0 wait_us_avg=0.00 admit_rma=0 admit_am=5 rma_pct=0.00 rma_fellback=0 decline_capacity=0 decline_timeout=0 decline_swap=0 decline_epfail=0 ack_sent=0 ack_gen_mismatch=0 ack_on_free=0 ack_applied=0 ack_held=0 ack_released=0 ack_epoch_dropped=0 parked=0
[GVS] rma coste: reservas=10000 (esperaron 0) media=0.04us | cache de registro: aciertos=0 fallos=0 (0.0%) | acks enviados=0 media=0.00us | acks con generacion desajustada=0
[GVS] rma teardown: acks descartados por epoch=0, advertisements aparcadas=0
GUSTO_METRIC tag=teardown slots_total=8 peak_inflight=1 avg_inflight=0.194 peak_waiters=0 reservations=10000 waited=0 wait_us_avg=0.04 admit_rma=10000 admit_am=40002 rma_pct=20.00 rma_fellback=0 decline_capacity=0 decline_timeout=0 decline_swap=0 decline_epfail=0 ack_sent=0 ack_gen_mismatch=0 ack_on_free=0 ack_applied=10000 ack_held=0 ack_released=0 ack_epoch_dropped=0 parked=0
[GVS] rma coste: reservas=10000 (esperaron 0) media=0.03us | cache de registro: aciertos=0 fallos=0 (0.0%) | acks enviados=0 media=0.00us | acks con generacion desajustada=0
[GVS] rma teardown: acks descartados por epoch=0, advertisements aparcadas=0
GUSTO_METRIC tag=teardown slots_total=8 peak_inflight=1 avg_inflight=0.165 peak_waiters=0 reservations=10000 waited=0 wait_us_avg=0.03 admit_rma=10000 admit_am=40002 rma_pct=20.00 rma_fellback=0 decline_capacity=0 decline_timeout=0 decline_swap=0 decline_epfail=0 ack_sent=0 ack_gen_mismatch=0 ack_on_free=0 ack_applied=10000 ack_held=0 ack_released=0 ack_epoch_dropped=0 parked=0
[GVS] rma coste: reservas=10000 (esperaron 0) media=0.04us | cache de registro: aciertos=0 fallos=0 (0.0%) | acks enviados=0 media=0.00us | acks con generacion desajustada=0
[GVS] rma teardown: acks descartados por epoch=0, advertisements aparcadas=0
GUSTO_METRIC tag=teardown slots_total=8 peak_inflight=1 avg_inflight=0.218 peak_waiters=0 reservations=10000 waited=0 wait_us_avg=0.04 admit_rma=10000 admit_am=40002 rma_pct=20.00 rma_fellback=0 decline_capacity=0 decline_timeout=0 decline_swap=0 decline_epfail=0 ack_sent=0 ack_gen_mismatch=0 ack_on_free=0 ack_applied=10000 ack_held=0 ack_released=0 ack_epoch_dropped=0 parked=0
[GVS] rma coste: reservas=10000 (esperaron 0) media=0.03us | cache de registro: aciertos=0 fallos=0 (0.0%) | acks enviados=0 media=0.00us | acks con generacion desajustada=0
[GVS] rma teardown: acks descartados por epoch=0, advertisements aparcadas=0
GUSTO_METRIC tag=teardown slots_total=8 peak_inflight=1 avg_inflight=0.186 peak_waiters=0 reservations=10000 waited=0 wait_us_avg=0.03 admit_rma=10000 admit_am=40002 rma_pct=20.00 rma_fellback=0 decline_capacity=0 decline_timeout=0 decline_swap=0 decline_epfail=0 ack_sent=0 ack_gen_mismatch=0 ack_on_free=0 ack_applied=10000 ack_held=0 ack_released=0 ack_epoch_dropped=0 parked=0
[GVS] rma coste: reservas=10000 (esperaron 0) media=0.03us | cache de registro: aciertos=0 fallos=0 (0.0%) | acks enviados=0 media=0.00us | acks con generacion desajustada=0
[GVS] rma teardown: acks descartados por epoch=0, advertisements aparcadas=0
GUSTO_METRIC tag=teardown slots_total=8 peak_inflight=1 avg_inflight=0.160 peak_waiters=0 reservations=10000 waited=0 wait_us_avg=0.03 admit_rma=10000 admit_am=40002 rma_pct=20.00 rma_fellback=0 decline_capacity=0 decline_timeout=0 decline_swap=0 decline_epfail=0 ack_sent=0 ack_gen_mismatch=0 ack_on_free=0 ack_applied=10000 ack_held=0 ack_released=0 ack_epoch_dropped=0 parked=0
[GVS] rma coste: reservas=10000 (esperaron 0) media=0.03us | cache de registro: aciertos=0 fallos=0 (0.0%) | acks enviados=0 media=0.00us | acks con generacion desajustada=0
[GVS] rma teardown: acks descartados por epoch=0, advertisements aparcadas=0
GUSTO_METRIC tag=teardown slots_total=8 peak_inflight=1 avg_inflight=0.168 peak_waiters=0 reservations=10000 waited=0 wait_us_avg=0.03 admit_rma=10000 admit_am=40002 rma_pct=20.00 rma_fellback=0 decline_capacity=0 decline_timeout=0 decline_swap=0 decline_epfail=0 ack_sent=0 ack_gen_mismatch=0 ack_on_free=0 ack_applied=10000 ack_held=0 ack_released=0 ack_epoch_dropped=0 parked=0
[GVS] rma coste: reservas=10000 (esperaron 0) media=0.04us | cache de registro: aciertos=0 fallos=0 (0.0%) | acks enviados=0 media=0.00us | acks con generacion desajustada=0
[GVS] rma teardown: acks descartados por epoch=0, advertisements aparcadas=0
GUSTO_METRIC tag=teardown slots_total=8 peak_inflight=1 avg_inflight=0.188 peak_waiters=0 reservations=10000 waited=0 wait_us_avg=0.04 admit_rma=10000 admit_am=40002 rma_pct=20.00 rma_fellback=0 decline_capacity=0 decline_timeout=0 decline_swap=0 decline_epfail=0 ack_sent=0 ack_gen_mismatch=0 ack_on_free=0 ack_applied=10000 ack_held=0 ack_released=0 ack_epoch_dropped=0 parked=0
[GVS] rma coste: reservas=10000 (esperaron 0) media=0.03us | cache de registro: aciertos=0 fallos=0 (0.0%) | acks enviados=0 media=0.00us | acks con generacion desajustada=0
[GVS] rma teardown: acks descartados por epoch=0, advertisements aparcadas=0
GUSTO_METRIC tag=teardown slots_total=8 peak_inflight=1 avg_inflight=0.183 peak_waiters=0 reservations=10000 waited=0 wait_us_avg=0.03 admit_rma=10000 admit_am=40002 rma_pct=20.00 rma_fellback=0 decline_capacity=0 decline_timeout=0 decline_swap=0 decline_epfail=0 ack_sent=0 ack_gen_mismatch=0 ack_on_free=0 ack_applied=10000 ack_held=0 ack_released=0 ack_epoch_dropped=0 parked=0
[GVS] rma coste: reservas=10000 (esperaron 0) media=0.03us | cache de registro: aciertos=0 fallos=0 (0.0%) | acks enviados=0 media=0.00us | acks con generacion desajustada=0
[GVS] rma teardown: acks descartados por epoch=0, advertisements aparcadas=0
GUSTO_METRIC tag=teardown slots_total=8 peak_inflight=1 avg_inflight=0.168 peak_waiters=0 reservations=10000 waited=0 wait_us_avg=0.03 admit_rma=10000 admit_am=40002 rma_pct=20.00 rma_fellback=0 decline_capacity=0 decline_timeout=0 decline_swap=0 decline_epfail=0 ack_sent=0 ack_gen_mismatch=0 ack_on_free=0 ack_applied=10000 ack_held=0 ack_released=0 ack_epoch_dropped=0 parked=0
[GVS] rma coste: reservas=10000 (esperaron 0) media=0.07us | cache de registro: aciertos=0 fallos=0 (0.0%) | acks enviados=0 media=0.00us | acks con generacion desajustada=0
[GVS] rma teardown: acks descartados por epoch=0, advertisements aparcadas=0
GUSTO_METRIC tag=teardown slots_total=8 peak_inflight=1 avg_inflight=0.174 peak_waiters=0 reservations=10000 waited=0 wait_us_avg=0.07 admit_rma=10000 admit_am=40002 rma_pct=20.00 rma_fellback=0 decline_capacity=0 decline_timeout=0 decline_swap=0 decline_epfail=0 ack_sent=0 ack_gen_mismatch=0 ack_on_free=0 ack_applied=10000 ack_held=0 ack_released=0 ack_epoch_dropped=0 parked=0
[GVS] rma coste: reservas=10000 (esperaron 0) media=0.03us | cache de registro: aciertos=0 fallos=0 (0.0%) | acks enviados=0 media=0.00us | acks con generacion desajustada=0
[GVS] rma teardown: acks descartados por epoch=0, advertisements aparcadas=0
GUSTO_METRIC tag=teardown slots_total=8 peak_inflight=1 avg_inflight=0.186 peak_waiters=0 reservations=10000 waited=0 wait_us_avg=0.03 admit_rma=10000 admit_am=40002 rma_pct=20.00 rma_fellback=0 decline_capacity=0 decline_timeout=0 decline_swap=0 decline_epfail=0 ack_sent=0 ack_gen_mismatch=0 ack_on_free=0 ack_applied=10000 ack_held=0 ack_released=0 ack_epoch_dropped=0 parked=0
[GVS] rma coste: reservas=10000 (esperaron 0) media=0.03us | cache de registro: aciertos=0 fallos=0 (0.0%) | acks enviados=0 media=0.00us | acks con generacion desajustada=0
[GVS] rma teardown: acks descartados por epoch=0, advertisements aparcadas=0
GUSTO_METRIC tag=teardown slots_total=8 peak_inflight=1 avg_inflight=0.196 peak_waiters=0 reservations=10000 waited=0 wait_us_avg=0.03 admit_rma=10000 admit_am=40002 rma_pct=20.00 rma_fellback=0 decline_capacity=0 decline_timeout=0 decline_swap=0 decline_epfail=0 ack_sent=0 ack_gen_mismatch=0 ack_on_free=0 ack_applied=10000 ack_held=0 ack_released=0 ack_epoch_dropped=0 parked=0
[GVS] rma coste: reservas=10000 (esperaron 0) media=0.04us | cache de registro: aciertos=0 fallos=0 (0.0%) | acks enviados=0 media=0.00us | acks con generacion desajustada=0
[GVS] rma teardown: acks descartados por epoch=0, advertisements aparcadas=0
GUSTO_METRIC tag=teardown slots_total=8 peak_inflight=1 avg_inflight=0.181 peak_waiters=0 reservations=10000 waited=0 wait_us_avg=0.04 admit_rma=10000 admit_am=40002 rma_pct=20.00 rma_fellback=0 decline_capacity=0 decline_timeout=0 decline_swap=0 decline_epfail=0 ack_sent=0 ack_gen_mismatch=0 ack_on_free=0 ack_applied=10000 ack_held=0 ack_released=0 ack_epoch_dropped=0 parked=0
[GVS] rma coste: reservas=10000 (esperaron 0) media=0.04us | cache de registro: aciertos=0 fallos=0 (0.0%) | acks enviados=0 media=0.00us | acks con generacion desajustada=0
[GVS] rma teardown: acks descartados por epoch=0, advertisements aparcadas=0
GUSTO_METRIC tag=teardown slots_total=8 peak_inflight=1 avg_inflight=0.179 peak_waiters=0 reservations=10000 waited=0 wait_us_avg=0.04 admit_rma=10000 admit_am=40002 rma_pct=20.00 rma_fellback=0 decline_capacity=0 decline_timeout=0 decline_swap=0 decline_epfail=0 ack_sent=0 ack_gen_mismatch=0 ack_on_free=0 ack_applied=10000 ack_held=0 ack_released=0 ack_epoch_dropped=0 parked=0
[GVS] rma coste: reservas=10000 (esperaron 0) media=0.03us | cache de registro: aciertos=0 fallos=0 (0.0%) | acks enviados=0 media=0.00us | acks con generacion desajustada=0
[GVS] rma teardown: acks descartados por epoch=0, advertisements aparcadas=0
GUSTO_METRIC tag=teardown slots_total=8 peak_inflight=1 avg_inflight=0.182 peak_waiters=0 reservations=10000 waited=0 wait_us_avg=0.03 admit_rma=10000 admit_am=40002 rma_pct=20.00 rma_fellback=0 decline_capacity=0 decline_timeout=0 decline_swap=0 decline_epfail=0 ack_sent=0 ack_gen_mismatch=0 ack_on_free=0 ack_applied=10000 ack_held=0 ack_released=0 ack_epoch_dropped=0 parked=0
[GVS] rma coste: reservas=10000 (esperaron 0) media=0.04us | cache de registro: aciertos=0 fallos=0 (0.0%) | acks enviados=0 media=0.00us | acks con generacion desajustada=0
[GVS] rma teardown: acks descartados por epoch=0, advertisements aparcadas=0
GUSTO_METRIC tag=teardown slots_total=8 peak_inflight=1 avg_inflight=0.182 peak_waiters=0 reservations=10000 waited=0 wait_us_avg=0.04 admit_rma=10000 admit_am=40002 rma_pct=20.00 rma_fellback=0 decline_capacity=0 decline_timeout=0 decline_swap=0 decline_epfail=0 ack_sent=0 ack_gen_mismatch=0 ack_on_free=0 ack_applied=10000 ack_held=0 ack_released=0 ack_epoch_dropped=0 parked=0
[GVS] rma coste: reservas=10000 (esperaron 0) media=0.04us | cache de registro: aciertos=0 fallos=0 (0.0%) | acks enviados=0 media=0.00us | acks con generacion desajustada=0
[GVS] rma teardown: acks descartados por epoch=0, advertisements aparcadas=0
GUSTO_METRIC tag=teardown slots_total=8 peak_inflight=1 avg_inflight=0.215 peak_waiters=0 reservations=10000 waited=0 wait_us_avg=0.04 admit_rma=10000 admit_am=40002 rma_pct=20.00 rma_fellback=0 decline_capacity=0 decline_timeout=0 decline_swap=0 decline_epfail=0 ack_sent=0 ack_gen_mismatch=0 ack_on_free=0 ack_applied=10000 ack_held=0 ack_released=0 ack_epoch_dropped=0 parked=0
[GVS] rma coste: reservas=10000 (esperaron 0) media=0.03us | cache de registro: aciertos=0 fallos=0 (0.0%) | acks enviados=0 media=0.00us | acks con generacion desajustada=0
[GVS] rma teardown: acks descartados por epoch=0, advertisements aparcadas=0
GUSTO_METRIC tag=teardown slots_total=8 peak_inflight=1 avg_inflight=0.172 peak_waiters=0 reservations=10000 waited=0 wait_us_avg=0.03 admit_rma=10000 admit_am=40002 rma_pct=20.00 rma_fellback=0 decline_capacity=0 decline_timeout=0 decline_swap=0 decline_epfail=0 ack_sent=0 ack_gen_mismatch=0 ack_on_free=0 ack_applied=10000 ack_held=0 ack_released=0 ack_epoch_dropped=0 parked=0
[GVS] rma coste: reservas=10000 (esperaron 0) media=0.03us | cache de registro: aciertos=0 fallos=0 (0.0%) | acks enviados=0 media=0.00us | acks con generacion desajustada=0
[GVS] rma teardown: acks descartados por epoch=0, advertisements aparcadas=0
GUSTO_METRIC tag=teardown slots_total=8 peak_inflight=1 avg_inflight=0.166 peak_waiters=0 reservations=10000 waited=0 wait_us_avg=0.03 admit_rma=10000 admit_am=40002 rma_pct=20.00 rma_fellback=0 decline_capacity=0 decline_timeout=0 decline_swap=0 decline_epfail=0 ack_sent=0 ack_gen_mismatch=0 ack_on_free=0 ack_applied=10000 ack_held=0 ack_released=0 ack_epoch_dropped=0 parked=0
[GVS] rma coste: reservas=10000 (esperaron 0) media=0.03us | cache de registro: aciertos=0 fallos=0 (0.0%) | acks enviados=0 media=0.00us | acks con generacion desajustada=0
[GVS] rma teardown: acks descartados por epoch=0, advertisements aparcadas=0
GUSTO_METRIC tag=teardown slots_total=8 peak_inflight=1 avg_inflight=0.187 peak_waiters=0 reservations=10000 waited=0 wait_us_avg=0.03 admit_rma=10000 admit_am=40002 rma_pct=20.00 rma_fellback=0 decline_capacity=0 decline_timeout=0 decline_swap=0 decline_epfail=0 ack_sent=0 ack_gen_mismatch=0 ack_on_free=0 ack_applied=10000 ack_held=0 ack_released=0 ack_epoch_dropped=0 parked=0
[GVS] rma coste: reservas=10000 (esperaron 0) media=0.03us | cache de registro: aciertos=0 fallos=0 (0.0%) | acks enviados=0 media=0.00us | acks con generacion desajustada=0
[GVS] rma teardown: acks descartados por epoch=0, advertisements aparcadas=0
GUSTO_METRIC tag=teardown slots_total=8 peak_inflight=1 avg_inflight=0.160 peak_waiters=0 reservations=10000 waited=0 wait_us_avg=0.03 admit_rma=10000 admit_am=40002 rma_pct=20.00 rma_fellback=0 decline_capacity=0 decline_timeout=0 decline_swap=0 decline_epfail=0 ack_sent=0 ack_gen_mismatch=0 ack_on_free=0 ack_applied=10000 ack_held=0 ack_released=0 ack_epoch_dropped=0 parked=0
[GVS] rma coste: reservas=10000 (esperaron 0) media=0.03us | cache de registro: aciertos=0 fallos=0 (0.0%) | acks enviados=0 media=0.00us | acks con generacion desajustada=0
[GVS] rma teardown: acks descartados por epoch=0, advertisements aparcadas=0
GUSTO_METRIC tag=teardown slots_total=8 peak_inflight=1 avg_inflight=0.176 peak_waiters=0 reservations=10000 waited=0 wait_us_avg=0.03 admit_rma=10000 admit_am=40002 rma_pct=20.00 rma_fellback=0 decline_capacity=0 decline_timeout=0 decline_swap=0 decline_epfail=0 ack_sent=0 ack_gen_mismatch=0 ack_on_free=0 ack_applied=10000 ack_held=0 ack_released=0 ack_epoch_dropped=0 parked=0
[GVS] rma coste: reservas=10000 (esperaron 0) media=0.05us | cache de registro: aciertos=0 fallos=0 (0.0%) | acks enviados=0 media=0.00us | acks con generacion desajustada=0
[GVS] rma teardown: acks descartados por epoch=0, advertisements aparcadas=0
GUSTO_METRIC tag=teardown slots_total=8 peak_inflight=1 avg_inflight=0.182 peak_waiters=0 reservations=10000 waited=0 wait_us_avg=0.05 admit_rma=10000 admit_am=40002 rma_pct=20.00 rma_fellback=0 decline_capacity=0 decline_timeout=0 decline_swap=0 decline_epfail=0 ack_sent=0 ack_gen_mismatch=0 ack_on_free=0 ack_applied=10000 ack_held=0 ack_released=0 ack_epoch_dropped=0 parked=0
[GVS] rma coste: reservas=10000 (esperaron 0) media=0.03us | cache de registro: aciertos=0 fallos=0 (0.0%) | acks enviados=0 media=0.00us | acks con generacion desajustada=0
[GVS] rma teardown: acks descartados por epoch=0, advertisements aparcadas=0
GUSTO_METRIC tag=teardown slots_total=8 peak_inflight=1 avg_inflight=0.183 peak_waiters=0 reservations=10000 waited=0 wait_us_avg=0.03 admit_rma=10000 admit_am=40002 rma_pct=20.00 rma_fellback=0 decline_capacity=0 decline_timeout=0 decline_swap=0 decline_epfail=0 ack_sent=0 ack_gen_mismatch=0 ack_on_free=0 ack_applied=10000 ack_held=0 ack_released=0 ack_epoch_dropped=0 parked=0
[GVS] rma coste: reservas=10000 (esperaron 0) media=0.03us | cache de registro: aciertos=0 fallos=0 (0.0%) | acks enviados=0 media=0.00us | acks con generacion desajustada=0
[GVS] rma teardown: acks descartados por epoch=0, advertisements aparcadas=0
GUSTO_METRIC tag=teardown slots_total=8 peak_inflight=1 avg_inflight=0.190 peak_waiters=0 reservations=10000 waited=0 wait_us_avg=0.03 admit_rma=10000 admit_am=40002 rma_pct=20.00 rma_fellback=0 decline_capacity=0 decline_timeout=0 decline_swap=0 decline_epfail=0 ack_sent=0 ack_gen_mismatch=0 ack_on_free=0 ack_applied=10000 ack_held=0 ack_released=0 ack_epoch_dropped=0 parked=0
[GVS] rma coste: reservas=10000 (esperaron 0) media=0.04us | cache de registro: aciertos=0 fallos=0 (0.0%) | acks enviados=0 media=0.00us | acks con generacion desajustada=0
[GVS] rma teardown: acks descartados por epoch=0, advertisements aparcadas=0
GUSTO_METRIC tag=teardown slots_total=8 peak_inflight=1 avg_inflight=0.173 peak_waiters=0 reservations=10000 waited=0 wait_us_avg=0.04 admit_rma=10000 admit_am=40002 rma_pct=20.00 rma_fellback=0 decline_capacity=0 decline_timeout=0 decline_swap=0 decline_epfail=0 ack_sent=0 ack_gen_mismatch=0 ack_on_free=0 ack_applied=10000 ack_held=0 ack_released=0 ack_epoch_dropped=0 parked=0
[GVS] rma coste: reservas=10000 (esperaron 0) media=0.03us | cache de registro: aciertos=0 fallos=0 (0.0%) | acks enviados=0 media=0.00us | acks con generacion desajustada=0
[GVS] rma teardown: acks descartados por epoch=0, advertisements aparcadas=0
GUSTO_METRIC tag=teardown slots_total=8 peak_inflight=1 avg_inflight=0.171 peak_waiters=0 reservations=10000 waited=0 wait_us_avg=0.03 admit_rma=10000 admit_am=40002 rma_pct=20.00 rma_fellback=0 decline_capacity=0 decline_timeout=0 decline_swap=0 decline_epfail=0 ack_sent=0 ack_gen_mismatch=0 ack_on_free=0 ack_applied=10000 ack_held=0 ack_released=0 ack_epoch_dropped=0 parked=0
[GVS] rma coste: reservas=10000 (esperaron 0) media=0.03us | cache de registro: aciertos=0 fallos=0 (0.0%) | acks enviados=0 media=0.00us | acks con generacion desajustada=0
[GVS] rma teardown: acks descartados por epoch=0, advertisements aparcadas=0
GUSTO_METRIC tag=teardown slots_total=8 peak_inflight=1 avg_inflight=0.189 peak_waiters=0 reservations=10000 waited=0 wait_us_avg=0.03 admit_rma=10000 admit_am=40002 rma_pct=20.00 rma_fellback=0 decline_capacity=0 decline_timeout=0 decline_swap=0 decline_epfail=0 ack_sent=0 ack_gen_mismatch=0 ack_on_free=0 ack_applied=10000 ack_held=0 ack_released=0 ack_epoch_dropped=0 parked=0
[GVS] rma coste: reservas=10000 (esperaron 0) media=0.03us | cache de registro: aciertos=0 fallos=0 (0.0%) | acks enviados=0 media=0.00us | acks con generacion desajustada=0
[GVS] rma teardown: acks descartados por epoch=0, advertisements aparcadas=0
GUSTO_METRIC tag=teardown slots_total=8 peak_inflight=1 avg_inflight=0.180 peak_waiters=0 reservations=10000 waited=0 wait_us_avg=0.03 admit_rma=10000 admit_am=40002 rma_pct=20.00 rma_fellback=0 decline_capacity=0 decline_timeout=0 decline_swap=0 decline_epfail=0 ack_sent=0 ack_gen_mismatch=0 ack_on_free=0 ack_applied=10000 ack_held=0 ack_released=0 ack_epoch_dropped=0 parked=0
[GVS] rma coste: reservas=10000 (esperaron 0) media=0.03us | cache de registro: aciertos=0 fallos=0 (0.0%) | acks enviados=0 media=0.00us | acks con generacion desajustada=0
[GVS] rma teardown: acks descartados por epoch=0, advertisements aparcadas=0
GUSTO_METRIC tag=teardown slots_total=8 peak_inflight=1 avg_inflight=0.177 peak_waiters=0 reservations=10000 waited=0 wait_us_avg=0.03 admit_rma=10000 admit_am=40002 rma_pct=20.00 rma_fellback=0 decline_capacity=0 decline_timeout=0 decline_swap=0 decline_epfail=0 ack_sent=0 ack_gen_mismatch=0 ack_on_free=0 ack_applied=10000 ack_held=0 ack_released=0 ack_epoch_dropped=0 parked=0
[GVS] rma coste: reservas=10000 (esperaron 0) media=0.03us | cache de registro: aciertos=0 fallos=0 (0.0%) | acks enviados=0 media=0.00us | acks con generacion desajustada=0
[GVS] rma teardown: acks descartados por epoch=0, advertisements aparcadas=0
GUSTO_METRIC tag=teardown slots_total=8 peak_inflight=1 avg_inflight=0.170 peak_waiters=0 reservations=10000 waited=0 wait_us_avg=0.03 admit_rma=10000 admit_am=40002 rma_pct=20.00 rma_fellback=0 decline_capacity=0 decline_timeout=0 decline_swap=0 decline_epfail=0 ack_sent=0 ack_gen_mismatch=0 ack_on_free=0 ack_applied=10000 ack_held=0 ack_released=0 ack_epoch_dropped=0 parked=0
[GVS] rma coste: reservas=10000 (esperaron 0) media=0.03us | cache de registro: aciertos=0 fallos=0 (0.0%) | acks enviados=0 media=0.00us | acks con generacion desajustada=0
[GVS] rma teardown: acks descartados por epoch=0, advertisements aparcadas=0
GUSTO_METRIC tag=teardown slots_total=8 peak_inflight=1 avg_inflight=0.178 peak_waiters=0 reservations=10000 waited=0 wait_us_avg=0.03 admit_rma=10000 admit_am=40002 rma_pct=20.00 rma_fellback=0 decline_capacity=0 decline_timeout=0 decline_swap=0 decline_epfail=0 ack_sent=0 ack_gen_mismatch=0 ack_on_free=0 ack_applied=10000 ack_held=0 ack_released=0 ack_epoch_dropped=0 parked=0
