DEBUG: protocol string is [ucx]
[GVS] GPUDirect=disabled (GVIRTUS_GPUDIRECT=1 but probe FAILED: cudaMalloc(4K) failed (no GPU? OOM?)) - falling back to host slots, behavior unchanged
[GVS IDX] epoch 1 anuncia server_idx=[0,1,2,3,4,5,6,7]
[GVS] rma_setup: epoch 1 arrived, 0/0 slots in flight -> install now
UCX control-plane connected: Connect (25.25.25.2:32222)
DEBUG: protocol string is [ucx]
[GVS] GPUDirect=disabled (GVIRTUS_GPUDIRECT=1 but probe FAILED: cudaMalloc(4K) failed (no GPU? OOM?)) - falling back to host slots, behavior unchanged
[GVS IDX] epoch 1 anuncia server_idx=[0,1,2,3,4,5,6,7]
[GVS] rma_setup: epoch 1 arrived, 0/0 slots in flight -> install now
[GVS ABLATE] *** guarda de epoch DESACTIVADA -- variante DEFECTUOSA a proposito
[GVS IDX] epoch 2 anuncia server_idx=[9,10,11,12,13,14,15,16]
[GVS] rma_setup: epoch 2 arrived, 7/8 slots in flight -> PARK
[GVS] rma_setup: epoch 2 PARKED (transfers in flight), park #1
[GVS IDX] epoch 3 anuncia server_idx=[9,10,11,12,13,14,15,16]
[GVS] rma_setup: epoch 3 arrived, 5/8 slots in flight -> PARK
[GVS] rma_setup: epoch 3 PARKED (transfers in flight), park #2
[GVS IDX] epoch 4 anuncia server_idx=[9,10,11,12,13,14,15,16]
[GVS] rma_setup: epoch 4 arrived, 1/8 slots in flight -> PARK
[GVS] rma_setup: epoch 4 PARKED (transfers in flight), park #3
[GVS] rma_setup: epoch 4 INSTALLED after park
[GUSTO CFG] pool efectivo: slots=2 cap=2.1 MiB shadow=no total=4.1 MiB (sin presupuesto definido)
[GVS IDX] epoch 5 anuncia server_idx=[9,10,11,12,13,14,15,16]
[GVS] rma_setup: epoch 5 arrived, 5/8 slots in flight -> PARK
[GVS] rma_setup: epoch 5 PARKED (transfers in flight), park #4
[GVS IDX] epoch 6 anuncia server_idx=[9,10,11,12,13,14,15,16]
[GVS] rma_setup: epoch 6 arrived, 1/8 slots in flight -> PARK
[GVS] rma_setup: epoch 6 PARKED (transfers in flight), park #5
[GVS] rma_setup: epoch 6 INSTALLED after park
[GVS IDX] epoch 7 anuncia server_idx=[9,10,11,12,13,14,15,16]
[GVS] rma_setup: epoch 7 arrived, 2/8 slots in flight -> PARK
[GVS] rma_setup: epoch 7 PARKED (transfers in flight), park #6
[GVS] rma_setup: epoch 7 INSTALLED after park
[GVS IDX] epoch 8 anuncia server_idx=[9,10,11,12,13,14,15,16]
[GVS] rma_setup: epoch 8 arrived, 1/8 slots in flight -> PARK
[GVS] rma_setup: epoch 8 PARKED (transfers in flight), park #7
[GVS] rma_setup: epoch 8 INSTALLED after park
[GVS IDX] epoch 9 anuncia server_idx=[9,10,11,12,13,14,15,16]
[GVS] rma_setup: epoch 9 arrived, 2/8 slots in flight -> PARK
[GVS] rma_setup: epoch 9 PARKED (transfers in flight), park #8
[GVS] rma_setup: epoch 9 INSTALLED after park
[GVS IDX] epoch 10 anuncia server_idx=[9,10,11,12,13,14,15,16]
[GVS] rma_setup: epoch 10 arrived, 1/8 slots in flight -> PARK
[GVS] rma_setup: epoch 10 PARKED (transfers in flight), park #9
[GVS] rma_setup: epoch 10 INSTALLED after park
[GVS IDX] epoch 11 anuncia server_idx=[9,10,11,12,13,14,15,16]
[GVS] rma_setup: epoch 11 arrived, 2/8 slots in flight -> PARK
[GVS] rma_setup: epoch 11 PARKED (transfers in flight), park #10
[GVS] rma_setup: epoch 11 INSTALLED after park
[GVS IDX] epoch 12 anuncia server_idx=[9,10,11,12,13,14,15,16]
[GVS] rma_setup: epoch 12 arrived, 1/8 slots in flight -> PARK
[GVS] rma_setup: epoch 12 PARKED (transfers in flight), park #11
[GVS] rma_setup: epoch 12 INSTALLED after park
[GVS IDX] epoch 13 anuncia server_idx=[9,10,11,12,13,14,15,16]
[GVS] rma_setup: epoch 13 arrived, 2/8 slots in flight -> PARK
[GVS] rma_setup: epoch 13 PARKED (transfers in flight), park #12
[GVS] rma_setup: epoch 13 INSTALLED after park
[GVS IDX] epoch 14 anuncia server_idx=[9,10,11,12,13,14,15,16]
[GVS] rma_setup: epoch 14 arrived, 1/8 slots in flight -> PARK
[GVS] rma_setup: epoch 14 PARKED (transfers in flight), park #13
[GVS] rma_setup: epoch 14 INSTALLED after park
[GVS IDX] epoch 15 anuncia server_idx=[9,10,11,12,13,14,15,16]
[GVS] rma_setup: epoch 15 arrived, 2/8 slots in flight -> PARK
[GVS] rma_setup: epoch 15 PARKED (transfers in flight), park #14
[GVS] rma_setup: epoch 15 INSTALLED after park
[GVS IDX] epoch 16 anuncia server_idx=[9,10,11,12,13,14,15,16]
[GVS] rma_setup: epoch 16 arrived, 1/8 slots in flight -> PARK
[GVS] rma_setup: epoch 16 PARKED (transfers in flight), park #15
[GVS] rma_setup: epoch 16 INSTALLED after park
[GVS IDX] epoch 17 anuncia server_idx=[9,10,11,12,13,14,15,16]
[GVS] rma_setup: epoch 17 arrived, 2/8 slots in flight -> PARK
[GVS] rma_setup: epoch 17 PARKED (transfers in flight), park #16
[GVS] rma_setup: epoch 17 INSTALLED after park
[GVS IDX] epoch 18 anuncia server_idx=[9,10,11,12,13,14,15,16]
[GVS] rma_setup: epoch 18 arrived, 1/8 slots in flight -> PARK
[GVS] rma_setup: epoch 18 PARKED (transfers in flight), park #17
[GVS] rma_setup: epoch 18 INSTALLED after park
[GVS IDX] epoch 19 anuncia server_idx=[9,10,11,12,13,14,15,16]
[GVS] rma_setup: epoch 19 arrived, 2/8 slots in flight -> PARK
[GVS] rma_setup: epoch 19 PARKED (transfers in flight), park #18
[GVS] rma_setup: epoch 19 INSTALLED after park
[GVS IDX] epoch 20 anuncia server_idx=[9,10,11,12,13,14,15,16]
[GVS] rma_setup: epoch 20 arrived, 1/8 slots in flight -> PARK
[GVS] rma_setup: epoch 20 PARKED (transfers in flight), park #19
[GVS] rma_setup: epoch 20 INSTALLED after park
[GVS IDX] epoch 21 anuncia server_idx=[9,10,11,12,13,14,15,16]
[GVS] rma_setup: epoch 21 arrived, 2/8 slots in flight -> PARK
[GVS] rma_setup: epoch 21 PARKED (transfers in flight), park #20
[GVS] rma_setup: epoch 21 INSTALLED after park
[GVS IDX] epoch 22 anuncia server_idx=[9,10,11,12,13,14,15,16]
[GVS] rma_setup: epoch 22 arrived, 1/8 slots in flight -> PARK
[GVS] rma_setup: epoch 22 PARKED (transfers in flight), park #21
[GVS] rma_setup: epoch 22 INSTALLED after park
[GVS IDX] epoch 23 anuncia server_idx=[9,10,11,12,13,14,15,16]
[GVS] rma_setup: epoch 23 arrived, 2/8 slots in flight -> PARK
[GVS] rma_setup: epoch 23 PARKED (transfers in flight), park #22
[GVS] rma_setup: epoch 23 INSTALLED after park
[GVS IDX] epoch 24 anuncia server_idx=[9,10,11,12,13,14,15,16]
[GVS] rma_setup: epoch 24 arrived, 1/8 slots in flight -> PARK
[GVS] rma_setup: epoch 24 PARKED (transfers in flight), park #23
[GVS] rma_setup: epoch 24 INSTALLED after park
[GVS IDX] epoch 25 anuncia server_idx=[9,10,11,12,13,14,15,16]
[GVS] rma_setup: epoch 25 arrived, 2/8 slots in flight -> PARK
[GVS] rma_setup: epoch 25 PARKED (transfers in flight), park #24
[GVS] rma_setup: epoch 25 INSTALLED after park
[GVS IDX] epoch 26 anuncia server_idx=[9,10,11,12,13,14,15,16]
[GVS] rma_setup: epoch 26 arrived, 1/8 slots in flight -> PARK
[GVS] rma_setup: epoch 26 PARKED (transfers in flight), park #25
[GVS] rma_setup: epoch 26 INSTALLED after park
[GVS IDX] epoch 27 anuncia server_idx=[9,10,11,12,13,14,15,16]
[GVS] rma_setup: epoch 27 arrived, 2/8 slots in flight -> PARK
[GVS] rma_setup: epoch 27 PARKED (transfers in flight), park #26
[GVS] rma_setup: epoch 27 INSTALLED after park
[GVS IDX] epoch 28 anuncia server_idx=[9,10,11,12,13,14,15,16]
[GVS] rma_setup: epoch 28 arrived, 1/8 slots in flight -> PARK
[GVS] rma_setup: epoch 28 PARKED (transfers in flight), park #27
[GVS] rma_setup: epoch 28 INSTALLED after park
[GVS IDX] epoch 29 anuncia server_idx=[9,10,11,12,13,14,15,16]
[GVS] rma_setup: epoch 29 arrived, 2/8 slots in flight -> PARK
[GVS] rma_setup: epoch 29 PARKED (transfers in flight), park #28
[GVS] rma_setup: epoch 29 INSTALLED after park
[GVS IDX] epoch 30 anuncia server_idx=[9,10,11,12,13,14,15,16]
[GVS] rma_setup: epoch 30 arrived, 1/8 slots in flight -> PARK
[GVS] rma_setup: epoch 30 PARKED (transfers in flight), park #29
[GVS] rma_setup: epoch 30 INSTALLED after park
[GVS IDX] epoch 31 anuncia server_idx=[9,10,11,12,13,14,15,16]
[GVS] rma_setup: epoch 31 arrived, 2/8 slots in flight -> PARK
[GVS] rma_setup: epoch 31 PARKED (transfers in flight), park #30
[GVS] rma_setup: epoch 31 INSTALLED after park
[GVS IDX] epoch 32 anuncia server_idx=[9,10,11,12,13,14,15,16]
[GVS] rma_setup: epoch 32 arrived, 1/8 slots in flight -> PARK
[GVS] rma_setup: epoch 32 PARKED (transfers in flight), park #31
[GVS] rma_setup: epoch 32 INSTALLED after park
[GVS IDX] epoch 33 anuncia server_idx=[9,10,11,12,13,14,15,16]
[GVS] rma_setup: epoch 33 arrived, 2/8 slots in flight -> PARK
[GVS] rma_setup: epoch 33 PARKED (transfers in flight), park #32
[GVS] rma_setup: epoch 33 INSTALLED after park
[GVS IDX] epoch 34 anuncia server_idx=[9,10,11,12,13,14,15,16]
[GVS] rma_setup: epoch 34 arrived, 1/8 slots in flight -> PARK
[GVS] rma_setup: epoch 34 PARKED (transfers in flight), park #33
[GVS] rma_setup: epoch 34 INSTALLED after park
[GVS IDX] epoch 35 anuncia server_idx=[9,10,11,12,13,14,15,16]
[GVS] rma_setup: epoch 35 arrived, 2/8 slots in flight -> PARK
[GVS] rma_setup: epoch 35 PARKED (transfers in flight), park #34
[GVS] rma_setup: epoch 35 INSTALLED after park
[GVS IDX] epoch 36 anuncia server_idx=[9,10,11,12,13,14,15,16]
[GVS] rma_setup: epoch 36 arrived, 1/8 slots in flight -> PARK
[GVS] rma_setup: epoch 36 PARKED (transfers in flight), park #35
[GVS] rma_setup: epoch 36 INSTALLED after park
[GVS IDX] epoch 37 anuncia server_idx=[9,10,11,12,13,14,15,16]
[GVS] rma_setup: epoch 37 arrived, 2/8 slots in flight -> PARK
[GVS] rma_setup: epoch 37 PARKED (transfers in flight), park #36
[GVS] rma_setup: epoch 37 INSTALLED after park
[GVS IDX] epoch 38 anuncia server_idx=[9,10,11,12,13,14,15,16]
[GVS] rma_setup: epoch 38 arrived, 1/8 slots in flight -> PARK
[GVS] rma_setup: epoch 38 PARKED (transfers in flight), park #37
[GVS] rma_setup: epoch 38 INSTALLED after park
[GVS IDX] epoch 39 anuncia server_idx=[9,10,11,12,13,14,15,16]
[GVS] rma_setup: epoch 39 arrived, 2/8 slots in flight -> PARK
[GVS] rma_setup: epoch 39 PARKED (transfers in flight), park #38
[GVS] rma_setup: epoch 39 INSTALLED after park
[GVS IDX] epoch 40 anuncia server_idx=[9,10,11,12,13,14,15,16]
[GVS] rma_setup: epoch 40 arrived, 1/8 slots in flight -> PARK
[GVS] rma_setup: epoch 40 PARKED (transfers in flight), park #39
[GVS] rma_setup: epoch 40 INSTALLED after park
[GVS IDX] epoch 41 anuncia server_idx=[9,10,11,12,13,14,15,16]
[GVS] rma_setup: epoch 41 arrived, 2/8 slots in flight -> PARK
[GVS] rma_setup: epoch 41 PARKED (transfers in flight), park #40
[GVS] rma_setup: epoch 41 INSTALLED after park
[GVS IDX] epoch 42 anuncia server_idx=[9,10,11,12,13,14,15,16]
[GVS] rma_setup: epoch 42 arrived, 1/8 slots in flight -> PARK
[GVS] rma_setup: epoch 42 PARKED (transfers in flight), park #41
[GVS] rma_setup: epoch 42 INSTALLED after park
[GVS IDX] epoch 43 anuncia server_idx=[9,10,11,12,13,14,15,16]
[GVS] rma_setup: epoch 43 arrived, 2/8 slots in flight -> PARK
[GVS] rma_setup: epoch 43 PARKED (transfers in flight), park #42
[GVS] rma_setup: epoch 43 INSTALLED after park
[GVS IDX] epoch 44 anuncia server_idx=[9,10,11,12,13,14,15,16]
[GVS] rma_setup: epoch 44 arrived, 1/8 slots in flight -> PARK
[GVS] rma_setup: epoch 44 PARKED (transfers in flight), park #43
[GVS] rma_setup: epoch 44 INSTALLED after park
[GVS IDX] epoch 45 anuncia server_idx=[9,10,11,12,13,14,15,16]
[GVS] rma_setup: epoch 45 arrived, 2/8 slots in flight -> PARK
[GVS] rma_setup: epoch 45 PARKED (transfers in flight), park #44
[GVS] rma_setup: epoch 45 INSTALLED after park
[GVS IDX] epoch 46 anuncia server_idx=[9,10,11,12,13,14,15,16]
[GVS] rma_setup: epoch 46 arrived, 1/8 slots in flight -> PARK
[GVS] rma_setup: epoch 46 PARKED (transfers in flight), park #45
[GVS] rma_setup: epoch 46 INSTALLED after park
[GVS IDX] epoch 47 anuncia server_idx=[9,10,11,12,13,14,15,16]
[GVS] rma_setup: epoch 47 arrived, 2/8 slots in flight -> PARK
[GVS] rma_setup: epoch 47 PARKED (transfers in flight), park #46
[GVS] rma_setup: epoch 47 INSTALLED after park
[GVS IDX] epoch 48 anuncia server_idx=[9,10,11,12,13,14,15,16]
[GVS] rma_setup: epoch 48 arrived, 1/8 slots in flight -> PARK
[GVS] rma_setup: epoch 48 PARKED (transfers in flight), park #47
[GVS] rma_setup: epoch 48 INSTALLED after park
[GVS IDX] epoch 49 anuncia server_idx=[9,10,11,12,13,14,15,16]
[GVS] rma_setup: epoch 49 arrived, 2/8 slots in flight -> PARK
[GVS] rma_setup: epoch 49 PARKED (transfers in flight), park #48
[GVS] rma_setup: epoch 49 INSTALLED after park
[GVS IDX] epoch 50 anuncia server_idx=[9,10,11,12,13,14,15,16]
[GVS] rma_setup: epoch 50 arrived, 1/8 slots in flight -> PARK
[GVS] rma_setup: epoch 50 PARKED (transfers in flight), park #49
[GVS] rma_setup: epoch 50 INSTALLED after park
[GVS IDX] epoch 51 anuncia server_idx=[9,10,11,12,13,14,15,16]
[GVS] rma_setup: epoch 51 arrived, 2/8 slots in flight -> PARK
[GVS] rma_setup: epoch 51 PARKED (transfers in flight), park #50
[GVS] rma_setup: epoch 51 INSTALLED after park
[GVS IDX] epoch 52 anuncia server_idx=[9,10,11,12,13,14,15,16]
[GVS] rma_setup: epoch 52 arrived, 1/8 slots in flight -> PARK
[GVS] rma_setup: epoch 52 PARKED (transfers in flight), park #51
[GVS] rma_setup: epoch 52 INSTALLED after park
[GVS IDX] epoch 53 anuncia server_idx=[9,10,11,12,13,14,15,16]
[GVS] rma_setup: epoch 53 arrived, 2/8 slots in flight -> PARK
[GVS] rma_setup: epoch 53 PARKED (transfers in flight), park #52
[GVS] rma_setup: epoch 53 INSTALLED after park
[GVS IDX] epoch 54 anuncia server_idx=[9,10,11,12,13,14,15,16]
[GVS] rma_setup: epoch 54 arrived, 1/8 slots in flight -> PARK
[GVS] rma_setup: epoch 54 PARKED (transfers in flight), park #53
[GVS] rma_setup: epoch 54 INSTALLED after park
[GVS IDX] epoch 55 anuncia server_idx=[9,10,11,12,13,14,15,16]
[GVS] rma_setup: epoch 55 arrived, 2/8 slots in flight -> PARK
[GVS] rma_setup: epoch 55 PARKED (transfers in flight), park #54
[GVS] rma_setup: epoch 55 INSTALLED after park
[GVS IDX] epoch 56 anuncia server_idx=[9,10,11,12,13,14,15,16]
[GVS] rma_setup: epoch 56 arrived, 1/8 slots in flight -> PARK
[GVS] rma_setup: epoch 56 PARKED (transfers in flight), park #55
[GVS] rma_setup: epoch 56 INSTALLED after park
[GVS IDX] epoch 57 anuncia server_idx=[9,10,11,12,13,14,15,16]
[GVS] rma_setup: epoch 57 arrived, 2/8 slots in flight -> PARK
[GVS] rma_setup: epoch 57 PARKED (transfers in flight), park #56
[GVS] rma_setup: epoch 57 INSTALLED after park
[GVS IDX] epoch 58 anuncia server_idx=[9,10,11,12,13,14,15,16]
[GVS] rma_setup: epoch 58 arrived, 1/8 slots in flight -> PARK
[GVS] rma_setup: epoch 58 PARKED (transfers in flight), park #57
[GVS] rma_setup: epoch 58 INSTALLED after park
[GVS IDX] epoch 59 anuncia server_idx=[9,10,11,12,13,14,15,16]
[GVS] rma_setup: epoch 59 arrived, 2/8 slots in flight -> PARK
[GVS] rma_setup: epoch 59 PARKED (transfers in flight), park #58
[GVS] rma_setup: epoch 59 INSTALLED after park
[GVS IDX] epoch 60 anuncia server_idx=[9,10,11,12,13,14,15,16]
[GVS] rma_setup: epoch 60 arrived, 1/8 slots in flight -> PARK
[GVS] rma_setup: epoch 60 PARKED (transfers in flight), park #59
[GVS] rma_setup: epoch 60 INSTALLED after park
[GVS IDX] epoch 61 anuncia server_idx=[9,10,11,12,13,14,15,16]
[GVS] rma_setup: epoch 61 arrived, 2/8 slots in flight -> PARK
[GVS] rma_setup: epoch 61 PARKED (transfers in flight), park #60
[GVS] rma_setup: epoch 61 INSTALLED after park
[GVS IDX] epoch 62 anuncia server_idx=[9,10,11,12,13,14,15,16]
[GVS] rma_setup: epoch 62 arrived, 1/8 slots in flight -> PARK
[GVS] rma_setup: epoch 62 PARKED (transfers in flight), park #61
[GVS] rma_setup: epoch 62 INSTALLED after park
[GVS IDX] epoch 63 anuncia server_idx=[9,10,11,12,13,14,15,16]
[GVS] rma_setup: epoch 63 arrived, 2/8 slots in flight -> PARK
[GVS] rma_setup: epoch 63 PARKED (transfers in flight), park #62
[GVS] rma_setup: epoch 63 INSTALLED after park
[GVS IDX] epoch 64 anuncia server_idx=[9,10,11,12,13,14,15,16]
[GVS] rma_setup: epoch 64 arrived, 1/8 slots in flight -> PARK
[GVS] rma_setup: epoch 64 PARKED (transfers in flight), park #63
[GVS] rma_setup: epoch 64 INSTALLED after park
[GVS IDX] epoch 65 anuncia server_idx=[9,10,11,12,13,14,15,16]
[GVS] rma_setup: epoch 65 arrived, 2/8 slots in flight -> PARK
[GVS] rma_setup: epoch 65 PARKED (transfers in flight), park #64
[GVS] rma_setup: epoch 65 INSTALLED after park
[GVS IDX] epoch 66 anuncia server_idx=[9,10,11,12,13,14,15,16]
[GVS] rma_setup: epoch 66 arrived, 1/8 slots in flight -> PARK
[GVS] rma_setup: epoch 66 PARKED (transfers in flight), park #65
[GVS] rma_setup: epoch 66 INSTALLED after park
[GVS IDX] epoch 67 anuncia server_idx=[9,10,11,12,13,14,15,16]
[GVS] rma_setup: epoch 67 arrived, 2/8 slots in flight -> PARK
[GVS] rma_setup: epoch 67 PARKED (transfers in flight), park #66
[GVS] rma_setup: epoch 67 INSTALLED after park
[GVS IDX] epoch 68 anuncia server_idx=[9,10,11,12,13,14,15,16]
[GVS] rma_setup: epoch 68 arrived, 1/8 slots in flight -> PARK
[GVS] rma_setup: epoch 68 PARKED (transfers in flight), park #67
[GVS] rma_setup: epoch 68 INSTALLED after park
[GVS IDX] epoch 69 anuncia server_idx=[9,10,11,12,13,14,15,16]
[GVS] rma_setup: epoch 69 arrived, 2/8 slots in flight -> PARK
[GVS] rma_setup: epoch 69 PARKED (transfers in flight), park #68
[GVS] rma_setup: epoch 69 INSTALLED after park
[GVS IDX] epoch 70 anuncia server_idx=[9,10,11,12,13,14,15,16]
[GVS] rma_setup: epoch 70 arrived, 1/8 slots in flight -> PARK
[GVS] rma_setup: epoch 70 PARKED (transfers in flight), park #69
[GVS] rma_setup: epoch 70 INSTALLED after park
[GVS IDX] epoch 71 anuncia server_idx=[9,10,11,12,13,14,15,16]
[GVS] rma_setup: epoch 71 arrived, 2/8 slots in flight -> PARK
[GVS] rma_setup: epoch 71 PARKED (transfers in flight), park #70
[GVS] rma_setup: epoch 71 INSTALLED after park
[GVS IDX] epoch 72 anuncia server_idx=[9,10,11,12,13,14,15,16]
[GVS] rma_setup: epoch 72 arrived, 1/8 slots in flight -> PARK
[GVS] rma_setup: epoch 72 PARKED (transfers in flight), park #71
[GVS] rma_setup: epoch 72 INSTALLED after park
[GVS IDX] epoch 73 anuncia server_idx=[9,10,11,12,13,14,15,16]
[GVS] rma_setup: epoch 73 arrived, 2/8 slots in flight -> PARK
[GVS] rma_setup: epoch 73 PARKED (transfers in flight), park #72
[GVS] rma_setup: epoch 73 INSTALLED after park
[GVS IDX] epoch 74 anuncia server_idx=[9,10,11,12,13,14,15,16]
[GVS] rma_setup: epoch 74 arrived, 1/8 slots in flight -> PARK
[GVS] rma_setup: epoch 74 PARKED (transfers in flight), park #73
[GVS] rma_setup: epoch 74 INSTALLED after park
[GVS IDX] epoch 75 anuncia server_idx=[9,10,11,12,13,14,15,16]
[GVS] rma_setup: epoch 75 arrived, 2/8 slots in flight -> PARK
[GVS] rma_setup: epoch 75 PARKED (transfers in flight), park #74
[GVS] rma_setup: epoch 75 INSTALLED after park
[GVS IDX] epoch 76 anuncia server_idx=[9,10,11,12,13,14,15,16]
[GVS] rma_setup: epoch 76 arrived, 1/8 slots in flight -> PARK
[GVS] rma_setup: epoch 76 PARKED (transfers in flight), park #75
[GVS] rma_setup: epoch 76 INSTALLED after park
[GVS IDX] epoch 77 anuncia server_idx=[9,10,11,12,13,14,15,16]
[GVS] rma_setup: epoch 77 arrived, 2/8 slots in flight -> PARK
[GVS] rma_setup: epoch 77 PARKED (transfers in flight), park #76
[GVS] rma_setup: epoch 77 INSTALLED after park
[GVS IDX] epoch 78 anuncia server_idx=[9,10,11,12,13,14,15,16]
[GVS] rma_setup: epoch 78 arrived, 1/8 slots in flight -> PARK
[GVS] rma_setup: epoch 78 PARKED (transfers in flight), park #77
[GVS] rma_setup: epoch 78 INSTALLED after park
[GVS IDX] epoch 79 anuncia server_idx=[9,10,11,12,13,14,15,16]
[GVS] rma_setup: epoch 79 arrived, 2/8 slots in flight -> PARK
[GVS] rma_setup: epoch 79 PARKED (transfers in flight), park #78
[GVS] rma_setup: epoch 79 INSTALLED after park
[GVS IDX] epoch 80 anuncia server_idx=[9,10,11,12,13,14,15,16]
[GVS] rma_setup: epoch 80 arrived, 1/8 slots in flight -> PARK
[GVS] rma_setup: epoch 80 PARKED (transfers in flight), park #79
[GVS] rma_setup: epoch 80 INSTALLED after park
[GVS IDX] epoch 81 anuncia server_idx=[9,10,11,12,13,14,15,16]
[GVS] rma_setup: epoch 81 arrived, 2/8 slots in flight -> PARK
[GVS] rma_setup: epoch 81 PARKED (transfers in flight), park #80
[GVS] rma_setup: epoch 81 INSTALLED after park
[GVS IDX] epoch 82 anuncia server_idx=[9,10,11,12,13,14,15,16]
[GVS] rma_setup: epoch 82 arrived, 1/8 slots in flight -> PARK
[GVS] rma_setup: epoch 82 PARKED (transfers in flight), park #81
[GVS] rma_setup: epoch 82 INSTALLED after park
[GVS] rma coste: reservas=320 (esperaron 38) media=0.66us | cache de registro: aciertos=152 fallos=8 (95.0%) | acks enviados=0 media=0.00us | acks con generacion desajustada=0
[GVS] rma teardown: acks descartados por epoch=0, advertisements aparcadas=81
GUSTO_METRIC tag=teardown slots_total=8 peak_inflight=7 avg_inflight=1.594 peak_waiters=1 reservations=320 waited=38 wait_us_avg=0.66 admit_rma=320 admit_am=379 rma_pct=45.78 rma_fellback=0 decline_capacity=0 decline_timeout=0 decline_swap=0 decline_epfail=0 ack_sent=0 ack_gen_mismatch=0 ack_on_free=0 ack_applied=320 ack_held=0 ack_released=0 ack_epoch_dropped=0 parked=81
UCX control-plane connected: Connect (25.25.25.2:32222)
epochharm: iters=40 fase1=2097152 fase2=6291456 buffers=8
RESULTADO iters=40 cambios_de_tamano=20 bytes_malos=0 -> sin corrupcion
