DEBUG: protocol string is [ucx]
[GVS] GPUDirect=disabled (GVIRTUS_GPUDIRECT=1 but probe FAILED: cudaMalloc(4K) failed (no GPU? OOM?)) - falling back to host slots, behavior unchanged
[GVS IDX] epoch 1 anuncia server_idx=[0,1,2,3,4,5,6,7]
[GVS FAULT] *** NO-PARK: el layout se instala CON transferencias en vuelo (inseguro a proposito)
[GVS] rma_setup: epoch 1 arrived, 0/0 slots in flight -> install now
UCX control-plane connected: Connect (25.25.25.2:32222)
DEBUG: protocol string is [ucx]
[GVS] GPUDirect=disabled (GVIRTUS_GPUDIRECT=1 but probe FAILED: cudaMalloc(4K) failed (no GPU? OOM?)) - falling back to host slots, behavior unchanged
[GVS IDX] epoch 1 anuncia server_idx=[0,1,2,3,4,5,6,7]
[GVS FAULT] *** NO-PARK: el layout se instala CON transferencias en vuelo (inseguro a proposito)
[GVS] rma_setup: epoch 1 arrived, 0/0 slots in flight -> install now
[GVS IDX] epoch 2 anuncia server_idx=[9,10,11,12,13,14,15,16]
[GVS] rma_setup: epoch 2 arrived, 7/8 slots in flight -> INSTALL NOW (NO-PARK forzado)
[GVS IDX] epoch 3 anuncia server_idx=[9,10,11,12,13,14,15,16]
[GVS] rma_setup: epoch 3 arrived, 0/8 slots in flight -> install now
[GVS IDX] epoch 4 anuncia server_idx=[9,10,11,12,13,14,15,16]
[GVS] rma_setup: epoch 4 arrived, 0/8 slots in flight -> install now
[GUSTO CFG] pool efectivo: slots=2 cap=2.1 MiB shadow=no total=4.1 MiB (sin presupuesto definido)
[GVS IDX] epoch 5 anuncia server_idx=[9,10,11,12,13,14,15,16]
[GVS] rma_setup: epoch 5 arrived, 5/8 slots in flight -> INSTALL NOW (NO-PARK forzado)
[GVS IDX] epoch 6 anuncia server_idx=[9,10,11,12,13,14,15,16]
[GVS] rma_setup: epoch 6 arrived, 0/8 slots in flight -> install now
[GVS IDX] epoch 7 anuncia server_idx=[9,10,11,12,13,14,15,16]
[GVS] rma_setup: epoch 7 arrived, 2/8 slots in flight -> INSTALL NOW (NO-PARK forzado)
[GVS IDX] epoch 8 anuncia server_idx=[9,10,11,12,13,14,15,16]
[GVS] rma_setup: epoch 8 arrived, 1/8 slots in flight -> INSTALL NOW (NO-PARK forzado)
[GVS IDX] epoch 9 anuncia server_idx=[9,10,11,12,13,14,15,16]
[GVS] rma_setup: epoch 9 arrived, 2/8 slots in flight -> INSTALL NOW (NO-PARK forzado)
[GVS IDX] epoch 10 anuncia server_idx=[9,10,11,12,13,14,15,16]
[GVS] rma_setup: epoch 10 arrived, 1/8 slots in flight -> INSTALL NOW (NO-PARK forzado)
[GVS IDX] epoch 11 anuncia server_idx=[9,10,11,12,13,14,15,16]
[GVS] rma_setup: epoch 11 arrived, 2/8 slots in flight -> INSTALL NOW (NO-PARK forzado)
[GVS IDX] epoch 12 anuncia server_idx=[9,10,11,12,13,14,15,16]
[GVS] rma_setup: epoch 12 arrived, 1/8 slots in flight -> INSTALL NOW (NO-PARK forzado)
[GVS IDX] epoch 13 anuncia server_idx=[9,10,11,12,13,14,15,16]
[GVS] rma_setup: epoch 13 arrived, 2/8 slots in flight -> INSTALL NOW (NO-PARK forzado)
[GVS IDX] epoch 14 anuncia server_idx=[9,10,11,12,13,14,15,16]
[GVS] rma_setup: epoch 14 arrived, 1/8 slots in flight -> INSTALL NOW (NO-PARK forzado)
[GVS IDX] epoch 15 anuncia server_idx=[9,10,11,12,13,14,15,16]
[GVS] rma_setup: epoch 15 arrived, 2/8 slots in flight -> INSTALL NOW (NO-PARK forzado)
[GVS IDX] epoch 16 anuncia server_idx=[9,10,11,12,13,14,15,16]
[GVS] rma_setup: epoch 16 arrived, 1/8 slots in flight -> INSTALL NOW (NO-PARK forzado)
[GVS IDX] epoch 17 anuncia server_idx=[9,10,11,12,13,14,15,16]
[GVS] rma_setup: epoch 17 arrived, 2/8 slots in flight -> INSTALL NOW (NO-PARK forzado)
[GVS IDX] epoch 18 anuncia server_idx=[9,10,11,12,13,14,15,16]
[GVS] rma_setup: epoch 18 arrived, 1/8 slots in flight -> INSTALL NOW (NO-PARK forzado)
[GVS IDX] epoch 19 anuncia server_idx=[9,10,11,12,13,14,15,16]
[GVS] rma_setup: epoch 19 arrived, 2/8 slots in flight -> INSTALL NOW (NO-PARK forzado)
[GVS IDX] epoch 20 anuncia server_idx=[9,10,11,12,13,14,15,16]
[GVS] rma_setup: epoch 20 arrived, 1/8 slots in flight -> INSTALL NOW (NO-PARK forzado)
[GVS IDX] epoch 21 anuncia server_idx=[9,10,11,12,13,14,15,16]
[GVS] rma_setup: epoch 21 arrived, 2/8 slots in flight -> INSTALL NOW (NO-PARK forzado)
[GVS IDX] epoch 22 anuncia server_idx=[9,10,11,12,13,14,15,16]
[GVS] rma_setup: epoch 22 arrived, 1/8 slots in flight -> INSTALL NOW (NO-PARK forzado)
[GVS IDX] epoch 23 anuncia server_idx=[9,10,11,12,13,14,15,16]
[GVS] rma_setup: epoch 23 arrived, 2/8 slots in flight -> INSTALL NOW (NO-PARK forzado)
[GVS IDX] epoch 24 anuncia server_idx=[9,10,11,12,13,14,15,16]
[GVS] rma_setup: epoch 24 arrived, 1/8 slots in flight -> INSTALL NOW (NO-PARK forzado)
[GVS IDX] epoch 25 anuncia server_idx=[9,10,11,12,13,14,15,16]
[GVS] rma_setup: epoch 25 arrived, 2/8 slots in flight -> INSTALL NOW (NO-PARK forzado)
[GVS IDX] epoch 26 anuncia server_idx=[9,10,11,12,13,14,15,16]
[GVS] rma_setup: epoch 26 arrived, 1/8 slots in flight -> INSTALL NOW (NO-PARK forzado)
[GVS IDX] epoch 27 anuncia server_idx=[9,10,11,12,13,14,15,16]
[GVS] rma_setup: epoch 27 arrived, 2/8 slots in flight -> INSTALL NOW (NO-PARK forzado)
[GVS IDX] epoch 28 anuncia server_idx=[9,10,11,12,13,14,15,16]
[GVS] rma_setup: epoch 28 arrived, 1/8 slots in flight -> INSTALL NOW (NO-PARK forzado)
[GVS IDX] epoch 29 anuncia server_idx=[9,10,11,12,13,14,15,16]
[GVS] rma_setup: epoch 29 arrived, 2/8 slots in flight -> INSTALL NOW (NO-PARK forzado)
[GVS IDX] epoch 30 anuncia server_idx=[9,10,11,12,13,14,15,16]
[GVS] rma_setup: epoch 30 arrived, 1/8 slots in flight -> INSTALL NOW (NO-PARK forzado)
[GVS IDX] epoch 31 anuncia server_idx=[9,10,11,12,13,14,15,16]
[GVS] rma_setup: epoch 31 arrived, 2/8 slots in flight -> INSTALL NOW (NO-PARK forzado)
[GVS IDX] epoch 32 anuncia server_idx=[9,10,11,12,13,14,15,16]
[GVS] rma_setup: epoch 32 arrived, 1/8 slots in flight -> INSTALL NOW (NO-PARK forzado)
[GVS IDX] epoch 33 anuncia server_idx=[9,10,11,12,13,14,15,16]
[GVS] rma_setup: epoch 33 arrived, 2/8 slots in flight -> INSTALL NOW (NO-PARK forzado)
[GVS IDX] epoch 34 anuncia server_idx=[9,10,11,12,13,14,15,16]
[GVS] rma_setup: epoch 34 arrived, 1/8 slots in flight -> INSTALL NOW (NO-PARK forzado)
[GVS IDX] epoch 35 anuncia server_idx=[9,10,11,12,13,14,15,16]
[GVS] rma_setup: epoch 35 arrived, 2/8 slots in flight -> INSTALL NOW (NO-PARK forzado)
[GVS IDX] epoch 36 anuncia server_idx=[9,10,11,12,13,14,15,16]
[GVS] rma_setup: epoch 36 arrived, 1/8 slots in flight -> INSTALL NOW (NO-PARK forzado)
[GVS IDX] epoch 37 anuncia server_idx=[9,10,11,12,13,14,15,16]
[GVS] rma_setup: epoch 37 arrived, 2/8 slots in flight -> INSTALL NOW (NO-PARK forzado)
[GVS IDX] epoch 38 anuncia server_idx=[9,10,11,12,13,14,15,16]
[GVS] rma_setup: epoch 38 arrived, 1/8 slots in flight -> INSTALL NOW (NO-PARK forzado)
[GVS IDX] epoch 39 anuncia server_idx=[9,10,11,12,13,14,15,16]
[GVS] rma_setup: epoch 39 arrived, 2/8 slots in flight -> INSTALL NOW (NO-PARK forzado)
[GVS IDX] epoch 40 anuncia server_idx=[9,10,11,12,13,14,15,16]
[GVS] rma_setup: epoch 40 arrived, 1/8 slots in flight -> INSTALL NOW (NO-PARK forzado)
[GVS IDX] epoch 41 anuncia server_idx=[9,10,11,12,13,14,15,16]
[GVS] rma_setup: epoch 41 arrived, 2/8 slots in flight -> INSTALL NOW (NO-PARK forzado)
[GVS IDX] epoch 42 anuncia server_idx=[9,10,11,12,13,14,15,16]
[GVS] rma_setup: epoch 42 arrived, 1/8 slots in flight -> INSTALL NOW (NO-PARK forzado)
[GVS IDX] epoch 43 anuncia server_idx=[9,10,11,12,13,14,15,16]
[GVS] rma_setup: epoch 43 arrived, 2/8 slots in flight -> INSTALL NOW (NO-PARK forzado)
[GVS IDX] epoch 44 anuncia server_idx=[9,10,11,12,13,14,15,16]
[GVS] rma_setup: epoch 44 arrived, 1/8 slots in flight -> INSTALL NOW (NO-PARK forzado)
[GVS IDX] epoch 45 anuncia server_idx=[9,10,11,12,13,14,15,16]
[GVS] rma_setup: epoch 45 arrived, 2/8 slots in flight -> INSTALL NOW (NO-PARK forzado)
[GVS IDX] epoch 46 anuncia server_idx=[9,10,11,12,13,14,15,16]
[GVS] rma_setup: epoch 46 arrived, 1/8 slots in flight -> INSTALL NOW (NO-PARK forzado)
[GVS IDX] epoch 47 anuncia server_idx=[9,10,11,12,13,14,15,16]
[GVS] rma_setup: epoch 47 arrived, 2/8 slots in flight -> INSTALL NOW (NO-PARK forzado)
[GVS IDX] epoch 48 anuncia server_idx=[9,10,11,12,13,14,15,16]
[GVS] rma_setup: epoch 48 arrived, 1/8 slots in flight -> INSTALL NOW (NO-PARK forzado)
[GVS IDX] epoch 49 anuncia server_idx=[9,10,11,12,13,14,15,16]
[GVS] rma_setup: epoch 49 arrived, 2/8 slots in flight -> INSTALL NOW (NO-PARK forzado)
[GVS IDX] epoch 50 anuncia server_idx=[9,10,11,12,13,14,15,16]
[GVS] rma_setup: epoch 50 arrived, 1/8 slots in flight -> INSTALL NOW (NO-PARK forzado)
[GVS IDX] epoch 51 anuncia server_idx=[9,10,11,12,13,14,15,16]
[GVS] rma_setup: epoch 51 arrived, 2/8 slots in flight -> INSTALL NOW (NO-PARK forzado)
[GVS IDX] epoch 52 anuncia server_idx=[9,10,11,12,13,14,15,16]
[GVS] rma_setup: epoch 52 arrived, 1/8 slots in flight -> INSTALL NOW (NO-PARK forzado)
[GVS IDX] epoch 53 anuncia server_idx=[9,10,11,12,13,14,15,16]
[GVS] rma_setup: epoch 53 arrived, 2/8 slots in flight -> INSTALL NOW (NO-PARK forzado)
[GVS IDX] epoch 54 anuncia server_idx=[9,10,11,12,13,14,15,16]
[GVS] rma_setup: epoch 54 arrived, 1/8 slots in flight -> INSTALL NOW (NO-PARK forzado)
[GVS IDX] epoch 55 anuncia server_idx=[9,10,11,12,13,14,15,16]
[GVS] rma_setup: epoch 55 arrived, 2/8 slots in flight -> INSTALL NOW (NO-PARK forzado)
[GVS IDX] epoch 56 anuncia server_idx=[9,10,11,12,13,14,15,16]
[GVS] rma_setup: epoch 56 arrived, 1/8 slots in flight -> INSTALL NOW (NO-PARK forzado)
[GVS IDX] epoch 57 anuncia server_idx=[9,10,11,12,13,14,15,16]
[GVS] rma_setup: epoch 57 arrived, 2/8 slots in flight -> INSTALL NOW (NO-PARK forzado)
[GVS IDX] epoch 58 anuncia server_idx=[9,10,11,12,13,14,15,16]
[GVS] rma_setup: epoch 58 arrived, 1/8 slots in flight -> INSTALL NOW (NO-PARK forzado)
[GVS IDX] epoch 59 anuncia server_idx=[9,10,11,12,13,14,15,16]
[GVS] rma_setup: epoch 59 arrived, 2/8 slots in flight -> INSTALL NOW (NO-PARK forzado)
[GVS IDX] epoch 60 anuncia server_idx=[9,10,11,12,13,14,15,16]
[GVS] rma_setup: epoch 60 arrived, 1/8 slots in flight -> INSTALL NOW (NO-PARK forzado)
[GVS IDX] epoch 61 anuncia server_idx=[9,10,11,12,13,14,15,16]
[GVS] rma_setup: epoch 61 arrived, 2/8 slots in flight -> INSTALL NOW (NO-PARK forzado)
[GVS IDX] epoch 62 anuncia server_idx=[9,10,11,12,13,14,15,16]
[GVS] rma_setup: epoch 62 arrived, 1/8 slots in flight -> INSTALL NOW (NO-PARK forzado)
[GVS IDX] epoch 63 anuncia server_idx=[9,10,11,12,13,14,15,16]
[GVS] rma_setup: epoch 63 arrived, 2/8 slots in flight -> INSTALL NOW (NO-PARK forzado)
[GVS IDX] epoch 64 anuncia server_idx=[9,10,11,12,13,14,15,16]
[GVS] rma_setup: epoch 64 arrived, 1/8 slots in flight -> INSTALL NOW (NO-PARK forzado)
[GVS IDX] epoch 65 anuncia server_idx=[9,10,11,12,13,14,15,16]
[GVS] rma_setup: epoch 65 arrived, 2/8 slots in flight -> INSTALL NOW (NO-PARK forzado)
[GVS IDX] epoch 66 anuncia server_idx=[9,10,11,12,13,14,15,16]
[GVS] rma_setup: epoch 66 arrived, 1/8 slots in flight -> INSTALL NOW (NO-PARK forzado)
[GVS IDX] epoch 67 anuncia server_idx=[9,10,11,12,13,14,15,16]
[GVS] rma_setup: epoch 67 arrived, 2/8 slots in flight -> INSTALL NOW (NO-PARK forzado)
[GVS IDX] epoch 68 anuncia server_idx=[9,10,11,12,13,14,15,16]
[GVS] rma_setup: epoch 68 arrived, 1/8 slots in flight -> INSTALL NOW (NO-PARK forzado)
[GVS IDX] epoch 69 anuncia server_idx=[9,10,11,12,13,14,15,16]
[GVS] rma_setup: epoch 69 arrived, 2/8 slots in flight -> INSTALL NOW (NO-PARK forzado)
[GVS IDX] epoch 70 anuncia server_idx=[9,10,11,12,13,14,15,16]
[GVS] rma_setup: epoch 70 arrived, 1/8 slots in flight -> INSTALL NOW (NO-PARK forzado)
[GVS IDX] epoch 71 anuncia server_idx=[9,10,11,12,13,14,15,16]
[GVS] rma_setup: epoch 71 arrived, 2/8 slots in flight -> INSTALL NOW (NO-PARK forzado)
[GVS IDX] epoch 72 anuncia server_idx=[9,10,11,12,13,14,15,16]
[GVS] rma_setup: epoch 72 arrived, 1/8 slots in flight -> INSTALL NOW (NO-PARK forzado)
[GVS IDX] epoch 73 anuncia server_idx=[9,10,11,12,13,14,15,16]
[GVS] rma_setup: epoch 73 arrived, 2/8 slots in flight -> INSTALL NOW (NO-PARK forzado)
[GVS IDX] epoch 74 anuncia server_idx=[9,10,11,12,13,14,15,16]
[GVS] rma_setup: epoch 74 arrived, 1/8 slots in flight -> INSTALL NOW (NO-PARK forzado)
[GVS IDX] epoch 75 anuncia server_idx=[9,10,11,12,13,14,15,16]
[GVS] rma_setup: epoch 75 arrived, 2/8 slots in flight -> INSTALL NOW (NO-PARK forzado)
[GVS IDX] epoch 76 anuncia server_idx=[9,10,11,12,13,14,15,16]
[GVS] rma_setup: epoch 76 arrived, 1/8 slots in flight -> INSTALL NOW (NO-PARK forzado)
[GVS IDX] epoch 77 anuncia server_idx=[9,10,11,12,13,14,15,16]
[GVS] rma_setup: epoch 77 arrived, 2/8 slots in flight -> INSTALL NOW (NO-PARK forzado)
[GVS IDX] epoch 78 anuncia server_idx=[9,10,11,12,13,14,15,16]
[GVS] rma_setup: epoch 78 arrived, 1/8 slots in flight -> INSTALL NOW (NO-PARK forzado)
[GVS IDX] epoch 79 anuncia server_idx=[9,10,11,12,13,14,15,16]
[GVS] rma_setup: epoch 79 arrived, 2/8 slots in flight -> INSTALL NOW (NO-PARK forzado)
[GVS IDX] epoch 80 anuncia server_idx=[9,10,11,12,13,14,15,16]
[GVS] rma_setup: epoch 80 arrived, 1/8 slots in flight -> INSTALL NOW (NO-PARK forzado)
[GVS IDX] epoch 81 anuncia server_idx=[9,10,11,12,13,14,15,16]
[GVS] rma_setup: epoch 81 arrived, 2/8 slots in flight -> INSTALL NOW (NO-PARK forzado)
[GVS IDX] epoch 82 anuncia server_idx=[9,10,11,12,13,14,15,16]
[GVS] rma_setup: epoch 82 arrived, 1/8 slots in flight -> INSTALL NOW (NO-PARK forzado)
[GVS] rma coste: reservas=320 (esperaron 0) media=0.06us | cache de registro: aciertos=152 fallos=8 (95.0%) | acks enviados=0 media=0.00us | acks con generacion desajustada=0
[GVS] rma teardown: acks descartados por epoch=126, advertisements aparcadas=0
GUSTO_METRIC tag=teardown slots_total=8 peak_inflight=127 avg_inflight=49.423 peak_waiters=0 reservations=320 waited=0 wait_us_avg=0.06 admit_rma=320 admit_am=379 rma_pct=45.78 rma_fellback=0 decline_capacity=0 decline_timeout=0 decline_swap=0 decline_epfail=0 ack_sent=0 ack_gen_mismatch=0 ack_on_free=0 ack_applied=194 ack_held=0 ack_released=0 ack_epoch_dropped=126 parked=0
UCX control-plane connected: Connect (25.25.25.2:32222)
epochharm: iters=40 fase1=2097152 fase2=6291456 buffers=8
RESULTADO iters=40 cambios_de_tamano=20 bytes_malos=0 -> sin corrupcion
