DEBUG: protocol string is [ucx]
[GVS] GPUDirect=disabled (GVIRTUS_GPUDIRECT=1 but probe FAILED: cudaMalloc(4K) failed (no GPU? OOM?)) - falling back to host slots, behavior unchanged
[GVS IDX] epoch 1 anuncia server_idx=[0,1,2,3,4,5,6,7]
[GVS] rma_setup: epoch 1 arrived, 0/0 slots in flight -> install now
UCX control-plane connected: Connect (25.25.25.2:32222)
DEBUG: protocol string is [ucx]
[GVS] GPUDirect=disabled (GVIRTUS_GPUDIRECT=1 but probe FAILED: cudaMalloc(4K) failed (no GPU? OOM?)) - falling back to host slots, behavior unchanged
[GVS IDX] epoch 1 anuncia server_idx=[0,1,2,3,4,5,6,7]
[GVS] rma_setup: epoch 1 arrived, 0/0 slots in flight -> install now
[GVS IDX] epoch 2 anuncia server_idx=[9,10,11,12,13,14,15,16]
[GVS] rma_setup: epoch 2 arrived, 7/8 slots in flight -> PARK
[GVS] rma_setup: epoch 2 PARKED (transfers in flight), park #1
[GVS IDX] epoch 3 anuncia server_idx=[9,10,11,12,13,14,15,16]
[GVS] rma_setup: epoch 3 arrived, 5/8 slots in flight -> PARK
[GVS] rma_setup: epoch 3 PARKED (transfers in flight), park #2
[GVS IDX] epoch 4 anuncia server_idx=[9,10,11,12,13,14,15,16]
[GVS] rma_setup: epoch 4 arrived, 1/8 slots in flight -> PARK
[GVS] rma_setup: epoch 4 PARKED (transfers in flight), park #3
[GVS] rma_setup: epoch 4 INSTALLED after park
[GUSTO CFG] pool efectivo: slots=2 cap=2.1 MiB shadow=no total=4.1 MiB (sin presupuesto definido)
[GVS IDX] epoch 5 anuncia server_idx=[9,10,11,12,13,14,15,16]
[GVS] rma_setup: epoch 5 arrived, 5/8 slots in flight -> PARK
[GVS] rma_setup: epoch 5 PARKED (transfers in flight), park #4
[GVS IDX] epoch 6 anuncia server_idx=[9,10,11,12,13,14,15,16]
[GVS] rma_setup: epoch 6 arrived, 1/8 slots in flight -> PARK
[GVS] rma_setup: epoch 6 PARKED (transfers in flight), park #5
[GVS] rma_setup: epoch 6 INSTALLED after park
[GVS IDX] epoch 7 anuncia server_idx=[9,10,11,12,13,14,15,16]
[GVS] rma_setup: epoch 7 arrived, 2/8 slots in flight -> PARK
[GVS] rma_setup: epoch 7 PARKED (transfers in flight), park #6
[GVS] rma_setup: epoch 7 INSTALLED after park
[GVS IDX] epoch 8 anuncia server_idx=[9,10,11,12,13,14,15,16]
[GVS] rma_setup: epoch 8 arrived, 1/8 slots in flight -> PARK
[GVS] rma_setup: epoch 8 PARKED (transfers in flight), park #7
[GVS] rma_setup: epoch 8 INSTALLED after park
[GVS IDX] epoch 9 anuncia server_idx=[9,10,11,12,13,14,15,16]
[GVS] rma_setup: epoch 9 arrived, 2/8 slots in flight -> PARK
[GVS] rma_setup: epoch 9 PARKED (transfers in flight), park #8
[GVS] rma_setup: epoch 9 INSTALLED after park
[GVS IDX] epoch 10 anuncia server_idx=[9,10,11,12,13,14,15,16]
[GVS] rma_setup: epoch 10 arrived, 1/8 slots in flight -> PARK
[GVS] rma_setup: epoch 10 PARKED (transfers in flight), park #9
[GVS] rma_setup: epoch 10 INSTALLED after park
[GVS IDX] epoch 11 anuncia server_idx=[9,10,11,12,13,14,15,16]
[GVS] rma_setup: epoch 11 arrived, 2/8 slots in flight -> PARK
[GVS] rma_setup: epoch 11 PARKED (transfers in flight), park #10
[GVS] rma_setup: epoch 11 INSTALLED after park
[GVS IDX] epoch 12 anuncia server_idx=[9,10,11,12,13,14,15,16]
[GVS] rma_setup: epoch 12 arrived, 1/8 slots in flight -> PARK
[GVS] rma_setup: epoch 12 PARKED (transfers in flight), park #11
[GVS] rma_setup: epoch 12 INSTALLED after park
[GVS IDX] epoch 13 anuncia server_idx=[9,10,11,12,13,14,15,16]
[GVS] rma_setup: epoch 13 arrived, 2/8 slots in flight -> PARK
[GVS] rma_setup: epoch 13 PARKED (transfers in flight), park #12
[GVS] rma_setup: epoch 13 INSTALLED after park
[GVS IDX] epoch 14 anuncia server_idx=[9,10,11,12,13,14,15,16]
[GVS] rma_setup: epoch 14 arrived, 1/8 slots in flight -> PARK
[GVS] rma_setup: epoch 14 PARKED (transfers in flight), park #13
[GVS] rma_setup: epoch 14 INSTALLED after park
[GVS IDX] epoch 15 anuncia server_idx=[9,10,11,12,13,14,15,16]
[GVS] rma_setup: epoch 15 arrived, 2/8 slots in flight -> PARK
[GVS] rma_setup: epoch 15 PARKED (transfers in flight), park #14
[GVS] rma_setup: epoch 15 INSTALLED after park
[GVS IDX] epoch 16 anuncia server_idx=[9,10,11,12,13,14,15,16]
[GVS] rma_setup: epoch 16 arrived, 1/8 slots in flight -> PARK
[GVS] rma_setup: epoch 16 PARKED (transfers in flight), park #15
[GVS] rma_setup: epoch 16 INSTALLED after park
[GVS IDX] epoch 17 anuncia server_idx=[9,10,11,12,13,14,15,16]
[GVS] rma_setup: epoch 17 arrived, 2/8 slots in flight -> PARK
[GVS] rma_setup: epoch 17 PARKED (transfers in flight), park #16
[GVS] rma_setup: epoch 17 INSTALLED after park
[GVS IDX] epoch 18 anuncia server_idx=[9,10,11,12,13,14,15,16]
[GVS] rma_setup: epoch 18 arrived, 1/8 slots in flight -> PARK
[GVS] rma_setup: epoch 18 PARKED (transfers in flight), park #17
[GVS] rma_setup: epoch 18 INSTALLED after park
[GVS IDX] epoch 19 anuncia server_idx=[9,10,11,12,13,14,15,16]
[GVS] rma_setup: epoch 19 arrived, 2/8 slots in flight -> PARK
[GVS] rma_setup: epoch 19 PARKED (transfers in flight), park #18
[GVS] rma_setup: epoch 19 INSTALLED after park
[GVS IDX] epoch 20 anuncia server_idx=[9,10,11,12,13,14,15,16]
[GVS] rma_setup: epoch 20 arrived, 1/8 slots in flight -> PARK
[GVS] rma_setup: epoch 20 PARKED (transfers in flight), park #19
[GVS] rma_setup: epoch 20 INSTALLED after park
[GVS IDX] epoch 21 anuncia server_idx=[9,10,11,12,13,14,15,16]
[GVS] rma_setup: epoch 21 arrived, 2/8 slots in flight -> PARK
[GVS] rma_setup: epoch 21 PARKED (transfers in flight), park #20
[GVS] rma_setup: epoch 21 INSTALLED after park
[GVS IDX] epoch 22 anuncia server_idx=[9,10,11,12,13,14,15,16]
[GVS] rma_setup: epoch 22 arrived, 1/8 slots in flight -> PARK
[GVS] rma_setup: epoch 22 PARKED (transfers in flight), park #21
[GVS] rma_setup: epoch 22 INSTALLED after park
[GVS IDX] epoch 23 anuncia server_idx=[9,10,11,12,13,14,15,16]
[GVS] rma_setup: epoch 23 arrived, 2/8 slots in flight -> PARK
[GVS] rma_setup: epoch 23 PARKED (transfers in flight), park #22
[GVS] rma_setup: epoch 23 INSTALLED after park
[GVS IDX] epoch 24 anuncia server_idx=[9,10,11,12,13,14,15,16]
[GVS] rma_setup: epoch 24 arrived, 1/8 slots in flight -> PARK
[GVS] rma_setup: epoch 24 PARKED (transfers in flight), park #23
[GVS] rma_setup: epoch 24 INSTALLED after park
[GVS IDX] epoch 25 anuncia server_idx=[9,10,11,12,13,14,15,16]
[GVS] rma_setup: epoch 25 arrived, 2/8 slots in flight -> PARK
[GVS] rma_setup: epoch 25 PARKED (transfers in flight), park #24
[GVS] rma_setup: epoch 25 INSTALLED after park
[GVS IDX] epoch 26 anuncia server_idx=[9,10,11,12,13,14,15,16]
[GVS] rma_setup: epoch 26 arrived, 1/8 slots in flight -> PARK
[GVS] rma_setup: epoch 26 PARKED (transfers in flight), park #25
[GVS] rma_setup: epoch 26 INSTALLED after park
[GVS] rma coste: reservas=96 (esperaron 10) media=0.62us | cache de registro: aciertos=40 fallos=8 (83.3%) | acks enviados=0 media=0.00us | acks con generacion desajustada=0
[GVS] rma teardown: acks descartados por epoch=0, advertisements aparcadas=25
GUSTO_METRIC tag=teardown slots_total=8 peak_inflight=7 avg_inflight=2.725 peak_waiters=1 reservations=96 waited=10 wait_us_avg=0.62 admit_rma=96 admit_am=127 rma_pct=43.05 rma_fellback=0 decline_capacity=0 decline_timeout=0 decline_swap=0 decline_epfail=0 ack_sent=0 ack_gen_mismatch=0 ack_on_free=0 ack_applied=96 ack_held=0 ack_released=0 ack_epoch_dropped=0 parked=25
UCX control-plane connected: Connect (25.25.25.2:32222)
epochharm: iters=12 fase1=2097152 fase2=6291456 buffers=8
RESULTADO iters=12 cambios_de_tamano=6 bytes_malos=0 -> sin corrupcion
