STEADY_MATRIX_N=256 payload=256KB warmups=5 runs=50
[warmup] N=256 run=1 status=OK wall_ms=179.961 gemm_ms=50.481 d2h_ms=0.043
[warmup] N=256 run=2 status=OK wall_ms=1.008 gemm_ms=0.030 d2h_ms=0.031
[warmup] N=256 run=3 status=OK wall_ms=0.609 gemm_ms=0.022 d2h_ms=0.029
[warmup] N=256 run=4 status=OK wall_ms=0.599 gemm_ms=0.022 d2h_ms=0.030
[warmup] N=256 run=5 status=OK wall_ms=0.599 gemm_ms=0.022 d2h_ms=0.029
[measure] N=256 run=1 status=OK wall_ms=0.600 gemm_ms=0.023 d2h_ms=0.030
[measure] N=256 run=2 status=OK wall_ms=0.600 gemm_ms=0.022 d2h_ms=0.029
[measure] N=256 run=3 status=OK wall_ms=0.599 gemm_ms=0.022 d2h_ms=0.029
[measure] N=256 run=4 status=OK wall_ms=0.597 gemm_ms=0.022 d2h_ms=0.029
[measure] N=256 run=5 status=OK wall_ms=0.595 gemm_ms=0.021 d2h_ms=0.029
[measure] N=256 run=6 status=OK wall_ms=0.595 gemm_ms=0.022 d2h_ms=0.029
[measure] N=256 run=7 status=OK wall_ms=0.598 gemm_ms=0.022 d2h_ms=0.029
[measure] N=256 run=8 status=OK wall_ms=0.597 gemm_ms=0.022 d2h_ms=0.029
[measure] N=256 run=9 status=OK wall_ms=0.604 gemm_ms=0.022 d2h_ms=0.030
[measure] N=256 run=10 status=OK wall_ms=0.598 gemm_ms=0.022 d2h_ms=0.029
[measure] N=256 run=11 status=OK wall_ms=0.595 gemm_ms=0.021 d2h_ms=0.029
[measure] N=256 run=12 status=OK wall_ms=0.593 gemm_ms=0.022 d2h_ms=0.029
[measure] N=256 run=13 status=OK wall_ms=0.592 gemm_ms=0.022 d2h_ms=0.029
[measure] N=256 run=14 status=OK wall_ms=0.593 gemm_ms=0.021 d2h_ms=0.029
[measure] N=256 run=15 status=OK wall_ms=0.595 gemm_ms=0.021 d2h_ms=0.030
[measure] N=256 run=16 status=OK wall_ms=0.605 gemm_ms=0.022 d2h_ms=0.029
[measure] N=256 run=17 status=OK wall_ms=0.588 gemm_ms=0.021 d2h_ms=0.029
[measure] N=256 run=18 status=OK wall_ms=0.590 gemm_ms=0.022 d2h_ms=0.028
[measure] N=256 run=19 status=OK wall_ms=0.596 gemm_ms=0.022 d2h_ms=0.028
[measure] N=256 run=20 status=OK wall_ms=0.594 gemm_ms=0.022 d2h_ms=0.030
[measure] N=256 run=21 status=OK wall_ms=0.592 gemm_ms=0.022 d2h_ms=0.029
[measure] N=256 run=22 status=OK wall_ms=0.595 gemm_ms=0.022 d2h_ms=0.029
[measure] N=256 run=23 status=OK wall_ms=0.596 gemm_ms=0.022 d2h_ms=0.029
[measure] N=256 run=24 status=OK wall_ms=0.592 gemm_ms=0.022 d2h_ms=0.029
[measure] N=256 run=25 status=OK wall_ms=0.593 gemm_ms=0.021 d2h_ms=0.029
[measure] N=256 run=26 status=OK wall_ms=0.593 gemm_ms=0.023 d2h_ms=0.029
[measure] N=256 run=27 status=OK wall_ms=0.592 gemm_ms=0.022 d2h_ms=0.029
[measure] N=256 run=28 status=OK wall_ms=0.619 gemm_ms=0.022 d2h_ms=0.029
[measure] N=256 run=29 status=OK wall_ms=0.605 gemm_ms=0.022 d2h_ms=0.029
[measure] N=256 run=30 status=OK wall_ms=0.594 gemm_ms=0.022 d2h_ms=0.028
[measure] N=256 run=31 status=OK wall_ms=0.595 gemm_ms=0.021 d2h_ms=0.029
[measure] N=256 run=32 status=OK wall_ms=0.592 gemm_ms=0.022 d2h_ms=0.028
[measure] N=256 run=33 status=OK wall_ms=0.593 gemm_ms=0.022 d2h_ms=0.029
[measure] N=256 run=34 status=OK wall_ms=0.591 gemm_ms=0.021 d2h_ms=0.029
[measure] N=256 run=35 status=OK wall_ms=0.595 gemm_ms=0.021 d2h_ms=0.029
[measure] N=256 run=36 status=OK wall_ms=0.599 gemm_ms=0.022 d2h_ms=0.029
[measure] N=256 run=37 status=OK wall_ms=0.599 gemm_ms=0.022 d2h_ms=0.029
[measure] N=256 run=38 status=OK wall_ms=0.594 gemm_ms=0.021 d2h_ms=0.029
[measure] N=256 run=39 status=OK wall_ms=0.593 gemm_ms=0.021 d2h_ms=0.029
[measure] N=256 run=40 status=OK wall_ms=0.593 gemm_ms=0.022 d2h_ms=0.029
[measure] N=256 run=41 status=OK wall_ms=0.593 gemm_ms=0.022 d2h_ms=0.028
[measure] N=256 run=42 status=OK wall_ms=0.605 gemm_ms=0.022 d2h_ms=0.028
[measure] N=256 run=43 status=OK wall_ms=0.594 gemm_ms=0.021 d2h_ms=0.029
[measure] N=256 run=44 status=OK wall_ms=0.597 gemm_ms=0.023 d2h_ms=0.029
[measure] N=256 run=45 status=OK wall_ms=0.593 gemm_ms=0.022 d2h_ms=0.029
[measure] N=256 run=46 status=OK wall_ms=0.594 gemm_ms=0.022 d2h_ms=0.029
[measure] N=256 run=47 status=OK wall_ms=0.594 gemm_ms=0.022 d2h_ms=0.029
[measure] N=256 run=48 status=OK wall_ms=0.593 gemm_ms=0.021 d2h_ms=0.029
[measure] N=256 run=49 status=OK wall_ms=0.598 gemm_ms=0.022 d2h_ms=0.029
[measure] N=256 run=50 status=OK wall_ms=0.591 gemm_ms=0.021 d2h_ms=0.028
STEADY_MATRIX_N=512 payload=1MB warmups=5 runs=50
[warmup] N=512 run=1 status=OK wall_ms=2.179 gemm_ms=0.074 d2h_ms=0.088
[warmup] N=512 run=2 status=OK wall_ms=1.251 gemm_ms=0.028 d2h_ms=0.089
[warmup] N=512 run=3 status=OK wall_ms=1.235 gemm_ms=0.028 d2h_ms=0.088
[warmup] N=512 run=4 status=OK wall_ms=1.231 gemm_ms=0.028 d2h_ms=0.089
[warmup] N=512 run=5 status=OK wall_ms=1.255 gemm_ms=0.028 d2h_ms=0.102
[measure] N=512 run=1 status=OK wall_ms=1.235 gemm_ms=0.029 d2h_ms=0.089
[measure] N=512 run=2 status=OK wall_ms=1.237 gemm_ms=0.028 d2h_ms=0.089
[measure] N=512 run=3 status=OK wall_ms=1.238 gemm_ms=0.028 d2h_ms=0.089
[measure] N=512 run=4 status=OK wall_ms=1.230 gemm_ms=0.028 d2h_ms=0.088
[measure] N=512 run=5 status=OK wall_ms=1.231 gemm_ms=0.028 d2h_ms=0.088
[measure] N=512 run=6 status=OK wall_ms=1.229 gemm_ms=0.028 d2h_ms=0.088
[measure] N=512 run=7 status=OK wall_ms=1.248 gemm_ms=0.028 d2h_ms=0.089
[measure] N=512 run=8 status=OK wall_ms=1.232 gemm_ms=0.029 d2h_ms=0.089
[measure] N=512 run=9 status=OK wall_ms=1.228 gemm_ms=0.028 d2h_ms=0.089
[measure] N=512 run=10 status=OK wall_ms=1.243 gemm_ms=0.028 d2h_ms=0.088
[measure] N=512 run=11 status=OK wall_ms=1.241 gemm_ms=0.028 d2h_ms=0.088
[measure] N=512 run=12 status=OK wall_ms=1.233 gemm_ms=0.028 d2h_ms=0.090
[measure] N=512 run=13 status=OK wall_ms=1.241 gemm_ms=0.028 d2h_ms=0.088
[measure] N=512 run=14 status=OK wall_ms=1.232 gemm_ms=0.028 d2h_ms=0.089
[measure] N=512 run=15 status=OK wall_ms=1.235 gemm_ms=0.028 d2h_ms=0.089
[measure] N=512 run=16 status=OK wall_ms=1.262 gemm_ms=0.041 d2h_ms=0.088
[measure] N=512 run=17 status=OK wall_ms=1.245 gemm_ms=0.028 d2h_ms=0.090
[measure] N=512 run=18 status=OK wall_ms=1.232 gemm_ms=0.028 d2h_ms=0.088
[measure] N=512 run=19 status=OK wall_ms=1.243 gemm_ms=0.029 d2h_ms=0.089
[measure] N=512 run=20 status=OK wall_ms=1.241 gemm_ms=0.028 d2h_ms=0.090
[measure] N=512 run=21 status=OK wall_ms=1.232 gemm_ms=0.028 d2h_ms=0.089
[measure] N=512 run=22 status=OK wall_ms=1.246 gemm_ms=0.028 d2h_ms=0.089
[measure] N=512 run=23 status=OK wall_ms=1.253 gemm_ms=0.028 d2h_ms=0.088
[measure] N=512 run=24 status=OK wall_ms=1.233 gemm_ms=0.028 d2h_ms=0.090
[measure] N=512 run=25 status=OK wall_ms=1.243 gemm_ms=0.028 d2h_ms=0.088
[measure] N=512 run=26 status=OK wall_ms=1.241 gemm_ms=0.028 d2h_ms=0.086
[measure] N=512 run=27 status=OK wall_ms=1.225 gemm_ms=0.027 d2h_ms=0.087
[measure] N=512 run=28 status=OK wall_ms=1.238 gemm_ms=0.028 d2h_ms=0.089
[measure] N=512 run=29 status=OK wall_ms=1.246 gemm_ms=0.028 d2h_ms=0.089
[measure] N=512 run=30 status=OK wall_ms=1.239 gemm_ms=0.028 d2h_ms=0.088
[measure] N=512 run=31 status=OK wall_ms=1.239 gemm_ms=0.028 d2h_ms=0.088
[measure] N=512 run=32 status=OK wall_ms=1.246 gemm_ms=0.031 d2h_ms=0.088
[measure] N=512 run=33 status=OK wall_ms=1.228 gemm_ms=0.027 d2h_ms=0.089
[measure] N=512 run=34 status=OK wall_ms=1.246 gemm_ms=0.029 d2h_ms=0.088
[measure] N=512 run=35 status=OK wall_ms=1.232 gemm_ms=0.028 d2h_ms=0.089
[measure] N=512 run=36 status=OK wall_ms=1.239 gemm_ms=0.029 d2h_ms=0.088
[measure] N=512 run=37 status=OK wall_ms=1.231 gemm_ms=0.028 d2h_ms=0.087
[measure] N=512 run=38 status=OK wall_ms=1.236 gemm_ms=0.030 d2h_ms=0.089
[measure] N=512 run=39 status=OK wall_ms=1.258 gemm_ms=0.029 d2h_ms=0.090
[measure] N=512 run=40 status=OK wall_ms=1.248 gemm_ms=0.029 d2h_ms=0.089
[measure] N=512 run=41 status=OK wall_ms=1.226 gemm_ms=0.028 d2h_ms=0.088
[measure] N=512 run=42 status=OK wall_ms=1.243 gemm_ms=0.028 d2h_ms=0.088
[measure] N=512 run=43 status=OK wall_ms=1.237 gemm_ms=0.027 d2h_ms=0.088
[measure] N=512 run=44 status=OK wall_ms=1.223 gemm_ms=0.028 d2h_ms=0.087
[measure] N=512 run=45 status=OK wall_ms=1.239 gemm_ms=0.029 d2h_ms=0.089
[measure] N=512 run=46 status=OK wall_ms=1.235 gemm_ms=0.028 d2h_ms=0.089
[measure] N=512 run=47 status=OK wall_ms=1.231 gemm_ms=0.028 d2h_ms=0.088
[measure] N=512 run=48 status=OK wall_ms=1.233 gemm_ms=0.029 d2h_ms=0.088
[measure] N=512 run=49 status=OK wall_ms=1.238 gemm_ms=0.028 d2h_ms=0.091
[measure] N=512 run=50 status=OK wall_ms=1.228 gemm_ms=0.028 d2h_ms=0.089
STEADY_MATRIX_N=1024 payload=4MB warmups=5 runs=50
[warmup] N=1024 run=1 status=OK wall_ms=8.709 gemm_ms=0.144 d2h_ms=0.265
[warmup] N=1024 run=2 status=OK wall_ms=7.309 gemm_ms=0.093 d2h_ms=0.219
[warmup] N=1024 run=3 status=OK wall_ms=8.202 gemm_ms=0.092 d2h_ms=0.219
[warmup] N=1024 run=4 status=OK wall_ms=8.180 gemm_ms=0.091 d2h_ms=0.218
[warmup] N=1024 run=5 status=OK wall_ms=8.204 gemm_ms=0.092 d2h_ms=0.219
[measure] N=1024 run=1 status=OK wall_ms=8.225 gemm_ms=0.094 d2h_ms=0.219
[measure] N=1024 run=2 status=OK wall_ms=8.200 gemm_ms=0.093 d2h_ms=0.218
[measure] N=1024 run=3 status=OK wall_ms=8.221 gemm_ms=0.093 d2h_ms=0.222
[measure] N=1024 run=4 status=OK wall_ms=8.244 gemm_ms=0.092 d2h_ms=0.218
[measure] N=1024 run=5 status=OK wall_ms=8.197 gemm_ms=0.093 d2h_ms=0.221
[measure] N=1024 run=6 status=OK wall_ms=8.185 gemm_ms=0.093 d2h_ms=0.222
[measure] N=1024 run=7 status=OK wall_ms=8.194 gemm_ms=0.092 d2h_ms=0.229
[measure] N=1024 run=8 status=OK wall_ms=8.180 gemm_ms=0.092 d2h_ms=0.220
[measure] N=1024 run=9 status=OK wall_ms=8.185 gemm_ms=0.093 d2h_ms=0.221
[measure] N=1024 run=10 status=OK wall_ms=8.193 gemm_ms=0.093 d2h_ms=0.219
[measure] N=1024 run=11 status=OK wall_ms=8.211 gemm_ms=0.092 d2h_ms=0.221
[measure] N=1024 run=12 status=OK wall_ms=8.195 gemm_ms=0.092 d2h_ms=0.221
[measure] N=1024 run=13 status=OK wall_ms=8.224 gemm_ms=0.092 d2h_ms=0.220
[measure] N=1024 run=14 status=OK wall_ms=8.211 gemm_ms=0.093 d2h_ms=0.219
[measure] N=1024 run=15 status=OK wall_ms=8.205 gemm_ms=0.093 d2h_ms=0.218
[measure] N=1024 run=16 status=OK wall_ms=8.192 gemm_ms=0.092 d2h_ms=0.220
[measure] N=1024 run=17 status=OK wall_ms=8.187 gemm_ms=0.094 d2h_ms=0.219
[measure] N=1024 run=18 status=OK wall_ms=8.187 gemm_ms=0.093 d2h_ms=0.219
[measure] N=1024 run=19 status=OK wall_ms=8.167 gemm_ms=0.092 d2h_ms=0.219
[measure] N=1024 run=20 status=OK wall_ms=8.202 gemm_ms=0.092 d2h_ms=0.219
[measure] N=1024 run=21 status=OK wall_ms=8.194 gemm_ms=0.092 d2h_ms=0.219
[measure] N=1024 run=22 status=OK wall_ms=8.202 gemm_ms=0.093 d2h_ms=0.219
[measure] N=1024 run=23 status=OK wall_ms=8.219 gemm_ms=0.093 d2h_ms=0.219
[measure] N=1024 run=24 status=OK wall_ms=8.206 gemm_ms=0.094 d2h_ms=0.220
[measure] N=1024 run=25 status=OK wall_ms=8.225 gemm_ms=0.093 d2h_ms=0.220
[measure] N=1024 run=26 status=OK wall_ms=8.210 gemm_ms=0.093 d2h_ms=0.226
[measure] N=1024 run=27 status=OK wall_ms=8.213 gemm_ms=0.092 d2h_ms=0.219
[measure] N=1024 run=28 status=OK wall_ms=8.177 gemm_ms=0.093 d2h_ms=0.218
[measure] N=1024 run=29 status=OK wall_ms=8.158 gemm_ms=0.092 d2h_ms=0.217
[measure] N=1024 run=30 status=OK wall_ms=8.180 gemm_ms=0.092 d2h_ms=0.218
[measure] N=1024 run=31 status=OK wall_ms=8.205 gemm_ms=0.092 d2h_ms=0.218
[measure] N=1024 run=32 status=OK wall_ms=8.189 gemm_ms=0.093 d2h_ms=0.219
[measure] N=1024 run=33 status=OK wall_ms=8.211 gemm_ms=0.093 d2h_ms=0.218
[measure] N=1024 run=34 status=OK wall_ms=8.195 gemm_ms=0.092 d2h_ms=0.221
[measure] N=1024 run=35 status=OK wall_ms=8.208 gemm_ms=0.093 d2h_ms=0.221
[measure] N=1024 run=36 status=OK wall_ms=8.250 gemm_ms=0.095 d2h_ms=0.219
[measure] N=1024 run=37 status=OK wall_ms=8.184 gemm_ms=0.092 d2h_ms=0.219
[measure] N=1024 run=38 status=OK wall_ms=8.166 gemm_ms=0.093 d2h_ms=0.218
[measure] N=1024 run=39 status=OK wall_ms=8.185 gemm_ms=0.092 d2h_ms=0.220
[measure] N=1024 run=40 status=OK wall_ms=8.182 gemm_ms=0.091 d2h_ms=0.218
[measure] N=1024 run=41 status=OK wall_ms=8.192 gemm_ms=0.092 d2h_ms=0.218
[measure] N=1024 run=42 status=OK wall_ms=8.193 gemm_ms=0.092 d2h_ms=0.219
[measure] N=1024 run=43 status=OK wall_ms=8.195 gemm_ms=0.091 d2h_ms=0.219
[measure] N=1024 run=44 status=OK wall_ms=8.204 gemm_ms=0.092 d2h_ms=0.220
[measure] N=1024 run=45 status=OK wall_ms=8.232 gemm_ms=0.093 d2h_ms=0.237
[measure] N=1024 run=46 status=OK wall_ms=8.205 gemm_ms=0.094 d2h_ms=0.218
[measure] N=1024 run=47 status=OK wall_ms=8.206 gemm_ms=0.093 d2h_ms=0.220
[measure] N=1024 run=48 status=OK wall_ms=8.170 gemm_ms=0.092 d2h_ms=0.220
[measure] N=1024 run=49 status=OK wall_ms=8.173 gemm_ms=0.092 d2h_ms=0.220
[measure] N=1024 run=50 status=OK wall_ms=8.194 gemm_ms=0.091 d2h_ms=0.218
STEADY_MATRIX_N=2048 payload=16MB warmups=5 runs=50
[warmup] N=2048 run=1 status=OK wall_ms=32.242 gemm_ms=0.702 d2h_ms=0.883
[warmup] N=2048 run=2 status=OK wall_ms=31.757 gemm_ms=0.426 d2h_ms=0.790
[warmup] N=2048 run=3 status=OK wall_ms=31.612 gemm_ms=0.425 d2h_ms=0.789
[warmup] N=2048 run=4 status=OK wall_ms=31.775 gemm_ms=0.423 d2h_ms=0.787
[warmup] N=2048 run=5 status=OK wall_ms=31.698 gemm_ms=0.424 d2h_ms=0.784
[measure] N=2048 run=1 status=OK wall_ms=31.669 gemm_ms=0.419 d2h_ms=0.790
[measure] N=2048 run=2 status=OK wall_ms=31.876 gemm_ms=0.435 d2h_ms=0.815
[measure] N=2048 run=3 status=OK wall_ms=31.703 gemm_ms=0.423 d2h_ms=0.872
[measure] N=2048 run=4 status=OK wall_ms=31.949 gemm_ms=0.425 d2h_ms=0.801
[measure] N=2048 run=5 status=OK wall_ms=31.831 gemm_ms=0.422 d2h_ms=0.805
[measure] N=2048 run=6 status=OK wall_ms=31.619 gemm_ms=0.426 d2h_ms=0.821
[measure] N=2048 run=7 status=OK wall_ms=31.754 gemm_ms=0.425 d2h_ms=0.819
[measure] N=2048 run=8 status=OK wall_ms=31.665 gemm_ms=0.420 d2h_ms=0.808
[measure] N=2048 run=9 status=OK wall_ms=31.605 gemm_ms=0.422 d2h_ms=0.821
[measure] N=2048 run=10 status=OK wall_ms=31.843 gemm_ms=0.426 d2h_ms=0.806
[measure] N=2048 run=11 status=OK wall_ms=31.623 gemm_ms=0.425 d2h_ms=0.808
[measure] N=2048 run=12 status=OK wall_ms=31.673 gemm_ms=0.424 d2h_ms=0.803
[measure] N=2048 run=13 status=OK wall_ms=31.742 gemm_ms=0.423 d2h_ms=0.821
[measure] N=2048 run=14 status=OK wall_ms=31.547 gemm_ms=0.416 d2h_ms=0.803
[measure] N=2048 run=15 status=OK wall_ms=31.736 gemm_ms=0.424 d2h_ms=0.799
[measure] N=2048 run=16 status=OK wall_ms=31.754 gemm_ms=0.423 d2h_ms=0.822
[measure] N=2048 run=17 status=OK wall_ms=31.741 gemm_ms=0.423 d2h_ms=0.817
[measure] N=2048 run=18 status=OK wall_ms=31.788 gemm_ms=0.427 d2h_ms=0.802
[measure] N=2048 run=19 status=OK wall_ms=31.617 gemm_ms=0.419 d2h_ms=0.799
[measure] N=2048 run=20 status=OK wall_ms=31.726 gemm_ms=0.424 d2h_ms=0.828
[measure] N=2048 run=21 status=OK wall_ms=31.746 gemm_ms=0.423 d2h_ms=0.815
[measure] N=2048 run=22 status=OK wall_ms=31.604 gemm_ms=0.423 d2h_ms=0.817
[measure] N=2048 run=23 status=OK wall_ms=28.920 gemm_ms=0.423 d2h_ms=0.807
[measure] N=2048 run=24 status=OK wall_ms=14.166 gemm_ms=0.416 d2h_ms=0.803
[measure] N=2048 run=25 status=OK wall_ms=31.564 gemm_ms=0.420 d2h_ms=0.793
[measure] N=2048 run=26 status=OK wall_ms=31.767 gemm_ms=0.427 d2h_ms=0.809
[measure] N=2048 run=27 status=OK wall_ms=31.711 gemm_ms=0.420 d2h_ms=0.802
[measure] N=2048 run=28 status=OK wall_ms=31.606 gemm_ms=0.421 d2h_ms=0.814
[measure] N=2048 run=29 status=OK wall_ms=31.810 gemm_ms=0.427 d2h_ms=0.810
[measure] N=2048 run=30 status=OK wall_ms=31.605 gemm_ms=0.422 d2h_ms=0.822
[measure] N=2048 run=31 status=OK wall_ms=31.629 gemm_ms=0.422 d2h_ms=0.800
[measure] N=2048 run=32 status=OK wall_ms=31.803 gemm_ms=0.424 d2h_ms=0.810
[measure] N=2048 run=33 status=OK wall_ms=31.559 gemm_ms=0.420 d2h_ms=0.808
[measure] N=2048 run=34 status=OK wall_ms=31.727 gemm_ms=0.424 d2h_ms=0.818
[measure] N=2048 run=35 status=OK wall_ms=31.790 gemm_ms=0.424 d2h_ms=0.871
[measure] N=2048 run=36 status=OK wall_ms=31.775 gemm_ms=0.423 d2h_ms=0.867
[measure] N=2048 run=37 status=OK wall_ms=31.917 gemm_ms=0.426 d2h_ms=0.877
[measure] N=2048 run=38 status=OK wall_ms=31.711 gemm_ms=0.419 d2h_ms=0.871
[measure] N=2048 run=39 status=OK wall_ms=31.717 gemm_ms=0.422 d2h_ms=0.877
[measure] N=2048 run=40 status=OK wall_ms=31.843 gemm_ms=0.422 d2h_ms=0.858
[measure] N=2048 run=41 status=OK wall_ms=31.741 gemm_ms=0.421 d2h_ms=0.870
[measure] N=2048 run=42 status=OK wall_ms=31.788 gemm_ms=0.427 d2h_ms=0.804
[measure] N=2048 run=43 status=OK wall_ms=31.744 gemm_ms=0.422 d2h_ms=0.789
[measure] N=2048 run=44 status=OK wall_ms=31.561 gemm_ms=0.421 d2h_ms=0.780
[measure] N=2048 run=45 status=OK wall_ms=31.762 gemm_ms=0.425 d2h_ms=0.794
[measure] N=2048 run=46 status=OK wall_ms=31.616 gemm_ms=0.425 d2h_ms=0.790
[measure] N=2048 run=47 status=OK wall_ms=31.675 gemm_ms=0.426 d2h_ms=0.784
[measure] N=2048 run=48 status=OK wall_ms=31.744 gemm_ms=0.424 d2h_ms=0.785
[measure] N=2048 run=49 status=OK wall_ms=31.524 gemm_ms=0.417 d2h_ms=0.794
[measure] N=2048 run=50 status=OK wall_ms=31.748 gemm_ms=0.424 d2h_ms=0.821
STEADY_MATRIX_N=4096 payload=64MB warmups=5 runs=50
[warmup] N=4096 run=1 status=OK wall_ms=136.188 gemm_ms=2.947 d2h_ms=3.009
[warmup] N=4096 run=2 status=OK wall_ms=136.500 gemm_ms=2.935 d2h_ms=3.043
[warmup] N=4096 run=3 status=OK wall_ms=136.670 gemm_ms=2.930 d2h_ms=2.983
[warmup] N=4096 run=4 status=OK wall_ms=136.223 gemm_ms=2.938 d2h_ms=3.011
[warmup] N=4096 run=5 status=OK wall_ms=136.309 gemm_ms=2.928 d2h_ms=3.005
[measure] N=4096 run=1 status=OK wall_ms=136.049 gemm_ms=2.932 d2h_ms=2.997
[measure] N=4096 run=2 status=OK wall_ms=136.327 gemm_ms=2.943 d2h_ms=2.998
[measure] N=4096 run=3 status=OK wall_ms=135.909 gemm_ms=2.936 d2h_ms=3.015
[measure] N=4096 run=4 status=OK wall_ms=136.263 gemm_ms=2.934 d2h_ms=3.021
[measure] N=4096 run=5 status=OK wall_ms=136.181 gemm_ms=2.938 d2h_ms=2.998
[measure] N=4096 run=6 status=OK wall_ms=135.858 gemm_ms=2.932 d2h_ms=2.981
[measure] N=4096 run=7 status=OK wall_ms=136.267 gemm_ms=2.938 d2h_ms=3.003
[measure] N=4096 run=8 status=OK wall_ms=136.470 gemm_ms=2.934 d2h_ms=3.018
[measure] N=4096 run=9 status=OK wall_ms=135.845 gemm_ms=2.940 d2h_ms=3.003
[measure] N=4096 run=10 status=OK wall_ms=136.231 gemm_ms=2.931 d2h_ms=2.999
[measure] N=4096 run=11 status=OK wall_ms=136.274 gemm_ms=2.918 d2h_ms=2.982
[measure] N=4096 run=12 status=OK wall_ms=136.090 gemm_ms=2.930 d2h_ms=3.000
[measure] N=4096 run=13 status=OK wall_ms=136.528 gemm_ms=2.925 d2h_ms=2.994
[measure] N=4096 run=14 status=OK wall_ms=136.363 gemm_ms=2.942 d2h_ms=3.001
[measure] N=4096 run=15 status=OK wall_ms=136.601 gemm_ms=2.934 d2h_ms=2.996
[measure] N=4096 run=16 status=OK wall_ms=136.867 gemm_ms=2.924 d2h_ms=3.489
[measure] N=4096 run=17 status=OK wall_ms=136.599 gemm_ms=2.925 d2h_ms=3.438
[measure] N=4096 run=18 status=OK wall_ms=136.718 gemm_ms=2.935 d2h_ms=3.471
[measure] N=4096 run=19 status=OK wall_ms=136.629 gemm_ms=2.942 d2h_ms=3.479
[measure] N=4096 run=20 status=OK wall_ms=136.510 gemm_ms=2.934 d2h_ms=3.455
[measure] N=4096 run=21 status=OK wall_ms=136.309 gemm_ms=2.932 d2h_ms=3.424
[measure] N=4096 run=22 status=OK wall_ms=136.686 gemm_ms=2.930 d2h_ms=3.425
[measure] N=4096 run=23 status=OK wall_ms=136.437 gemm_ms=2.928 d2h_ms=3.438
[measure] N=4096 run=24 status=OK wall_ms=136.513 gemm_ms=2.928 d2h_ms=3.478
[measure] N=4096 run=25 status=OK wall_ms=136.534 gemm_ms=2.938 d2h_ms=3.481
[measure] N=4096 run=26 status=OK wall_ms=136.626 gemm_ms=2.921 d2h_ms=3.446
[measure] N=4096 run=27 status=OK wall_ms=136.399 gemm_ms=2.917 d2h_ms=3.463
[measure] N=4096 run=28 status=OK wall_ms=136.790 gemm_ms=2.923 d2h_ms=3.454
[measure] N=4096 run=29 status=OK wall_ms=136.580 gemm_ms=2.938 d2h_ms=3.461
[measure] N=4096 run=30 status=OK wall_ms=136.418 gemm_ms=2.931 d2h_ms=3.454
[measure] N=4096 run=31 status=OK wall_ms=136.453 gemm_ms=2.934 d2h_ms=3.435
[measure] N=4096 run=32 status=OK wall_ms=136.559 gemm_ms=2.937 d2h_ms=3.436
[measure] N=4096 run=33 status=OK wall_ms=136.153 gemm_ms=2.930 d2h_ms=3.430
[measure] N=4096 run=34 status=OK wall_ms=136.904 gemm_ms=2.946 d2h_ms=3.467
[measure] N=4096 run=35 status=OK wall_ms=136.352 gemm_ms=2.926 d2h_ms=3.462
[measure] N=4096 run=36 status=OK wall_ms=136.428 gemm_ms=2.929 d2h_ms=3.448
[measure] N=4096 run=37 status=OK wall_ms=136.455 gemm_ms=2.913 d2h_ms=3.451
[measure] N=4096 run=38 status=OK wall_ms=136.333 gemm_ms=2.931 d2h_ms=3.436
[measure] N=4096 run=39 status=OK wall_ms=136.219 gemm_ms=2.948 d2h_ms=3.440
[measure] N=4096 run=40 status=OK wall_ms=136.646 gemm_ms=2.929 d2h_ms=3.465
[measure] N=4096 run=41 status=OK wall_ms=136.496 gemm_ms=2.932 d2h_ms=3.453
[measure] N=4096 run=42 status=OK wall_ms=136.346 gemm_ms=2.930 d2h_ms=3.443
[measure] N=4096 run=43 status=OK wall_ms=136.620 gemm_ms=2.925 d2h_ms=3.425
[measure] N=4096 run=44 status=OK wall_ms=136.510 gemm_ms=2.914 d2h_ms=3.402
[measure] N=4096 run=45 status=OK wall_ms=136.355 gemm_ms=2.943 d2h_ms=3.454
[measure] N=4096 run=46 status=OK wall_ms=136.608 gemm_ms=2.941 d2h_ms=3.462
[measure] N=4096 run=47 status=OK wall_ms=136.382 gemm_ms=2.934 d2h_ms=3.458
[measure] N=4096 run=48 status=OK wall_ms=136.404 gemm_ms=2.931 d2h_ms=3.492
[measure] N=4096 run=49 status=OK wall_ms=136.654 gemm_ms=2.924 d2h_ms=3.472
[measure] N=4096 run=50 status=OK wall_ms=136.509 gemm_ms=2.935 d2h_ms=3.457
STEADY_MATRIX_N=8192 payload=256MB warmups=5 runs=50
[warmup] N=8192 run=1 status=OK wall_ms=499.310 gemm_ms=22.556 d2h_ms=12.753
[warmup] N=8192 run=2 status=OK wall_ms=498.550 gemm_ms=22.618 d2h_ms=11.751
[warmup] N=8192 run=3 status=OK wall_ms=498.634 gemm_ms=22.643 d2h_ms=11.772
[warmup] N=8192 run=4 status=OK wall_ms=498.347 gemm_ms=22.604 d2h_ms=11.759
[warmup] N=8192 run=5 status=OK wall_ms=498.572 gemm_ms=22.507 d2h_ms=11.735
[measure] N=8192 run=1 status=OK wall_ms=498.790 gemm_ms=22.625 d2h_ms=11.768
[measure] N=8192 run=2 status=OK wall_ms=498.386 gemm_ms=22.578 d2h_ms=11.739
[measure] N=8192 run=3 status=OK wall_ms=498.631 gemm_ms=22.459 d2h_ms=11.773
[measure] N=8192 run=4 status=OK wall_ms=500.029 gemm_ms=22.458 d2h_ms=12.849
[measure] N=8192 run=5 status=OK wall_ms=500.653 gemm_ms=22.640 d2h_ms=13.672
[measure] N=8192 run=6 status=OK wall_ms=500.008 gemm_ms=22.618 d2h_ms=12.833
[measure] N=8192 run=7 status=OK wall_ms=499.200 gemm_ms=22.567 d2h_ms=11.789
[measure] N=8192 run=8 status=OK wall_ms=499.537 gemm_ms=22.525 d2h_ms=11.775
[measure] N=8192 run=9 status=OK wall_ms=498.994 gemm_ms=22.527 d2h_ms=11.786
[measure] N=8192 run=10 status=OK wall_ms=499.034 gemm_ms=22.611 d2h_ms=11.749
[measure] N=8192 run=11 status=OK wall_ms=499.604 gemm_ms=22.612 d2h_ms=11.772
[measure] N=8192 run=12 status=OK wall_ms=499.062 gemm_ms=22.479 d2h_ms=11.738
[measure] N=8192 run=13 status=OK wall_ms=498.631 gemm_ms=22.493 d2h_ms=11.777
[measure] N=8192 run=14 status=OK wall_ms=498.809 gemm_ms=22.610 d2h_ms=11.776
[measure] N=8192 run=15 status=OK wall_ms=499.499 gemm_ms=22.591 d2h_ms=11.756
[measure] N=8192 run=16 status=OK wall_ms=498.777 gemm_ms=22.467 d2h_ms=11.723
[measure] N=8192 run=17 status=OK wall_ms=498.824 gemm_ms=22.520 d2h_ms=11.757
[measure] N=8192 run=18 status=OK wall_ms=499.635 gemm_ms=22.631 d2h_ms=12.541
[measure] N=8192 run=19 status=OK wall_ms=500.030 gemm_ms=22.519 d2h_ms=13.560
[measure] N=8192 run=20 status=OK wall_ms=500.865 gemm_ms=22.567 d2h_ms=13.543
[measure] N=8192 run=21 status=OK wall_ms=500.510 gemm_ms=22.464 d2h_ms=13.549
[measure] N=8192 run=22 status=OK wall_ms=500.381 gemm_ms=22.652 d2h_ms=13.588
[measure] N=8192 run=23 status=OK wall_ms=500.811 gemm_ms=22.500 d2h_ms=13.592
[measure] N=8192 run=24 status=OK wall_ms=499.457 gemm_ms=22.579 d2h_ms=12.620
[measure] N=8192 run=25 status=OK wall_ms=499.140 gemm_ms=22.522 d2h_ms=12.197
[measure] N=8192 run=26 status=OK wall_ms=499.471 gemm_ms=22.525 d2h_ms=12.554
[measure] N=8192 run=27 status=OK wall_ms=500.432 gemm_ms=22.452 d2h_ms=13.647
[measure] N=8192 run=28 status=OK wall_ms=501.484 gemm_ms=22.581 d2h_ms=13.651
[measure] N=8192 run=29 status=OK wall_ms=500.392 gemm_ms=22.545 d2h_ms=13.648
[measure] N=8192 run=30 status=OK wall_ms=500.720 gemm_ms=22.532 d2h_ms=13.663
[measure] N=8192 run=31 status=OK wall_ms=500.603 gemm_ms=22.494 d2h_ms=13.572
[measure] N=8192 run=32 status=OK wall_ms=500.903 gemm_ms=22.615 d2h_ms=13.650
[measure] N=8192 run=33 status=OK wall_ms=500.662 gemm_ms=22.536 d2h_ms=13.633
[measure] N=8192 run=34 status=OK wall_ms=500.478 gemm_ms=22.581 d2h_ms=13.637
[measure] N=8192 run=35 status=OK wall_ms=500.541 gemm_ms=22.655 d2h_ms=13.569
[measure] N=8192 run=36 status=OK wall_ms=500.309 gemm_ms=22.575 d2h_ms=13.578
[measure] N=8192 run=37 status=OK wall_ms=500.393 gemm_ms=22.596 d2h_ms=13.598
[measure] N=8192 run=38 status=OK wall_ms=500.050 gemm_ms=22.505 d2h_ms=13.652
[measure] N=8192 run=39 status=OK wall_ms=500.505 gemm_ms=22.659 d2h_ms=13.664
[measure] N=8192 run=40 status=OK wall_ms=501.019 gemm_ms=22.458 d2h_ms=13.653
[measure] N=8192 run=41 status=OK wall_ms=500.841 gemm_ms=22.546 d2h_ms=13.696
[measure] N=8192 run=42 status=OK wall_ms=500.032 gemm_ms=22.515 d2h_ms=13.632
[measure] N=8192 run=43 status=OK wall_ms=500.095 gemm_ms=22.544 d2h_ms=13.645
[measure] N=8192 run=44 status=OK wall_ms=500.063 gemm_ms=22.569 d2h_ms=13.482
[measure] N=8192 run=45 status=OK wall_ms=500.468 gemm_ms=22.524 d2h_ms=13.538
[measure] N=8192 run=46 status=OK wall_ms=500.255 gemm_ms=22.598 d2h_ms=13.627
[measure] N=8192 run=47 status=OK wall_ms=500.321 gemm_ms=22.484 d2h_ms=13.584
[measure] N=8192 run=48 status=OK wall_ms=501.031 gemm_ms=22.588 d2h_ms=13.589
[measure] N=8192 run=49 status=OK wall_ms=501.080 gemm_ms=22.514 d2h_ms=13.623
[measure] N=8192 run=50 status=OK wall_ms=500.227 gemm_ms=22.663 d2h_ms=13.611
STEADY_MATRIX_N=16384 payload=1GB warmups=5 runs=50
[warmup] N=16384 run=1 status=OK wall_ms=2048.902 gemm_ms=167.343 d2h_ms=54.086
[warmup] N=16384 run=2 status=OK wall_ms=2048.558 gemm_ms=166.502 d2h_ms=54.199
[warmup] N=16384 run=3 status=OK wall_ms=2040.706 gemm_ms=167.207 d2h_ms=46.465
[warmup] N=16384 run=4 status=OK wall_ms=2045.929 gemm_ms=166.671 d2h_ms=51.446
[warmup] N=16384 run=5 status=OK wall_ms=2041.924 gemm_ms=167.182 d2h_ms=46.672
[measure] N=16384 run=1 status=OK wall_ms=2047.364 gemm_ms=167.289 d2h_ms=53.220
[measure] N=16384 run=2 status=OK wall_ms=2050.047 gemm_ms=167.530 d2h_ms=52.024
[measure] N=16384 run=3 status=OK wall_ms=2051.212 gemm_ms=167.548 d2h_ms=54.050
[measure] N=16384 run=4 status=OK wall_ms=2044.530 gemm_ms=164.394 d2h_ms=49.924
[measure] N=16384 run=5 status=OK wall_ms=2052.013 gemm_ms=167.739 d2h_ms=54.445
[measure] N=16384 run=6 status=OK wall_ms=2048.443 gemm_ms=165.933 d2h_ms=52.844
[measure] N=16384 run=7 status=OK wall_ms=2040.299 gemm_ms=163.993 d2h_ms=46.533
[measure] N=16384 run=8 status=OK wall_ms=2042.353 gemm_ms=165.594 d2h_ms=46.725
[measure] N=16384 run=9 status=OK wall_ms=2049.543 gemm_ms=166.526 d2h_ms=54.063
[measure] N=16384 run=10 status=OK wall_ms=2048.365 gemm_ms=166.031 d2h_ms=53.256
[measure] N=16384 run=11 status=OK wall_ms=2045.815 gemm_ms=167.391 d2h_ms=49.475
[measure] N=16384 run=12 status=OK wall_ms=2051.294 gemm_ms=167.160 d2h_ms=54.023
[measure] N=16384 run=13 status=OK wall_ms=2041.220 gemm_ms=166.269 d2h_ms=48.047
[measure] N=16384 run=14 status=OK wall_ms=2044.297 gemm_ms=167.431 d2h_ms=46.816
[measure] N=16384 run=15 status=OK wall_ms=2046.288 gemm_ms=167.746 d2h_ms=48.546
[measure] N=16384 run=16 status=OK wall_ms=2049.922 gemm_ms=165.846 d2h_ms=54.093
[measure] N=16384 run=17 status=OK wall_ms=2042.713 gemm_ms=167.441 d2h_ms=46.656
[measure] N=16384 run=18 status=OK wall_ms=2041.582 gemm_ms=166.011 d2h_ms=46.728
[measure] N=16384 run=19 status=OK wall_ms=2042.873 gemm_ms=166.419 d2h_ms=46.873
[measure] N=16384 run=20 status=OK wall_ms=2046.389 gemm_ms=166.362 d2h_ms=51.278
[measure] N=16384 run=21 status=OK wall_ms=2048.828 gemm_ms=166.806 d2h_ms=51.583
[measure] N=16384 run=22 status=OK wall_ms=2049.820 gemm_ms=165.618 d2h_ms=54.276
[measure] N=16384 run=23 status=OK wall_ms=2043.884 gemm_ms=167.581 d2h_ms=46.711
[measure] N=16384 run=24 status=OK wall_ms=2047.153 gemm_ms=167.991 d2h_ms=51.409
[measure] N=16384 run=25 status=OK wall_ms=2042.977 gemm_ms=165.152 d2h_ms=46.653
[measure] N=16384 run=26 status=OK wall_ms=2041.811 gemm_ms=165.144 d2h_ms=46.631
[measure] N=16384 run=27 status=OK wall_ms=2043.388 gemm_ms=166.867 d2h_ms=46.776
[measure] N=16384 run=28 status=OK wall_ms=2045.129 gemm_ms=168.443 d2h_ms=46.779
[measure] N=16384 run=29 status=OK wall_ms=2049.215 gemm_ms=166.705 d2h_ms=53.138
[measure] N=16384 run=30 status=OK wall_ms=2053.510 gemm_ms=169.403 d2h_ms=53.961
[measure] N=16384 run=31 status=OK wall_ms=2048.591 gemm_ms=164.911 d2h_ms=54.103
[measure] N=16384 run=32 status=OK wall_ms=2052.973 gemm_ms=168.739 d2h_ms=54.091
[measure] N=16384 run=33 status=OK wall_ms=2049.188 gemm_ms=167.708 d2h_ms=51.339
[measure] N=16384 run=34 status=OK wall_ms=2044.496 gemm_ms=167.925 d2h_ms=46.761
[measure] N=16384 run=35 status=OK wall_ms=2041.979 gemm_ms=163.190 d2h_ms=49.940
[measure] N=16384 run=36 status=OK wall_ms=2049.468 gemm_ms=169.664 d2h_ms=50.459
[measure] N=16384 run=37 status=OK wall_ms=2050.380 gemm_ms=166.719 d2h_ms=54.443
[measure] N=16384 run=38 status=OK wall_ms=2045.578 gemm_ms=165.504 d2h_ms=50.115
[measure] N=16384 run=39 status=OK wall_ms=2053.232 gemm_ms=165.663 d2h_ms=53.889
[measure] N=16384 run=40 status=OK wall_ms=2056.515 gemm_ms=168.841 d2h_ms=53.876
[measure] N=16384 run=41 status=OK wall_ms=2053.570 gemm_ms=165.640 d2h_ms=54.460
[measure] N=16384 run=42 status=OK wall_ms=2055.147 gemm_ms=167.719 d2h_ms=54.441
[measure] N=16384 run=43 status=OK wall_ms=2047.241 gemm_ms=166.929 d2h_ms=47.051
[measure] N=16384 run=44 status=OK wall_ms=2047.806 gemm_ms=167.542 d2h_ms=46.692
[measure] N=16384 run=45 status=OK wall_ms=2053.760 gemm_ms=167.278 d2h_ms=50.749
[measure] N=16384 run=46 status=OK wall_ms=2056.314 gemm_ms=167.306 d2h_ms=54.131
[measure] N=16384 run=47 status=OK wall_ms=2055.794 gemm_ms=168.224 d2h_ms=54.127
[measure] N=16384 run=48 status=OK wall_ms=2052.888 gemm_ms=165.873 d2h_ms=52.599
[measure] N=16384 run=49 status=OK wall_ms=2044.742 gemm_ms=164.274 d2h_ms=46.700
[measure] N=16384 run=50 status=OK wall_ms=2047.107 gemm_ms=166.418 d2h_ms=46.742
