DEBUG: protocol string is [ucx]
[GVS] GPUDirect=disabled (GVIRTUS_GPUDIRECT=1 but probe FAILED: cudaMalloc(4K) failed (no GPU? OOM?)) - falling back to host slots, behavior unchanged
[GVS IDX] epoch 1 anuncia server_idx=[]
[GVS] rma_setup: epoch 1 arrived, 0/0 slots in flight -> install now
UCX control-plane connected: Connect (25.25.25.2:32222)
DEBUG: protocol string is [ucx]
[GVS] GPUDirect=disabled (GVIRTUS_GPUDIRECT=1 but probe FAILED: cudaMalloc(4K) failed (no GPU? OOM?)) - falling back to host slots, behavior unchanged
[GVS IDX] epoch 1 anuncia server_idx=[]
[GVS] rma_setup: epoch 1 arrived, 0/0 slots in flight -> install now
# variant=handle threads=1 iters=18 seed=1 clases=9
UCX control-plane connected: Connect (25.25.25.2:32222)
DEBUG: protocol string is [ucx]
[GVS] GPUDirect=disabled (GVIRTUS_GPUDIRECT=1 but probe FAILED: cudaMalloc(4K) failed (no GPU? OOM?)) - falling back to host slots, behavior unchanged
[GVS IDX] epoch 1 anuncia server_idx=[]
[GVS] rma_setup: epoch 1 arrived, 0/0 slots in flight -> install now
[GUSTO CFG] pool efectivo: slots=2 cap=0.1 MiB shadow=no total=0.2 MiB (sin presupuesto definido)
[GUSTO CFG] pool efectivo: slots=2 cap=0.1 MiB shadow=no total=0.2 MiB (sin presupuesto definido)
[GUSTO CFG] pool efectivo: slots=2 cap=0.6 MiB shadow=no total=1.1 MiB (sin presupuesto definido)
[GUSTO CFG] pool efectivo: slots=2 cap=1.1 MiB shadow=no total=2.1 MiB (sin presupuesto definido)
[GVS] rx_pool: releasing superseded slot (81920 B host, retired at epoch 3, peer acked 0)
[GVS] rx_pool: releasing superseded slot (81920 B host, retired at epoch 3, peer acked 0)
[GUSTO CFG] pool efectivo: slots=2 cap=2.1 MiB shadow=no total=4.1 MiB (sin presupuesto definido)
[GVS] rx_pool: releasing superseded slot (98304 B host, retired at epoch 4, peer acked 0)
[GVS] rx_pool: releasing superseded slot (98304 B host, retired at epoch 4, peer acked 0)
[GUSTO CFG] pool efectivo: slots=2 cap=4.1 MiB shadow=no total=8.1 MiB (sin presupuesto definido)
[GVS] rx_pool: releasing superseded slot (589824 B host, retired at epoch 5, peer acked 0)
[GVS] rx_pool: releasing superseded slot (589824 B host, retired at epoch 5, peer acked 0)
[GVS IDX] epoch 2 anuncia server_idx=[1,2]
[GVS] rma_setup: epoch 2 arrived, 0/0 slots in flight -> install now
UCX control-plane connected: Connect (25.25.25.2:32222)
CSVROW,roundtrip_pinned,handle,1,1,18,1,0,none,511.870
DEBUG: protocol string is [ucx]
[GVS] GPUDirect=disabled (GVIRTUS_GPUDIRECT=1 but probe FAILED: cudaMalloc(4K) failed (no GPU? OOM?)) - falling back to host slots, behavior unchanged
[GVS IDX] epoch 1 anuncia server_idx=[]
[GVS] rma_setup: epoch 1 arrived, 0/0 slots in flight -> install now
[GUSTO CFG] pool efectivo: slots=2 cap=0.1 MiB shadow=no total=0.2 MiB (sin presupuesto definido)
[GUSTO CFG] pool efectivo: slots=2 cap=0.1 MiB shadow=no total=0.2 MiB (sin presupuesto definido)
[GUSTO CFG] pool efectivo: slots=2 cap=0.6 MiB shadow=no total=1.1 MiB (sin presupuesto definido)
[GUSTO CFG] pool efectivo: slots=2 cap=1.1 MiB shadow=no total=2.1 MiB (sin presupuesto definido)
[GVS] rx_pool: releasing superseded slot (81920 B host, retired at epoch 3, peer acked 0)
[GVS] rx_pool: releasing superseded slot (81920 B host, retired at epoch 3, peer acked 0)
[GUSTO CFG] pool efectivo: slots=2 cap=2.1 MiB shadow=no total=4.1 MiB (sin presupuesto definido)
[GVS] rx_pool: releasing superseded slot (98304 B host, retired at epoch 4, peer acked 0)
[GVS] rx_pool: releasing superseded slot (98304 B host, retired at epoch 4, peer acked 0)
[GUSTO CFG] pool efectivo: slots=2 cap=4.1 MiB shadow=no total=8.1 MiB (sin presupuesto definido)
[GVS] rx_pool: releasing superseded slot (589824 B host, retired at epoch 5, peer acked 0)
[GVS] rx_pool: releasing superseded slot (589824 B host, retired at epoch 5, peer acked 0)
[GVS IDX] epoch 2 anuncia server_idx=[1,2]
[GVS] rma_setup: epoch 2 arrived, 0/0 slots in flight -> install now
UCX control-plane connected: Connect (25.25.25.2:32222)
CSVROW,roundtrip_pageable,handle,1,1,18,1,0,none,504.209
DEBUG: protocol string is [ucx]
[GVS] GPUDirect=disabled (GVIRTUS_GPUDIRECT=1 but probe FAILED: cudaMalloc(4K) failed (no GPU? OOM?)) - falling back to host slots, behavior unchanged
[GVS IDX] epoch 1 anuncia server_idx=[]
[GVS] rma_setup: epoch 1 arrived, 0/0 slots in flight -> install now
[GUSTO CFG] pool efectivo: slots=2 cap=0.1 MiB shadow=no total=0.2 MiB (sin presupuesto definido)
[GUSTO CFG] pool efectivo: slots=2 cap=0.1 MiB shadow=no total=0.2 MiB (sin presupuesto definido)
[GUSTO CFG] pool efectivo: slots=2 cap=0.6 MiB shadow=no total=1.1 MiB (sin presupuesto definido)
[GUSTO CFG] pool efectivo: slots=2 cap=1.1 MiB shadow=no total=2.1 MiB (sin presupuesto definido)
[GVS] rx_pool: releasing superseded slot (81920 B host, retired at epoch 3, peer acked 0)
[GVS] rx_pool: releasing superseded slot (81920 B host, retired at epoch 3, peer acked 0)
[GUSTO CFG] pool efectivo: slots=2 cap=2.1 MiB shadow=no total=4.1 MiB (sin presupuesto definido)
[GVS] rx_pool: releasing superseded slot (98304 B host, retired at epoch 4, peer acked 0)
[GVS] rx_pool: releasing superseded slot (98304 B host, retired at epoch 4, peer acked 0)
[GUSTO CFG] pool efectivo: slots=2 cap=4.1 MiB shadow=no total=8.1 MiB (sin presupuesto definido)
[GVS] rx_pool: releasing superseded slot (589824 B host, retired at epoch 5, peer acked 0)
[GVS] rx_pool: releasing superseded slot (589824 B host, retired at epoch 5, peer acked 0)
[GVS IDX] epoch 2 anuncia server_idx=[1,2]
[GVS] rma_setup: epoch 2 arrived, 0/0 slots in flight -> install now
UCX control-plane connected: Connect (25.25.25.2:32222)
CSVROW,pinned_equiv,handle,1,1,18,1,0,none,792.384
DEBUG: protocol string is [ucx]
[GVS] GPUDirect=disabled (GVIRTUS_GPUDIRECT=1 but probe FAILED: cudaMalloc(4K) failed (no GPU? OOM?)) - falling back to host slots, behavior unchanged
[GVS IDX] epoch 1 anuncia server_idx=[]
[GVS] rma_setup: epoch 1 arrived, 0/0 slots in flight -> install now
[GUSTO CFG] pool efectivo: slots=2 cap=0.1 MiB shadow=no total=0.2 MiB (sin presupuesto definido)
[GUSTO CFG] pool efectivo: slots=2 cap=0.1 MiB shadow=no total=0.2 MiB (sin presupuesto definido)
[GUSTO CFG] pool efectivo: slots=2 cap=0.6 MiB shadow=no total=1.1 MiB (sin presupuesto definido)
[GUSTO CFG] pool efectivo: slots=2 cap=1.1 MiB shadow=no total=2.1 MiB (sin presupuesto definido)
[GVS] rx_pool: releasing superseded slot (81920 B host, retired at epoch 3, peer acked 0)
[GVS] rx_pool: releasing superseded slot (81920 B host, retired at epoch 3, peer acked 0)
[GUSTO CFG] pool efectivo: slots=2 cap=2.1 MiB shadow=no total=4.1 MiB (sin presupuesto definido)
[GVS] rx_pool: releasing superseded slot (98304 B host, retired at epoch 4, peer acked 0)
[GVS] rx_pool: releasing superseded slot (98304 B host, retired at epoch 4, peer acked 0)
[GUSTO CFG] pool efectivo: slots=2 cap=4.1 MiB shadow=no total=8.1 MiB (sin presupuesto definido)
[GVS] rx_pool: releasing superseded slot (589824 B host, retired at epoch 5, peer acked 0)
[GVS] rx_pool: releasing superseded slot (589824 B host, retired at epoch 5, peer acked 0)
[GVS IDX] epoch 2 anuncia server_idx=[1,2]
[GVS] rma_setup: epoch 2 arrived, 0/0 slots in flight -> install now
UCX control-plane connected: Connect (25.25.25.2:32222)
CSVROW,d2d_fidelity,handle,1,1,18,1,0,none,595.615
DEBUG: protocol string is [ucx]
[GVS] GPUDirect=disabled (GVIRTUS_GPUDIRECT=1 but probe FAILED: cudaMalloc(4K) failed (no GPU? OOM?)) - falling back to host slots, behavior unchanged
[GVS IDX] epoch 1 anuncia server_idx=[]
[GVS] rma_setup: epoch 1 arrived, 0/0 slots in flight -> install now
[GUSTO CFG] pool efectivo: slots=2 cap=1.1 MiB shadow=no total=2.1 MiB (sin presupuesto definido)
UCX control-plane connected: Connect (25.25.25.2:32222)
CSVROW,memset_ordered,handle,1,1,18,1,0,none,442.380
DEBUG: protocol string is [ucx]
[GVS] GPUDirect=disabled (GVIRTUS_GPUDIRECT=1 but probe FAILED: cudaMalloc(4K) failed (no GPU? OOM?)) - falling back to host slots, behavior unchanged
[GVS IDX] epoch 1 anuncia server_idx=[]
[GVS] rma_setup: epoch 1 arrived, 0/0 slots in flight -> install now
UCX control-plane connected: Connect (25.25.25.2:32222)
CSVROW,event_query,handle,1,1,10,1,0,none,368.223
DEBUG: protocol string is [ucx]
[GVS] GPUDirect=disabled (GVIRTUS_GPUDIRECT=1 but probe FAILED: cudaMalloc(4K) failed (no GPU? OOM?)) - falling back to host slots, behavior unchanged
[GVS IDX] epoch 1 anuncia server_idx=[]
[GVS] rma_setup: epoch 1 arrived, 0/0 slots in flight -> install now
UCX control-plane connected: Connect (25.25.25.2:32222)
CSVROW,error_sticky,handle,1,1,18,1,0,none,363.506
[GVS] rma teardown: acks descartados por epoch=0, advertisements aparcadas=0
GUSTO_METRIC tag=teardown slots_total=0 peak_inflight=0 avg_inflight=0.000 peak_waiters=0 reservations=0 waited=0 wait_us_avg=0.00 admit_rma=0 admit_am=4 rma_pct=0.00 rma_fellback=0 decline_capacity=0 decline_timeout=0 decline_swap=0 decline_epfail=0 ack_sent=0 ack_gen_mismatch=0 ack_on_free=0 ack_applied=0 ack_held=0 ack_released=0 ack_epoch_dropped=0 parked=0
[GVS] rma coste: reservas=9 (esperaron 0) media=0.08us | cache de registro: aciertos=0 fallos=12 (0.0%) | acks enviados=0 media=0.00us | acks con generacion desajustada=0
[GVS] rma teardown: acks descartados por epoch=0, advertisements aparcadas=0
GUSTO_METRIC tag=teardown slots_total=2 peak_inflight=1 avg_inflight=0.089 peak_waiters=0 reservations=9 waited=0 wait_us_avg=0.08 admit_rma=9 admit_am=63 rma_pct=12.50 rma_fellback=7 decline_capacity=0 decline_timeout=0 decline_swap=0 decline_epfail=0 ack_sent=0 ack_gen_mismatch=0 ack_on_free=0 ack_applied=9 ack_held=0 ack_released=0 ack_epoch_dropped=0 parked=0
[GVS] rma coste: reservas=9 (esperaron 0) media=0.09us | cache de registro: aciertos=0 fallos=12 (0.0%) | acks enviados=0 media=0.00us | acks con generacion desajustada=0
[GVS] rma teardown: acks descartados por epoch=0, advertisements aparcadas=0
GUSTO_METRIC tag=teardown slots_total=2 peak_inflight=1 avg_inflight=0.130 peak_waiters=0 reservations=9 waited=0 wait_us_avg=0.09 admit_rma=9 admit_am=63 rma_pct=12.50 rma_fellback=7 decline_capacity=0 decline_timeout=0 decline_swap=0 decline_epfail=0 ack_sent=0 ack_gen_mismatch=0 ack_on_free=0 ack_applied=9 ack_held=0 ack_released=0 ack_epoch_dropped=0 parked=0
[GVS] rma coste: reservas=19 (esperaron 0) media=0.09us | cache de registro: aciertos=0 fallos=12 (0.0%) | acks enviados=0 media=0.00us | acks con generacion desajustada=0
[GVS] rma teardown: acks descartados por epoch=0, advertisements aparcadas=0
GUSTO_METRIC tag=teardown slots_total=2 peak_inflight=1 avg_inflight=0.112 peak_waiters=0 reservations=19 waited=0 wait_us_avg=0.09 admit_rma=19 admit_am=107 rma_pct=15.08 rma_fellback=13 decline_capacity=0 decline_timeout=0 decline_swap=0 decline_epfail=0 ack_sent=0 ack_gen_mismatch=0 ack_on_free=0 ack_applied=19 ack_held=0 ack_released=0 ack_epoch_dropped=0 parked=0
[GVS] rma coste: reservas=9 (esperaron 0) media=0.12us | cache de registro: aciertos=0 fallos=12 (0.0%) | acks enviados=0 media=0.00us | acks con generacion desajustada=0
[GVS] rma teardown: acks descartados por epoch=0, advertisements aparcadas=0
GUSTO_METRIC tag=teardown slots_total=2 peak_inflight=1 avg_inflight=0.117 peak_waiters=0 reservations=9 waited=0 wait_us_avg=0.12 admit_rma=9 admit_am=117 rma_pct=7.14 rma_fellback=7 decline_capacity=0 decline_timeout=0 decline_swap=0 decline_epfail=0 ack_sent=0 ack_gen_mismatch=0 ack_on_free=0 ack_applied=9 ack_held=0 ack_released=0 ack_epoch_dropped=0 parked=0
[GVS] rma teardown: acks descartados por epoch=0, advertisements aparcadas=0
GUSTO_METRIC tag=teardown slots_total=0 peak_inflight=0 avg_inflight=0.000 peak_waiters=0 reservations=0 waited=0 wait_us_avg=0.00 admit_rma=0 admit_am=144 rma_pct=0.00 rma_fellback=0 decline_capacity=0 decline_timeout=0 decline_swap=0 decline_epfail=0 ack_sent=0 ack_gen_mismatch=0 ack_on_free=0 ack_applied=0 ack_held=0 ack_released=0 ack_epoch_dropped=0 parked=0
[GVS] rma teardown: acks descartados por epoch=0, advertisements aparcadas=0
GUSTO_METRIC tag=teardown slots_total=0 peak_inflight=0 avg_inflight=0.000 peak_waiters=0 reservations=0 waited=0 wait_us_avg=0.00 admit_rma=0 admit_am=540 rma_pct=0.00 rma_fellback=0 decline_capacity=0 decline_timeout=0 decline_swap=0 decline_epfail=0 ack_sent=0 ack_gen_mismatch=0 ack_on_free=0 ack_applied=0 ack_held=0 ack_released=0 ack_epoch_dropped=0 parked=0
[GVS] rma teardown: acks descartados por epoch=0, advertisements aparcadas=0
GUSTO_METRIC tag=teardown slots_total=0 peak_inflight=0 avg_inflight=0.000 peak_waiters=0 reservations=0 waited=0 wait_us_avg=0.00 admit_rma=0 admit_am=18 rma_pct=0.00 rma_fellback=0 decline_capacity=0 decline_timeout=0 decline_swap=0 decline_epfail=0 ack_sent=0 ack_gen_mismatch=0 ack_on_free=0 ack_applied=0 ack_held=0 ack_released=0 ack_epoch_dropped=0 parked=0
