DEBUG: protocol string is [ucx]
[GVS] GPUDirect=disabled (GVIRTUS_GPUDIRECT=1 but probe FAILED: cudaMalloc(4K) failed (no GPU? OOM?)) - falling back to host slots, behavior unchanged
[GVS IDX] epoch 1 advertises server_idx=[]
[GVS] rma_setup: epoch 1 arrived, 0/0 slots in flight -> install now
UCX control-plane connected: Connect (25.25.25.2:32222)
DEBUG: protocol string is [ucx]
[GVS] GPUDirect=disabled (GVIRTUS_GPUDIRECT=1 but probe FAILED: cudaMalloc(4K) failed (no GPU? OOM?)) - falling back to host slots, behavior unchanged
[GVS IDX] epoch 1 advertises server_idx=[]
[GVS] rma_setup: epoch 1 arrived, 0/0 slots in flight -> install now
[GVS ABLATE] *** cache de registro POR DIRECCION, sin invalidacion en free -- variante DEFECTUOSA a proposito
# variant=handle threads=8 iters=18 seed=5 clases=9
UCX control-plane connected: Connect (25.25.25.2:32222)
INFO - Using properties file: /opt/GVirtuS/etc/properties_ucx.json
INFO - Parsing endpoint config from: /opt/GVirtuS/etc/properties_ucx.json
INFO - Parsed endpoint suite: ucx
DEBUG: protocol string is [ucx]
DEBUG: protocol string is [ucx]
DEBUG: protocol string is [ucx]
DEBUG: protocol string is [ucx]
DEBUG: protocol string is [ucx]
DEBUG: protocol string is [ucx]
DEBUG: protocol string is [ucx]
DEBUG: protocol string is [ucx]
[GVS] GPUDirect=disabled (GVIRTUS_GPUDIRECT=1 but probe FAILED: cudaMalloc(4K) failed (no GPU? OOM?)) - falling back to host slots, behavior unchanged
[GVS] GPUDirect=disabled (GVIRTUS_GPUDIRECT=1 but probe FAILED: cudaMalloc(4K) failed (no GPU? OOM?)) - falling back to host slots, behavior unchanged
[GVS] GPUDirect=disabled (GVIRTUS_GPUDIRECT=1 but probe FAILED: cudaMalloc(4K) failed (no GPU? OOM?)) - falling back to host slots, behavior unchanged
[GVS] GPUDirect=disabled (GVIRTUS_GPUDIRECT=1 but probe FAILED: cudaMalloc(4K) failed (no GPU? OOM?)) - falling back to host slots, behavior unchanged
[GVS] GPUDirect=disabled (GVIRTUS_GPUDIRECT=1 but probe FAILED: cudaMalloc(4K) failed (no GPU? OOM?)) - falling back to host slots, behavior unchanged
[GVS] GPUDirect=disabled (GVIRTUS_GPUDIRECT=1 but probe FAILED: cudaMalloc(4K) failed (no GPU? OOM?)) - falling back to host slots, behavior unchanged
[GVS] GPUDirect=disabled (GVIRTUS_GPUDIRECT=1 but probe FAILED: cudaMalloc(4K) failed (no GPU? OOM?)) - falling back to host slots, behavior unchanged
[GVS] GPUDirect=disabled (GVIRTUS_GPUDIRECT=1 but probe FAILED: cudaMalloc(4K) failed (no GPU? OOM?)) - falling back to host slots, behavior unchanged
[GVS IDX] epoch 1 advertises server_idx=[]
[GVS] rma_setup: epoch 1 arrived, 0/0 slots in flight -> install now
[GUSTO CFG] effective pool: slots=2 cap=0.1 MiB shadow=no total=0.2 MiB (no budget defined)
[GUSTO CFG] effective pool: slots=2 cap=0.1 MiB shadow=no total=0.2 MiB (no budget defined)
[GUSTO CFG] effective pool: slots=2 cap=0.6 MiB shadow=no total=1.1 MiB (no budget defined)
[GVS IDX] epoch 1 advertises server_idx=[]
[GVS] rma_setup: epoch 1 arrived, 0/0 slots in flight -> install now
[GUSTO CFG] effective pool: slots=2 cap=1.1 MiB shadow=no total=2.1 MiB (no budget defined)
[GVS] rx_pool: releasing superseded slot (81920 B host, retired at epoch 3, peer acked 0)
[GVS] rx_pool: releasing superseded slot (81920 B host, retired at epoch 3, peer acked 0)
[GUSTO CFG] effective pool: slots=2 cap=0.1 MiB shadow=no total=0.2 MiB (no budget defined)
[GUSTO CFG] effective pool: slots=2 cap=0.1 MiB shadow=no total=0.2 MiB (no budget defined)
[GUSTO CFG] effective pool: slots=2 cap=0.6 MiB shadow=no total=1.1 MiB (no budget defined)
[GVS IDX] epoch 1 advertises server_idx=[]
[GVS] rma_setup: epoch 1 arrived, 0/0 slots in flight -> install now
[GUSTO CFG] effective pool: slots=2 cap=2.1 MiB shadow=no total=4.1 MiB (no budget defined)
[GVS] rx_pool: releasing superseded slot (98304 B host, retired at epoch 4, peer acked 0)
[GVS] rx_pool: releasing superseded slot (98304 B host, retired at epoch 4, peer acked 0)
[GUSTO CFG] effective pool: slots=2 cap=1.1 MiB shadow=no total=2.1 MiB (no budget defined)
[GVS] rx_pool: releasing superseded slot (81920 B host, retired at epoch 3, peer acked 0)
[GVS] rx_pool: releasing superseded slot (81920 B host, retired at epoch 3, peer acked 0)
[GUSTO CFG] effective pool: slots=2 cap=0.1 MiB shadow=no total=0.2 MiB (no budget defined)
[GUSTO CFG] effective pool: slots=2 cap=0.1 MiB shadow=no total=0.2 MiB (no budget defined)
[GUSTO CFG] effective pool: slots=2 cap=0.6 MiB shadow=no total=1.1 MiB (no budget defined)
[GUSTO CFG] effective pool: slots=2 cap=4.1 MiB shadow=no total=8.1 MiB (no budget defined)
[GVS] rx_pool: releasing superseded slot (589824 B host, retired at epoch 5, peer acked 0)
[GVS] rx_pool: releasing superseded slot (589824 B host, retired at epoch 5, peer acked 0)
[GUSTO CFG] effective pool: slots=2 cap=2.1 MiB shadow=no total=4.1 MiB (no budget defined)
[GVS] rx_pool: releasing superseded slot (98304 B host, retired at epoch 4, peer acked 0)
[GVS] rx_pool: releasing superseded slot (98304 B host, retired at epoch 4, peer acked 0)
[GUSTO CFG] effective pool: slots=2 cap=1.1 MiB shadow=no total=2.1 MiB (no budget defined)
[GVS] rx_pool: releasing superseded slot (81920 B host, retired at epoch 3, peer acked 0)
[GVS] rx_pool: releasing superseded slot (81920 B host, retired at epoch 3, peer acked 0)
[GUSTO CFG] effective pool: slots=2 cap=4.1 MiB shadow=no total=8.1 MiB (no budget defined)
[GVS] rx_pool: releasing superseded slot (589824 B host, retired at epoch 5, peer acked 0)
[GVS] rx_pool: releasing superseded slot (589824 B host, retired at epoch 5, peer acked 0)
[GVS IDX] epoch 2 advertises server_idx=[1,2]
[GVS] rma_setup: epoch 2 arrived, 0/0 slots in flight -> install now
[GUSTO CFG] effective pool: slots=2 cap=2.1 MiB shadow=no total=4.1 MiB (no budget defined)
[GVS] rx_pool: releasing superseded slot (98304 B host, retired at epoch 4, peer acked 0)
[GVS] rx_pool: releasing superseded slot (98304 B host, retired at epoch 4, peer acked 0)
[GVS IDX] epoch 1 advertises server_idx=[]
[GVS] rma_setup: epoch 1 arrived, 0/0 slots in flight -> install now
[GVS IDX] epoch 1 advertises server_idx=[]
[GVS] rma_setup: epoch 1 arrived, 0/0 slots in flight -> install now
[GUSTO CFG] effective pool: slots=2 cap=0.1 MiB shadow=no total=0.2 MiB (no budget defined)
[GVS IDX] epoch 2 advertises server_idx=[1,2]
[GVS] rma_setup: epoch 2 arrived, 0/0 slots in flight -> install now
[GUSTO CFG] effective pool: slots=2 cap=4.1 MiB shadow=no total=8.1 MiB (no budget defined)
[GVS] rx_pool: releasing superseded slot (589824 B host, retired at epoch 5, peer acked 0)
[GVS] rx_pool: releasing superseded slot (589824 B host, retired at epoch 5, peer acked 0)
[GUSTO CFG] effective pool: slots=2 cap=0.1 MiB shadow=no total=0.2 MiB (no budget defined)
[GUSTO CFG] effective pool: slots=2 cap=0.1 MiB shadow=no total=0.2 MiB (no budget defined)
[GUSTO CFG] effective pool: slots=2 cap=0.1 MiB shadow=no total=0.2 MiB (no budget defined)
[GUSTO CFG] effective pool: slots=2 cap=0.6 MiB shadow=no total=1.1 MiB (no budget defined)
[GUSTO CFG] effective pool: slots=2 cap=0.6 MiB shadow=no total=1.1 MiB (no budget defined)
[GUSTO CFG] effective pool: slots=2 cap=1.1 MiB shadow=no total=2.1 MiB (no budget defined)
[GVS] rx_pool: releasing superseded slot (81920 B host, retired at epoch 3, peer acked 0)
[GVS] rx_pool: releasing superseded slot (81920 B host, retired at epoch 3, peer acked 0)
[GUSTO CFG] effective pool: slots=2 cap=1.1 MiB shadow=no total=2.1 MiB (no budget defined)
[GVS] rx_pool: releasing superseded slot (81920 B host, retired at epoch 3, peer acked 0)
[GVS] rx_pool: releasing superseded slot (81920 B host, retired at epoch 3, peer acked 0)
[GVS IDX] epoch 2 advertises server_idx=[1,2]
[GVS] rma_setup: epoch 2 arrived, 0/0 slots in flight -> install now
[GUSTO CFG] effective pool: slots=2 cap=2.1 MiB shadow=no total=4.1 MiB (no budget defined)
[GVS] rx_pool: releasing superseded slot (98304 B host, retired at epoch 4, peer acked 0)
[GVS] rx_pool: releasing superseded slot (98304 B host, retired at epoch 4, peer acked 0)
[GUSTO CFG] effective pool: slots=2 cap=2.1 MiB shadow=no total=4.1 MiB (no budget defined)
[GVS] rx_pool: releasing superseded slot (98304 B host, retired at epoch 4, peer acked 0)
[GVS] rx_pool: releasing superseded slot (98304 B host, retired at epoch 4, peer acked 0)
[GVS IDX] epoch 1 advertises server_idx=[]
[GVS] rma_setup: epoch 1 arrived, 0/0 slots in flight -> install now
[GUSTO CFG] effective pool: slots=2 cap=0.1 MiB shadow=no total=0.2 MiB (no budget defined)
[GUSTO CFG] effective pool: slots=2 cap=0.1 MiB shadow=no total=0.2 MiB (no budget defined)
[GUSTO CFG] effective pool: slots=2 cap=4.1 MiB shadow=no total=8.1 MiB (no budget defined)
[GVS] rx_pool: releasing superseded slot (589824 B host, retired at epoch 5, peer acked 0)
[GUSTO CFG] effective pool: slots=2 cap=4.1 MiB shadow=no total=8.1 MiB (no budget defined)
[GVS] rx_pool: releasing superseded slot (589824 B host, retired at epoch 5, peer acked 0)
[GVS] rx_pool: releasing superseded slot (589824 B host, retired at epoch 5, peer acked 0)
[GVS] rx_pool: releasing superseded slot (589824 B host, retired at epoch 5, peer acked 0)
[GUSTO CFG] effective pool: slots=2 cap=0.6 MiB shadow=no total=1.1 MiB (no budget defined)
[GUSTO CFG] effective pool: slots=2 cap=1.1 MiB shadow=no total=2.1 MiB (no budget defined)
[GVS] rx_pool: releasing superseded slot (81920 B host, retired at epoch 3, peer acked 0)
[GVS] rx_pool: releasing superseded slot (81920 B host, retired at epoch 3, peer acked 0)
[GVS IDX] epoch 2 advertises server_idx=[1,2]
[GVS] rma_setup: epoch 2 arrived, 0/0 slots in flight -> install now
[GVS IDX] epoch 2 advertises server_idx=[1,2]
[GVS] rma_setup: epoch 2 arrived, 0/0 slots in flight -> install now
[GUSTO CFG] effective pool: slots=2 cap=2.1 MiB shadow=no total=4.1 MiB (no budget defined)
[GVS] rx_pool: releasing superseded slot (98304 B host, retired at epoch 4, peer acked 0)
[GVS] rx_pool: releasing superseded slot (98304 B host, retired at epoch 4, peer acked 0)
[GUSTO CFG] effective pool: slots=2 cap=4.1 MiB shadow=no total=8.1 MiB (no budget defined)
[GVS] rx_pool: releasing superseded slot (589824 B host, retired at epoch 5, peer acked 0)
[GVS] rx_pool: releasing superseded slot (589824 B host, retired at epoch 5, peer acked 0)
[GVS IDX] epoch 1 advertises server_idx=[]
[GVS] rma_setup: epoch 1 arrived, 0/0 slots in flight -> install now
[GUSTO CFG] effective pool: slots=2 cap=0.1 MiB shadow=no total=0.2 MiB (no budget defined)
[GUSTO CFG] effective pool: slots=2 cap=0.1 MiB shadow=no total=0.2 MiB (no budget defined)
[GUSTO CFG] effective pool: slots=2 cap=0.6 MiB shadow=no total=1.1 MiB (no budget defined)
[GVS IDX] epoch 2 advertises server_idx=[1,2]
[GVS] rma_setup: epoch 2 arrived, 0/0 slots in flight -> install now
[GUSTO CFG] effective pool: slots=2 cap=1.1 MiB shadow=no total=2.1 MiB (no budget defined)
[GVS] rx_pool: releasing superseded slot (81920 B host, retired at epoch 3, peer acked 0)
[GVS] rx_pool: releasing superseded slot (81920 B host, retired at epoch 3, peer acked 0)
[GUSTO CFG] effective pool: slots=2 cap=2.1 MiB shadow=no total=4.1 MiB (no budget defined)
[GVS] rx_pool: releasing superseded slot (98304 B host, retired at epoch 4, peer acked 0)
[GVS] rx_pool: releasing superseded slot (98304 B host, retired at epoch 4, peer acked 0)
[GUSTO CFG] effective pool: slots=2 cap=4.1 MiB shadow=no total=8.1 MiB (no budget defined)
[GVS] rx_pool: releasing superseded slot (589824 B host, retired at epoch 5, peer acked 0)
[GVS] rx_pool: releasing superseded slot (589824 B host, retired at epoch 5, peer acked 0)
[GVS IDX] epoch 1 advertises server_idx=[]
[GVS] rma_setup: epoch 1 arrived, 0/0 slots in flight -> install now
[GUSTO CFG] effective pool: slots=2 cap=0.1 MiB shadow=no total=0.2 MiB (no budget defined)
[GVS IDX] epoch 2 advertises server_idx=[1,2]
[GVS] rma_setup: epoch 2 arrived, 0/0 slots in flight -> install now
[GUSTO CFG] effective pool: slots=2 cap=0.1 MiB shadow=no total=0.2 MiB (no budget defined)
[GUSTO CFG] effective pool: slots=2 cap=0.6 MiB shadow=no total=1.1 MiB (no budget defined)
[GUSTO CFG] effective pool: slots=2 cap=1.1 MiB shadow=no total=2.1 MiB (no budget defined)
[GVS] rx_pool: releasing superseded slot (81920 B host, retired at epoch 3, peer acked 0)
[GVS] rx_pool: releasing superseded slot (81920 B host, retired at epoch 3, peer acked 0)
[GUSTO CFG] effective pool: slots=2 cap=2.1 MiB shadow=no total=4.1 MiB (no budget defined)
[GVS] rx_pool: releasing superseded slot (98304 B host, retired at epoch 4, peer acked 0)
[GVS] rx_pool: releasing superseded slot (98304 B host, retired at epoch 4, peer acked 0)
[GUSTO CFG] effective pool: slots=2 cap=4.1 MiB shadow=no total=8.1 MiB (no budget defined)
[GVS] rx_pool: releasing superseded slot (589824 B host, retired at epoch 5, peer acked 0)
[GVS] rx_pool: releasing superseded slot (589824 B host, retired at epoch 5, peer acked 0)
[GVS IDX] epoch 2 advertises server_idx=[1,2]
[GVS] rma_setup: epoch 2 arrived, 0/0 slots in flight -> install now
UCX control-plane connected: Connect (25.25.25.2:32222)
UCX control-plane connected: Connect (25.25.25.2:32222)
UCX control-plane connected: Connect (25.25.25.2:32222)
UCX control-plane connected: Connect (25.25.25.2:32222)
UCX control-plane connected: Connect (25.25.25.2:32222)
UCX control-plane connected: Connect (25.25.25.2:32222)
UCX control-plane connected: Connect (25.25.25.2:32222)
UCX control-plane connected: Connect (25.25.25.2:32222)
CSVROW,roundtrip_pinned,handle,8,5,18,1,0,none,1396.555
INFO - Parsing endpoint config from: /opt/GVirtuS/etc/properties_ucx.json
INFO - Using properties file: /opt/GVirtuS/etc/properties_ucx.json
INFO - Parsing endpoint config from: /opt/GVirtuS/etc/properties_ucx.json
INFO - Parsing endpoint config from: /opt/GVirtuS/etc/properties_ucx.json
log4cplus:ERROR No appenders could be found for logger (GVirtuS.EndpointFactory).
log4cplus:ERROR Please initialize the log4cplus system properly.
log4cplus:ERROR No appenders could be found for logger (GVirtuS.EndpointFactory).
log4cplus:ERROR Please initialize the log4cplus system properly.
INFO - Parsing endpoint config from: /opt/GVirtuS/etc/properties_ucx.json
DEBUG: protocol string is [ucx]
DEBUG: protocol string is [ucx]
DEBUG: protocol string is [ucx]
DEBUG: protocol string is [ucx]
DEBUG: protocol string is [ucx]
DEBUG: protocol string is [ucx]
DEBUG: protocol string is [ucx]
DEBUG: protocol string is [ucx]
[GVS] GPUDirect=disabled (GVIRTUS_GPUDIRECT=1 but probe FAILED: cudaMalloc(4K) failed (no GPU? OOM?)) - falling back to host slots, behavior unchanged
[GVS] GPUDirect=disabled (GVIRTUS_GPUDIRECT=1 but probe FAILED: cudaMalloc(4K) failed (no GPU? OOM?)) - falling back to host slots, behavior unchanged
[GVS] GPUDirect=disabled (GVIRTUS_GPUDIRECT=1 but probe FAILED: cudaMalloc(4K) failed (no GPU? OOM?)) - falling back to host slots, behavior unchanged
[GVS] GPUDirect=disabled (GVIRTUS_GPUDIRECT=1 but probe FAILED: cudaMalloc(4K) failed (no GPU? OOM?)) - falling back to host slots, behavior unchanged
[GVS] GPUDirect=disabled (GVIRTUS_GPUDIRECT=1 but probe FAILED: cudaMalloc(4K) failed (no GPU? OOM?)) - falling back to host slots, behavior unchanged
[GVS] GPUDirect=disabled (GVIRTUS_GPUDIRECT=1 but probe FAILED: cudaMalloc(4K) failed (no GPU? OOM?)) - falling back to host slots, behavior unchanged
[GVS] GPUDirect=disabled (GVIRTUS_GPUDIRECT=1 but probe FAILED: cudaMalloc(4K) failed (no GPU? OOM?)) - falling back to host slots, behavior unchanged
[GVS] GPUDirect=disabled (GVIRTUS_GPUDIRECT=1 but probe FAILED: cudaMalloc(4K) failed (no GPU? OOM?)) - falling back to host slots, behavior unchanged
[GVS IDX] epoch 1 advertises server_idx=[]
[GVS] rma_setup: epoch 1 arrived, 0/0 slots in flight -> install now
[GUSTO CFG] effective pool: slots=2 cap=0.1 MiB shadow=no total=0.2 MiB (no budget defined)
[GUSTO CFG] effective pool: slots=2 cap=0.1 MiB shadow=no total=0.2 MiB (no budget defined)
[GUSTO CFG] effective pool: slots=2 cap=0.6 MiB shadow=no total=1.1 MiB (no budget defined)
[GUSTO CFG] effective pool: slots=2 cap=1.1 MiB shadow=no total=2.1 MiB (no budget defined)
[GVS] rx_pool: releasing superseded slot (81920 B host, retired at epoch 3, peer acked 0)
[GVS] rx_pool: releasing superseded slot (81920 B host, retired at epoch 3, peer acked 0)
[GUSTO CFG] effective pool: slots=2 cap=2.1 MiB shadow=no total=4.1 MiB (no budget defined)
[GVS] rx_pool: releasing superseded slot (98304 B host, retired at epoch 4, peer acked 0)
[GVS] rx_pool: releasing superseded slot (98304 B host, retired at epoch 4, peer acked 0)
[GUSTO CFG] effective pool: slots=2 cap=4.1 MiB shadow=no total=8.1 MiB (no budget defined)
[GVS] rx_pool: releasing superseded slot (589824 B host, retired at epoch 5, peer acked 0)
[GVS] rx_pool: releasing superseded slot (589824 B host, retired at epoch 5, peer acked 0)
[GVS IDX] epoch 2 advertises server_idx=[1,2]
[GVS] rma_setup: epoch 2 arrived, 0/0 slots in flight -> install now
[GVS IDX] epoch 1 advertises server_idx=[]
[GVS] rma_setup: epoch 1 arrived, 0/0 slots in flight -> install now
[GUSTO CFG] effective pool: slots=2 cap=0.1 MiB shadow=no total=0.2 MiB (no budget defined)
[GUSTO CFG] effective pool: slots=2 cap=0.1 MiB shadow=no total=0.2 MiB (no budget defined)
[GUSTO CFG] effective pool: slots=2 cap=0.6 MiB shadow=no total=1.1 MiB (no budget defined)
[GUSTO CFG] effective pool: slots=2 cap=1.1 MiB shadow=no total=2.1 MiB (no budget defined)
[GVS] rx_pool: releasing superseded slot (81920 B host, retired at epoch 3, peer acked 0)
[GVS] rx_pool: releasing superseded slot (81920 B host, retired at epoch 3, peer acked 0)
[GUSTO CFG] effective pool: slots=2 cap=2.1 MiB shadow=no total=4.1 MiB (no budget defined)
[GVS] rx_pool: releasing superseded slot (98304 B host, retired at epoch 4, peer acked 0)
[GVS] rx_pool: releasing superseded slot (98304 B host, retired at epoch 4, peer acked 0)
[GUSTO CFG] effective pool: slots=2 cap=4.1 MiB shadow=no total=8.1 MiB (no budget defined)
[GVS] rx_pool: releasing superseded slot (589824 B host, retired at epoch 5, peer acked 0)
[GVS] rx_pool: releasing superseded slot (589824 B host, retired at epoch 5, peer acked 0)
[GVS IDX] epoch 1 advertises server_idx=[]
[GVS] rma_setup: epoch 1 arrived, 0/0 slots in flight -> install now
[GVS IDX] epoch 2 advertises server_idx=[1,2]
[GVS] rma_setup: epoch 2 arrived, 0/0 slots in flight -> install now
[GUSTO CFG] effective pool: slots=2 cap=0.1 MiB shadow=no total=0.2 MiB (no budget defined)
[GUSTO CFG] effective pool: slots=2 cap=0.1 MiB shadow=no total=0.2 MiB (no budget defined)
[GUSTO CFG] effective pool: slots=2 cap=0.6 MiB shadow=no total=1.1 MiB (no budget defined)
[GUSTO CFG] effective pool: slots=2 cap=1.1 MiB shadow=no total=2.1 MiB (no budget defined)
[GVS] rx_pool: releasing superseded slot (81920 B host, retired at epoch 3, peer acked 0)
[GVS] rx_pool: releasing superseded slot (81920 B host, retired at epoch 3, peer acked 0)
[GUSTO CFG] effective pool: slots=2 cap=2.1 MiB shadow=no total=4.1 MiB (no budget defined)
[GVS] rx_pool: releasing superseded slot (98304 B host, retired at epoch 4, peer acked 0)
[GVS] rx_pool: releasing superseded slot (98304 B host, retired at epoch 4, peer acked 0)
[GUSTO CFG] effective pool: slots=2 cap=4.1 MiB shadow=no total=8.1 MiB (no budget defined)
[GVS] rx_pool: releasing superseded slot (589824 B host, retired at epoch 5, peer acked 0)
[GVS] rx_pool: releasing superseded slot (589824 B host, retired at epoch 5, peer acked 0)
[GVS IDX] epoch 2 advertises server_idx=[1,2]
[GVS] rma_setup: epoch 2 arrived, 0/0 slots in flight -> install now
[GVS IDX] epoch 1 advertises server_idx=[]
[GVS] rma_setup: epoch 1 arrived, 0/0 slots in flight -> install now
[GUSTO CFG] effective pool: slots=2 cap=0.1 MiB shadow=no total=0.2 MiB (no budget defined)
[GUSTO CFG] effective pool: slots=2 cap=0.1 MiB shadow=no total=0.2 MiB (no budget defined)
[GUSTO CFG] effective pool: slots=2 cap=0.6 MiB shadow=no total=1.1 MiB (no budget defined)
[GUSTO CFG] effective pool: slots=2 cap=1.1 MiB shadow=no total=2.1 MiB (no budget defined)
[GVS] rx_pool: releasing superseded slot (81920 B host, retired at epoch 3, peer acked 0)
[GVS] rx_pool: releasing superseded slot (81920 B host, retired at epoch 3, peer acked 0)
[GUSTO CFG] effective pool: slots=2 cap=2.1 MiB shadow=no total=4.1 MiB (no budget defined)
[GVS] rx_pool: releasing superseded slot (98304 B host, retired at epoch 4, peer acked 0)
[GVS] rx_pool: releasing superseded slot (98304 B host, retired at epoch 4, peer acked 0)
[GUSTO CFG] effective pool: slots=2 cap=4.1 MiB shadow=no total=8.1 MiB (no budget defined)
[GVS] rx_pool: releasing superseded slot (589824 B host, retired at epoch 5, peer acked 0)
[GVS] rx_pool: releasing superseded slot (589824 B host, retired at epoch 5, peer acked 0)
[GVS IDX] epoch 2 advertises server_idx=[1,2]
[GVS] rma_setup: epoch 2 arrived, 0/0 slots in flight -> install now
[GVS IDX] epoch 1 advertises server_idx=[]
[GVS] rma_setup: epoch 1 arrived, 0/0 slots in flight -> install now
[GUSTO CFG] effective pool: slots=2 cap=0.1 MiB shadow=no total=0.2 MiB (no budget defined)
[GUSTO CFG] effective pool: slots=2 cap=0.1 MiB shadow=no total=0.2 MiB (no budget defined)
[GUSTO CFG] effective pool: slots=2 cap=0.6 MiB shadow=no total=1.1 MiB (no budget defined)
[GUSTO CFG] effective pool: slots=2 cap=1.1 MiB shadow=no total=2.1 MiB (no budget defined)
[GVS] rx_pool: releasing superseded slot (81920 B host, retired at epoch 3, peer acked 0)
[GVS] rx_pool: releasing superseded slot (81920 B host, retired at epoch 3, peer acked 0)
[GUSTO CFG] effective pool: slots=2 cap=2.1 MiB shadow=no total=4.1 MiB (no budget defined)
[GVS] rx_pool: releasing superseded slot (98304 B host, retired at epoch 4, peer acked 0)
[GVS] rx_pool: releasing superseded slot (98304 B host, retired at epoch 4, peer acked 0)
[GUSTO CFG] effective pool: slots=2 cap=4.1 MiB shadow=no total=8.1 MiB (no budget defined)
[GVS] rx_pool: releasing superseded slot (589824 B host, retired at epoch 5, peer acked 0)
[GVS] rx_pool: releasing superseded slot (589824 B host, retired at epoch 5, peer acked 0)
[GVS IDX] epoch 2 advertises server_idx=[1,2]
[GVS] rma_setup: epoch 2 arrived, 0/0 slots in flight -> install now
[GVS IDX] epoch 1 advertises server_idx=[]
[GVS] rma_setup: epoch 1 arrived, 0/0 slots in flight -> install now
[GUSTO CFG] effective pool: slots=2 cap=0.1 MiB shadow=no total=0.2 MiB (no budget defined)
[GUSTO CFG] effective pool: slots=2 cap=0.1 MiB shadow=no total=0.2 MiB (no budget defined)
[GUSTO CFG] effective pool: slots=2 cap=0.6 MiB shadow=no total=1.1 MiB (no budget defined)
[GUSTO CFG] effective pool: slots=2 cap=1.1 MiB shadow=no total=2.1 MiB (no budget defined)
[GVS] rx_pool: releasing superseded slot (81920 B host, retired at epoch 3, peer acked 0)
[GVS] rx_pool: releasing superseded slot (81920 B host, retired at epoch 3, peer acked 0)
[GUSTO CFG] effective pool: slots=2 cap=2.1 MiB shadow=no total=4.1 MiB (no budget defined)
[GVS] rx_pool: releasing superseded slot (98304 B host, retired at epoch 4, peer acked 0)
[GVS] rx_pool: releasing superseded slot (98304 B host, retired at epoch 4, peer acked 0)
[GUSTO CFG] effective pool: slots=2 cap=4.1 MiB shadow=no total=8.1 MiB (no budget defined)
[GVS] rx_pool: releasing superseded slot (589824 B host, retired at epoch 5, peer acked 0)
[GVS] rx_pool: releasing superseded slot (589824 B host, retired at epoch 5, peer acked 0)
[GVS IDX] epoch 2 advertises server_idx=[1,2]
[GVS] rma_setup: epoch 2 arrived, 0/0 slots in flight -> install now
[GVS IDX] epoch 1 advertises server_idx=[]
[GVS] rma_setup: epoch 1 arrived, 0/0 slots in flight -> install now
[GUSTO CFG] effective pool: slots=2 cap=0.1 MiB shadow=no total=0.2 MiB (no budget defined)
[GUSTO CFG] effective pool: slots=2 cap=0.1 MiB shadow=no total=0.2 MiB (no budget defined)
[GUSTO CFG] effective pool: slots=2 cap=0.6 MiB shadow=no total=1.1 MiB (no budget defined)
[GUSTO CFG] effective pool: slots=2 cap=1.1 MiB shadow=no total=2.1 MiB (no budget defined)
[GVS] rx_pool: releasing superseded slot (81920 B host, retired at epoch 3, peer acked 0)
[GVS] rx_pool: releasing superseded slot (81920 B host, retired at epoch 3, peer acked 0)
[GUSTO CFG] effective pool: slots=2 cap=2.1 MiB shadow=no total=4.1 MiB (no budget defined)
[GVS] rx_pool: releasing superseded slot (98304 B host, retired at epoch 4, peer acked 0)
[GVS] rx_pool: releasing superseded slot (98304 B host, retired at epoch 4, peer acked 0)
[GVS IDX] epoch 1 advertises server_idx=[]
[GVS] rma_setup: epoch 1 arrived, 0/0 slots in flight -> install now
[GUSTO CFG] effective pool: slots=2 cap=0.1 MiB shadow=no total=0.2 MiB (no budget defined)
[GUSTO CFG] effective pool: slots=2 cap=0.1 MiB shadow=no total=0.2 MiB (no budget defined)
[GUSTO CFG] effective pool: slots=2 cap=4.1 MiB shadow=no total=8.1 MiB (no budget defined)
[GVS] rx_pool: releasing superseded slot (589824 B host, retired at epoch 5, peer acked 0)
[GVS] rx_pool: releasing superseded slot (589824 B host, retired at epoch 5, peer acked 0)
[GUSTO CFG] effective pool: slots=2 cap=0.6 MiB shadow=no total=1.1 MiB (no budget defined)
[GUSTO CFG] effective pool: slots=2 cap=1.1 MiB shadow=no total=2.1 MiB (no budget defined)
[GVS] rx_pool: releasing superseded slot (81920 B host, retired at epoch 3, peer acked 0)
[GVS] rx_pool: releasing superseded slot (81920 B host, retired at epoch 3, peer acked 0)
[GUSTO CFG] effective pool: slots=2 cap=2.1 MiB shadow=no total=4.1 MiB (no budget defined)
[GVS] rx_pool: releasing superseded slot (98304 B host, retired at epoch 4, peer acked 0)
[GVS] rx_pool: releasing superseded slot (98304 B host, retired at epoch 4, peer acked 0)
[GVS IDX] epoch 2 advertises server_idx=[1,2]
[GVS] rma_setup: epoch 2 arrived, 0/0 slots in flight -> install now
[GUSTO CFG] effective pool: slots=2 cap=4.1 MiB shadow=no total=8.1 MiB (no budget defined)
[GVS] rx_pool: releasing superseded slot (589824 B host, retired at epoch 5, peer acked 0)
[GVS] rx_pool: releasing superseded slot (589824 B host, retired at epoch 5, peer acked 0)
[GVS IDX] epoch 2 advertises server_idx=[1,2]
[GVS] rma_setup: epoch 2 arrived, 0/0 slots in flight -> install now
UCX control-plane connected: Connect (25.25.25.2:32222)
UCX control-plane connected: Connect (25.25.25.2:32222)
UCX control-plane connected: Connect (25.25.25.2:32222)
UCX control-plane connected: Connect (25.25.25.2:32222)
UCX control-plane connected: Connect (25.25.25.2:32222)
UCX control-plane connected: Connect (25.25.25.2:32222)
UCX control-plane connected: Connect (25.25.25.2:32222)
UCX control-plane connected: Connect (25.25.25.2:32222)
CSVROW,roundtrip_pageable,handle,8,5,18,1,0,none,1492.658
INFO - Parsing endpoint config from: /opt/GVirtuS/etc/properties_ucx.json
INFO - Using properties file: /opt/GVirtuS/etc/properties_ucx.json
DEBUG: protocol string is [ucx]
DEBUG: protocol string is [ucx]
DEBUG: protocol string is [ucx]
DEBUG: protocol string is [ucx]
DEBUG: protocol string is [ucx]
DEBUG: protocol string is [ucx]
DEBUG: protocol string is [ucx]
DEBUG: protocol string is [ucx]
[GVS] GPUDirect=disabled (GVIRTUS_GPUDIRECT=1 but probe FAILED: cudaMalloc(4K) failed (no GPU? OOM?)) - falling back to host slots, behavior unchanged
[GVS] GPUDirect=disabled (GVIRTUS_GPUDIRECT=1 but probe FAILED: cudaMalloc(4K) failed (no GPU? OOM?)) - falling back to host slots, behavior unchanged
[GVS] GPUDirect=disabled (GVIRTUS_GPUDIRECT=1 but probe FAILED: cudaMalloc(4K) failed (no GPU? OOM?)) - falling back to host slots, behavior unchanged
[GVS] GPUDirect=disabled (GVIRTUS_GPUDIRECT=1 but probe FAILED: cudaMalloc(4K) failed (no GPU? OOM?)) - falling back to host slots, behavior unchanged
[GVS] GPUDirect=disabled (GVIRTUS_GPUDIRECT=1 but probe FAILED: cudaMalloc(4K) failed (no GPU? OOM?)) - falling back to host slots, behavior unchanged
[GVS] GPUDirect=disabled (GVIRTUS_GPUDIRECT=1 but probe FAILED: cudaMalloc(4K) failed (no GPU? OOM?)) - falling back to host slots, behavior unchanged
[GVS] GPUDirect=disabled (GVIRTUS_GPUDIRECT=1 but probe FAILED: cudaMalloc(4K) failed (no GPU? OOM?)) - falling back to host slots, behavior unchanged
[GVS] GPUDirect=disabled (GVIRTUS_GPUDIRECT=1 but probe FAILED: cudaMalloc(4K) failed (no GPU? OOM?)) - falling back to host slots, behavior unchanged
[GVS IDX] epoch 1 advertises server_idx=[]
[GVS] rma_setup: epoch 1 arrived, 0/0 slots in flight -> install now
[GVS IDX] epoch 1 advertises server_idx=[]
[GVS] rma_setup: epoch 1 arrived, 0/0 slots in flight -> install now
[GUSTO CFG] effective pool: slots=2 cap=0.1 MiB shadow=no total=0.2 MiB (no budget defined)
[GUSTO CFG] effective pool: slots=2 cap=0.1 MiB shadow=no total=0.2 MiB (no budget defined)
[GUSTO CFG] effective pool: slots=2 cap=0.1 MiB shadow=no total=0.2 MiB (no budget defined)
[GUSTO CFG] effective pool: slots=2 cap=0.1 MiB shadow=no total=0.2 MiB (no budget defined)
[GVS IDX] epoch 1 advertises server_idx=[]
[GVS] rma_setup: epoch 1 arrived, 0/0 slots in flight -> install now
[GUSTO CFG] effective pool: slots=2 cap=0.6 MiB shadow=no total=1.1 MiB (no budget defined)
[GUSTO CFG] effective pool: slots=2 cap=0.6 MiB shadow=no total=1.1 MiB (no budget defined)
[GUSTO CFG] effective pool: slots=2 cap=0.1 MiB shadow=no total=0.2 MiB (no budget defined)
[GUSTO CFG] effective pool: slots=2 cap=1.1 MiB shadow=no total=2.1 MiB (no budget defined)
[GVS] rx_pool: releasing superseded slot (81920 B host, retired at epoch 3, peer acked 0)
[GVS] rx_pool: releasing superseded slot (81920 B host, retired at epoch 3, peer acked 0)
[GUSTO CFG] effective pool: slots=2 cap=1.1 MiB shadow=no total=2.1 MiB (no budget defined)
[GVS] rx_pool: releasing superseded slot (81920 B host, retired at epoch 3, peer acked 0)
[GVS] rx_pool: releasing superseded slot (81920 B host, retired at epoch 3, peer acked 0)
[GUSTO CFG] effective pool: slots=2 cap=0.1 MiB shadow=no total=0.2 MiB (no budget defined)
[GVS IDX] epoch 1 advertises server_idx=[]
[GVS] rma_setup: epoch 1 arrived, 0/0 slots in flight -> install now
[GUSTO CFG] effective pool: slots=2 cap=0.1 MiB shadow=no total=0.2 MiB (no budget defined)
[GUSTO CFG] effective pool: slots=2 cap=0.1 MiB shadow=no total=0.2 MiB (no budget defined)
[GUSTO CFG] effective pool: slots=2 cap=0.6 MiB shadow=no total=1.1 MiB (no budget defined)
[GUSTO CFG] effective pool: slots=2 cap=2.1 MiB shadow=no total=4.1 MiB (no budget defined)
[GVS] rx_pool: releasing superseded slot (98304 B host, retired at epoch 4, peer acked 0)
[GUSTO CFG] effective pool: slots=2 cap=2.1 MiB shadow=no total=4.1 MiB (no budget defined)
[GVS] rx_pool: releasing superseded slot (98304 B host, retired at epoch 4, peer acked 0)
[GVS] rx_pool: releasing superseded slot (98304 B host, retired at epoch 4, peer acked 0)
[GVS] rx_pool: releasing superseded slot (98304 B host, retired at epoch 4, peer acked 0)
[GUSTO CFG] effective pool: slots=2 cap=0.6 MiB shadow=no total=1.1 MiB (no budget defined)
[GUSTO CFG] effective pool: slots=2 cap=1.1 MiB shadow=no total=2.1 MiB (no budget defined)
[GVS] rx_pool: releasing superseded slot (81920 B host, retired at epoch 3, peer acked 0)
[GVS] rx_pool: releasing superseded slot (81920 B host, retired at epoch 3, peer acked 0)
[GUSTO CFG] effective pool: slots=2 cap=1.1 MiB shadow=no total=2.1 MiB (no budget defined)
[GVS] rx_pool: releasing superseded slot (81920 B host, retired at epoch 3, peer acked 0)
[GVS] rx_pool: releasing superseded slot (81920 B host, retired at epoch 3, peer acked 0)
[GUSTO CFG] effective pool: slots=2 cap=2.1 MiB shadow=no total=4.1 MiB (no budget defined)
[GVS] rx_pool: releasing superseded slot (98304 B host, retired at epoch 4, peer acked 0)
[GUSTO CFG] effective pool: slots=2 cap=4.1 MiB shadow=no total=8.1 MiB (no budget defined)
[GVS] rx_pool: releasing superseded slot (589824 B host, retired at epoch 5, peer acked 0)
[GVS] rx_pool: releasing superseded slot (98304 B host, retired at epoch 4, peer acked 0)
[GVS] rx_pool: releasing superseded slot (589824 B host, retired at epoch 5, peer acked 0)
[GUSTO CFG] effective pool: slots=2 cap=2.1 MiB shadow=no total=4.1 MiB (no budget defined)
[GVS] rx_pool: releasing superseded slot (98304 B host, retired at epoch 4, peer acked 0)
[GUSTO CFG] effective pool: slots=2 cap=4.1 MiB shadow=no total=8.1 MiB (no budget defined)
[GVS] rx_pool: releasing superseded slot (589824 B host, retired at epoch 5, peer acked 0)
[GVS] rx_pool: releasing superseded slot (98304 B host, retired at epoch 4, peer acked 0)
[GVS] rx_pool: releasing superseded slot (589824 B host, retired at epoch 5, peer acked 0)
[GVS IDX] epoch 1 advertises server_idx=[]
[GVS] rma_setup: epoch 1 arrived, 0/0 slots in flight -> install now
[GUSTO CFG] effective pool: slots=2 cap=4.1 MiB shadow=no total=8.1 MiB (no budget defined)
[GVS] rx_pool: releasing superseded slot (589824 B host, retired at epoch 5, peer acked 0)
[GVS] rx_pool: releasing superseded slot (589824 B host, retired at epoch 5, peer acked 0)
[GUSTO CFG] effective pool: slots=2 cap=4.1 MiB shadow=no total=8.1 MiB (no budget defined)
[GVS] rx_pool: releasing superseded slot (589824 B host, retired at epoch 5, peer acked 0)
[GVS] rx_pool: releasing superseded slot (589824 B host, retired at epoch 5, peer acked 0)
[GUSTO CFG] effective pool: slots=2 cap=0.1 MiB shadow=no total=0.2 MiB (no budget defined)
[GVS IDX] epoch 2 advertises server_idx=[1,2]
[GVS] rma_setup: epoch 2 arrived, 0/0 slots in flight -> install now
[GVS IDX] epoch 2 advertises server_idx=[1,2]
[GVS] rma_setup: epoch 2 arrived, 0/0 slots in flight -> install now
[GUSTO CFG] effective pool: slots=2 cap=0.1 MiB shadow=no total=0.2 MiB (no budget defined)
[GUSTO CFG] effective pool: slots=2 cap=0.6 MiB shadow=no total=1.1 MiB (no budget defined)
[GVS IDX] epoch 2 advertises server_idx=[1,2]
[GVS] rma_setup: epoch 2 arrived, 0/0 slots in flight -> install now
[GVS IDX] epoch 2 advertises server_idx=[1,2]
[GVS] rma_setup: epoch 2 arrived, 0/0 slots in flight -> install now
[GVS IDX] epoch 1 advertises server_idx=[]
[GVS] rma_setup: epoch 1 arrived, 0/0 slots in flight -> install now
[GUSTO CFG] effective pool: slots=2 cap=1.1 MiB shadow=no total=2.1 MiB (no budget defined)
[GVS] rx_pool: releasing superseded slot (81920 B host, retired at epoch 3, peer acked 0)
[GVS] rx_pool: releasing superseded slot (81920 B host, retired at epoch 3, peer acked 0)
[GUSTO CFG] effective pool: slots=2 cap=0.1 MiB shadow=no total=0.2 MiB (no budget defined)
[GUSTO CFG] effective pool: slots=2 cap=0.1 MiB shadow=no total=0.2 MiB (no budget defined)
[GUSTO CFG] effective pool: slots=2 cap=0.6 MiB shadow=no total=1.1 MiB (no budget defined)
[GUSTO CFG] effective pool: slots=2 cap=2.1 MiB shadow=no total=4.1 MiB (no budget defined)
[GVS] rx_pool: releasing superseded slot (98304 B host, retired at epoch 4, peer acked 0)
[GVS] rx_pool: releasing superseded slot (98304 B host, retired at epoch 4, peer acked 0)
[GUSTO CFG] effective pool: slots=2 cap=1.1 MiB shadow=no total=2.1 MiB (no budget defined)
[GVS] rx_pool: releasing superseded slot (81920 B host, retired at epoch 3, peer acked 0)
[GVS] rx_pool: releasing superseded slot (81920 B host, retired at epoch 3, peer acked 0)
[GUSTO CFG] effective pool: slots=2 cap=2.1 MiB shadow=no total=4.1 MiB (no budget defined)
[GVS] rx_pool: releasing superseded slot (98304 B host, retired at epoch 4, peer acked 0)
[GVS] rx_pool: releasing superseded slot (98304 B host, retired at epoch 4, peer acked 0)
[GUSTO CFG] effective pool: slots=2 cap=4.1 MiB shadow=no total=8.1 MiB (no budget defined)
[GVS] rx_pool: releasing superseded slot (589824 B host, retired at epoch 5, peer acked 0)
[GVS] rx_pool: releasing superseded slot (589824 B host, retired at epoch 5, peer acked 0)
[GVS IDX] epoch 2 advertises server_idx=[1,2]
[GVS] rma_setup: epoch 2 arrived, 0/0 slots in flight -> install now
[GUSTO CFG] effective pool: slots=2 cap=4.1 MiB shadow=no total=8.1 MiB (no budget defined)
[GVS] rx_pool: releasing superseded slot (589824 B host, retired at epoch 5, peer acked 0)
[GVS] rx_pool: releasing superseded slot (589824 B host, retired at epoch 5, peer acked 0)
[GVS IDX] epoch 1 advertises server_idx=[]
[GVS] rma_setup: epoch 1 arrived, 0/0 slots in flight -> install now
[GUSTO CFG] effective pool: slots=2 cap=0.1 MiB shadow=no total=0.2 MiB (no budget defined)
[GUSTO CFG] effective pool: slots=2 cap=0.1 MiB shadow=no total=0.2 MiB (no budget defined)
[GUSTO CFG] effective pool: slots=2 cap=0.6 MiB shadow=no total=1.1 MiB (no budget defined)
[GVS IDX] epoch 1 advertises server_idx=[]
[GVS] rma_setup: epoch 1 arrived, 0/0 slots in flight -> install now
[GUSTO CFG] effective pool: slots=2 cap=1.1 MiB shadow=no total=2.1 MiB (no budget defined)
[GVS] rx_pool: releasing superseded slot (81920 B host, retired at epoch 3, peer acked 0)
[GVS] rx_pool: releasing superseded slot (81920 B host, retired at epoch 3, peer acked 0)
[GUSTO CFG] effective pool: slots=2 cap=0.1 MiB shadow=no total=0.2 MiB (no budget defined)
[GUSTO CFG] effective pool: slots=2 cap=0.1 MiB shadow=no total=0.2 MiB (no budget defined)
[GVS IDX] epoch 2 advertises server_idx=[1,2]
[GVS] rma_setup: epoch 2 arrived, 0/0 slots in flight -> install now
[GUSTO CFG] effective pool: slots=2 cap=0.6 MiB shadow=no total=1.1 MiB (no budget defined)
[GUSTO CFG] effective pool: slots=2 cap=2.1 MiB shadow=no total=4.1 MiB (no budget defined)
[GVS] rx_pool: releasing superseded slot (98304 B host, retired at epoch 4, peer acked 0)
[GVS] rx_pool: releasing superseded slot (98304 B host, retired at epoch 4, peer acked 0)
[GUSTO CFG] effective pool: slots=2 cap=1.1 MiB shadow=no total=2.1 MiB (no budget defined)
[GVS] rx_pool: releasing superseded slot (81920 B host, retired at epoch 3, peer acked 0)
[GVS] rx_pool: releasing superseded slot (81920 B host, retired at epoch 3, peer acked 0)
[GUSTO CFG] effective pool: slots=2 cap=2.1 MiB shadow=no total=4.1 MiB (no budget defined)
[GVS] rx_pool: releasing superseded slot (98304 B host, retired at epoch 4, peer acked 0)
[GVS] rx_pool: releasing superseded slot (98304 B host, retired at epoch 4, peer acked 0)
[GUSTO CFG] effective pool: slots=2 cap=4.1 MiB shadow=no total=8.1 MiB (no budget defined)
[GVS] rx_pool: releasing superseded slot (589824 B host, retired at epoch 5, peer acked 0)
[GVS] rx_pool: releasing superseded slot (589824 B host, retired at epoch 5, peer acked 0)
[GUSTO CFG] effective pool: slots=2 cap=4.1 MiB shadow=no total=8.1 MiB (no budget defined)
[GVS] rx_pool: releasing superseded slot (589824 B host, retired at epoch 5, peer acked 0)
[GVS] rx_pool: releasing superseded slot (589824 B host, retired at epoch 5, peer acked 0)
[GVS IDX] epoch 2 advertises server_idx=[1,2]
[GVS] rma_setup: epoch 2 arrived, 0/0 slots in flight -> install now
[GVS IDX] epoch 2 advertises server_idx=[1,2]
[GVS] rma_setup: epoch 2 arrived, 0/0 slots in flight -> install now
UCX control-plane connected: Connect (25.25.25.2:32222)
UCX control-plane connected: Connect (25.25.25.2:32222)
UCX control-plane connected: Connect (25.25.25.2:32222)
UCX control-plane connected: Connect (25.25.25.2:32222)
UCX control-plane connected: Connect (25.25.25.2:32222)
UCX control-plane connected: Connect (25.25.25.2:32222)
UCX control-plane connected: Connect (25.25.25.2:32222)
UCX control-plane connected: Connect (25.25.25.2:32222)
CSVROW,pinned_equiv,handle,8,5,18,1,0,none,1600.552
INFO - Parsed endpoint suite: ucx
INFO - Using properties file: /opt/GVirtuS/etc/properties_ucx.json
INFO - Parsing endpoint config from: /opt/GVirtuS/etc/properties_ucx.json
DEBUG: protocol string is [ucx]
DEBUG: protocol string is [ucx]
DEBUG: protocol string is [ucx]
DEBUG: protocol string is [ucx]
DEBUG: protocol string is [ucx]
DEBUG: protocol string is [ucx]
DEBUG: protocol string is [ucx]
DEBUG: protocol string is [ucx]
[GVS] GPUDirect=disabled (GVIRTUS_GPUDIRECT=1 but probe FAILED: cudaMalloc(4K) failed (no GPU? OOM?)) - falling back to host slots, behavior unchanged
[GVS] GPUDirect=disabled (GVIRTUS_GPUDIRECT=1 but probe FAILED: cudaMalloc(4K) failed (no GPU? OOM?)) - falling back to host slots, behavior unchanged
[GVS] GPUDirect=disabled (GVIRTUS_GPUDIRECT=1 but probe FAILED: cudaMalloc(4K) failed (no GPU? OOM?)) - falling back to host slots, behavior unchanged
[GVS] GPUDirect=disabled (GVIRTUS_GPUDIRECT=1 but probe FAILED: cudaMalloc(4K) failed (no GPU? OOM?)) - falling back to host slots, behavior unchanged
[GVS] GPUDirect=disabled (GVIRTUS_GPUDIRECT=1 but probe FAILED: cudaMalloc(4K) failed (no GPU? OOM?)) - falling back to host slots, behavior unchanged
[GVS] GPUDirect=disabled (GVIRTUS_GPUDIRECT=1 but probe FAILED: cudaMalloc(4K) failed (no GPU? OOM?)) - falling back to host slots, behavior unchanged
[GVS] GPUDirect=disabled (GVIRTUS_GPUDIRECT=1 but probe FAILED: cudaMalloc(4K) failed (no GPU? OOM?)) - falling back to host slots, behavior unchanged
[GVS] GPUDirect=disabled (GVIRTUS_GPUDIRECT=1 but probe FAILED: cudaMalloc(4K) failed (no GPU? OOM?)) - falling back to host slots, behavior unchanged
[GVS IDX] epoch 1 advertises server_idx=[]
[GVS] rma_setup: epoch 1 arrived, 0/0 slots in flight -> install now
[GUSTO CFG] effective pool: slots=2 cap=0.1 MiB shadow=no total=0.2 MiB (no budget defined)
[GUSTO CFG] effective pool: slots=2 cap=0.1 MiB shadow=no total=0.2 MiB (no budget defined)
[GUSTO CFG] effective pool: slots=2 cap=0.6 MiB shadow=no total=1.1 MiB (no budget defined)
[GUSTO CFG] effective pool: slots=2 cap=1.1 MiB shadow=no total=2.1 MiB (no budget defined)
[GVS] rx_pool: releasing superseded slot (81920 B host, retired at epoch 3, peer acked 0)
[GVS] rx_pool: releasing superseded slot (81920 B host, retired at epoch 3, peer acked 0)
[GVS IDX] epoch 1 advertises server_idx=[]
[GVS] rma_setup: epoch 1 arrived, 0/0 slots in flight -> install now
[GUSTO CFG] effective pool: slots=2 cap=0.1 MiB shadow=no total=0.2 MiB (no budget defined)
[GUSTO CFG] effective pool: slots=2 cap=2.1 MiB shadow=no total=4.1 MiB (no budget defined)
[GVS] rx_pool: releasing superseded slot (98304 B host, retired at epoch 4, peer acked 0)
[GVS] rx_pool: releasing superseded slot (98304 B host, retired at epoch 4, peer acked 0)
[GUSTO CFG] effective pool: slots=2 cap=0.1 MiB shadow=no total=0.2 MiB (no budget defined)
[GUSTO CFG] effective pool: slots=2 cap=0.6 MiB shadow=no total=1.1 MiB (no budget defined)
[GUSTO CFG] effective pool: slots=2 cap=1.1 MiB shadow=no total=2.1 MiB (no budget defined)
[GVS] rx_pool: releasing superseded slot (81920 B host, retired at epoch 3, peer acked 0)
[GVS] rx_pool: releasing superseded slot (81920 B host, retired at epoch 3, peer acked 0)
[GUSTO CFG] effective pool: slots=2 cap=4.1 MiB shadow=no total=8.1 MiB (no budget defined)
[GVS] rx_pool: releasing superseded slot (589824 B host, retired at epoch 5, peer acked 0)
[GVS] rx_pool: releasing superseded slot (589824 B host, retired at epoch 5, peer acked 0)
[GUSTO CFG] effective pool: slots=2 cap=2.1 MiB shadow=no total=4.1 MiB (no budget defined)
[GVS] rx_pool: releasing superseded slot (98304 B host, retired at epoch 4, peer acked 0)
[GVS] rx_pool: releasing superseded slot (98304 B host, retired at epoch 4, peer acked 0)
[GVS IDX] epoch 2 advertises server_idx=[1,2]
[GVS] rma_setup: epoch 2 arrived, 0/0 slots in flight -> install now
[GUSTO CFG] effective pool: slots=2 cap=4.1 MiB shadow=no total=8.1 MiB (no budget defined)
[GVS] rx_pool: releasing superseded slot (589824 B host, retired at epoch 5, peer acked 0)
[GVS] rx_pool: releasing superseded slot (589824 B host, retired at epoch 5, peer acked 0)
[GVS IDX] epoch 1 advertises server_idx=[]
[GVS] rma_setup: epoch 1 arrived, 0/0 slots in flight -> install now
[GUSTO CFG] effective pool: slots=2 cap=0.1 MiB shadow=no total=0.2 MiB (no budget defined)
[GVS IDX] epoch 2 advertises server_idx=[1,2]
[GVS] rma_setup: epoch 2 arrived, 0/0 slots in flight -> install now
[GUSTO CFG] effective pool: slots=2 cap=0.1 MiB shadow=no total=0.2 MiB (no budget defined)
[GUSTO CFG] effective pool: slots=2 cap=0.6 MiB shadow=no total=1.1 MiB (no budget defined)
[GUSTO CFG] effective pool: slots=2 cap=1.1 MiB shadow=no total=2.1 MiB (no budget defined)
[GVS] rx_pool: releasing superseded slot (81920 B host, retired at epoch 3, peer acked 0)
[GVS] rx_pool: releasing superseded slot (81920 B host, retired at epoch 3, peer acked 0)
[GUSTO CFG] effective pool: slots=2 cap=2.1 MiB shadow=no total=4.1 MiB (no budget defined)
[GVS] rx_pool: releasing superseded slot (98304 B host, retired at epoch 4, peer acked 0)
[GVS] rx_pool: releasing superseded slot (98304 B host, retired at epoch 4, peer acked 0)
[GUSTO CFG] effective pool: slots=2 cap=4.1 MiB shadow=no total=8.1 MiB (no budget defined)
[GVS] rx_pool: releasing superseded slot (589824 B host, retired at epoch 5, peer acked 0)
[GVS] rx_pool: releasing superseded slot (589824 B host, retired at epoch 5, peer acked 0)
[GVS IDX] epoch 1 advertises server_idx=[]
[GVS] rma_setup: epoch 1 arrived, 0/0 slots in flight -> install now
[GUSTO CFG] effective pool: slots=2 cap=0.1 MiB shadow=no total=0.2 MiB (no budget defined)
[GVS IDX] epoch 2 advertises server_idx=[1,2]
[GVS] rma_setup: epoch 2 arrived, 0/0 slots in flight -> install now
[GUSTO CFG] effective pool: slots=2 cap=0.1 MiB shadow=no total=0.2 MiB (no budget defined)
[GUSTO CFG] effective pool: slots=2 cap=0.6 MiB shadow=no total=1.1 MiB (no budget defined)
[GUSTO CFG] effective pool: slots=2 cap=1.1 MiB shadow=no total=2.1 MiB (no budget defined)
[GVS] rx_pool: releasing superseded slot (81920 B host, retired at epoch 3, peer acked 0)
[GVS] rx_pool: releasing superseded slot (81920 B host, retired at epoch 3, peer acked 0)
[GVS IDX] epoch 1 advertises server_idx=[]
[GVS] rma_setup: epoch 1 arrived, 0/0 slots in flight -> install now
[GUSTO CFG] effective pool: slots=2 cap=2.1 MiB shadow=no total=4.1 MiB (no budget defined)
[GVS] rx_pool: releasing superseded slot (98304 B host, retired at epoch 4, peer acked 0)
[GVS] rx_pool: releasing superseded slot (98304 B host, retired at epoch 4, peer acked 0)
[GUSTO CFG] effective pool: slots=2 cap=0.1 MiB shadow=no total=0.2 MiB (no budget defined)
[GUSTO CFG] effective pool: slots=2 cap=0.1 MiB shadow=no total=0.2 MiB (no budget defined)
[GUSTO CFG] effective pool: slots=2 cap=0.6 MiB shadow=no total=1.1 MiB (no budget defined)
[GUSTO CFG] effective pool: slots=2 cap=4.1 MiB shadow=no total=8.1 MiB (no budget defined)
[GVS] rx_pool: releasing superseded slot (589824 B host, retired at epoch 5, peer acked 0)
[GVS] rx_pool: releasing superseded slot (589824 B host, retired at epoch 5, peer acked 0)
[GUSTO CFG] effective pool: slots=2 cap=1.1 MiB shadow=no total=2.1 MiB (no budget defined)
[GVS] rx_pool: releasing superseded slot (81920 B host, retired at epoch 3, peer acked 0)
[GVS] rx_pool: releasing superseded slot (81920 B host, retired at epoch 3, peer acked 0)
[GUSTO CFG] effective pool: slots=2 cap=2.1 MiB shadow=no total=4.1 MiB (no budget defined)
[GVS] rx_pool: releasing superseded slot (98304 B host, retired at epoch 4, peer acked 0)
[GVS] rx_pool: releasing superseded slot (98304 B host, retired at epoch 4, peer acked 0)
[GVS IDX] epoch 2 advertises server_idx=[1,2]
[GVS] rma_setup: epoch 2 arrived, 0/0 slots in flight -> install now
[GUSTO CFG] effective pool: slots=2 cap=4.1 MiB shadow=no total=8.1 MiB (no budget defined)
[GVS] rx_pool: releasing superseded slot (589824 B host, retired at epoch 5, peer acked 0)
[GVS] rx_pool: releasing superseded slot (589824 B host, retired at epoch 5, peer acked 0)
[GVS IDX] epoch 2 advertises server_idx=[1,2]
[GVS] rma_setup: epoch 2 arrived, 0/0 slots in flight -> install now
[GVS IDX] epoch 1 advertises server_idx=[]
[GVS] rma_setup: epoch 1 arrived, 0/0 slots in flight -> install now
[GVS IDX] epoch 1 advertises server_idx=[]
[GVS] rma_setup: epoch 1 arrived, 0/0 slots in flight -> install now
[GVS IDX] epoch 1 advertises server_idx=[]
[GVS] rma_setup: epoch 1 arrived, 0/0 slots in flight -> install now
[GUSTO CFG] effective pool: slots=2 cap=0.1 MiB shadow=no total=0.2 MiB (no budget defined)
[GUSTO CFG] effective pool: slots=2 cap=0.1 MiB shadow=no total=0.2 MiB (no budget defined)
[GUSTO CFG] effective pool: slots=2 cap=0.1 MiB shadow=no total=0.2 MiB (no budget defined)
[GUSTO CFG] effective pool: slots=2 cap=0.1 MiB shadow=no total=0.2 MiB (no budget defined)
[GUSTO CFG] effective pool: slots=2 cap=0.1 MiB shadow=no total=0.2 MiB (no budget defined)
[GUSTO CFG] effective pool: slots=2 cap=0.1 MiB shadow=no total=0.2 MiB (no budget defined)
[GUSTO CFG] effective pool: slots=2 cap=0.6 MiB shadow=no total=1.1 MiB (no budget defined)
[GUSTO CFG] effective pool: slots=2 cap=0.6 MiB shadow=no total=1.1 MiB (no budget defined)
[GUSTO CFG] effective pool: slots=2 cap=0.6 MiB shadow=no total=1.1 MiB (no budget defined)
[GUSTO CFG] effective pool: slots=2 cap=1.1 MiB shadow=no total=2.1 MiB (no budget defined)
[GVS] rx_pool: releasing superseded slot (81920 B host, retired at epoch 3, peer acked 0)
[GVS] rx_pool: releasing superseded slot (81920 B host, retired at epoch 3, peer acked 0)
[GUSTO CFG] effective pool: slots=2 cap=1.1 MiB shadow=no total=2.1 MiB (no budget defined)
[GVS] rx_pool: releasing superseded slot (81920 B host, retired at epoch 3, peer acked 0)
[GVS] rx_pool: releasing superseded slot (81920 B host, retired at epoch 3, peer acked 0)
[GUSTO CFG] effective pool: slots=2 cap=1.1 MiB shadow=no total=2.1 MiB (no budget defined)
[GVS] rx_pool: releasing superseded slot (81920 B host, retired at epoch 3, peer acked 0)
[GVS] rx_pool: releasing superseded slot (81920 B host, retired at epoch 3, peer acked 0)
[GUSTO CFG] effective pool: slots=2 cap=2.1 MiB shadow=no total=4.1 MiB (no budget defined)
[GVS] rx_pool: releasing superseded slot (98304 B host, retired at epoch 4, peer acked 0)
[GVS] rx_pool: releasing superseded slot (98304 B host, retired at epoch 4, peer acked 0)
[GUSTO CFG] effective pool: slots=2 cap=2.1 MiB shadow=no total=4.1 MiB (no budget defined)
[GVS] rx_pool: releasing superseded slot (98304 B host, retired at epoch 4, peer acked 0)
[GVS] rx_pool: releasing superseded slot (98304 B host, retired at epoch 4, peer acked 0)
[GUSTO CFG] effective pool: slots=2 cap=2.1 MiB shadow=no total=4.1 MiB (no budget defined)
[GVS] rx_pool: releasing superseded slot (98304 B host, retired at epoch 4, peer acked 0)
[GVS] rx_pool: releasing superseded slot (98304 B host, retired at epoch 4, peer acked 0)
[GUSTO CFG] effective pool: slots=2 cap=4.1 MiB shadow=no total=8.1 MiB (no budget defined)
[GVS] rx_pool: releasing superseded slot (589824 B host, retired at epoch 5, peer acked 0)
[GVS] rx_pool: releasing superseded slot (589824 B host, retired at epoch 5, peer acked 0)
[GUSTO CFG] effective pool: slots=2 cap=4.1 MiB shadow=no total=8.1 MiB (no budget defined)
[GVS] rx_pool: releasing superseded slot (589824 B host, retired at epoch 5, peer acked 0)
[GVS] rx_pool: releasing superseded slot (589824 B host, retired at epoch 5, peer acked 0)
[GUSTO CFG] effective pool: slots=2 cap=4.1 MiB shadow=no total=8.1 MiB (no budget defined)
[GVS] rx_pool: releasing superseded slot (589824 B host, retired at epoch 5, peer acked 0)
[GVS] rx_pool: releasing superseded slot (589824 B host, retired at epoch 5, peer acked 0)
[GVS IDX] epoch 2 advertises server_idx=[1,2]
[GVS] rma_setup: epoch 2 arrived, 0/0 slots in flight -> install now
[GVS IDX] epoch 2 advertises server_idx=[1,2]
[GVS] rma_setup: epoch 2 arrived, 0/0 slots in flight -> install now
[GVS IDX] epoch 2 advertises server_idx=[1,2]
[GVS] rma_setup: epoch 2 arrived, 0/0 slots in flight -> install now
UCX control-plane connected: Connect (25.25.25.2:32222)
UCX control-plane connected: Connect (25.25.25.2:32222)
UCX control-plane connected: Connect (25.25.25.2:32222)
UCX control-plane connected: Connect (25.25.25.2:32222)
UCX control-plane connected: Connect (25.25.25.2:32222)
UCX control-plane connected: Connect (25.25.25.2:32222)
UCX control-plane connected: Connect (25.25.25.2:32222)
UCX control-plane connected: Connect (25.25.25.2:32222)
CSVROW,d2d_fidelity,handle,8,5,18,1,0,none,1824.175
INFO - Parsing endpoint config from: /opt/GVirtuS/etc/properties_ucx.json
INFO - Using properties file: /opt/GVirtuS/etc/properties_ucx.json
INFO - Parsing endpoint config from: /opt/GVirtuS/etc/properties_ucx.json
DEBUG: protocol string is [ucx]
DEBUG: protocol string is [ucx]DEBUG: protocol string is [
ucx]
DEBUG: protocol string is [ucx]
DEBUG: protocol string is [ucx]
DEBUG: protocol string is [ucx]
DEBUG: protocol string is [ucx]
DEBUG: protocol string is [ucx]
[GVS] GPUDirect=disabled (GVIRTUS_GPUDIRECT=1 but probe FAILED: cudaMalloc(4K) failed (no GPU? OOM?)) - falling back to host slots, behavior unchanged
[GVS] GPUDirect=disabled (GVIRTUS_GPUDIRECT=1 but probe FAILED: cudaMalloc(4K) failed (no GPU? OOM?)) - falling back to host slots, behavior unchanged
[GVS] GPUDirect=disabled (GVIRTUS_GPUDIRECT=1 but probe FAILED: cudaMalloc(4K) failed (no GPU? OOM?)) - falling back to host slots, behavior unchanged
[GVS] GPUDirect=disabled (GVIRTUS_GPUDIRECT=1 but probe FAILED: cudaMalloc(4K) failed (no GPU? OOM?)) - falling back to host slots, behavior unchanged
[GVS] GPUDirect=disabled (GVIRTUS_GPUDIRECT=1 but probe FAILED: cudaMalloc(4K) failed (no GPU? OOM?)) - falling back to host slots, behavior unchanged
[GVS] GPUDirect=disabled (GVIRTUS_GPUDIRECT=1 but probe FAILED: cudaMalloc(4K) failed (no GPU? OOM?)) - falling back to host slots, behavior unchanged
[GVS] GPUDirect=disabled (GVIRTUS_GPUDIRECT=1 but probe FAILED: cudaMalloc(4K) failed (no GPU? OOM?)) - falling back to host slots, behavior unchanged
[GVS] GPUDirect=disabled (GVIRTUS_GPUDIRECT=1 but probe FAILED: cudaMalloc(4K) failed (no GPU? OOM?)) - falling back to host slots, behavior unchanged
[GVS IDX] epoch 1 advertises server_idx=[]
[GVS] rma_setup: epoch 1 arrived, 0/0 slots in flight -> install now
[GUSTO CFG] effective pool: slots=2 cap=1.1 MiB shadow=no total=2.1 MiB (no budget defined)
[GVS IDX] epoch 1 advertises server_idx=[]
[GVS] rma_setup: epoch 1 arrived, 0/0 slots in flight -> install now
[GUSTO CFG] effective pool: slots=2 cap=1.1 MiB shadow=no total=2.1 MiB (no budget defined)
[GVS IDX] epoch 1 advertises server_idx=[]
[GVS] rma_setup: epoch 1 arrived, 0/0 slots in flight -> install now
[GVS IDX] epoch 1 advertises server_idx=[]
[GVS] rma_setup: epoch 1 arrived, 0/0 slots in flight -> install now
[GVS IDX] epoch 1 advertises server_idx=[]
[GVS] rma_setup: epoch 1 arrived, 0/0 slots in flight -> install now
[GVS IDX] epoch 1 advertises server_idx=[]
[GVS] rma_setup: epoch 1 arrived, 0/0 slots in flight -> install now
[GUSTO CFG] effective pool: slots=2 cap=1.1 MiB shadow=no total=2.1 MiB (no budget defined)
[GUSTO CFG] effective pool: slots=2 cap=1.1 MiB shadow=no total=2.1 MiB (no budget defined)
[GUSTO CFG] effective pool: slots=2 cap=1.1 MiB shadow=no total=2.1 MiB (no budget defined)
[GUSTO CFG] effective pool: slots=2 cap=1.1 MiB shadow=no total=2.1 MiB (no budget defined)
[GVS IDX] epoch 1 advertises server_idx=[]
[GVS] rma_setup: epoch 1 arrived, 0/0 slots in flight -> install now
[GUSTO CFG] effective pool: slots=2 cap=1.1 MiB shadow=no total=2.1 MiB (no budget defined)
[GVS IDX] epoch 1 advertises server_idx=[]
[GVS] rma_setup: epoch 1 arrived, 0/0 slots in flight -> install now
[GUSTO CFG] effective pool: slots=2 cap=1.1 MiB shadow=no total=2.1 MiB (no budget defined)
UCX control-plane connected: Connect (25.25.25.2:32222)
UCX control-plane connected: Connect (25.25.25.2:32222)
UCX control-plane connected: Connect (25.25.25.2:32222)
UCX control-plane connected: Connect (25.25.25.2:32222)
UCX control-plane connected: Connect (25.25.25.2:32222)
UCX control-plane connected: Connect (25.25.25.2:32222)
UCX control-plane connected: Connect (25.25.25.2:32222)
UCX control-plane connected: Connect (25.25.25.2:32222)
CSVROW,memset_ordered,handle,8,5,18,1,0,none,1469.029
INFO - Parsing endpoint config from: /opt/GVirtuS/etc/properties_ucx.json
INFO - Parsed endpoint suite: ucx
INFO - Parsing endpoint config from: /opt/GVirtuS/etc/properties_ucx.json
INFO - Parsed endpoint suite: ucx
INFO - Using properties file: /opt/GVirtuS/etc/properties_ucx.json
INFO - Parsing endpoint config from: /opt/GVirtuS/etc/properties_ucx.json
DEBUG: protocol string is [ucx]
DEBUG: protocol string is [ucx]
DEBUG: protocol string is [ucx]
DEBUG: protocol string is [ucx]
DEBUG: protocol string is [ucx]
DEBUG: protocol string is [ucx]
DEBUG: protocol string is [ucx]
DEBUG: protocol string is [ucx]
[GVS] GPUDirect=disabled (GVIRTUS_GPUDIRECT=1 but probe FAILED: cudaMalloc(4K) failed (no GPU? OOM?)) - falling back to host slots, behavior unchanged
[GVS] GPUDirect=disabled (GVIRTUS_GPUDIRECT=1 but probe FAILED: cudaMalloc(4K) failed (no GPU? OOM?)) - falling back to host slots, behavior unchanged
[GVS] GPUDirect=disabled (GVIRTUS_GPUDIRECT=1 but probe FAILED: cudaMalloc(4K) failed (no GPU? OOM?)) - falling back to host slots, behavior unchanged
[GVS] GPUDirect=disabled (GVIRTUS_GPUDIRECT=1 but probe FAILED: cudaMalloc(4K) failed (no GPU? OOM?)) - falling back to host slots, behavior unchanged
[GVS] GPUDirect=disabled (GVIRTUS_GPUDIRECT=1 but probe FAILED: cudaMalloc(4K) failed (no GPU? OOM?)) - falling back to host slots, behavior unchanged
[GVS] GPUDirect=disabled (GVIRTUS_GPUDIRECT=1 but probe FAILED: cudaMalloc(4K) failed (no GPU? OOM?)) - falling back to host slots, behavior unchanged
[GVS] GPUDirect=disabled (GVIRTUS_GPUDIRECT=1 but probe FAILED: cudaMalloc(4K) failed (no GPU? OOM?)) - falling back to host slots, behavior unchanged
[GVS] GPUDirect=disabled (GVIRTUS_GPUDIRECT=1 but probe FAILED: cudaMalloc(4K) failed (no GPU? OOM?)) - falling back to host slots, behavior unchanged
[GVS IDX] epoch 1 advertises server_idx=[]
[GVS] rma_setup: epoch 1 arrived, 0/0 slots in flight -> install now
[GVS IDX] epoch 1 advertises server_idx=[]
[GVS] rma_setup: epoch 1 arrived, 0/0 slots in flight -> install now
[GVS IDX] epoch 1 advertises server_idx=[]
[GVS] rma_setup: epoch 1 arrived, 0/0 slots in flight -> install now
[GVS IDX] epoch 1 advertises server_idx=[]
[GVS] rma_setup: epoch 1 arrived, 0/0 slots in flight -> install now
[GVS IDX] epoch 1 advertises server_idx=[]
[GVS] rma_setup: epoch 1 arrived, 0/0 slots in flight -> install now
[GVS IDX] epoch 1 advertises server_idx=[]
[GVS] rma_setup: epoch 1 arrived, 0/0 slots in flight -> install now
[GVS IDX] epoch 1 advertises server_idx=[]
[GVS] rma_setup: epoch 1 arrived, 0/0 slots in flight -> install now
[GVS IDX] epoch 1 advertises server_idx=[]
[GVS] rma_setup: epoch 1 arrived, 0/0 slots in flight -> install now
UCX control-plane connected: Connect (25.25.25.2:32222)
UCX control-plane connected: Connect (25.25.25.2:32222)
UCX control-plane connected: Connect (25.25.25.2:32222)
UCX control-plane connected: Connect (25.25.25.2:32222)
UCX control-plane connected: Connect (25.25.25.2:32222)
UCX control-plane connected: Connect (25.25.25.2:32222)
UCX control-plane connected: Connect (25.25.25.2:32222)
UCX control-plane connected: Connect (25.25.25.2:32222)
CSVROW,event_query,handle,8,5,10,1,0,none,1483.369
INFO - Parsed endpoint suite: ucx
INFO - Parsing endpoint config from: /opt/GVirtuS/etc/properties_ucx.json
INFO - Using properties file: /opt/GVirtuS/etc/properties_ucx.json
DEBUG: protocol string is [ucx]
DEBUG: protocol string is [ucx]
DEBUG: protocol string is [ucx]
DEBUG: protocol string is [ucx]
DEBUG: protocol string is [ucx]
DEBUG: protocol string is [ucx]
DEBUG: protocol string is [ucx]
DEBUG: protocol string is [ucx]
[GVS] GPUDirect=disabled (GVIRTUS_GPUDIRECT=1 but probe FAILED: cudaMalloc(4K) failed (no GPU? OOM?)) - falling back to host slots, behavior unchanged
[GVS] GPUDirect=disabled (GVIRTUS_GPUDIRECT=1 but probe FAILED: cudaMalloc(4K) failed (no GPU? OOM?)) - falling back to host slots, behavior unchanged
[GVS] GPUDirect=disabled (GVIRTUS_GPUDIRECT=1 but probe FAILED: cudaMalloc(4K) failed (no GPU? OOM?)) - falling back to host slots, behavior unchanged
[GVS] GPUDirect=disabled (GVIRTUS_GPUDIRECT=1 but probe FAILED: cudaMalloc(4K) failed (no GPU? OOM?)) - falling back to host slots, behavior unchanged
[GVS] GPUDirect=disabled (GVIRTUS_GPUDIRECT=1 but probe FAILED: cudaMalloc(4K) failed (no GPU? OOM?)) - falling back to host slots, behavior unchanged
[GVS] GPUDirect=disabled (GVIRTUS_GPUDIRECT=1 but probe FAILED: cudaMalloc(4K) failed (no GPU? OOM?)) - falling back to host slots, behavior unchanged
[GVS] GPUDirect=disabled (GVIRTUS_GPUDIRECT=1 but probe FAILED: cudaMalloc(4K) failed (no GPU? OOM?)) - falling back to host slots, behavior unchanged
[GVS] GPUDirect=disabled (GVIRTUS_GPUDIRECT=1 but probe FAILED: cudaMalloc(4K) failed (no GPU? OOM?)) - falling back to host slots, behavior unchanged
[GVS IDX] epoch 1 advertises server_idx=[]
[GVS] rma_setup: epoch 1 arrived, 0/0 slots in flight -> install now
[GVS IDX] epoch 1 advertises server_idx=[]
[GVS] rma_setup: epoch 1 arrived, 0/0 slots in flight -> install now
[GVS IDX] epoch 1 advertises server_idx=[]
[GVS] rma_setup: epoch 1 arrived, 0/0 slots in flight -> install now
[GVS IDX] epoch 1 advertises server_idx=[]
[GVS] rma_setup: epoch 1 arrived, 0/0 slots in flight -> install now
[GVS IDX] epoch 1 advertises server_idx=[]
[GVS] rma_setup: epoch 1 arrived, 0/0 slots in flight -> install now
[GVS IDX] epoch 1 advertises server_idx=[]
[GVS] rma_setup: epoch 1 arrived, 0/0 slots in flight -> install now
[GVS IDX] epoch 1 advertises server_idx=[]
[GVS] rma_setup: epoch 1 arrived, 0/0 slots in flight -> install now
[GVS IDX] epoch 1 advertises server_idx=[]
[GVS] rma_setup: epoch 1 arrived, 0/0 slots in flight -> install now
UCX control-plane connected: Connect (25.25.25.2:32222)
UCX control-plane connected: Connect (25.25.25.2:32222)
UCX control-plane connected: Connect (25.25.25.2:32222)
UCX control-plane connected: Connect (25.25.25.2:32222)
UCX control-plane connected: Connect (25.25.25.2:32222)
UCX control-plane connected: Connect (25.25.25.2:32222)
UCX control-plane connected: Connect (25.25.25.2:32222)
UCX control-plane connected: Connect (25.25.25.2:32222)
CSVROW,error_sticky,handle,8,5,18,1,0,none,1327.264
GUSTO_METRIC tag=periodic slots_total=0 peak_inflight=0 avg_inflight=0.000 peak_waiters=0 reservations=0 waited=0 wait_us_avg=0.00 admit_rma=0 admit_am=4 rma_pct=0.00 rma_fellback=0 decline_capacity=0 decline_timeout=0 decline_swap=0 decline_epfail=0 ack_sent=0 ack_gen_mismatch=0 ack_on_free=0 ack_applied=0 ack_held=0 ack_released=0 ack_epoch_dropped=0 parked=0
[GVS] rma teardown: acks dropped by epoch=0, advertisements parked=0
[GVS VIS] A1 teardown: policy=flush assumed=0 fences=0 flushes=368 declined=0 fence_failures=0
GUSTO_METRIC tag=teardown slots_total=0 peak_inflight=0 avg_inflight=0.000 peak_waiters=0 reservations=0 waited=0 wait_us_avg=0.00 admit_rma=0 admit_am=4 rma_pct=0.00 rma_fellback=0 decline_capacity=0 decline_timeout=0 decline_swap=0 decline_epfail=0 ack_sent=0 ack_gen_mismatch=0 ack_on_free=0 ack_applied=0 ack_held=0 ack_released=0 ack_epoch_dropped=0 parked=0
[GVS] rma cost: reservations=9 (waited 0) mean=0.13us | registration cache: hits=47 misses=113 (29.4%) | acks sent=0 mean=0.00us | acks con generacion desajustada=0
[GVS] rma teardown: acks dropped by epoch=0, advertisements parked=0
[GVS VIS] A1 teardown: policy=flush assumed=0 fences=0 flushes=368 declined=0 fence_failures=0
GUSTO_METRIC tag=teardown slots_total=2 peak_inflight=1 avg_inflight=0.150 peak_waiters=0 reservations=9 waited=0 wait_us_avg=0.13 admit_rma=9 admit_am=63 rma_pct=12.50 rma_fellback=7 decline_capacity=0 decline_timeout=0 decline_swap=0 decline_epfail=0 ack_sent=0 ack_gen_mismatch=0 ack_on_free=0 ack_applied=9 ack_held=0 ack_released=0 ack_epoch_dropped=0 parked=0
[GVS] rma cost: reservations=9 (waited 0) mean=0.16us | registration cache: hits=47 misses=113 (29.4%) | acks sent=0 mean=0.00us | acks con generacion desajustada=0
[GVS] rma teardown: acks dropped by epoch=0, advertisements parked=0
[GVS VIS] A1 teardown: policy=flush assumed=0 fences=0 flushes=368 declined=0 fence_failures=0
GUSTO_METRIC tag=teardown slots_total=2 peak_inflight=1 avg_inflight=0.161 peak_waiters=0 reservations=9 waited=0 wait_us_avg=0.16 admit_rma=9 admit_am=63 rma_pct=12.50 rma_fellback=7 decline_capacity=0 decline_timeout=0 decline_swap=0 decline_epfail=0 ack_sent=0 ack_gen_mismatch=0 ack_on_free=0 ack_applied=9 ack_held=0 ack_released=0 ack_epoch_dropped=0 parked=0
[GVS] rma cost: reservations=9 (waited 0) mean=0.14us | registration cache: hits=47 misses=113 (29.4%) | acks sent=0 mean=0.00us | acks con generacion desajustada=0
[GVS] rma teardown: acks dropped by epoch=0, advertisements parked=0
[GVS VIS] A1 teardown: policy=flush assumed=0 fences=0 flushes=368 declined=0 fence_failures=0
GUSTO_METRIC tag=teardown slots_total=2 peak_inflight=1 avg_inflight=0.146 peak_waiters=0 reservations=9 waited=0 wait_us_avg=0.14 admit_rma=9 admit_am=63 rma_pct=12.50 rma_fellback=7 decline_capacity=0 decline_timeout=0 decline_swap=0 decline_epfail=0 ack_sent=0 ack_gen_mismatch=0 ack_on_free=0 ack_applied=9 ack_held=0 ack_released=0 ack_epoch_dropped=0 parked=0
[GVS] rma cost: reservations=9 (waited 0) mean=0.14us | registration cache: hits=47 misses=113 (29.4%) | acks sent=0 mean=0.00us | acks con generacion desajustada=0
[GVS] rma teardown: acks dropped by epoch=0, advertisements parked=0
[GVS VIS] A1 teardown: policy=flush assumed=0 fences=0 flushes=368 declined=0 fence_failures=0
GUSTO_METRIC tag=teardown slots_total=2 peak_inflight=1 avg_inflight=0.214 peak_waiters=0 reservations=9 waited=0 wait_us_avg=0.14 admit_rma=9 admit_am=63 rma_pct=12.50 rma_fellback=7 decline_capacity=0 decline_timeout=0 decline_swap=0 decline_epfail=0 ack_sent=0 ack_gen_mismatch=0 ack_on_free=0 ack_applied=9 ack_held=0 ack_released=0 ack_epoch_dropped=0 parked=0
[GVS] rma cost: reservations=9 (waited 0) mean=0.11us | registration cache: hits=47 misses=113 (29.4%) | acks sent=0 mean=0.00us | acks con generacion desajustada=0
[GVS] rma teardown: acks dropped by epoch=0, advertisements parked=0
[GVS VIS] A1 teardown: policy=flush assumed=0 fences=0 flushes=368 declined=0 fence_failures=0
GUSTO_METRIC tag=teardown slots_total=2 peak_inflight=1 avg_inflight=0.242 peak_waiters=0 reservations=9 waited=0 wait_us_avg=0.11 admit_rma=9 admit_am=63 rma_pct=12.50 rma_fellback=7 decline_capacity=0 decline_timeout=0 decline_swap=0 decline_epfail=0 ack_sent=0 ack_gen_mismatch=0 ack_on_free=0 ack_applied=9 ack_held=0 ack_released=0 ack_epoch_dropped=0 parked=0
[GVS] rma cost: reservations=9 (waited 0) mean=0.14us | registration cache: hits=47 misses=113 (29.4%) | acks sent=0 mean=0.00us | acks con generacion desajustada=0
[GVS] rma teardown: acks dropped by epoch=0, advertisements parked=0
[GVS VIS] A1 teardown: policy=flush assumed=0 fences=0 flushes=368 declined=0 fence_failures=0
GUSTO_METRIC tag=teardown slots_total=2 peak_inflight=1 avg_inflight=0.319 peak_waiters=0 reservations=9 waited=0 wait_us_avg=0.14 admit_rma=9 admit_am=63 rma_pct=12.50 rma_fellback=7 decline_capacity=0 decline_timeout=0 decline_swap=0 decline_epfail=0 ack_sent=0 ack_gen_mismatch=0 ack_on_free=0 ack_applied=9 ack_held=0 ack_released=0 ack_epoch_dropped=0 parked=0
[GVS] rma cost: reservations=9 (waited 0) mean=0.15us | registration cache: hits=47 misses=113 (29.4%) | acks sent=0 mean=0.00us | acks con generacion desajustada=0
[GVS] rma teardown: acks dropped by epoch=0, advertisements parked=0
[GVS VIS] A1 teardown: policy=flush assumed=0 fences=0 flushes=368 declined=0 fence_failures=0
GUSTO_METRIC tag=teardown slots_total=2 peak_inflight=1 avg_inflight=0.210 peak_waiters=0 reservations=9 waited=0 wait_us_avg=0.15 admit_rma=9 admit_am=63 rma_pct=12.50 rma_fellback=7 decline_capacity=0 decline_timeout=0 decline_swap=0 decline_epfail=0 ack_sent=0 ack_gen_mismatch=0 ack_on_free=0 ack_applied=9 ack_held=0 ack_released=0 ack_epoch_dropped=0 parked=0
[GVS] rma cost: reservations=9 (waited 0) mean=0.11us | registration cache: hits=47 misses=113 (29.4%) | acks sent=0 mean=0.00us | acks con generacion desajustada=0
[GVS] rma teardown: acks dropped by epoch=0, advertisements parked=0
[GVS VIS] A1 teardown: policy=flush assumed=0 fences=0 flushes=368 declined=0 fence_failures=0
GUSTO_METRIC tag=teardown slots_total=2 peak_inflight=1 avg_inflight=0.096 peak_waiters=0 reservations=9 waited=0 wait_us_avg=0.11 admit_rma=9 admit_am=63 rma_pct=12.50 rma_fellback=7 decline_capacity=0 decline_timeout=0 decline_swap=0 decline_epfail=0 ack_sent=0 ack_gen_mismatch=0 ack_on_free=0 ack_applied=9 ack_held=0 ack_released=0 ack_epoch_dropped=0 parked=0
[GVS] rma cost: reservations=9 (waited 0) mean=0.11us | registration cache: hits=47 misses=113 (29.4%) | acks sent=0 mean=0.00us | acks con generacion desajustada=0
[GVS] rma teardown: acks dropped by epoch=0, advertisements parked=0
[GVS VIS] A1 teardown: policy=flush assumed=0 fences=0 flushes=368 declined=0 fence_failures=0
GUSTO_METRIC tag=teardown slots_total=2 peak_inflight=1 avg_inflight=0.111 peak_waiters=0 reservations=9 waited=0 wait_us_avg=0.11 admit_rma=9 admit_am=63 rma_pct=12.50 rma_fellback=7 decline_capacity=0 decline_timeout=0 decline_swap=0 decline_epfail=0 ack_sent=0 ack_gen_mismatch=0 ack_on_free=0 ack_applied=9 ack_held=0 ack_released=0 ack_epoch_dropped=0 parked=0
[GVS] rma cost: reservations=9 (waited 0) mean=0.14us | registration cache: hits=47 misses=113 (29.4%) | acks sent=0 mean=0.00us | acks con generacion desajustada=0
[GVS] rma teardown: acks dropped by epoch=0, advertisements parked=0
[GVS VIS] A1 teardown: policy=flush assumed=0 fences=0 flushes=368 declined=0 fence_failures=0
GUSTO_METRIC tag=teardown slots_total=2 peak_inflight=1 avg_inflight=0.109 peak_waiters=0 reservations=9 waited=0 wait_us_avg=0.14 admit_rma=9 admit_am=63 rma_pct=12.50 rma_fellback=7 decline_capacity=0 decline_timeout=0 decline_swap=0 decline_epfail=0 ack_sent=0 ack_gen_mismatch=0 ack_on_free=0 ack_applied=9 ack_held=0 ack_released=0 ack_epoch_dropped=0 parked=0
[GVS] rma cost: reservations=9 (waited 0) mean=0.14us | registration cache: hits=47 misses=113 (29.4%) | acks sent=0 mean=0.00us | acks con generacion desajustada=0
[GVS] rma teardown: acks dropped by epoch=0, advertisements parked=0
[GVS VIS] A1 teardown: policy=flush assumed=0 fences=0 flushes=368 declined=0 fence_failures=0
GUSTO_METRIC tag=teardown slots_total=2 peak_inflight=1 avg_inflight=0.223 peak_waiters=0 reservations=9 waited=0 wait_us_avg=0.14 admit_rma=9 admit_am=63 rma_pct=12.50 rma_fellback=7 decline_capacity=0 decline_timeout=0 decline_swap=0 decline_epfail=0 ack_sent=0 ack_gen_mismatch=0 ack_on_free=0 ack_applied=9 ack_held=0 ack_released=0 ack_epoch_dropped=0 parked=0
[GVS] rma cost: reservations=9 (waited 0) mean=0.11us | registration cache: hits=47 misses=113 (29.4%) | acks sent=0 mean=0.00us | acks con generacion desajustada=0
[GVS] rma teardown: acks dropped by epoch=0, advertisements parked=0
[GVS VIS] A1 teardown: policy=flush assumed=0 fences=0 flushes=368 declined=0 fence_failures=0
GUSTO_METRIC tag=teardown slots_total=2 peak_inflight=1 avg_inflight=0.144 peak_waiters=0 reservations=9 waited=0 wait_us_avg=0.11 admit_rma=9 admit_am=63 rma_pct=12.50 rma_fellback=7 decline_capacity=0 decline_timeout=0 decline_swap=0 decline_epfail=0 ack_sent=0 ack_gen_mismatch=0 ack_on_free=0 ack_applied=9 ack_held=0 ack_released=0 ack_epoch_dropped=0 parked=0
[GVS] rma cost: reservations=9 (waited 0) mean=0.14us | registration cache: hits=47 misses=113 (29.4%) | acks sent=0 mean=0.00us | acks con generacion desajustada=0
[GVS] rma teardown: acks dropped by epoch=0, advertisements parked=0
[GVS VIS] A1 teardown: policy=flush assumed=0 fences=0 flushes=368 declined=0 fence_failures=0
GUSTO_METRIC tag=teardown slots_total=2 peak_inflight=1 avg_inflight=0.137 peak_waiters=0 reservations=9 waited=0 wait_us_avg=0.14 admit_rma=9 admit_am=63 rma_pct=12.50 rma_fellback=7 decline_capacity=0 decline_timeout=0 decline_swap=0 decline_epfail=0 ack_sent=0 ack_gen_mismatch=0 ack_on_free=0 ack_applied=9 ack_held=0 ack_released=0 ack_epoch_dropped=0 parked=0
[GVS] rma cost: reservations=9 (waited 0) mean=0.13us | registration cache: hits=47 misses=113 (29.4%) | acks sent=0 mean=0.00us | acks con generacion desajustada=0
[GVS] rma teardown: acks dropped by epoch=0, advertisements parked=0
[GVS VIS] A1 teardown: policy=flush assumed=0 fences=0 flushes=368 declined=0 fence_failures=0
GUSTO_METRIC tag=teardown slots_total=2 peak_inflight=1 avg_inflight=0.709 peak_waiters=0 reservations=9 waited=0 wait_us_avg=0.13 admit_rma=9 admit_am=63 rma_pct=12.50 rma_fellback=7 decline_capacity=0 decline_timeout=0 decline_swap=0 decline_epfail=0 ack_sent=0 ack_gen_mismatch=0 ack_on_free=0 ack_applied=9 ack_held=0 ack_released=0 ack_epoch_dropped=0 parked=0
[GVS] rma cost: reservations=9 (waited 0) mean=0.11us | registration cache: hits=47 misses=113 (29.4%) | acks sent=0 mean=0.00us | acks con generacion desajustada=0
[GVS] rma teardown: acks dropped by epoch=0, advertisements parked=0
[GVS VIS] A1 teardown: policy=flush assumed=0 fences=0 flushes=368 declined=0 fence_failures=0
GUSTO_METRIC tag=teardown slots_total=2 peak_inflight=1 avg_inflight=0.123 peak_waiters=0 reservations=9 waited=0 wait_us_avg=0.11 admit_rma=9 admit_am=63 rma_pct=12.50 rma_fellback=7 decline_capacity=0 decline_timeout=0 decline_swap=0 decline_epfail=0 ack_sent=0 ack_gen_mismatch=0 ack_on_free=0 ack_applied=9 ack_held=0 ack_released=0 ack_epoch_dropped=0 parked=0
[GVS] rma cost: reservations=9 (waited 0) mean=0.11us | registration cache: hits=47 misses=113 (29.4%) | acks sent=0 mean=0.00us | acks con generacion desajustada=0
[GVS] rma teardown: acks dropped by epoch=0, advertisements parked=0
[GVS VIS] A1 teardown: policy=flush assumed=0 fences=0 flushes=368 declined=0 fence_failures=0
GUSTO_METRIC tag=teardown slots_total=2 peak_inflight=1 avg_inflight=0.231 peak_waiters=0 reservations=9 waited=0 wait_us_avg=0.11 admit_rma=9 admit_am=63 rma_pct=12.50 rma_fellback=7 decline_capacity=0 decline_timeout=0 decline_swap=0 decline_epfail=0 ack_sent=0 ack_gen_mismatch=0 ack_on_free=0 ack_applied=9 ack_held=0 ack_released=0 ack_epoch_dropped=0 parked=0
[GVS] rma cost: reservations=19 (waited 0) mean=0.10us | registration cache: hits=47 misses=113 (29.4%) | acks sent=0 mean=0.00us | acks con generacion desajustada=0
[GVS] rma teardown: acks dropped by epoch=0, advertisements parked=0
[GVS VIS] A1 teardown: policy=flush assumed=0 fences=0 flushes=368 declined=0 fence_failures=0
GUSTO_METRIC tag=teardown slots_total=2 peak_inflight=1 avg_inflight=0.092 peak_waiters=0 reservations=19 waited=0 wait_us_avg=0.10 admit_rma=19 admit_am=107 rma_pct=15.08 rma_fellback=13 decline_capacity=0 decline_timeout=0 decline_swap=0 decline_epfail=0 ack_sent=0 ack_gen_mismatch=0 ack_on_free=0 ack_applied=19 ack_held=0 ack_released=0 ack_epoch_dropped=0 parked=0
[GVS] rma cost: reservations=19 (waited 0) mean=0.12us | registration cache: hits=47 misses=113 (29.4%) | acks sent=0 mean=0.00us | acks con generacion desajustada=0
[GVS] rma teardown: acks dropped by epoch=0, advertisements parked=0
[GVS VIS] A1 teardown: policy=flush assumed=0 fences=0 flushes=368 declined=0 fence_failures=0
GUSTO_METRIC tag=teardown slots_total=2 peak_inflight=1 avg_inflight=0.403 peak_waiters=0 reservations=19 waited=0 wait_us_avg=0.12 admit_rma=19 admit_am=107 rma_pct=15.08 rma_fellback=13 decline_capacity=0 decline_timeout=0 decline_swap=0 decline_epfail=0 ack_sent=0 ack_gen_mismatch=0 ack_on_free=0 ack_applied=19 ack_held=0 ack_released=0 ack_epoch_dropped=0 parked=0
[GVS] rma cost: reservations=19 (waited 0) mean=0.12us | registration cache: hits=47 misses=113 (29.4%) | acks sent=0 mean=0.00us | acks con generacion desajustada=0
[GVS] rma teardown: acks dropped by epoch=0, advertisements parked=0
[GVS VIS] A1 teardown: policy=flush assumed=0 fences=0 flushes=368 declined=0 fence_failures=0
GUSTO_METRIC tag=teardown slots_total=2 peak_inflight=1 avg_inflight=0.140 peak_waiters=0 reservations=19 waited=0 wait_us_avg=0.12 admit_rma=19 admit_am=107 rma_pct=15.08 rma_fellback=13 decline_capacity=0 decline_timeout=0 decline_swap=0 decline_epfail=0 ack_sent=0 ack_gen_mismatch=0 ack_on_free=0 ack_applied=19 ack_held=0 ack_released=0 ack_epoch_dropped=0 parked=0
[GVS] rma cost: reservations=19 (waited 0) mean=0.09us | registration cache: hits=47 misses=113 (29.4%) | acks sent=0 mean=0.00us | acks con generacion desajustada=0
[GVS] rma teardown: acks dropped by epoch=0, advertisements parked=0
[GVS VIS] A1 teardown: policy=flush assumed=0 fences=0 flushes=368 declined=0 fence_failures=0
GUSTO_METRIC tag=teardown slots_total=2 peak_inflight=1 avg_inflight=0.161 peak_waiters=0 reservations=19 waited=0 wait_us_avg=0.09 admit_rma=19 admit_am=107 rma_pct=15.08 rma_fellback=13 decline_capacity=0 decline_timeout=0 decline_swap=0 decline_epfail=0 ack_sent=0 ack_gen_mismatch=0 ack_on_free=0 ack_applied=19 ack_held=0 ack_released=0 ack_epoch_dropped=0 parked=0
[GVS] rma cost: reservations=19 (waited 0) mean=0.12us | registration cache: hits=47 misses=113 (29.4%) | acks sent=0 mean=0.00us | acks con generacion desajustada=0
[GVS] rma teardown: acks dropped by epoch=0, advertisements parked=0
[GVS VIS] A1 teardown: policy=flush assumed=0 fences=0 flushes=368 declined=0 fence_failures=0
GUSTO_METRIC tag=teardown slots_total=2 peak_inflight=1 avg_inflight=0.196 peak_waiters=0 reservations=19 waited=0 wait_us_avg=0.12 admit_rma=19 admit_am=107 rma_pct=15.08 rma_fellback=13 decline_capacity=0 decline_timeout=0 decline_swap=0 decline_epfail=0 ack_sent=0 ack_gen_mismatch=0 ack_on_free=0 ack_applied=19 ack_held=0 ack_released=0 ack_epoch_dropped=0 parked=0
[GVS] rma cost: reservations=19 (waited 0) mean=0.11us | registration cache: hits=47 misses=113 (29.4%) | acks sent=0 mean=0.00us | acks con generacion desajustada=0
[GVS] rma teardown: acks dropped by epoch=0, advertisements parked=0
[GVS VIS] A1 teardown: policy=flush assumed=0 fences=0 flushes=368 declined=0 fence_failures=0
GUSTO_METRIC tag=teardown slots_total=2 peak_inflight=1 avg_inflight=0.694 peak_waiters=0 reservations=19 waited=0 wait_us_avg=0.11 admit_rma=19 admit_am=107 rma_pct=15.08 rma_fellback=13 decline_capacity=0 decline_timeout=0 decline_swap=0 decline_epfail=0 ack_sent=0 ack_gen_mismatch=0 ack_on_free=0 ack_applied=19 ack_held=0 ack_released=0 ack_epoch_dropped=0 parked=0
[GVS] rma cost: reservations=19 (waited 0) mean=0.17us | registration cache: hits=47 misses=113 (29.4%) | acks sent=0 mean=0.00us | acks con generacion desajustada=0
[GVS] rma teardown: acks dropped by epoch=0, advertisements parked=0
[GVS VIS] A1 teardown: policy=flush assumed=0 fences=0 flushes=368 declined=0 fence_failures=0
GUSTO_METRIC tag=teardown slots_total=2 peak_inflight=1 avg_inflight=0.073 peak_waiters=0 reservations=19 waited=0 wait_us_avg=0.17 admit_rma=19 admit_am=107 rma_pct=15.08 rma_fellback=13 decline_capacity=0 decline_timeout=0 decline_swap=0 decline_epfail=0 ack_sent=0 ack_gen_mismatch=0 ack_on_free=0 ack_applied=19 ack_held=0 ack_released=0 ack_epoch_dropped=0 parked=0
[GVS] rma cost: reservations=19 (waited 0) mean=0.13us | registration cache: hits=47 misses=113 (29.4%) | acks sent=0 mean=0.00us | acks con generacion desajustada=0
[GVS] rma teardown: acks dropped by epoch=0, advertisements parked=0
[GVS VIS] A1 teardown: policy=flush assumed=0 fences=0 flushes=368 declined=0 fence_failures=0
GUSTO_METRIC tag=teardown slots_total=2 peak_inflight=1 avg_inflight=0.670 peak_waiters=0 reservations=19 waited=0 wait_us_avg=0.13 admit_rma=19 admit_am=107 rma_pct=15.08 rma_fellback=13 decline_capacity=0 decline_timeout=0 decline_swap=0 decline_epfail=0 ack_sent=0 ack_gen_mismatch=0 ack_on_free=0 ack_applied=19 ack_held=0 ack_released=0 ack_epoch_dropped=0 parked=0
[GVS] rma cost: reservations=9 (waited 0) mean=0.16us | registration cache: hits=47 misses=113 (29.4%) | acks sent=0 mean=0.00us | acks con generacion desajustada=0
[GVS] rma teardown: acks dropped by epoch=0, advertisements parked=0
[GVS VIS] A1 teardown: policy=flush assumed=0 fences=0 flushes=368 declined=0 fence_failures=0
GUSTO_METRIC tag=teardown slots_total=2 peak_inflight=1 avg_inflight=0.089 peak_waiters=0 reservations=9 waited=0 wait_us_avg=0.16 admit_rma=9 admit_am=117 rma_pct=7.14 rma_fellback=7 decline_capacity=0 decline_timeout=0 decline_swap=0 decline_epfail=0 ack_sent=0 ack_gen_mismatch=0 ack_on_free=0 ack_applied=9 ack_held=0 ack_released=0 ack_epoch_dropped=0 parked=0
[GVS] rma cost: reservations=9 (waited 0) mean=0.15us | registration cache: hits=47 misses=113 (29.4%) | acks sent=0 mean=0.00us | acks con generacion desajustada=0
[GVS] rma teardown: acks dropped by epoch=0, advertisements parked=0
[GVS VIS] A1 teardown: policy=flush assumed=0 fences=0 flushes=368 declined=0 fence_failures=0
GUSTO_METRIC tag=teardown slots_total=2 peak_inflight=1 avg_inflight=0.872 peak_waiters=0 reservations=9 waited=0 wait_us_avg=0.15 admit_rma=9 admit_am=117 rma_pct=7.14 rma_fellback=7 decline_capacity=0 decline_timeout=0 decline_swap=0 decline_epfail=0 ack_sent=0 ack_gen_mismatch=0 ack_on_free=0 ack_applied=9 ack_held=0 ack_released=0 ack_epoch_dropped=0 parked=0
[GVS] rma cost: reservations=9 (waited 0) mean=0.13us | registration cache: hits=47 misses=113 (29.4%) | acks sent=0 mean=0.00us | acks con generacion desajustada=0
[GVS] rma teardown: acks dropped by epoch=0, advertisements parked=0
[GVS VIS] A1 teardown: policy=flush assumed=0 fences=0 flushes=368 declined=0 fence_failures=0
GUSTO_METRIC tag=teardown slots_total=2 peak_inflight=1 avg_inflight=0.102 peak_waiters=0 reservations=9 waited=0 wait_us_avg=0.13 admit_rma=9 admit_am=117 rma_pct=7.14 rma_fellback=7 decline_capacity=0 decline_timeout=0 decline_swap=0 decline_epfail=0 ack_sent=0 ack_gen_mismatch=0 ack_on_free=0 ack_applied=9 ack_held=0 ack_released=0 ack_epoch_dropped=0 parked=0
[GVS] rma cost: reservations=9 (waited 0) mean=0.12us | registration cache: hits=47 misses=113 (29.4%) | acks sent=0 mean=0.00us | acks con generacion desajustada=0
[GVS] rma teardown: acks dropped by epoch=0, advertisements parked=0
[GVS VIS] A1 teardown: policy=flush assumed=0 fences=0 flushes=368 declined=0 fence_failures=0
GUSTO_METRIC tag=teardown slots_total=2 peak_inflight=1 avg_inflight=0.208 peak_waiters=0 reservations=9 waited=0 wait_us_avg=0.12 admit_rma=9 admit_am=117 rma_pct=7.14 rma_fellback=7 decline_capacity=0 decline_timeout=0 decline_swap=0 decline_epfail=0 ack_sent=0 ack_gen_mismatch=0 ack_on_free=0 ack_applied=9 ack_held=0 ack_released=0 ack_epoch_dropped=0 parked=0
[GVS] rma cost: reservations=9 (waited 0) mean=0.16us | registration cache: hits=47 misses=113 (29.4%) | acks sent=0 mean=0.00us | acks con generacion desajustada=0
[GVS] rma teardown: acks dropped by epoch=0, advertisements parked=0
[GVS VIS] A1 teardown: policy=flush assumed=0 fences=0 flushes=368 declined=0 fence_failures=0
GUSTO_METRIC tag=teardown slots_total=2 peak_inflight=1 avg_inflight=0.247 peak_waiters=0 reservations=9 waited=0 wait_us_avg=0.16 admit_rma=9 admit_am=117 rma_pct=7.14 rma_fellback=7 decline_capacity=0 decline_timeout=0 decline_swap=0 decline_epfail=0 ack_sent=0 ack_gen_mismatch=0 ack_on_free=0 ack_applied=9 ack_held=0 ack_released=0 ack_epoch_dropped=0 parked=0
[GVS] rma cost: reservations=9 (waited 0) mean=0.11us | registration cache: hits=47 misses=113 (29.4%) | acks sent=0 mean=0.00us | acks con generacion desajustada=0
[GVS] rma teardown: acks dropped by epoch=0, advertisements parked=0
[GVS VIS] A1 teardown: policy=flush assumed=0 fences=0 flushes=368 declined=0 fence_failures=0
GUSTO_METRIC tag=teardown slots_total=2 peak_inflight=1 avg_inflight=0.099 peak_waiters=0 reservations=9 waited=0 wait_us_avg=0.11 admit_rma=9 admit_am=117 rma_pct=7.14 rma_fellback=7 decline_capacity=0 decline_timeout=0 decline_swap=0 decline_epfail=0 ack_sent=0 ack_gen_mismatch=0 ack_on_free=0 ack_applied=9 ack_held=0 ack_released=0 ack_epoch_dropped=0 parked=0
[GVS] rma cost: reservations=9 (waited 0) mean=0.12us | registration cache: hits=47 misses=113 (29.4%) | acks sent=0 mean=0.00us | acks con generacion desajustada=0
[GVS] rma teardown: acks dropped by epoch=0, advertisements parked=0
[GVS VIS] A1 teardown: policy=flush assumed=0 fences=0 flushes=368 declined=0 fence_failures=0
GUSTO_METRIC tag=teardown slots_total=2 peak_inflight=1 avg_inflight=0.112 peak_waiters=0 reservations=9 waited=0 wait_us_avg=0.12 admit_rma=9 admit_am=117 rma_pct=7.14 rma_fellback=7 decline_capacity=0 decline_timeout=0 decline_swap=0 decline_epfail=0 ack_sent=0 ack_gen_mismatch=0 ack_on_free=0 ack_applied=9 ack_held=0 ack_released=0 ack_epoch_dropped=0 parked=0
[GVS] rma cost: reservations=9 (waited 0) mean=0.13us | registration cache: hits=47 misses=113 (29.4%) | acks sent=0 mean=0.00us | acks con generacion desajustada=0
[GVS] rma teardown: acks dropped by epoch=0, advertisements parked=0
[GVS VIS] A1 teardown: policy=flush assumed=0 fences=0 flushes=368 declined=0 fence_failures=0
GUSTO_METRIC tag=teardown slots_total=2 peak_inflight=1 avg_inflight=0.231 peak_waiters=0 reservations=9 waited=0 wait_us_avg=0.13 admit_rma=9 admit_am=117 rma_pct=7.14 rma_fellback=7 decline_capacity=0 decline_timeout=0 decline_swap=0 decline_epfail=0 ack_sent=0 ack_gen_mismatch=0 ack_on_free=0 ack_applied=9 ack_held=0 ack_released=0 ack_epoch_dropped=0 parked=0
[GVS] rma teardown: acks dropped by epoch=0, advertisements parked=0
[GVS VIS] A1 teardown: policy=flush assumed=0 fences=0 flushes=368 declined=0 fence_failures=0
GUSTO_METRIC tag=teardown slots_total=0 peak_inflight=0 avg_inflight=0.000 peak_waiters=0 reservations=0 waited=0 wait_us_avg=0.00 admit_rma=0 admit_am=144 rma_pct=0.00 rma_fellback=0 decline_capacity=0 decline_timeout=0 decline_swap=0 decline_epfail=0 ack_sent=0 ack_gen_mismatch=0 ack_on_free=0 ack_applied=0 ack_held=0 ack_released=0 ack_epoch_dropped=0 parked=0
[GVS] rma teardown: acks dropped by epoch=0, advertisements parked=0
[GVS VIS] A1 teardown: policy=flush assumed=0 fences=0 flushes=368 declined=0 fence_failures=0
GUSTO_METRIC tag=teardown slots_total=0 peak_inflight=0 avg_inflight=0.000 peak_waiters=0 reservations=0 waited=0 wait_us_avg=0.00 admit_rma=0 admit_am=144 rma_pct=0.00 rma_fellback=0 decline_capacity=0 decline_timeout=0 decline_swap=0 decline_epfail=0 ack_sent=0 ack_gen_mismatch=0 ack_on_free=0 ack_applied=0 ack_held=0 ack_released=0 ack_epoch_dropped=0 parked=0
[GVS] rma teardown: acks dropped by epoch=0, advertisements parked=0
[GVS VIS] A1 teardown: policy=flush assumed=0 fences=0 flushes=368 declined=0 fence_failures=0
GUSTO_METRIC tag=teardown slots_total=0 peak_inflight=0 avg_inflight=0.000 peak_waiters=0 reservations=0 waited=0 wait_us_avg=0.00 admit_rma=0 admit_am=144 rma_pct=0.00 rma_fellback=0 decline_capacity=0 decline_timeout=0 decline_swap=0 decline_epfail=0 ack_sent=0 ack_gen_mismatch=0 ack_on_free=0 ack_applied=0 ack_held=0 ack_released=0 ack_epoch_dropped=0 parked=0
[GVS] rma teardown: acks dropped by epoch=0, advertisements parked=0
[GVS VIS] A1 teardown: policy=flush assumed=0 fences=0 flushes=368 declined=0 fence_failures=0
GUSTO_METRIC tag=teardown slots_total=0 peak_inflight=0 avg_inflight=0.000 peak_waiters=0 reservations=0 waited=0 wait_us_avg=0.00 admit_rma=0 admit_am=144 rma_pct=0.00 rma_fellback=0 decline_capacity=0 decline_timeout=0 decline_swap=0 decline_epfail=0 ack_sent=0 ack_gen_mismatch=0 ack_on_free=0 ack_applied=0 ack_held=0 ack_released=0 ack_epoch_dropped=0 parked=0
[GVS] rma teardown: acks dropped by epoch=0, advertisements parked=0
[GVS VIS] A1 teardown: policy=flush assumed=0 fences=0 flushes=368 declined=0 fence_failures=0
GUSTO_METRIC tag=teardown slots_total=0 peak_inflight=0 avg_inflight=0.000 peak_waiters=0 reservations=0 waited=0 wait_us_avg=0.00 admit_rma=0 admit_am=144 rma_pct=0.00 rma_fellback=0 decline_capacity=0 decline_timeout=0 decline_swap=0 decline_epfail=0 ack_sent=0 ack_gen_mismatch=0 ack_on_free=0 ack_applied=0 ack_held=0 ack_released=0 ack_epoch_dropped=0 parked=0
[GVS] rma teardown: acks dropped by epoch=0, advertisements parked=0
[GVS VIS] A1 teardown: policy=flush assumed=0 fences=0 flushes=368 declined=0 fence_failures=0
GUSTO_METRIC tag=teardown slots_total=0 peak_inflight=0 avg_inflight=0.000 peak_waiters=0 reservations=0 waited=0 wait_us_avg=0.00 admit_rma=0 admit_am=144 rma_pct=0.00 rma_fellback=0 decline_capacity=0 decline_timeout=0 decline_swap=0 decline_epfail=0 ack_sent=0 ack_gen_mismatch=0 ack_on_free=0 ack_applied=0 ack_held=0 ack_released=0 ack_epoch_dropped=0 parked=0
[GVS] rma teardown: acks dropped by epoch=0, advertisements parked=0
[GVS VIS] A1 teardown: policy=flush assumed=0 fences=0 flushes=368 declined=0 fence_failures=0
GUSTO_METRIC tag=teardown slots_total=0 peak_inflight=0 avg_inflight=0.000 peak_waiters=0 reservations=0 waited=0 wait_us_avg=0.00 admit_rma=0 admit_am=144 rma_pct=0.00 rma_fellback=0 decline_capacity=0 decline_timeout=0 decline_swap=0 decline_epfail=0 ack_sent=0 ack_gen_mismatch=0 ack_on_free=0 ack_applied=0 ack_held=0 ack_released=0 ack_epoch_dropped=0 parked=0
[GVS] rma teardown: acks dropped by epoch=0, advertisements parked=0
[GVS VIS] A1 teardown: policy=flush assumed=0 fences=0 flushes=368 declined=0 fence_failures=0
GUSTO_METRIC tag=teardown slots_total=0 peak_inflight=0 avg_inflight=0.000 peak_waiters=0 reservations=0 waited=0 wait_us_avg=0.00 admit_rma=0 admit_am=144 rma_pct=0.00 rma_fellback=0 decline_capacity=0 decline_timeout=0 decline_swap=0 decline_epfail=0 ack_sent=0 ack_gen_mismatch=0 ack_on_free=0 ack_applied=0 ack_held=0 ack_released=0 ack_epoch_dropped=0 parked=0
[GVS] rma teardown: acks dropped by epoch=0, advertisements parked=0
[GVS VIS] A1 teardown: policy=flush assumed=0 fences=0 flushes=368 declined=0 fence_failures=0
GUSTO_METRIC tag=teardown slots_total=0 peak_inflight=0 avg_inflight=0.000 peak_waiters=0 reservations=0 waited=0 wait_us_avg=0.00 admit_rma=0 admit_am=540 rma_pct=0.00 rma_fellback=0 decline_capacity=0 decline_timeout=0 decline_swap=0 decline_epfail=0 ack_sent=0 ack_gen_mismatch=0 ack_on_free=0 ack_applied=0 ack_held=0 ack_released=0 ack_epoch_dropped=0 parked=0
[GVS] rma teardown: acks dropped by epoch=0, advertisements parked=0
[GVS VIS] A1 teardown: policy=flush assumed=0 fences=0 flushes=368 declined=0 fence_failures=0
GUSTO_METRIC tag=teardown slots_total=0 peak_inflight=0 avg_inflight=0.000 peak_waiters=0 reservations=0 waited=0 wait_us_avg=0.00 admit_rma=0 admit_am=540 rma_pct=0.00 rma_fellback=0 decline_capacity=0 decline_timeout=0 decline_swap=0 decline_epfail=0 ack_sent=0 ack_gen_mismatch=0 ack_on_free=0 ack_applied=0 ack_held=0 ack_released=0 ack_epoch_dropped=0 parked=0
[GVS] rma teardown: acks dropped by epoch=0, advertisements parked=0
[GVS VIS] A1 teardown: policy=flush assumed=0 fences=0 flushes=368 declined=0 fence_failures=0
GUSTO_METRIC tag=teardown slots_total=0 peak_inflight=0 avg_inflight=0.000 peak_waiters=0 reservations=0 waited=0 wait_us_avg=0.00 admit_rma=0 admit_am=540 rma_pct=0.00 rma_fellback=0 decline_capacity=0 decline_timeout=0 decline_swap=0 decline_epfail=0 ack_sent=0 ack_gen_mismatch=0 ack_on_free=0 ack_applied=0 ack_held=0 ack_released=0 ack_epoch_dropped=0 parked=0
[GVS] rma teardown: acks dropped by epoch=0, advertisements parked=0
[GVS VIS] A1 teardown: policy=flush assumed=0 fences=0 flushes=368 declined=0 fence_failures=0
GUSTO_METRIC tag=teardown slots_total=0 peak_inflight=0 avg_inflight=0.000 peak_waiters=0 reservations=0 waited=0 wait_us_avg=0.00 admit_rma=0 admit_am=540 rma_pct=0.00 rma_fellback=0 decline_capacity=0 decline_timeout=0 decline_swap=0 decline_epfail=0 ack_sent=0 ack_gen_mismatch=0 ack_on_free=0 ack_applied=0 ack_held=0 ack_released=0 ack_epoch_dropped=0 parked=0
[GVS] rma teardown: acks dropped by epoch=0, advertisements parked=0
[GVS VIS] A1 teardown: policy=flush assumed=0 fences=0 flushes=368 declined=0 fence_failures=0
GUSTO_METRIC tag=teardown slots_total=0 peak_inflight=0 avg_inflight=0.000 peak_waiters=0 reservations=0 waited=0 wait_us_avg=0.00 admit_rma=0 admit_am=540 rma_pct=0.00 rma_fellback=0 decline_capacity=0 decline_timeout=0 decline_swap=0 decline_epfail=0 ack_sent=0 ack_gen_mismatch=0 ack_on_free=0 ack_applied=0 ack_held=0 ack_released=0 ack_epoch_dropped=0 parked=0
[GVS] rma teardown: acks dropped by epoch=0, advertisements parked=0
[GVS VIS] A1 teardown: policy=flush assumed=0 fences=0 flushes=368 declined=0 fence_failures=0
GUSTO_METRIC tag=teardown slots_total=0 peak_inflight=0 avg_inflight=0.000 peak_waiters=0 reservations=0 waited=0 wait_us_avg=0.00 admit_rma=0 admit_am=540 rma_pct=0.00 rma_fellback=0 decline_capacity=0 decline_timeout=0 decline_swap=0 decline_epfail=0 ack_sent=0 ack_gen_mismatch=0 ack_on_free=0 ack_applied=0 ack_held=0 ack_released=0 ack_epoch_dropped=0 parked=0
[GVS] rma teardown: acks dropped by epoch=0, advertisements parked=0
[GVS VIS] A1 teardown: policy=flush assumed=0 fences=0 flushes=368 declined=0 fence_failures=0
GUSTO_METRIC tag=teardown slots_total=0 peak_inflight=0 avg_inflight=0.000 peak_waiters=0 reservations=0 waited=0 wait_us_avg=0.00 admit_rma=0 admit_am=540 rma_pct=0.00 rma_fellback=0 decline_capacity=0 decline_timeout=0 decline_swap=0 decline_epfail=0 ack_sent=0 ack_gen_mismatch=0 ack_on_free=0 ack_applied=0 ack_held=0 ack_released=0 ack_epoch_dropped=0 parked=0
[GVS] rma teardown: acks dropped by epoch=0, advertisements parked=0
[GVS VIS] A1 teardown: policy=flush assumed=0 fences=0 flushes=368 declined=0 fence_failures=0
GUSTO_METRIC tag=teardown slots_total=0 peak_inflight=0 avg_inflight=0.000 peak_waiters=0 reservations=0 waited=0 wait_us_avg=0.00 admit_rma=0 admit_am=540 rma_pct=0.00 rma_fellback=0 decline_capacity=0 decline_timeout=0 decline_swap=0 decline_epfail=0 ack_sent=0 ack_gen_mismatch=0 ack_on_free=0 ack_applied=0 ack_held=0 ack_released=0 ack_epoch_dropped=0 parked=0
[GVS] rma teardown: acks dropped by epoch=0, advertisements parked=0
[GVS VIS] A1 teardown: policy=flush assumed=0 fences=0 flushes=368 declined=0 fence_failures=0
GUSTO_METRIC tag=teardown slots_total=0 peak_inflight=0 avg_inflight=0.000 peak_waiters=0 reservations=0 waited=0 wait_us_avg=0.00 admit_rma=0 admit_am=18 rma_pct=0.00 rma_fellback=0 decline_capacity=0 decline_timeout=0 decline_swap=0 decline_epfail=0 ack_sent=0 ack_gen_mismatch=0 ack_on_free=0 ack_applied=0 ack_held=0 ack_released=0 ack_epoch_dropped=0 parked=0
[GVS] rma teardown: acks dropped by epoch=0, advertisements parked=0
[GVS VIS] A1 teardown: policy=flush assumed=0 fences=0 flushes=368 declined=0 fence_failures=0
GUSTO_METRIC tag=teardown slots_total=0 peak_inflight=0 avg_inflight=0.000 peak_waiters=0 reservations=0 waited=0 wait_us_avg=0.00 admit_rma=0 admit_am=18 rma_pct=0.00 rma_fellback=0 decline_capacity=0 decline_timeout=0 decline_swap=0 decline_epfail=0 ack_sent=0 ack_gen_mismatch=0 ack_on_free=0 ack_applied=0 ack_held=0 ack_released=0 ack_epoch_dropped=0 parked=0
[GVS] rma teardown: acks dropped by epoch=0, advertisements parked=0
[GVS VIS] A1 teardown: policy=flush assumed=0 fences=0 flushes=368 declined=0 fence_failures=0
GUSTO_METRIC tag=teardown slots_total=0 peak_inflight=0 avg_inflight=0.000 peak_waiters=0 reservations=0 waited=0 wait_us_avg=0.00 admit_rma=0 admit_am=18 rma_pct=0.00 rma_fellback=0 decline_capacity=0 decline_timeout=0 decline_swap=0 decline_epfail=0 ack_sent=0 ack_gen_mismatch=0 ack_on_free=0 ack_applied=0 ack_held=0 ack_released=0 ack_epoch_dropped=0 parked=0
[GVS] rma teardown: acks dropped by epoch=0, advertisements parked=0
[GVS VIS] A1 teardown: policy=flush assumed=0 fences=0 flushes=368 declined=0 fence_failures=0
GUSTO_METRIC tag=teardown slots_total=0 peak_inflight=0 avg_inflight=0.000 peak_waiters=0 reservations=0 waited=0 wait_us_avg=0.00 admit_rma=0 admit_am=18 rma_pct=0.00 rma_fellback=0 decline_capacity=0 decline_timeout=0 decline_swap=0 decline_epfail=0 ack_sent=0 ack_gen_mismatch=0 ack_on_free=0 ack_applied=0 ack_held=0 ack_released=0 ack_epoch_dropped=0 parked=0
[GVS] rma teardown: acks dropped by epoch=0, advertisements parked=0
[GVS VIS] A1 teardown: policy=flush assumed=0 fences=0 flushes=368 declined=0 fence_failures=0
GUSTO_METRIC tag=teardown slots_total=0 peak_inflight=0 avg_inflight=0.000 peak_waiters=0 reservations=0 waited=0 wait_us_avg=0.00 admit_rma=0 admit_am=18 rma_pct=0.00 rma_fellback=0 decline_capacity=0 decline_timeout=0 decline_swap=0 decline_epfail=0 ack_sent=0 ack_gen_mismatch=0 ack_on_free=0 ack_applied=0 ack_held=0 ack_released=0 ack_epoch_dropped=0 parked=0
[GVS] rma teardown: acks dropped by epoch=0, advertisements parked=0
[GVS VIS] A1 teardown: policy=flush assumed=0 fences=0 flushes=368 declined=0 fence_failures=0
GUSTO_METRIC tag=teardown slots_total=0 peak_inflight=0 avg_inflight=0.000 peak_waiters=0 reservations=0 waited=0 wait_us_avg=0.00 admit_rma=0 admit_am=18 rma_pct=0.00 rma_fellback=0 decline_capacity=0 decline_timeout=0 decline_swap=0 decline_epfail=0 ack_sent=0 ack_gen_mismatch=0 ack_on_free=0 ack_applied=0 ack_held=0 ack_released=0 ack_epoch_dropped=0 parked=0
[GVS] rma teardown: acks dropped by epoch=0, advertisements parked=0
[GVS VIS] A1 teardown: policy=flush assumed=0 fences=0 flushes=368 declined=0 fence_failures=0
GUSTO_METRIC tag=teardown slots_total=0 peak_inflight=0 avg_inflight=0.000 peak_waiters=0 reservations=0 waited=0 wait_us_avg=0.00 admit_rma=0 admit_am=18 rma_pct=0.00 rma_fellback=0 decline_capacity=0 decline_timeout=0 decline_swap=0 decline_epfail=0 ack_sent=0 ack_gen_mismatch=0 ack_on_free=0 ack_applied=0 ack_held=0 ack_released=0 ack_epoch_dropped=0 parked=0
[GVS] rma teardown: acks dropped by epoch=0, advertisements parked=0
[GVS VIS] A1 teardown: policy=flush assumed=0 fences=0 flushes=368 declined=0 fence_failures=0
GUSTO_METRIC tag=teardown slots_total=0 peak_inflight=0 avg_inflight=0.000 peak_waiters=0 reservations=0 waited=0 wait_us_avg=0.00 admit_rma=0 admit_am=18 rma_pct=0.00 rma_fellback=0 decline_capacity=0 decline_timeout=0 decline_swap=0 decline_epfail=0 ack_sent=0 ack_gen_mismatch=0 ack_on_free=0 ack_applied=0 ack_held=0 ack_released=0 ack_epoch_dropped=0 parked=0
