DEBUG: protocol string is [ucx]
[GVS] GPUDirect=disabled (GVIRTUS_GPUDIRECT=1 but probe FAILED: cudaMalloc(4K) failed (no GPU? OOM?)) - falling back to host slots, behavior unchanged
[GVS IDX] epoch 1 anuncia server_idx=[]
[GVS] rma_setup: epoch 1 arrived, 0/0 slots in flight -> install now
UCX control-plane connected: Connect (25.25.25.2:32222)
DEBUG: protocol string is [ucx]
[GVS] GPUDirect=disabled (GVIRTUS_GPUDIRECT=1 but probe FAILED: cudaMalloc(4K) failed (no GPU? OOM?)) - falling back to host slots, behavior unchanged
[GVS IDX] epoch 1 anuncia server_idx=[]
[GVS] rma_setup: epoch 1 arrived, 0/0 slots in flight -> install now
# variant=handle threads=8 iters=18 seed=2 clases=9
UCX control-plane connected: Connect (25.25.25.2:32222)
INFO - Parsed endpoint suite: ucx
INFO - Parsed endpoint suite: ucx
DEBUG: protocol string is [ucx]
DEBUG: protocol string is [ucx]
DEBUG: protocol string is [ucx]
DEBUG: protocol string is [ucx]
DEBUG: protocol string is [ucx]
DEBUG: protocol string is [ucx]
DEBUG: protocol string is [ucx]
DEBUG: protocol string is [ucx]
[GVS] GPUDirect=disabled (GVIRTUS_GPUDIRECT=1 but probe FAILED: cudaMalloc(4K) failed (no GPU? OOM?)) - falling back to host slots, behavior unchanged
[GVS] GPUDirect=disabled (GVIRTUS_GPUDIRECT=1 but probe FAILED: cudaMalloc(4K) failed (no GPU? OOM?)) - falling back to host slots, behavior unchanged
[GVS] GPUDirect=disabled (GVIRTUS_GPUDIRECT=1 but probe FAILED: cudaMalloc(4K) failed (no GPU? OOM?)) - falling back to host slots, behavior unchanged
[GVS] GPUDirect=disabled (GVIRTUS_GPUDIRECT=1 but probe FAILED: cudaMalloc(4K) failed (no GPU? OOM?)) - falling back to host slots, behavior unchanged
[GVS] GPUDirect=disabled (GVIRTUS_GPUDIRECT=1 but probe FAILED: cudaMalloc(4K) failed (no GPU? OOM?)) - falling back to host slots, behavior unchanged
[GVS] GPUDirect=disabled (GVIRTUS_GPUDIRECT=1 but probe FAILED: cudaMalloc(4K) failed (no GPU? OOM?)) - falling back to host slots, behavior unchanged
[GVS] GPUDirect=disabled (GVIRTUS_GPUDIRECT=1 but probe FAILED: cudaMalloc(4K) failed (no GPU? OOM?)) - falling back to host slots, behavior unchanged
[GVS] GPUDirect=disabled (GVIRTUS_GPUDIRECT=1 but probe FAILED: cudaMalloc(4K) failed (no GPU? OOM?)) - falling back to host slots, behavior unchanged
[GVS IDX] epoch 1 anuncia server_idx=[]
[GVS] rma_setup: epoch 1 arrived, 0/0 slots in flight -> install now
[GUSTO CFG] pool efectivo: slots=2 cap=0.1 MiB shadow=no total=0.2 MiB (sin presupuesto definido)
[GUSTO CFG] pool efectivo: slots=2 cap=0.1 MiB shadow=no total=0.2 MiB (sin presupuesto definido)
[GUSTO CFG] pool efectivo: slots=2 cap=0.6 MiB shadow=no total=1.1 MiB (sin presupuesto definido)
[GUSTO CFG] pool efectivo: slots=2 cap=1.1 MiB shadow=no total=2.1 MiB (sin presupuesto definido)
[GVS] rx_pool: releasing superseded slot (81920 B host, retired at epoch 3, peer acked 0)
[GVS] rx_pool: releasing superseded slot (81920 B host, retired at epoch 3, peer acked 0)
[GUSTO CFG] pool efectivo: slots=2 cap=2.1 MiB shadow=no total=4.1 MiB (sin presupuesto definido)
[GVS] rx_pool: releasing superseded slot (98304 B host, retired at epoch 4, peer acked 0)
[GVS] rx_pool: releasing superseded slot (98304 B host, retired at epoch 4, peer acked 0)
[GVS IDX] epoch 1 anuncia server_idx=[]
[GVS] rma_setup: epoch 1 arrived, 0/0 slots in flight -> install now
[GUSTO CFG] pool efectivo: slots=2 cap=0.1 MiB shadow=no total=0.2 MiB (sin presupuesto definido)
[GUSTO CFG] pool efectivo: slots=2 cap=4.1 MiB shadow=no total=8.1 MiB (sin presupuesto definido)
[GVS] rx_pool: releasing superseded slot (589824 B host, retired at epoch 5, peer acked 0)
[GVS] rx_pool: releasing superseded slot (589824 B host, retired at epoch 5, peer acked 0)
[GUSTO CFG] pool efectivo: slots=2 cap=0.1 MiB shadow=no total=0.2 MiB (sin presupuesto definido)
[GUSTO CFG] pool efectivo: slots=2 cap=0.6 MiB shadow=no total=1.1 MiB (sin presupuesto definido)
[GVS IDX] epoch 1 anuncia server_idx=[]
[GVS] rma_setup: epoch 1 arrived, 0/0 slots in flight -> install now
[GUSTO CFG] pool efectivo: slots=2 cap=1.1 MiB shadow=no total=2.1 MiB (sin presupuesto definido)
[GVS] rx_pool: releasing superseded slot (81920 B host, retired at epoch 3, peer acked 0)
[GVS] rx_pool: releasing superseded slot (81920 B host, retired at epoch 3, peer acked 0)
[GUSTO CFG] pool efectivo: slots=2 cap=0.1 MiB shadow=no total=0.2 MiB (sin presupuesto definido)
[GVS IDX] epoch 2 anuncia server_idx=[1,2]
[GVS] rma_setup: epoch 2 arrived, 0/0 slots in flight -> install now
[GUSTO CFG] pool efectivo: slots=2 cap=2.1 MiB shadow=no total=4.1 MiB (sin presupuesto definido)
[GVS] rx_pool: releasing superseded slot (98304 B host, retired at epoch 4, peer acked 0)
[GVS] rx_pool: releasing superseded slot (98304 B host, retired at epoch 4, peer acked 0)
[GVS IDX] epoch 1 anuncia server_idx=[]
[GVS] rma_setup: epoch 1 arrived, 0/0 slots in flight -> install now
[GUSTO CFG] pool efectivo: slots=2 cap=0.1 MiB shadow=no total=0.2 MiB (sin presupuesto definido)
[GUSTO CFG] pool efectivo: slots=2 cap=0.1 MiB shadow=no total=0.2 MiB (sin presupuesto definido)
[GUSTO CFG] pool efectivo: slots=2 cap=0.6 MiB shadow=no total=1.1 MiB (sin presupuesto definido)
[GUSTO CFG] pool efectivo: slots=2 cap=0.1 MiB shadow=no total=0.2 MiB (sin presupuesto definido)
[GUSTO CFG] pool efectivo: slots=2 cap=0.6 MiB shadow=no total=1.1 MiB (sin presupuesto definido)
[GUSTO CFG] pool efectivo: slots=2 cap=1.1 MiB shadow=no total=2.1 MiB (sin presupuesto definido)
[GVS] rx_pool: releasing superseded slot (81920 B host, retired at epoch 3, peer acked 0)
[GVS] rx_pool: releasing superseded slot (81920 B host, retired at epoch 3, peer acked 0)
[GUSTO CFG] pool efectivo: slots=2 cap=4.1 MiB shadow=no total=8.1 MiB (sin presupuesto definido)
[GVS] rx_pool: releasing superseded slot (589824 B host, retired at epoch 5, peer acked 0)
[GUSTO CFG] pool efectivo: slots=2 cap=1.1 MiB shadow=no total=2.1 MiB (sin presupuesto definido)
[GVS] rx_pool: releasing superseded slot (81920 B host, retired at epoch 3, peer acked 0)
[GVS] rx_pool: releasing superseded slot (589824 B host, retired at epoch 5, peer acked 0)
[GVS] rx_pool: releasing superseded slot (81920 B host, retired at epoch 3, peer acked 0)
[GUSTO CFG] pool efectivo: slots=2 cap=2.1 MiB shadow=no total=4.1 MiB (sin presupuesto definido)
[GVS] rx_pool: releasing superseded slot (98304 B host, retired at epoch 4, peer acked 0)
[GVS] rx_pool: releasing superseded slot (98304 B host, retired at epoch 4, peer acked 0)
[GUSTO CFG] pool efectivo: slots=2 cap=2.1 MiB shadow=no total=4.1 MiB (sin presupuesto definido)
[GVS] rx_pool: releasing superseded slot (98304 B host, retired at epoch 4, peer acked 0)
[GVS] rx_pool: releasing superseded slot (98304 B host, retired at epoch 4, peer acked 0)
[GVS IDX] epoch 1 anuncia server_idx=[]
[GVS] rma_setup: epoch 1 arrived, 0/0 slots in flight -> install now
[GVS IDX] epoch 2 anuncia server_idx=[1,2]
[GVS] rma_setup: epoch 2 arrived, 0/0 slots in flight -> install now
[GUSTO CFG] pool efectivo: slots=2 cap=4.1 MiB shadow=no total=8.1 MiB (sin presupuesto definido)
[GVS] rx_pool: releasing superseded slot (589824 B host, retired at epoch 5, peer acked 0)
[GVS] rx_pool: releasing superseded slot (589824 B host, retired at epoch 5, peer acked 0)
[GUSTO CFG] pool efectivo: slots=2 cap=4.1 MiB shadow=no total=8.1 MiB (sin presupuesto definido)
[GVS] rx_pool: releasing superseded slot (589824 B host, retired at epoch 5, peer acked 0)
[GVS] rx_pool: releasing superseded slot (589824 B host, retired at epoch 5, peer acked 0)
[GUSTO CFG] pool efectivo: slots=2 cap=0.1 MiB shadow=no total=0.2 MiB (sin presupuesto definido)
[GUSTO CFG] pool efectivo: slots=2 cap=0.1 MiB shadow=no total=0.2 MiB (sin presupuesto definido)
[GUSTO CFG] pool efectivo: slots=2 cap=0.6 MiB shadow=no total=1.1 MiB (sin presupuesto definido)
[GUSTO CFG] pool efectivo: slots=2 cap=1.1 MiB shadow=no total=2.1 MiB (sin presupuesto definido)
[GVS] rx_pool: releasing superseded slot (81920 B host, retired at epoch 3, peer acked 0)
[GVS] rx_pool: releasing superseded slot (81920 B host, retired at epoch 3, peer acked 0)
[GVS IDX] epoch 1 anuncia server_idx=[]
[GVS] rma_setup: epoch 1 arrived, 0/0 slots in flight -> install now
[GVS IDX] epoch 2 anuncia server_idx=[1,2]
[GVS] rma_setup: epoch 2 arrived, 0/0 slots in flight -> install now
[GVS IDX] epoch 2 anuncia server_idx=[1,2]
[GVS] rma_setup: epoch 2 arrived, 0/0 slots in flight -> install now
[GUSTO CFG] pool efectivo: slots=2 cap=2.1 MiB shadow=no total=4.1 MiB (sin presupuesto definido)
[GVS] rx_pool: releasing superseded slot (98304 B host, retired at epoch 4, peer acked 0)
[GVS] rx_pool: releasing superseded slot (98304 B host, retired at epoch 4, peer acked 0)
[GUSTO CFG] pool efectivo: slots=2 cap=0.1 MiB shadow=no total=0.2 MiB (sin presupuesto definido)
[GUSTO CFG] pool efectivo: slots=2 cap=0.1 MiB shadow=no total=0.2 MiB (sin presupuesto definido)
[GVS IDX] epoch 1 anuncia server_idx=[]
[GVS] rma_setup: epoch 1 arrived, 0/0 slots in flight -> install now
[GUSTO CFG] pool efectivo: slots=2 cap=0.1 MiB shadow=no total=0.2 MiB (sin presupuesto definido)
[GUSTO CFG] pool efectivo: slots=2 cap=4.1 MiB shadow=no total=8.1 MiB (sin presupuesto definido)
[GVS] rx_pool: releasing superseded slot (589824 B host, retired at epoch 5, peer acked 0)
[GVS] rx_pool: releasing superseded slot (589824 B host, retired at epoch 5, peer acked 0)
[GUSTO CFG] pool efectivo: slots=2 cap=0.1 MiB shadow=no total=0.2 MiB (sin presupuesto definido)
[GUSTO CFG] pool efectivo: slots=2 cap=0.6 MiB shadow=no total=1.1 MiB (sin presupuesto definido)
[GUSTO CFG] pool efectivo: slots=2 cap=0.6 MiB shadow=no total=1.1 MiB (sin presupuesto definido)
[GUSTO CFG] pool efectivo: slots=2 cap=1.1 MiB shadow=no total=2.1 MiB (sin presupuesto definido)
[GVS] rx_pool: releasing superseded slot (81920 B host, retired at epoch 3, peer acked 0)
[GVS] rx_pool: releasing superseded slot (81920 B host, retired at epoch 3, peer acked 0)
[GUSTO CFG] pool efectivo: slots=2 cap=1.1 MiB shadow=no total=2.1 MiB (sin presupuesto definido)
[GVS] rx_pool: releasing superseded slot (81920 B host, retired at epoch 3, peer acked 0)
[GVS] rx_pool: releasing superseded slot (81920 B host, retired at epoch 3, peer acked 0)
[GVS IDX] epoch 2 anuncia server_idx=[1,2]
[GVS] rma_setup: epoch 2 arrived, 0/0 slots in flight -> install now
[GUSTO CFG] pool efectivo: slots=2 cap=2.1 MiB shadow=no total=4.1 MiB (sin presupuesto definido)
[GVS] rx_pool: releasing superseded slot (98304 B host, retired at epoch 4, peer acked 0)
[GUSTO CFG] pool efectivo: slots=2 cap=2.1 MiB shadow=no total=4.1 MiB (sin presupuesto definido)
[GVS] rx_pool: releasing superseded slot (98304 B host, retired at epoch 4, peer acked 0)
[GVS] rx_pool: releasing superseded slot (98304 B host, retired at epoch 4, peer acked 0)
[GVS] rx_pool: releasing superseded slot (98304 B host, retired at epoch 4, peer acked 0)
[GVS IDX] epoch 1 anuncia server_idx=[]
[GVS] rma_setup: epoch 1 arrived, 0/0 slots in flight -> install now
[GUSTO CFG] pool efectivo: slots=2 cap=4.1 MiB shadow=no total=8.1 MiB (sin presupuesto definido)
[GVS] rx_pool: releasing superseded slot (589824 B host, retired at epoch 5, peer acked 0)
[GVS] rx_pool: releasing superseded slot (589824 B host, retired at epoch 5, peer acked 0)
[GUSTO CFG] pool efectivo: slots=2 cap=0.1 MiB shadow=no total=0.2 MiB (sin presupuesto definido)
[GUSTO CFG] pool efectivo: slots=2 cap=0.1 MiB shadow=no total=0.2 MiB (sin presupuesto definido)
[GUSTO CFG] pool efectivo: slots=2 cap=4.1 MiB shadow=no total=8.1 MiB (sin presupuesto definido)
[GVS] rx_pool: releasing superseded slot (589824 B host, retired at epoch 5, peer acked 0)
[GVS] rx_pool: releasing superseded slot (589824 B host, retired at epoch 5, peer acked 0)
[GUSTO CFG] pool efectivo: slots=2 cap=0.6 MiB shadow=no total=1.1 MiB (sin presupuesto definido)
[GUSTO CFG] pool efectivo: slots=2 cap=1.1 MiB shadow=no total=2.1 MiB (sin presupuesto definido)
[GVS] rx_pool: releasing superseded slot (81920 B host, retired at epoch 3, peer acked 0)
[GVS] rx_pool: releasing superseded slot (81920 B host, retired at epoch 3, peer acked 0)
[GVS IDX] epoch 2 anuncia server_idx=[1,2]
[GVS] rma_setup: epoch 2 arrived, 0/0 slots in flight -> install now
[GVS IDX] epoch 2 anuncia server_idx=[1,2]
[GVS] rma_setup: epoch 2 arrived, 0/0 slots in flight -> install now
[GUSTO CFG] pool efectivo: slots=2 cap=2.1 MiB shadow=no total=4.1 MiB (sin presupuesto definido)
[GVS] rx_pool: releasing superseded slot (98304 B host, retired at epoch 4, peer acked 0)
[GVS] rx_pool: releasing superseded slot (98304 B host, retired at epoch 4, peer acked 0)
[GUSTO CFG] pool efectivo: slots=2 cap=4.1 MiB shadow=no total=8.1 MiB (sin presupuesto definido)
[GVS] rx_pool: releasing superseded slot (589824 B host, retired at epoch 5, peer acked 0)
[GVS] rx_pool: releasing superseded slot (589824 B host, retired at epoch 5, peer acked 0)
[GVS IDX] epoch 2 anuncia server_idx=[1,2]
[GVS] rma_setup: epoch 2 arrived, 0/0 slots in flight -> install now
UCX control-plane connected: Connect (25.25.25.2:32222)
UCX control-plane connected: Connect (25.25.25.2:32222)
UCX control-plane connected: Connect (25.25.25.2:32222)
UCX control-plane connected: Connect (25.25.25.2:32222)
UCX control-plane connected: Connect (25.25.25.2:32222)
UCX control-plane connected: Connect (25.25.25.2:32222)
UCX control-plane connected: Connect (25.25.25.2:32222)
UCX control-plane connected: Connect (25.25.25.2:32222)
CSVROW,roundtrip_pinned,handle,8,2,18,1,0,none,1575.871
DEBUG: protocol string is [ucx]
DEBUG: protocol string is [ucx]
DEBUG: protocol string is [ucx]
DEBUG: protocol string is [ucx]
DEBUG: protocol string is [ucx]
DEBUG: protocol string is [ucx]
DEBUG: protocol string is [ucx]
DEBUG: protocol string is [ucx]
[GVS] GPUDirect=disabled (GVIRTUS_GPUDIRECT=1 but probe FAILED: cudaMalloc(4K) failed (no GPU? OOM?)) - falling back to host slots, behavior unchanged
[GVS] GPUDirect=disabled (GVIRTUS_GPUDIRECT=1 but probe FAILED: cudaMalloc(4K) failed (no GPU? OOM?)) - falling back to host slots, behavior unchanged
[GVS] GPUDirect=disabled (GVIRTUS_GPUDIRECT=1 but probe FAILED: cudaMalloc(4K) failed (no GPU? OOM?)) - falling back to host slots, behavior unchanged
[GVS] GPUDirect=disabled (GVIRTUS_GPUDIRECT=1 but probe FAILED: cudaMalloc(4K) failed (no GPU? OOM?)) - falling back to host slots, behavior unchanged
[GVS] GPUDirect=disabled (GVIRTUS_GPUDIRECT=1 but probe FAILED: cudaMalloc(4K) failed (no GPU? OOM?)) - falling back to host slots, behavior unchanged
[GVS] GPUDirect=disabled (GVIRTUS_GPUDIRECT=1 but probe FAILED: cudaMalloc(4K) failed (no GPU? OOM?)) - falling back to host slots, behavior unchanged
[GVS] GPUDirect=disabled (GVIRTUS_GPUDIRECT=1 but probe FAILED: cudaMalloc(4K) failed (no GPU? OOM?)) - falling back to host slots, behavior unchanged
[GVS] GPUDirect=disabled (GVIRTUS_GPUDIRECT=1 but probe FAILED: cudaMalloc(4K) failed (no GPU? OOM?)) - falling back to host slots, behavior unchanged
[GVS IDX] epoch 1 anuncia server_idx=[]
[GVS] rma_setup: epoch 1 arrived, 0/0 slots in flight -> install now
[GUSTO CFG] pool efectivo: slots=2 cap=0.1 MiB shadow=no total=0.2 MiB (sin presupuesto definido)
[GUSTO CFG] pool efectivo: slots=2 cap=0.1 MiB shadow=no total=0.2 MiB (sin presupuesto definido)
[GUSTO CFG] pool efectivo: slots=2 cap=0.6 MiB shadow=no total=1.1 MiB (sin presupuesto definido)
[GUSTO CFG] pool efectivo: slots=2 cap=1.1 MiB shadow=no total=2.1 MiB (sin presupuesto definido)
[GVS] rx_pool: releasing superseded slot (81920 B host, retired at epoch 3, peer acked 0)
[GVS] rx_pool: releasing superseded slot (81920 B host, retired at epoch 3, peer acked 0)
[GUSTO CFG] pool efectivo: slots=2 cap=2.1 MiB shadow=no total=4.1 MiB (sin presupuesto definido)
[GVS] rx_pool: releasing superseded slot (98304 B host, retired at epoch 4, peer acked 0)
[GVS] rx_pool: releasing superseded slot (98304 B host, retired at epoch 4, peer acked 0)
[GUSTO CFG] pool efectivo: slots=2 cap=4.1 MiB shadow=no total=8.1 MiB (sin presupuesto definido)
[GVS] rx_pool: releasing superseded slot (589824 B host, retired at epoch 5, peer acked 0)
[GVS] rx_pool: releasing superseded slot (589824 B host, retired at epoch 5, peer acked 0)
[GVS IDX] epoch 2 anuncia server_idx=[1,2]
[GVS] rma_setup: epoch 2 arrived, 0/0 slots in flight -> install now
[GVS IDX] epoch 1 anuncia server_idx=[]
[GVS] rma_setup: epoch 1 arrived, 0/0 slots in flight -> install now
[GUSTO CFG] pool efectivo: slots=2 cap=0.1 MiB shadow=no total=0.2 MiB (sin presupuesto definido)
[GUSTO CFG] pool efectivo: slots=2 cap=0.1 MiB shadow=no total=0.2 MiB (sin presupuesto definido)
[GUSTO CFG] pool efectivo: slots=2 cap=0.6 MiB shadow=no total=1.1 MiB (sin presupuesto definido)
[GUSTO CFG] pool efectivo: slots=2 cap=1.1 MiB shadow=no total=2.1 MiB (sin presupuesto definido)
[GVS] rx_pool: releasing superseded slot (81920 B host, retired at epoch 3, peer acked 0)
[GVS] rx_pool: releasing superseded slot (81920 B host, retired at epoch 3, peer acked 0)
[GUSTO CFG] pool efectivo: slots=2 cap=2.1 MiB shadow=no total=4.1 MiB (sin presupuesto definido)
[GVS] rx_pool: releasing superseded slot (98304 B host, retired at epoch 4, peer acked 0)
[GVS] rx_pool: releasing superseded slot (98304 B host, retired at epoch 4, peer acked 0)
[GUSTO CFG] pool efectivo: slots=2 cap=4.1 MiB shadow=no total=8.1 MiB (sin presupuesto definido)
[GVS] rx_pool: releasing superseded slot (589824 B host, retired at epoch 5, peer acked 0)
[GVS] rx_pool: releasing superseded slot (589824 B host, retired at epoch 5, peer acked 0)
[GVS IDX] epoch 2 anuncia server_idx=[1,2]
[GVS] rma_setup: epoch 2 arrived, 0/0 slots in flight -> install now
[GVS IDX] epoch 1 anuncia server_idx=[]
[GVS] rma_setup: epoch 1 arrived, 0/0 slots in flight -> install now
[GUSTO CFG] pool efectivo: slots=2 cap=0.1 MiB shadow=no total=0.2 MiB (sin presupuesto definido)
[GUSTO CFG] pool efectivo: slots=2 cap=0.1 MiB shadow=no total=0.2 MiB (sin presupuesto definido)
[GUSTO CFG] pool efectivo: slots=2 cap=0.6 MiB shadow=no total=1.1 MiB (sin presupuesto definido)
[GUSTO CFG] pool efectivo: slots=2 cap=1.1 MiB shadow=no total=2.1 MiB (sin presupuesto definido)
[GVS] rx_pool: releasing superseded slot (81920 B host, retired at epoch 3, peer acked 0)
[GVS] rx_pool: releasing superseded slot (81920 B host, retired at epoch 3, peer acked 0)
[GUSTO CFG] pool efectivo: slots=2 cap=2.1 MiB shadow=no total=4.1 MiB (sin presupuesto definido)
[GVS] rx_pool: releasing superseded slot (98304 B host, retired at epoch 4, peer acked 0)
[GVS] rx_pool: releasing superseded slot (98304 B host, retired at epoch 4, peer acked 0)
[GUSTO CFG] pool efectivo: slots=2 cap=4.1 MiB shadow=no total=8.1 MiB (sin presupuesto definido)
[GVS] rx_pool: releasing superseded slot (589824 B host, retired at epoch 5, peer acked 0)
[GVS] rx_pool: releasing superseded slot (589824 B host, retired at epoch 5, peer acked 0)
[GVS IDX] epoch 2 anuncia server_idx=[1,2]
[GVS] rma_setup: epoch 2 arrived, 0/0 slots in flight -> install now
[GVS IDX] epoch 1 anuncia server_idx=[]
[GVS] rma_setup: epoch 1 arrived, 0/0 slots in flight -> install now
[GUSTO CFG] pool efectivo: slots=2 cap=0.1 MiB shadow=no total=0.2 MiB (sin presupuesto definido)
[GUSTO CFG] pool efectivo: slots=2 cap=0.1 MiB shadow=no total=0.2 MiB (sin presupuesto definido)
[GUSTO CFG] pool efectivo: slots=2 cap=0.6 MiB shadow=no total=1.1 MiB (sin presupuesto definido)
[GUSTO CFG] pool efectivo: slots=2 cap=1.1 MiB shadow=no total=2.1 MiB (sin presupuesto definido)
[GVS] rx_pool: releasing superseded slot (81920 B host, retired at epoch 3, peer acked 0)
[GVS] rx_pool: releasing superseded slot (81920 B host, retired at epoch 3, peer acked 0)
[GUSTO CFG] pool efectivo: slots=2 cap=2.1 MiB shadow=no total=4.1 MiB (sin presupuesto definido)
[GVS] rx_pool: releasing superseded slot (98304 B host, retired at epoch 4, peer acked 0)
[GVS] rx_pool: releasing superseded slot (98304 B host, retired at epoch 4, peer acked 0)
[GUSTO CFG] pool efectivo: slots=2 cap=4.1 MiB shadow=no total=8.1 MiB (sin presupuesto definido)
[GVS] rx_pool: releasing superseded slot (589824 B host, retired at epoch 5, peer acked 0)
[GVS] rx_pool: releasing superseded slot (589824 B host, retired at epoch 5, peer acked 0)
[GVS IDX] epoch 2 anuncia server_idx=[1,2]
[GVS] rma_setup: epoch 2 arrived, 0/0 slots in flight -> install now
[GVS IDX] epoch 1 anuncia server_idx=[]
[GVS] rma_setup: epoch 1 arrived, 0/0 slots in flight -> install now
[GVS IDX] epoch 1 anuncia server_idx=[]
[GVS] rma_setup: epoch 1 arrived, 0/0 slots in flight -> install now
[GUSTO CFG] pool efectivo: slots=2 cap=0.1 MiB shadow=no total=0.2 MiB (sin presupuesto definido)
[GUSTO CFG] pool efectivo: slots=2 cap=0.1 MiB shadow=no total=0.2 MiB (sin presupuesto definido)
[GUSTO CFG] pool efectivo: slots=2 cap=0.1 MiB shadow=no total=0.2 MiB (sin presupuesto definido)
[GUSTO CFG] pool efectivo: slots=2 cap=0.1 MiB shadow=no total=0.2 MiB (sin presupuesto definido)
[GUSTO CFG] pool efectivo: slots=2 cap=0.6 MiB shadow=no total=1.1 MiB (sin presupuesto definido)
[GUSTO CFG] pool efectivo: slots=2 cap=0.6 MiB shadow=no total=1.1 MiB (sin presupuesto definido)
[GUSTO CFG] pool efectivo: slots=2 cap=1.1 MiB shadow=no total=2.1 MiB (sin presupuesto definido)
[GVS] rx_pool: releasing superseded slot (81920 B host, retired at epoch 3, peer acked 0)
[GVS] rx_pool: releasing superseded slot (81920 B host, retired at epoch 3, peer acked 0)
[GUSTO CFG] pool efectivo: slots=2 cap=1.1 MiB shadow=no total=2.1 MiB (sin presupuesto definido)
[GVS] rx_pool: releasing superseded slot (81920 B host, retired at epoch 3, peer acked 0)
[GVS] rx_pool: releasing superseded slot (81920 B host, retired at epoch 3, peer acked 0)
[GUSTO CFG] pool efectivo: slots=2 cap=2.1 MiB shadow=no total=4.1 MiB (sin presupuesto definido)
[GVS] rx_pool: releasing superseded slot (98304 B host, retired at epoch 4, peer acked 0)
[GVS] rx_pool: releasing superseded slot (98304 B host, retired at epoch 4, peer acked 0)
[GUSTO CFG] pool efectivo: slots=2 cap=2.1 MiB shadow=no total=4.1 MiB (sin presupuesto definido)
[GVS] rx_pool: releasing superseded slot (98304 B host, retired at epoch 4, peer acked 0)
[GVS] rx_pool: releasing superseded slot (98304 B host, retired at epoch 4, peer acked 0)
[GVS IDX] epoch 1 anuncia server_idx=[]
[GVS] rma_setup: epoch 1 arrived, 0/0 slots in flight -> install now
[GUSTO CFG] pool efectivo: slots=2 cap=4.1 MiB shadow=no total=8.1 MiB (sin presupuesto definido)
[GVS] rx_pool: releasing superseded slot (589824 B host, retired at epoch 5, peer acked 0)
[GVS] rx_pool: releasing superseded slot (589824 B host, retired at epoch 5, peer acked 0)
[GUSTO CFG] pool efectivo: slots=2 cap=0.1 MiB shadow=no total=0.2 MiB (sin presupuesto definido)
[GUSTO CFG] pool efectivo: slots=2 cap=0.1 MiB shadow=no total=0.2 MiB (sin presupuesto definido)
[GUSTO CFG] pool efectivo: slots=2 cap=0.6 MiB shadow=no total=1.1 MiB (sin presupuesto definido)
[GUSTO CFG] pool efectivo: slots=2 cap=4.1 MiB shadow=no total=8.1 MiB (sin presupuesto definido)
[GVS] rx_pool: releasing superseded slot (589824 B host, retired at epoch 5, peer acked 0)
[GVS] rx_pool: releasing superseded slot (589824 B host, retired at epoch 5, peer acked 0)
[GUSTO CFG] pool efectivo: slots=2 cap=1.1 MiB shadow=no total=2.1 MiB (sin presupuesto definido)
[GVS] rx_pool: releasing superseded slot (81920 B host, retired at epoch 3, peer acked 0)
[GVS] rx_pool: releasing superseded slot (81920 B host, retired at epoch 3, peer acked 0)
[GVS IDX] epoch 2 anuncia server_idx=[1,2]
[GVS] rma_setup: epoch 2 arrived, 0/0 slots in flight -> install now
[GVS IDX] epoch 2 anuncia server_idx=[1,2]
[GVS] rma_setup: epoch 2 arrived, 0/0 slots in flight -> install now
[GUSTO CFG] pool efectivo: slots=2 cap=2.1 MiB shadow=no total=4.1 MiB (sin presupuesto definido)
[GVS] rx_pool: releasing superseded slot (98304 B host, retired at epoch 4, peer acked 0)
[GVS] rx_pool: releasing superseded slot (98304 B host, retired at epoch 4, peer acked 0)
[GUSTO CFG] pool efectivo: slots=2 cap=4.1 MiB shadow=no total=8.1 MiB (sin presupuesto definido)
[GVS] rx_pool: releasing superseded slot (589824 B host, retired at epoch 5, peer acked 0)
[GVS] rx_pool: releasing superseded slot (589824 B host, retired at epoch 5, peer acked 0)
[GVS IDX] epoch 1 anuncia server_idx=[]
[GVS] rma_setup: epoch 1 arrived, 0/0 slots in flight -> install now
[GUSTO CFG] pool efectivo: slots=2 cap=0.1 MiB shadow=no total=0.2 MiB (sin presupuesto definido)
[GUSTO CFG] pool efectivo: slots=2 cap=0.1 MiB shadow=no total=0.2 MiB (sin presupuesto definido)
[GUSTO CFG] pool efectivo: slots=2 cap=0.6 MiB shadow=no total=1.1 MiB (sin presupuesto definido)
[GVS IDX] epoch 2 anuncia server_idx=[1,2]
[GVS] rma_setup: epoch 2 arrived, 0/0 slots in flight -> install now
[GUSTO CFG] pool efectivo: slots=2 cap=1.1 MiB shadow=no total=2.1 MiB (sin presupuesto definido)
[GVS] rx_pool: releasing superseded slot (81920 B host, retired at epoch 3, peer acked 0)
[GVS] rx_pool: releasing superseded slot (81920 B host, retired at epoch 3, peer acked 0)
[GUSTO CFG] pool efectivo: slots=2 cap=2.1 MiB shadow=no total=4.1 MiB (sin presupuesto definido)
[GVS] rx_pool: releasing superseded slot (98304 B host, retired at epoch 4, peer acked 0)
[GVS] rx_pool: releasing superseded slot (98304 B host, retired at epoch 4, peer acked 0)
[GUSTO CFG] pool efectivo: slots=2 cap=4.1 MiB shadow=no total=8.1 MiB (sin presupuesto definido)
[GVS] rx_pool: releasing superseded slot (589824 B host, retired at epoch 5, peer acked 0)
[GVS] rx_pool: releasing superseded slot (589824 B host, retired at epoch 5, peer acked 0)
[GVS IDX] epoch 2 anuncia server_idx=[1,2]
[GVS] rma_setup: epoch 2 arrived, 0/0 slots in flight -> install now
UCX control-plane connected: Connect (25.25.25.2:32222)
UCX control-plane connected: Connect (25.25.25.2:32222)
UCX control-plane connected: Connect (25.25.25.2:32222)
UCX control-plane connected: Connect (25.25.25.2:32222)
UCX control-plane connected: Connect (25.25.25.2:32222)
UCX control-plane connected: Connect (25.25.25.2:32222)
UCX control-plane connected: Connect (25.25.25.2:32222)
UCX control-plane connected: Connect (25.25.25.2:32222)
CSVROW,roundtrip_pageable,handle,8,2,18,1,0,none,1717.329
INFO - Parsing endpoint config from: /opt/GVirtuS/etc/properties_ucx.json
INFO - Using properties file: /opt/GVirtuS/etc/properties_ucx.json
DEBUG: protocol string is [ucx]
DEBUG: protocol string is [ucx]
DEBUG: protocol string is [ucx]
DEBUG: protocol string is [ucx]
DEBUG: protocol string is [ucx]
DEBUG: protocol string is [ucx]
DEBUG: protocol string is [ucx]
DEBUG: protocol string is [ucx]
[GVS] GPUDirect=disabled (GVIRTUS_GPUDIRECT=1 but probe FAILED: cudaMalloc(4K) failed (no GPU? OOM?)) - falling back to host slots, behavior unchanged
[GVS] GPUDirect=disabled (GVIRTUS_GPUDIRECT=1 but probe FAILED: cudaMalloc(4K) failed (no GPU? OOM?)) - falling back to host slots, behavior unchanged
[GVS] GPUDirect=disabled (GVIRTUS_GPUDIRECT=1 but probe FAILED: cudaMalloc(4K) failed (no GPU? OOM?)) - falling back to host slots, behavior unchanged
[GVS] GPUDirect=disabled (GVIRTUS_GPUDIRECT=1 but probe FAILED: cudaMalloc(4K) failed (no GPU? OOM?)) - falling back to host slots, behavior unchanged
[GVS] GPUDirect=disabled (GVIRTUS_GPUDIRECT=1 but probe FAILED: cudaMalloc(4K) failed (no GPU? OOM?)) - falling back to host slots, behavior unchanged
[GVS] GPUDirect=disabled (GVIRTUS_GPUDIRECT=1 but probe FAILED: cudaMalloc(4K) failed (no GPU? OOM?)) - falling back to host slots, behavior unchanged
[GVS] GPUDirect=disabled (GVIRTUS_GPUDIRECT=1 but probe FAILED: cudaMalloc(4K) failed (no GPU? OOM?)) - falling back to host slots, behavior unchanged
[GVS] GPUDirect=disabled (GVIRTUS_GPUDIRECT=1 but probe FAILED: cudaMalloc(4K) failed (no GPU? OOM?)) - falling back to host slots, behavior unchanged
[GVS IDX] epoch 1 anuncia server_idx=[]
[GVS] rma_setup: epoch 1 arrived, 0/0 slots in flight -> install now
[GUSTO CFG] pool efectivo: slots=2 cap=0.1 MiB shadow=no total=0.2 MiB (sin presupuesto definido)
[GUSTO CFG] pool efectivo: slots=2 cap=0.1 MiB shadow=no total=0.2 MiB (sin presupuesto definido)
[GUSTO CFG] pool efectivo: slots=2 cap=0.6 MiB shadow=no total=1.1 MiB (sin presupuesto definido)
[GUSTO CFG] pool efectivo: slots=2 cap=1.1 MiB shadow=no total=2.1 MiB (sin presupuesto definido)
[GVS] rx_pool: releasing superseded slot (81920 B host, retired at epoch 3, peer acked 0)
[GVS] rx_pool: releasing superseded slot (81920 B host, retired at epoch 3, peer acked 0)
[GUSTO CFG] pool efectivo: slots=2 cap=2.1 MiB shadow=no total=4.1 MiB (sin presupuesto definido)
[GVS] rx_pool: releasing superseded slot (98304 B host, retired at epoch 4, peer acked 0)
[GVS] rx_pool: releasing superseded slot (98304 B host, retired at epoch 4, peer acked 0)
[GUSTO CFG] pool efectivo: slots=2 cap=4.1 MiB shadow=no total=8.1 MiB (sin presupuesto definido)
[GVS] rx_pool: releasing superseded slot (589824 B host, retired at epoch 5, peer acked 0)
[GVS] rx_pool: releasing superseded slot (589824 B host, retired at epoch 5, peer acked 0)
[GVS IDX] epoch 1 anuncia server_idx=[]
[GVS] rma_setup: epoch 1 arrived, 0/0 slots in flight -> install now
[GUSTO CFG] pool efectivo: slots=2 cap=0.1 MiB shadow=no total=0.2 MiB (sin presupuesto definido)
[GUSTO CFG] pool efectivo: slots=2 cap=0.1 MiB shadow=no total=0.2 MiB (sin presupuesto definido)
[GUSTO CFG] pool efectivo: slots=2 cap=0.6 MiB shadow=no total=1.1 MiB (sin presupuesto definido)
[GVS IDX] epoch 1 anuncia server_idx=[]
[GVS] rma_setup: epoch 1 arrived, 0/0 slots in flight -> install now
[GUSTO CFG] pool efectivo: slots=2 cap=1.1 MiB shadow=no total=2.1 MiB (sin presupuesto definido)
[GVS] rx_pool: releasing superseded slot (81920 B host, retired at epoch 3, peer acked 0)
[GVS] rx_pool: releasing superseded slot (81920 B host, retired at epoch 3, peer acked 0)
[GUSTO CFG] pool efectivo: slots=2 cap=0.1 MiB shadow=no total=0.2 MiB (sin presupuesto definido)
[GVS IDX] epoch 2 anuncia server_idx=[1,2]
[GVS] rma_setup: epoch 2 arrived, 0/0 slots in flight -> install now
[GUSTO CFG] pool efectivo: slots=2 cap=0.1 MiB shadow=no total=0.2 MiB (sin presupuesto definido)
[GUSTO CFG] pool efectivo: slots=2 cap=0.6 MiB shadow=no total=1.1 MiB (sin presupuesto definido)
[GUSTO CFG] pool efectivo: slots=2 cap=2.1 MiB shadow=no total=4.1 MiB (sin presupuesto definido)
[GVS] rx_pool: releasing superseded slot (98304 B host, retired at epoch 4, peer acked 0)
[GVS] rx_pool: releasing superseded slot (98304 B host, retired at epoch 4, peer acked 0)
[GVS IDX] epoch 1 anuncia server_idx=[]
[GVS] rma_setup: epoch 1 arrived, 0/0 slots in flight -> install now
[GUSTO CFG] pool efectivo: slots=2 cap=1.1 MiB shadow=no total=2.1 MiB (sin presupuesto definido)
[GVS] rx_pool: releasing superseded slot (81920 B host, retired at epoch 3, peer acked 0)
[GVS] rx_pool: releasing superseded slot (81920 B host, retired at epoch 3, peer acked 0)
[GUSTO CFG] pool efectivo: slots=2 cap=0.1 MiB shadow=no total=0.2 MiB (sin presupuesto definido)
[GUSTO CFG] pool efectivo: slots=2 cap=0.1 MiB shadow=no total=0.2 MiB (sin presupuesto definido)
[GUSTO CFG] pool efectivo: slots=2 cap=2.1 MiB shadow=no total=4.1 MiB (sin presupuesto definido)
[GVS] rx_pool: releasing superseded slot (98304 B host, retired at epoch 4, peer acked 0)
[GVS] rx_pool: releasing superseded slot (98304 B host, retired at epoch 4, peer acked 0)
[GUSTO CFG] pool efectivo: slots=2 cap=0.6 MiB shadow=no total=1.1 MiB (sin presupuesto definido)
[GUSTO CFG] pool efectivo: slots=2 cap=4.1 MiB shadow=no total=8.1 MiB (sin presupuesto definido)
[GVS] rx_pool: releasing superseded slot (589824 B host, retired at epoch 5, peer acked 0)
[GVS] rx_pool: releasing superseded slot (589824 B host, retired at epoch 5, peer acked 0)
[GUSTO CFG] pool efectivo: slots=2 cap=1.1 MiB shadow=no total=2.1 MiB (sin presupuesto definido)
[GVS] rx_pool: releasing superseded slot (81920 B host, retired at epoch 3, peer acked 0)
[GVS] rx_pool: releasing superseded slot (81920 B host, retired at epoch 3, peer acked 0)
[GUSTO CFG] pool efectivo: slots=2 cap=2.1 MiB shadow=no total=4.1 MiB (sin presupuesto definido)
[GVS] rx_pool: releasing superseded slot (98304 B host, retired at epoch 4, peer acked 0)
[GVS] rx_pool: releasing superseded slot (98304 B host, retired at epoch 4, peer acked 0)
[GUSTO CFG] pool efectivo: slots=2 cap=4.1 MiB shadow=no total=8.1 MiB (sin presupuesto definido)
[GVS] rx_pool: releasing superseded slot (589824 B host, retired at epoch 5, peer acked 0)
[GVS] rx_pool: releasing superseded slot (589824 B host, retired at epoch 5, peer acked 0)
[GVS IDX] epoch 1 anuncia server_idx=[]
[GVS] rma_setup: epoch 1 arrived, 0/0 slots in flight -> install now
[GUSTO CFG] pool efectivo: slots=2 cap=4.1 MiB shadow=no total=8.1 MiB (sin presupuesto definido)
[GVS] rx_pool: releasing superseded slot (589824 B host, retired at epoch 5, peer acked 0)
[GVS] rx_pool: releasing superseded slot (589824 B host, retired at epoch 5, peer acked 0)
[GVS IDX] epoch 2 anuncia server_idx=[1,2]
[GVS] rma_setup: epoch 2 arrived, 0/0 slots in flight -> install now
[GUSTO CFG] pool efectivo: slots=2 cap=0.1 MiB shadow=no total=0.2 MiB (sin presupuesto definido)
[GUSTO CFG] pool efectivo: slots=2 cap=0.1 MiB shadow=no total=0.2 MiB (sin presupuesto definido)
[GVS IDX] epoch 2 anuncia server_idx=[1,2]
[GVS] rma_setup: epoch 2 arrived, 0/0 slots in flight -> install now
[GUSTO CFG] pool efectivo: slots=2 cap=0.6 MiB shadow=no total=1.1 MiB (sin presupuesto definido)
[GVS IDX] epoch 1 anuncia server_idx=[]
[GVS] rma_setup: epoch 1 arrived, 0/0 slots in flight -> install now
[GUSTO CFG] pool efectivo: slots=2 cap=1.1 MiB shadow=no total=2.1 MiB (sin presupuesto definido)
[GVS] rx_pool: releasing superseded slot (81920 B host, retired at epoch 3, peer acked 0)
[GVS] rx_pool: releasing superseded slot (81920 B host, retired at epoch 3, peer acked 0)
[GVS IDX] epoch 2 anuncia server_idx=[1,2]
[GVS] rma_setup: epoch 2 arrived, 0/0 slots in flight -> install now
[GUSTO CFG] pool efectivo: slots=2 cap=0.1 MiB shadow=no total=0.2 MiB (sin presupuesto definido)
[GUSTO CFG] pool efectivo: slots=2 cap=0.1 MiB shadow=no total=0.2 MiB (sin presupuesto definido)
[GUSTO CFG] pool efectivo: slots=2 cap=2.1 MiB shadow=no total=4.1 MiB (sin presupuesto definido)
[GVS] rx_pool: releasing superseded slot (98304 B host, retired at epoch 4, peer acked 0)
[GVS] rx_pool: releasing superseded slot (98304 B host, retired at epoch 4, peer acked 0)
[GUSTO CFG] pool efectivo: slots=2 cap=0.6 MiB shadow=no total=1.1 MiB (sin presupuesto definido)
[GUSTO CFG] pool efectivo: slots=2 cap=1.1 MiB shadow=no total=2.1 MiB (sin presupuesto definido)
[GVS] rx_pool: releasing superseded slot (81920 B host, retired at epoch 3, peer acked 0)
[GVS] rx_pool: releasing superseded slot (81920 B host, retired at epoch 3, peer acked 0)
[GUSTO CFG] pool efectivo: slots=2 cap=4.1 MiB shadow=no total=8.1 MiB (sin presupuesto definido)
[GVS] rx_pool: releasing superseded slot (589824 B host, retired at epoch 5, peer acked 0)
[GVS] rx_pool: releasing superseded slot (589824 B host, retired at epoch 5, peer acked 0)
[GUSTO CFG] pool efectivo: slots=2 cap=2.1 MiB shadow=no total=4.1 MiB (sin presupuesto definido)
[GVS] rx_pool: releasing superseded slot (98304 B host, retired at epoch 4, peer acked 0)
[GVS] rx_pool: releasing superseded slot (98304 B host, retired at epoch 4, peer acked 0)
[GVS IDX] epoch 1 anuncia server_idx=[]
[GVS] rma_setup: epoch 1 arrived, 0/0 slots in flight -> install now
[GUSTO CFG] pool efectivo: slots=2 cap=4.1 MiB shadow=no total=8.1 MiB (sin presupuesto definido)
[GVS] rx_pool: releasing superseded slot (589824 B host, retired at epoch 5, peer acked 0)
[GVS] rx_pool: releasing superseded slot (589824 B host, retired at epoch 5, peer acked 0)
[GVS IDX] epoch 2 anuncia server_idx=[1,2]
[GVS] rma_setup: epoch 2 arrived, 0/0 slots in flight -> install now
[GUSTO CFG] pool efectivo: slots=2 cap=0.1 MiB shadow=no total=0.2 MiB (sin presupuesto definido)
[GUSTO CFG] pool efectivo: slots=2 cap=0.1 MiB shadow=no total=0.2 MiB (sin presupuesto definido)
[GUSTO CFG] pool efectivo: slots=2 cap=0.6 MiB shadow=no total=1.1 MiB (sin presupuesto definido)
[GUSTO CFG] pool efectivo: slots=2 cap=1.1 MiB shadow=no total=2.1 MiB (sin presupuesto definido)
[GVS] rx_pool: releasing superseded slot (81920 B host, retired at epoch 3, peer acked 0)
[GVS] rx_pool: releasing superseded slot (81920 B host, retired at epoch 3, peer acked 0)
[GVS IDX] epoch 2 anuncia server_idx=[1,2]
[GVS] rma_setup: epoch 2 arrived, 0/0 slots in flight -> install now
[GUSTO CFG] pool efectivo: slots=2 cap=2.1 MiB shadow=no total=4.1 MiB (sin presupuesto definido)
[GVS] rx_pool: releasing superseded slot (98304 B host, retired at epoch 4, peer acked 0)
[GVS] rx_pool: releasing superseded slot (98304 B host, retired at epoch 4, peer acked 0)
[GUSTO CFG] pool efectivo: slots=2 cap=4.1 MiB shadow=no total=8.1 MiB (sin presupuesto definido)
[GVS] rx_pool: releasing superseded slot (589824 B host, retired at epoch 5, peer acked 0)
[GVS] rx_pool: releasing superseded slot (589824 B host, retired at epoch 5, peer acked 0)
[GVS IDX] epoch 1 anuncia server_idx=[]
[GVS] rma_setup: epoch 1 arrived, 0/0 slots in flight -> install now
[GVS IDX] epoch 2 anuncia server_idx=[1,2]
[GVS] rma_setup: epoch 2 arrived, 0/0 slots in flight -> install now
[GUSTO CFG] pool efectivo: slots=2 cap=0.1 MiB shadow=no total=0.2 MiB (sin presupuesto definido)
[GUSTO CFG] pool efectivo: slots=2 cap=0.1 MiB shadow=no total=0.2 MiB (sin presupuesto definido)
[GUSTO CFG] pool efectivo: slots=2 cap=0.6 MiB shadow=no total=1.1 MiB (sin presupuesto definido)
[GUSTO CFG] pool efectivo: slots=2 cap=1.1 MiB shadow=no total=2.1 MiB (sin presupuesto definido)
[GVS] rx_pool: releasing superseded slot (81920 B host, retired at epoch 3, peer acked 0)
[GVS] rx_pool: releasing superseded slot (81920 B host, retired at epoch 3, peer acked 0)
[GUSTO CFG] pool efectivo: slots=2 cap=2.1 MiB shadow=no total=4.1 MiB (sin presupuesto definido)
[GVS] rx_pool: releasing superseded slot (98304 B host, retired at epoch 4, peer acked 0)
[GVS] rx_pool: releasing superseded slot (98304 B host, retired at epoch 4, peer acked 0)
[GUSTO CFG] pool efectivo: slots=2 cap=4.1 MiB shadow=no total=8.1 MiB (sin presupuesto definido)
[GVS] rx_pool: releasing superseded slot (589824 B host, retired at epoch 5, peer acked 0)
[GVS] rx_pool: releasing superseded slot (589824 B host, retired at epoch 5, peer acked 0)
[GVS IDX] epoch 2 anuncia server_idx=[1,2]
[GVS] rma_setup: epoch 2 arrived, 0/0 slots in flight -> install now
UCX control-plane connected: Connect (25.25.25.2:32222)
UCX control-plane connected: Connect (25.25.25.2:32222)
UCX control-plane connected: Connect (25.25.25.2:32222)
UCX control-plane connected: Connect (25.25.25.2:32222)
UCX control-plane connected: Connect (25.25.25.2:32222)
UCX control-plane connected: Connect (25.25.25.2:32222)
UCX control-plane connected: Connect (25.25.25.2:32222)
UCX control-plane connected: Connect (25.25.25.2:32222)
CSVROW,pinned_equiv,handle,8,2,18,1,0,none,1459.228
INFO - Using properties file: /opt/GVirtuS/etc/properties_ucx.json
log4cplus:ERROR No appenders could be found for logger (GVirtuS.EndpointFactory).
log4cplus:ERROR Please initialize the log4cplus system properly.
INFO - Parsing endpoint config from: /opt/GVirtuS/etc/properties_ucx.json
INFO - Parsing endpoint config from: /opt/GVirtuS/etc/properties_ucx.json
DEBUG: protocol string is [ucx]
DEBUG: protocol string is [ucx]
DEBUG: protocol string is [ucx]
DEBUG: protocol string is [ucx]
DEBUG: protocol string is [ucx]
DEBUG: protocol string is [ucx]
DEBUG: protocol string is [ucx]
DEBUG: protocol string is [ucx]
[GVS] GPUDirect=disabled (GVIRTUS_GPUDIRECT=1 but probe FAILED: cudaMalloc(4K) failed (no GPU? OOM?)) - falling back to host slots, behavior unchanged
[GVS] GPUDirect=disabled (GVIRTUS_GPUDIRECT=1 but probe FAILED: cudaMalloc(4K) failed (no GPU? OOM?)) - falling back to host slots, behavior unchanged
[GVS] GPUDirect=disabled (GVIRTUS_GPUDIRECT=1 but probe FAILED: cudaMalloc(4K) failed (no GPU? OOM?)) - falling back to host slots, behavior unchanged
[GVS] GPUDirect=disabled (GVIRTUS_GPUDIRECT=1 but probe FAILED: cudaMalloc(4K) failed (no GPU? OOM?)) - falling back to host slots, behavior unchanged
[GVS] GPUDirect=disabled (GVIRTUS_GPUDIRECT=1 but probe FAILED: cudaMalloc(4K) failed (no GPU? OOM?)) - falling back to host slots, behavior unchanged
[GVS] GPUDirect=disabled (GVIRTUS_GPUDIRECT=1 but probe FAILED: cudaMalloc(4K) failed (no GPU? OOM?)) - falling back to host slots, behavior unchanged
[GVS] GPUDirect=disabled (GVIRTUS_GPUDIRECT=1 but probe FAILED: cudaMalloc(4K) failed (no GPU? OOM?)) - falling back to host slots, behavior unchanged
[GVS] GPUDirect=disabled (GVIRTUS_GPUDIRECT=1 but probe FAILED: cudaMalloc(4K) failed (no GPU? OOM?)) - falling back to host slots, behavior unchanged
[GVS IDX] epoch 1 anuncia server_idx=[]
[GVS] rma_setup: epoch 1 arrived, 0/0 slots in flight -> install now
[GUSTO CFG] pool efectivo: slots=2 cap=0.1 MiB shadow=no total=0.2 MiB (sin presupuesto definido)
[GUSTO CFG] pool efectivo: slots=2 cap=0.1 MiB shadow=no total=0.2 MiB (sin presupuesto definido)
[GUSTO CFG] pool efectivo: slots=2 cap=0.6 MiB shadow=no total=1.1 MiB (sin presupuesto definido)
[GUSTO CFG] pool efectivo: slots=2 cap=1.1 MiB shadow=no total=2.1 MiB (sin presupuesto definido)
[GVS] rx_pool: releasing superseded slot (81920 B host, retired at epoch 3, peer acked 0)
[GVS] rx_pool: releasing superseded slot (81920 B host, retired at epoch 3, peer acked 0)
[GUSTO CFG] pool efectivo: slots=2 cap=2.1 MiB shadow=no total=4.1 MiB (sin presupuesto definido)
[GVS] rx_pool: releasing superseded slot (98304 B host, retired at epoch 4, peer acked 0)
[GVS] rx_pool: releasing superseded slot (98304 B host, retired at epoch 4, peer acked 0)
[GUSTO CFG] pool efectivo: slots=2 cap=4.1 MiB shadow=no total=8.1 MiB (sin presupuesto definido)
[GVS] rx_pool: releasing superseded slot (589824 B host, retired at epoch 5, peer acked 0)
[GVS] rx_pool: releasing superseded slot (589824 B host, retired at epoch 5, peer acked 0)
[GVS IDX] epoch 1 anuncia server_idx=[]
[GVS] rma_setup: epoch 1 arrived, 0/0 slots in flight -> install now
[GVS IDX] epoch 2 anuncia server_idx=[1,2]
[GVS] rma_setup: epoch 2 arrived, 0/0 slots in flight -> install now
[GUSTO CFG] pool efectivo: slots=2 cap=0.1 MiB shadow=no total=0.2 MiB (sin presupuesto definido)
[GUSTO CFG] pool efectivo: slots=2 cap=0.1 MiB shadow=no total=0.2 MiB (sin presupuesto definido)
[GUSTO CFG] pool efectivo: slots=2 cap=0.6 MiB shadow=no total=1.1 MiB (sin presupuesto definido)
[GUSTO CFG] pool efectivo: slots=2 cap=1.1 MiB shadow=no total=2.1 MiB (sin presupuesto definido)
[GVS] rx_pool: releasing superseded slot (81920 B host, retired at epoch 3, peer acked 0)
[GVS] rx_pool: releasing superseded slot (81920 B host, retired at epoch 3, peer acked 0)
[GUSTO CFG] pool efectivo: slots=2 cap=2.1 MiB shadow=no total=4.1 MiB (sin presupuesto definido)
[GVS] rx_pool: releasing superseded slot (98304 B host, retired at epoch 4, peer acked 0)
[GVS] rx_pool: releasing superseded slot (98304 B host, retired at epoch 4, peer acked 0)
[GUSTO CFG] pool efectivo: slots=2 cap=4.1 MiB shadow=no total=8.1 MiB (sin presupuesto definido)
[GVS] rx_pool: releasing superseded slot (589824 B host, retired at epoch 5, peer acked 0)
[GVS] rx_pool: releasing superseded slot (589824 B host, retired at epoch 5, peer acked 0)
[GVS IDX] epoch 2 anuncia server_idx=[1,2]
[GVS] rma_setup: epoch 2 arrived, 0/0 slots in flight -> install now
[GVS IDX] epoch 1 anuncia server_idx=[]
[GVS] rma_setup: epoch 1 arrived, 0/0 slots in flight -> install now
[GUSTO CFG] pool efectivo: slots=2 cap=0.1 MiB shadow=no total=0.2 MiB (sin presupuesto definido)
[GUSTO CFG] pool efectivo: slots=2 cap=0.1 MiB shadow=no total=0.2 MiB (sin presupuesto definido)
[GUSTO CFG] pool efectivo: slots=2 cap=0.6 MiB shadow=no total=1.1 MiB (sin presupuesto definido)
[GUSTO CFG] pool efectivo: slots=2 cap=1.1 MiB shadow=no total=2.1 MiB (sin presupuesto definido)
[GVS] rx_pool: releasing superseded slot (81920 B host, retired at epoch 3, peer acked 0)
[GVS] rx_pool: releasing superseded slot (81920 B host, retired at epoch 3, peer acked 0)
[GVS IDX] epoch 1 anuncia server_idx=[]
[GVS] rma_setup: epoch 1 arrived, 0/0 slots in flight -> install now
[GUSTO CFG] pool efectivo: slots=2 cap=2.1 MiB shadow=no total=4.1 MiB (sin presupuesto definido)
[GVS] rx_pool: releasing superseded slot (98304 B host, retired at epoch 4, peer acked 0)
[GVS] rx_pool: releasing superseded slot (98304 B host, retired at epoch 4, peer acked 0)
[GUSTO CFG] pool efectivo: slots=2 cap=0.1 MiB shadow=no total=0.2 MiB (sin presupuesto definido)
[GUSTO CFG] pool efectivo: slots=2 cap=0.1 MiB shadow=no total=0.2 MiB (sin presupuesto definido)
[GUSTO CFG] pool efectivo: slots=2 cap=0.6 MiB shadow=no total=1.1 MiB (sin presupuesto definido)
[GUSTO CFG] pool efectivo: slots=2 cap=4.1 MiB shadow=no total=8.1 MiB (sin presupuesto definido)
[GVS] rx_pool: releasing superseded slot (589824 B host, retired at epoch 5, peer acked 0)
[GVS] rx_pool: releasing superseded slot (589824 B host, retired at epoch 5, peer acked 0)
[GUSTO CFG] pool efectivo: slots=2 cap=1.1 MiB shadow=no total=2.1 MiB (sin presupuesto definido)
[GVS] rx_pool: releasing superseded slot (81920 B host, retired at epoch 3, peer acked 0)
[GVS] rx_pool: releasing superseded slot (81920 B host, retired at epoch 3, peer acked 0)
[GVS IDX] epoch 1 anuncia server_idx=[]
[GVS] rma_setup: epoch 1 arrived, 0/0 slots in flight -> install now
[GVS IDX] epoch 2 anuncia server_idx=[1,2]
[GVS] rma_setup: epoch 2 arrived, 0/0 slots in flight -> install now
[GUSTO CFG] pool efectivo: slots=2 cap=2.1 MiB shadow=no total=4.1 MiB (sin presupuesto definido)
[GVS] rx_pool: releasing superseded slot (98304 B host, retired at epoch 4, peer acked 0)
[GVS] rx_pool: releasing superseded slot (98304 B host, retired at epoch 4, peer acked 0)
[GUSTO CFG] pool efectivo: slots=2 cap=0.1 MiB shadow=no total=0.2 MiB (sin presupuesto definido)
[GUSTO CFG] pool efectivo: slots=2 cap=0.1 MiB shadow=no total=0.2 MiB (sin presupuesto definido)
[GUSTO CFG] pool efectivo: slots=2 cap=0.6 MiB shadow=no total=1.1 MiB (sin presupuesto definido)
[GVS IDX] epoch 1 anuncia server_idx=[]
[GVS] rma_setup: epoch 1 arrived, 0/0 slots in flight -> install now
[GUSTO CFG] pool efectivo: slots=2 cap=4.1 MiB shadow=no total=8.1 MiB (sin presupuesto definido)
[GVS] rx_pool: releasing superseded slot (589824 B host, retired at epoch 5, peer acked 0)
[GVS] rx_pool: releasing superseded slot (589824 B host, retired at epoch 5, peer acked 0)
[GUSTO CFG] pool efectivo: slots=2 cap=1.1 MiB shadow=no total=2.1 MiB (sin presupuesto definido)
[GVS] rx_pool: releasing superseded slot (81920 B host, retired at epoch 3, peer acked 0)
[GVS] rx_pool: releasing superseded slot (81920 B host, retired at epoch 3, peer acked 0)
[GUSTO CFG] pool efectivo: slots=2 cap=0.1 MiB shadow=no total=0.2 MiB (sin presupuesto definido)
[GUSTO CFG] pool efectivo: slots=2 cap=0.1 MiB shadow=no total=0.2 MiB (sin presupuesto definido)
[GUSTO CFG] pool efectivo: slots=2 cap=2.1 MiB shadow=no total=4.1 MiB (sin presupuesto definido)
[GVS] rx_pool: releasing superseded slot (98304 B host, retired at epoch 4, peer acked 0)
[GVS] rx_pool: releasing superseded slot (98304 B host, retired at epoch 4, peer acked 0)
[GUSTO CFG] pool efectivo: slots=2 cap=0.6 MiB shadow=no total=1.1 MiB (sin presupuesto definido)
[GVS IDX] epoch 2 anuncia server_idx=[1,2]
[GVS] rma_setup: epoch 2 arrived, 0/0 slots in flight -> install now
[GUSTO CFG] pool efectivo: slots=2 cap=1.1 MiB shadow=no total=2.1 MiB (sin presupuesto definido)
[GVS] rx_pool: releasing superseded slot (81920 B host, retired at epoch 3, peer acked 0)
[GVS] rx_pool: releasing superseded slot (81920 B host, retired at epoch 3, peer acked 0)
[GUSTO CFG] pool efectivo: slots=2 cap=4.1 MiB shadow=no total=8.1 MiB (sin presupuesto definido)
[GVS] rx_pool: releasing superseded slot (589824 B host, retired at epoch 5, peer acked 0)
[GVS] rx_pool: releasing superseded slot (589824 B host, retired at epoch 5, peer acked 0)
[GUSTO CFG] pool efectivo: slots=2 cap=2.1 MiB shadow=no total=4.1 MiB (sin presupuesto definido)
[GVS] rx_pool: releasing superseded slot (98304 B host, retired at epoch 4, peer acked 0)
[GVS] rx_pool: releasing superseded slot (98304 B host, retired at epoch 4, peer acked 0)
[GVS IDX] epoch 1 anuncia server_idx=[]
[GVS] rma_setup: epoch 1 arrived, 0/0 slots in flight -> install now
[GVS IDX] epoch 2 anuncia server_idx=[1,2]
[GVS] rma_setup: epoch 2 arrived, 0/0 slots in flight -> install now
[GUSTO CFG] pool efectivo: slots=2 cap=4.1 MiB shadow=no total=8.1 MiB (sin presupuesto definido)
[GVS] rx_pool: releasing superseded slot (589824 B host, retired at epoch 5, peer acked 0)
[GVS] rx_pool: releasing superseded slot (589824 B host, retired at epoch 5, peer acked 0)
[GUSTO CFG] pool efectivo: slots=2 cap=0.1 MiB shadow=no total=0.2 MiB (sin presupuesto definido)
[GUSTO CFG] pool efectivo: slots=2 cap=0.1 MiB shadow=no total=0.2 MiB (sin presupuesto definido)
[GUSTO CFG] pool efectivo: slots=2 cap=0.6 MiB shadow=no total=1.1 MiB (sin presupuesto definido)
[GUSTO CFG] pool efectivo: slots=2 cap=1.1 MiB shadow=no total=2.1 MiB (sin presupuesto definido)
[GVS] rx_pool: releasing superseded slot (81920 B host, retired at epoch 3, peer acked 0)
[GVS] rx_pool: releasing superseded slot (81920 B host, retired at epoch 3, peer acked 0)
[GVS IDX] epoch 2 anuncia server_idx=[1,2]
[GVS] rma_setup: epoch 2 arrived, 0/0 slots in flight -> install now
[GUSTO CFG] pool efectivo: slots=2 cap=2.1 MiB shadow=no total=4.1 MiB (sin presupuesto definido)
[GVS] rx_pool: releasing superseded slot (98304 B host, retired at epoch 4, peer acked 0)
[GVS] rx_pool: releasing superseded slot (98304 B host, retired at epoch 4, peer acked 0)
[GUSTO CFG] pool efectivo: slots=2 cap=4.1 MiB shadow=no total=8.1 MiB (sin presupuesto definido)
[GVS] rx_pool: releasing superseded slot (589824 B host, retired at epoch 5, peer acked 0)
[GVS] rx_pool: releasing superseded slot (589824 B host, retired at epoch 5, peer acked 0)
[GVS IDX] epoch 1 anuncia server_idx=[]
[GVS] rma_setup: epoch 1 arrived, 0/0 slots in flight -> install now
[GVS IDX] epoch 2 anuncia server_idx=[1,2]
[GVS] rma_setup: epoch 2 arrived, 0/0 slots in flight -> install now
[GUSTO CFG] pool efectivo: slots=2 cap=0.1 MiB shadow=no total=0.2 MiB (sin presupuesto definido)
[GUSTO CFG] pool efectivo: slots=2 cap=0.1 MiB shadow=no total=0.2 MiB (sin presupuesto definido)
[GUSTO CFG] pool efectivo: slots=2 cap=0.6 MiB shadow=no total=1.1 MiB (sin presupuesto definido)
[GUSTO CFG] pool efectivo: slots=2 cap=1.1 MiB shadow=no total=2.1 MiB (sin presupuesto definido)
[GVS] rx_pool: releasing superseded slot (81920 B host, retired at epoch 3, peer acked 0)
[GVS] rx_pool: releasing superseded slot (81920 B host, retired at epoch 3, peer acked 0)
[GUSTO CFG] pool efectivo: slots=2 cap=2.1 MiB shadow=no total=4.1 MiB (sin presupuesto definido)
[GVS] rx_pool: releasing superseded slot (98304 B host, retired at epoch 4, peer acked 0)
[GVS] rx_pool: releasing superseded slot (98304 B host, retired at epoch 4, peer acked 0)
[GUSTO CFG] pool efectivo: slots=2 cap=4.1 MiB shadow=no total=8.1 MiB (sin presupuesto definido)
[GVS] rx_pool: releasing superseded slot (589824 B host, retired at epoch 5, peer acked 0)
[GVS] rx_pool: releasing superseded slot (589824 B host, retired at epoch 5, peer acked 0)
[GVS IDX] epoch 2 anuncia server_idx=[1,2]
[GVS] rma_setup: epoch 2 arrived, 0/0 slots in flight -> install now
UCX control-plane connected: Connect (25.25.25.2:32222)
UCX control-plane connected: Connect (25.25.25.2:32222)
UCX control-plane connected: Connect (25.25.25.2:32222)
UCX control-plane connected: Connect (25.25.25.2:32222)
UCX control-plane connected: Connect (25.25.25.2:32222)
UCX control-plane connected: Connect (25.25.25.2:32222)
UCX control-plane connected: Connect (25.25.25.2:32222)
UCX control-plane connected: Connect (25.25.25.2:32222)
CSVROW,d2d_fidelity,handle,8,2,18,1,0,none,1666.356
INFO - Parsing endpoint config from: /opt/GVirtuS/etc/properties_ucx.json
DEBUG: protocol string is [ucx]
DEBUG: protocol string is [ucx]
DEBUG: protocol string is [ucx]
DEBUG: protocol string is [ucx]
DEBUG: protocol string is [ucx]
DEBUG: protocol string is [ucx]
DEBUG: protocol string is [ucx]
DEBUG: protocol string is [ucx]
[GVS] GPUDirect=disabled (GVIRTUS_GPUDIRECT=1 but probe FAILED: cudaMalloc(4K) failed (no GPU? OOM?)) - falling back to host slots, behavior unchanged
[GVS] GPUDirect=disabled (GVIRTUS_GPUDIRECT=1 but probe FAILED: cudaMalloc(4K) failed (no GPU? OOM?)) - falling back to host slots, behavior unchanged
[GVS] GPUDirect=disabled (GVIRTUS_GPUDIRECT=1 but probe FAILED: cudaMalloc(4K) failed (no GPU? OOM?)) - falling back to host slots, behavior unchanged
[GVS] GPUDirect=disabled (GVIRTUS_GPUDIRECT=1 but probe FAILED: cudaMalloc(4K) failed (no GPU? OOM?)) - falling back to host slots, behavior unchanged
[GVS] GPUDirect=disabled (GVIRTUS_GPUDIRECT=1 but probe FAILED: cudaMalloc(4K) failed (no GPU? OOM?)) - falling back to host slots, behavior unchanged
[GVS] GPUDirect=disabled (GVIRTUS_GPUDIRECT=1 but probe FAILED: cudaMalloc(4K) failed (no GPU? OOM?)) - falling back to host slots, behavior unchanged
[GVS] GPUDirect=disabled (GVIRTUS_GPUDIRECT=1 but probe FAILED: cudaMalloc(4K) failed (no GPU? OOM?)) - falling back to host slots, behavior unchanged
[GVS] GPUDirect=disabled (GVIRTUS_GPUDIRECT=1 but probe FAILED: cudaMalloc(4K) failed (no GPU? OOM?)) - falling back to host slots, behavior unchanged
[GVS IDX] epoch 1 anuncia server_idx=[]
[GVS] rma_setup: epoch 1 arrived, 0/0 slots in flight -> install now
[GUSTO CFG] pool efectivo: slots=2 cap=1.1 MiB shadow=no total=2.1 MiB (sin presupuesto definido)
[GVS IDX] epoch 1 anuncia server_idx=[]
[GVS] rma_setup: epoch 1 arrived, 0/0 slots in flight -> install now
[GVS IDX] epoch 1 anuncia server_idx=[]
[GVS] rma_setup: epoch 1 arrived, 0/0 slots in flight -> install now
[GVS IDX] epoch 1 anuncia server_idx=[]
[GVS] rma_setup: epoch 1 arrived, 0/0 slots in flight -> install now
[GUSTO CFG] pool efectivo: slots=2 cap=1.1 MiB shadow=no total=2.1 MiB (sin presupuesto definido)
[GUSTO CFG] pool efectivo: slots=2 cap=1.1 MiB shadow=no total=2.1 MiB (sin presupuesto definido)
[GUSTO CFG] pool efectivo: slots=2 cap=1.1 MiB shadow=no total=2.1 MiB (sin presupuesto definido)
[GVS IDX] epoch 1 anuncia server_idx=[]
[GVS] rma_setup: epoch 1 arrived, 0/0 slots in flight -> install now
[GUSTO CFG] pool efectivo: slots=2 cap=1.1 MiB shadow=no total=2.1 MiB (sin presupuesto definido)
[GVS IDX] epoch 1 anuncia server_idx=[]
[GVS] rma_setup: epoch 1 arrived, 0/0 slots in flight -> install now
[GUSTO CFG] pool efectivo: slots=2 cap=1.1 MiB shadow=no total=2.1 MiB (sin presupuesto definido)
[GVS IDX] epoch 1 anuncia server_idx=[]
[GVS] rma_setup: epoch 1 arrived, 0/0 slots in flight -> install now
[GUSTO CFG] pool efectivo: slots=2 cap=1.1 MiB shadow=no total=2.1 MiB (sin presupuesto definido)
[GVS IDX] epoch 1 anuncia server_idx=[]
[GVS] rma_setup: epoch 1 arrived, 0/0 slots in flight -> install now
[GUSTO CFG] pool efectivo: slots=2 cap=1.1 MiB shadow=no total=2.1 MiB (sin presupuesto definido)
UCX control-plane connected: Connect (25.25.25.2:32222)
UCX control-plane connected: Connect (25.25.25.2:32222)
UCX control-plane connected: Connect (25.25.25.2:32222)
UCX control-plane connected: Connect (25.25.25.2:32222)
UCX control-plane connected: Connect (25.25.25.2:32222)
UCX control-plane connected: Connect (25.25.25.2:32222)
UCX control-plane connected: Connect (25.25.25.2:32222)
UCX control-plane connected: Connect (25.25.25.2:32222)
CSVROW,memset_ordered,handle,8,2,18,1,0,none,1535.759
INFO - Parsing endpoint config from: /opt/GVirtuS/etc/properties_ucx.json
INFO - Parsing endpoint config from: /opt/GVirtuS/etc/properties_ucx.json
INFO - Parsing endpoint config from: /opt/GVirtuS/etc/properties_ucx.json
DEBUG - Full JSON dump:
{
    "communicator": [
        {
            "endpoint": {
                "port": "32222",
                "protocol": "ucx",
                "server_address": "25.25.25.2",
                "suite": "ucx"
            },
            "plugins": [
                "cuda",
                "cudart",
                "cublas",
                "curand",
                "cudnn",
                "cufft",
                "cusolver",
                "cusparse",
                "nvrtc",
                "nvml"
            ]
        }
    ],
    "secure_application": false
}
DEBUG: protocol string is [ucx]
DEBUG: protocol string is [ucx]
DEBUG: protocol string is [ucx]
DEBUG: protocol string is [ucx]
DEBUG: protocol string is [ucx]
DEBUG: protocol string is [ucx]
DEBUG: protocol string is [ucx]
DEBUG: protocol string is [ucx]
[GVS] GPUDirect=disabled (GVIRTUS_GPUDIRECT=1 but probe FAILED: cudaMalloc(4K) failed (no GPU? OOM?)) - falling back to host slots, behavior unchanged
[GVS] GPUDirect=disabled (GVIRTUS_GPUDIRECT=1 but probe FAILED: cudaMalloc(4K) failed (no GPU? OOM?)) - falling back to host slots, behavior unchanged
[GVS] GPUDirect=disabled (GVIRTUS_GPUDIRECT=1 but probe FAILED: cudaMalloc(4K) failed (no GPU? OOM?)) - falling back to host slots, behavior unchanged
[GVS] GPUDirect=disabled (GVIRTUS_GPUDIRECT=1 but probe FAILED: cudaMalloc(4K) failed (no GPU? OOM?)) - falling back to host slots, behavior unchanged
[GVS] GPUDirect=disabled (GVIRTUS_GPUDIRECT=1 but probe FAILED: cudaMalloc(4K) failed (no GPU? OOM?)) - falling back to host slots, behavior unchanged
[GVS] GPUDirect=disabled (GVIRTUS_GPUDIRECT=1 but probe FAILED: cudaMalloc(4K) failed (no GPU? OOM?)) - falling back to host slots, behavior unchanged
[GVS] GPUDirect=disabled (GVIRTUS_GPUDIRECT=1 but probe FAILED: cudaMalloc(4K) failed (no GPU? OOM?)) - falling back to host slots, behavior unchanged
[GVS] GPUDirect=disabled (GVIRTUS_GPUDIRECT=1 but probe FAILED: cudaMalloc(4K) failed (no GPU? OOM?)) - falling back to host slots, behavior unchanged
[GVS IDX] epoch 1 anuncia server_idx=[]
[GVS] rma_setup: epoch 1 arrived, 0/0 slots in flight -> install now
[GVS IDX] epoch 1 anuncia server_idx=[]
[GVS] rma_setup: epoch 1 arrived, 0/0 slots in flight -> install now
[GVS IDX] epoch 1 anuncia server_idx=[]
[GVS] rma_setup: epoch 1 arrived, 0/0 slots in flight -> install now
[GVS IDX] epoch 1 anuncia server_idx=[]
[GVS] rma_setup: epoch 1 arrived, 0/0 slots in flight -> install now
[GVS IDX] epoch 1 anuncia server_idx=[]
[GVS] rma_setup: epoch 1 arrived, 0/0 slots in flight -> install now
[GVS IDX] epoch 1 anuncia server_idx=[]
[GVS] rma_setup: epoch 1 arrived, 0/0 slots in flight -> install now
[GVS IDX] epoch 1 anuncia server_idx=[]
[GVS] rma_setup: epoch 1 arrived, 0/0 slots in flight -> install now
[GVS IDX] epoch 1 anuncia server_idx=[]
[GVS] rma_setup: epoch 1 arrived, 0/0 slots in flight -> install now
UCX control-plane connected: Connect (25.25.25.2:32222)
UCX control-plane connected: Connect (25.25.25.2:32222)
UCX control-plane connected: Connect (25.25.25.2:32222)
UCX control-plane connected: Connect (25.25.25.2:32222)
UCX control-plane connected: Connect (25.25.25.2:32222)
UCX control-plane connected: Connect (25.25.25.2:32222)
UCX control-plane connected: Connect (25.25.25.2:32222)
UCX control-plane connected: Connect (25.25.25.2:32222)
CSVROW,event_query,handle,8,2,10,1,0,none,1467.351
INFO - Parsing endpoint config from: /opt/GVirtuS/etc/properties_ucx.json
INFO - Parsing endpoint config from: /opt/GVirtuS/etc/properties_ucx.json
INFO - Parsing endpoint config from: /opt/GVirtuS/etc/properties_ucx.json
DEBUG - Full JSON dump:
{
    "communicator": [
        {
            "endpoint": {
                "port": "32222",
                "protocol": "ucx",
                "server_address": "25.25.25.2",
                "suite": "ucx"
            },
            "plugins": [
                "cuda",
                "cudart",
                "cublas",
                "curand",
                "cudnn",
                "cufft",
                "cusolver",
                "cusparse",
                "nvrtc",
                "nvml"
            ]
        }
    ],
    "secure_application": false
}
INFO - Parsed endpoint suite: ucx
DEBUG: protocol string is [ucx]
DEBUG: protocol string is [ucx]
DEBUG: protocol string is [ucx]
DEBUG: protocol string is [ucx]
DEBUG: protocol string is [ucx]
DEBUG: protocol string is [ucx]
DEBUG: protocol string is [ucx]
DEBUG: protocol string is [ucx]
[GVS] GPUDirect=disabled (GVIRTUS_GPUDIRECT=1 but probe FAILED: cudaMalloc(4K) failed (no GPU? OOM?)) - falling back to host slots, behavior unchanged
[GVS] GPUDirect=disabled (GVIRTUS_GPUDIRECT=1 but probe FAILED: cudaMalloc(4K) failed (no GPU? OOM?)) - falling back to host slots, behavior unchanged
[GVS] GPUDirect=disabled (GVIRTUS_GPUDIRECT=1 but probe FAILED: cudaMalloc(4K) failed (no GPU? OOM?)) - falling back to host slots, behavior unchanged
[GVS] GPUDirect=disabled (GVIRTUS_GPUDIRECT=1 but probe FAILED: cudaMalloc(4K) failed (no GPU? OOM?)) - falling back to host slots, behavior unchanged
[GVS] GPUDirect=disabled (GVIRTUS_GPUDIRECT=1 but probe FAILED: cudaMalloc(4K) failed (no GPU? OOM?)) - falling back to host slots, behavior unchanged
[GVS] GPUDirect=disabled (GVIRTUS_GPUDIRECT=1 but probe FAILED: cudaMalloc(4K) failed (no GPU? OOM?)) - falling back to host slots, behavior unchanged
[GVS] GPUDirect=disabled (GVIRTUS_GPUDIRECT=1 but probe FAILED: cudaMalloc(4K) failed (no GPU? OOM?)) - falling back to host slots, behavior unchanged
[GVS] GPUDirect=disabled (GVIRTUS_GPUDIRECT=1 but probe FAILED: cudaMalloc(4K) failed (no GPU? OOM?)) - falling back to host slots, behavior unchanged
[GVS IDX] epoch 1 anuncia server_idx=[]
[GVS] rma_setup: epoch 1 arrived, 0/0 slots in flight -> install now
[GVS IDX] epoch 1 anuncia server_idx=[]
[GVS] rma_setup: epoch 1 arrived, 0/0 slots in flight -> install now
[GVS IDX] epoch 1 anuncia server_idx=[]
[GVS] rma_setup: epoch 1 arrived, 0/0 slots in flight -> install now
[GVS IDX] epoch 1 anuncia server_idx=[]
[GVS] rma_setup: epoch 1 arrived, 0/0 slots in flight -> install now
[GVS IDX] epoch 1 anuncia server_idx=[]
[GVS] rma_setup: epoch 1 arrived, 0/0 slots in flight -> install now
[GVS IDX] epoch 1 anuncia server_idx=[]
[GVS] rma_setup: epoch 1 arrived, 0/0 slots in flight -> install now
[GVS IDX] epoch 1 anuncia server_idx=[]
[GVS] rma_setup: epoch 1 arrived, 0/0 slots in flight -> install now
[GVS IDX] epoch 1 anuncia server_idx=[]
[GVS] rma_setup: epoch 1 arrived, 0/0 slots in flight -> install now
UCX control-plane connected: Connect (25.25.25.2:32222)
UCX control-plane connected: Connect (25.25.25.2:32222)
UCX control-plane connected: Connect (25.25.25.2:32222)
UCX control-plane connected: Connect (25.25.25.2:32222)
UCX control-plane connected: Connect (25.25.25.2:32222)
UCX control-plane connected: Connect (25.25.25.2:32222)
UCX control-plane connected: Connect (25.25.25.2:32222)
UCX control-plane connected: Connect (25.25.25.2:32222)
CSVROW,error_sticky,handle,8,2,18,1,0,none,1344.923
GUSTO_METRIC tag=periodic slots_total=0 peak_inflight=0 avg_inflight=0.000 peak_waiters=0 reservations=0 waited=0 wait_us_avg=0.00 admit_rma=0 admit_am=4 rma_pct=0.00 rma_fellback=0 decline_capacity=0 decline_timeout=0 decline_swap=0 decline_epfail=0 ack_sent=0 ack_gen_mismatch=0 ack_on_free=0 ack_applied=0 ack_held=0 ack_released=0 ack_epoch_dropped=0 parked=0
[GVS] rma teardown: acks descartados por epoch=0, advertisements aparcadas=0
GUSTO_METRIC tag=teardown slots_total=0 peak_inflight=0 avg_inflight=0.000 peak_waiters=0 reservations=0 waited=0 wait_us_avg=0.00 admit_rma=0 admit_am=4 rma_pct=0.00 rma_fellback=0 decline_capacity=0 decline_timeout=0 decline_swap=0 decline_epfail=0 ack_sent=0 ack_gen_mismatch=0 ack_on_free=0 ack_applied=0 ack_held=0 ack_released=0 ack_epoch_dropped=0 parked=0
[GVS] rma coste: reservas=9 (esperaron 0) media=0.15us | cache de registro: aciertos=0 fallos=96 (0.0%) | acks enviados=0 media=0.00us | acks con generacion desajustada=0
[GVS] rma teardown: acks descartados por epoch=0, advertisements aparcadas=0
GUSTO_METRIC tag=teardown slots_total=2 peak_inflight=1 avg_inflight=0.114 peak_waiters=0 reservations=9 waited=0 wait_us_avg=0.15 admit_rma=9 admit_am=63 rma_pct=12.50 rma_fellback=7 decline_capacity=0 decline_timeout=0 decline_swap=0 decline_epfail=0 ack_sent=0 ack_gen_mismatch=0 ack_on_free=0 ack_applied=9 ack_held=0 ack_released=0 ack_epoch_dropped=0 parked=0
[GVS] rma coste: reservas=9 (esperaron 0) media=0.18us | cache de registro: aciertos=0 fallos=96 (0.0%) | acks enviados=0 media=0.00us | acks con generacion desajustada=0
[GVS] rma teardown: acks descartados por epoch=0, advertisements aparcadas=0
GUSTO_METRIC tag=teardown slots_total=2 peak_inflight=1 avg_inflight=0.230 peak_waiters=0 reservations=9 waited=0 wait_us_avg=0.18 admit_rma=9 admit_am=63 rma_pct=12.50 rma_fellback=7 decline_capacity=0 decline_timeout=0 decline_swap=0 decline_epfail=0 ack_sent=0 ack_gen_mismatch=0 ack_on_free=0 ack_applied=9 ack_held=0 ack_released=0 ack_epoch_dropped=0 parked=0
[GVS] rma coste: reservas=9 (esperaron 0) media=0.13us | cache de registro: aciertos=0 fallos=96 (0.0%) | acks enviados=0 media=0.00us | acks con generacion desajustada=0
[GVS] rma teardown: acks descartados por epoch=0, advertisements aparcadas=0
GUSTO_METRIC tag=teardown slots_total=2 peak_inflight=1 avg_inflight=0.222 peak_waiters=0 reservations=9 waited=0 wait_us_avg=0.13 admit_rma=9 admit_am=63 rma_pct=12.50 rma_fellback=7 decline_capacity=0 decline_timeout=0 decline_swap=0 decline_epfail=0 ack_sent=0 ack_gen_mismatch=0 ack_on_free=0 ack_applied=9 ack_held=0 ack_released=0 ack_epoch_dropped=0 parked=0
[GVS] rma coste: reservas=9 (esperaron 0) media=0.15us | cache de registro: aciertos=0 fallos=96 (0.0%) | acks enviados=0 media=0.00us | acks con generacion desajustada=0
[GVS] rma teardown: acks descartados por epoch=0, advertisements aparcadas=0
GUSTO_METRIC tag=teardown slots_total=2 peak_inflight=1 avg_inflight=0.299 peak_waiters=0 reservations=9 waited=0 wait_us_avg=0.15 admit_rma=9 admit_am=63 rma_pct=12.50 rma_fellback=7 decline_capacity=0 decline_timeout=0 decline_swap=0 decline_epfail=0 ack_sent=0 ack_gen_mismatch=0 ack_on_free=0 ack_applied=9 ack_held=0 ack_released=0 ack_epoch_dropped=0 parked=0
[GVS] rma coste: reservas=9 (esperaron 0) media=0.15us | cache de registro: aciertos=0 fallos=96 (0.0%) | acks enviados=0 media=0.00us | acks con generacion desajustada=0
[GVS] rma teardown: acks descartados por epoch=0, advertisements aparcadas=0
GUSTO_METRIC tag=teardown slots_total=2 peak_inflight=1 avg_inflight=0.303 peak_waiters=0 reservations=9 waited=0 wait_us_avg=0.15 admit_rma=9 admit_am=63 rma_pct=12.50 rma_fellback=7 decline_capacity=0 decline_timeout=0 decline_swap=0 decline_epfail=0 ack_sent=0 ack_gen_mismatch=0 ack_on_free=0 ack_applied=9 ack_held=0 ack_released=0 ack_epoch_dropped=0 parked=0
[GVS] rma coste: reservas=9 (esperaron 0) media=0.19us | cache de registro: aciertos=0 fallos=96 (0.0%) | acks enviados=0 media=0.00us | acks con generacion desajustada=0
[GVS] rma teardown: acks descartados por epoch=0, advertisements aparcadas=0
GUSTO_METRIC tag=teardown slots_total=2 peak_inflight=1 avg_inflight=0.737 peak_waiters=0 reservations=9 waited=0 wait_us_avg=0.19 admit_rma=9 admit_am=63 rma_pct=12.50 rma_fellback=7 decline_capacity=0 decline_timeout=0 decline_swap=0 decline_epfail=0 ack_sent=0 ack_gen_mismatch=0 ack_on_free=0 ack_applied=9 ack_held=0 ack_released=0 ack_epoch_dropped=0 parked=0
[GVS] rma coste: reservas=9 (esperaron 0) media=0.18us | cache de registro: aciertos=0 fallos=96 (0.0%) | acks enviados=0 media=0.00us | acks con generacion desajustada=0
[GVS] rma teardown: acks descartados por epoch=0, advertisements aparcadas=0
GUSTO_METRIC tag=teardown slots_total=2 peak_inflight=1 avg_inflight=0.172 peak_waiters=0 reservations=9 waited=0 wait_us_avg=0.18 admit_rma=9 admit_am=63 rma_pct=12.50 rma_fellback=7 decline_capacity=0 decline_timeout=0 decline_swap=0 decline_epfail=0 ack_sent=0 ack_gen_mismatch=0 ack_on_free=0 ack_applied=9 ack_held=0 ack_released=0 ack_epoch_dropped=0 parked=0
[GVS] rma coste: reservas=9 (esperaron 0) media=0.11us | cache de registro: aciertos=0 fallos=96 (0.0%) | acks enviados=0 media=0.00us | acks con generacion desajustada=0
[GVS] rma teardown: acks descartados por epoch=0, advertisements aparcadas=0
GUSTO_METRIC tag=teardown slots_total=2 peak_inflight=1 avg_inflight=0.072 peak_waiters=0 reservations=9 waited=0 wait_us_avg=0.11 admit_rma=9 admit_am=63 rma_pct=12.50 rma_fellback=7 decline_capacity=0 decline_timeout=0 decline_swap=0 decline_epfail=0 ack_sent=0 ack_gen_mismatch=0 ack_on_free=0 ack_applied=9 ack_held=0 ack_released=0 ack_epoch_dropped=0 parked=0
[GVS] rma coste: reservas=9 (esperaron 0) media=0.13us | cache de registro: aciertos=0 fallos=96 (0.0%) | acks enviados=0 media=0.00us | acks con generacion desajustada=0
[GVS] rma teardown: acks descartados por epoch=0, advertisements aparcadas=0
GUSTO_METRIC tag=teardown slots_total=2 peak_inflight=1 avg_inflight=0.288 peak_waiters=0 reservations=9 waited=0 wait_us_avg=0.13 admit_rma=9 admit_am=63 rma_pct=12.50 rma_fellback=7 decline_capacity=0 decline_timeout=0 decline_swap=0 decline_epfail=0 ack_sent=0 ack_gen_mismatch=0 ack_on_free=0 ack_applied=9 ack_held=0 ack_released=0 ack_epoch_dropped=0 parked=0
[GVS] rma coste: reservas=9 (esperaron 0) media=0.14us | cache de registro: aciertos=0 fallos=96 (0.0%) | acks enviados=0 media=0.00us | acks con generacion desajustada=0
[GVS] rma teardown: acks descartados por epoch=0, advertisements aparcadas=0
GUSTO_METRIC tag=teardown slots_total=2 peak_inflight=1 avg_inflight=0.183 peak_waiters=0 reservations=9 waited=0 wait_us_avg=0.14 admit_rma=9 admit_am=63 rma_pct=12.50 rma_fellback=7 decline_capacity=0 decline_timeout=0 decline_swap=0 decline_epfail=0 ack_sent=0 ack_gen_mismatch=0 ack_on_free=0 ack_applied=9 ack_held=0 ack_released=0 ack_epoch_dropped=0 parked=0
[GVS] rma coste: reservas=9 (esperaron 0) media=0.10us | cache de registro: aciertos=0 fallos=96 (0.0%) | acks enviados=0 media=0.00us | acks con generacion desajustada=0
[GVS] rma teardown: acks descartados por epoch=0, advertisements aparcadas=0
GUSTO_METRIC tag=teardown slots_total=2 peak_inflight=1 avg_inflight=0.186 peak_waiters=0 reservations=9 waited=0 wait_us_avg=0.10 admit_rma=9 admit_am=63 rma_pct=12.50 rma_fellback=7 decline_capacity=0 decline_timeout=0 decline_swap=0 decline_epfail=0 ack_sent=0 ack_gen_mismatch=0 ack_on_free=0 ack_applied=9 ack_held=0 ack_released=0 ack_epoch_dropped=0 parked=0
[GVS] rma coste: reservas=9 (esperaron 0) media=0.15us | cache de registro: aciertos=0 fallos=96 (0.0%) | acks enviados=0 media=0.00us | acks con generacion desajustada=0
[GVS] rma teardown: acks descartados por epoch=0, advertisements aparcadas=0
GUSTO_METRIC tag=teardown slots_total=2 peak_inflight=1 avg_inflight=0.137 peak_waiters=0 reservations=9 waited=0 wait_us_avg=0.15 admit_rma=9 admit_am=63 rma_pct=12.50 rma_fellback=7 decline_capacity=0 decline_timeout=0 decline_swap=0 decline_epfail=0 ack_sent=0 ack_gen_mismatch=0 ack_on_free=0 ack_applied=9 ack_held=0 ack_released=0 ack_epoch_dropped=0 parked=0
[GVS] rma coste: reservas=9 (esperaron 0) media=0.12us | cache de registro: aciertos=0 fallos=96 (0.0%) | acks enviados=0 media=0.00us | acks con generacion desajustada=0
[GVS] rma teardown: acks descartados por epoch=0, advertisements aparcadas=0
GUSTO_METRIC tag=teardown slots_total=2 peak_inflight=1 avg_inflight=0.044 peak_waiters=0 reservations=9 waited=0 wait_us_avg=0.12 admit_rma=9 admit_am=63 rma_pct=12.50 rma_fellback=7 decline_capacity=0 decline_timeout=0 decline_swap=0 decline_epfail=0 ack_sent=0 ack_gen_mismatch=0 ack_on_free=0 ack_applied=9 ack_held=0 ack_released=0 ack_epoch_dropped=0 parked=0
[GVS] rma coste: reservas=9 (esperaron 0) media=0.15us | cache de registro: aciertos=0 fallos=96 (0.0%) | acks enviados=0 media=0.00us | acks con generacion desajustada=0
[GVS] rma teardown: acks descartados por epoch=0, advertisements aparcadas=0
GUSTO_METRIC tag=teardown slots_total=2 peak_inflight=1 avg_inflight=0.197 peak_waiters=0 reservations=9 waited=0 wait_us_avg=0.15 admit_rma=9 admit_am=63 rma_pct=12.50 rma_fellback=7 decline_capacity=0 decline_timeout=0 decline_swap=0 decline_epfail=0 ack_sent=0 ack_gen_mismatch=0 ack_on_free=0 ack_applied=9 ack_held=0 ack_released=0 ack_epoch_dropped=0 parked=0
[GVS] rma coste: reservas=9 (esperaron 0) media=0.12us | cache de registro: aciertos=0 fallos=96 (0.0%) | acks enviados=0 media=0.00us | acks con generacion desajustada=0
[GVS] rma teardown: acks descartados por epoch=0, advertisements aparcadas=0
GUSTO_METRIC tag=teardown slots_total=2 peak_inflight=1 avg_inflight=0.216 peak_waiters=0 reservations=9 waited=0 wait_us_avg=0.12 admit_rma=9 admit_am=63 rma_pct=12.50 rma_fellback=7 decline_capacity=0 decline_timeout=0 decline_swap=0 decline_epfail=0 ack_sent=0 ack_gen_mismatch=0 ack_on_free=0 ack_applied=9 ack_held=0 ack_released=0 ack_epoch_dropped=0 parked=0
[GVS] rma coste: reservas=9 (esperaron 0) media=0.12us | cache de registro: aciertos=0 fallos=96 (0.0%) | acks enviados=0 media=0.00us | acks con generacion desajustada=0
[GVS] rma teardown: acks descartados por epoch=0, advertisements aparcadas=0
GUSTO_METRIC tag=teardown slots_total=2 peak_inflight=1 avg_inflight=0.370 peak_waiters=0 reservations=9 waited=0 wait_us_avg=0.12 admit_rma=9 admit_am=63 rma_pct=12.50 rma_fellback=7 decline_capacity=0 decline_timeout=0 decline_swap=0 decline_epfail=0 ack_sent=0 ack_gen_mismatch=0 ack_on_free=0 ack_applied=9 ack_held=0 ack_released=0 ack_epoch_dropped=0 parked=0
[GVS] rma coste: reservas=19 (esperaron 0) media=0.08us | cache de registro: aciertos=0 fallos=96 (0.0%) | acks enviados=0 media=0.00us | acks con generacion desajustada=0
[GVS] rma teardown: acks descartados por epoch=0, advertisements aparcadas=0
GUSTO_METRIC tag=teardown slots_total=2 peak_inflight=1 avg_inflight=0.162 peak_waiters=0 reservations=19 waited=0 wait_us_avg=0.08 admit_rma=19 admit_am=107 rma_pct=15.08 rma_fellback=13 decline_capacity=0 decline_timeout=0 decline_swap=0 decline_epfail=0 ack_sent=0 ack_gen_mismatch=0 ack_on_free=0 ack_applied=19 ack_held=0 ack_released=0 ack_epoch_dropped=0 parked=0
[GVS] rma coste: reservas=19 (esperaron 0) media=0.12us | cache de registro: aciertos=0 fallos=96 (0.0%) | acks enviados=0 media=0.00us | acks con generacion desajustada=0
[GVS] rma teardown: acks descartados por epoch=0, advertisements aparcadas=0
GUSTO_METRIC tag=teardown slots_total=2 peak_inflight=1 avg_inflight=0.189 peak_waiters=0 reservations=19 waited=0 wait_us_avg=0.12 admit_rma=19 admit_am=107 rma_pct=15.08 rma_fellback=13 decline_capacity=0 decline_timeout=0 decline_swap=0 decline_epfail=0 ack_sent=0 ack_gen_mismatch=0 ack_on_free=0 ack_applied=19 ack_held=0 ack_released=0 ack_epoch_dropped=0 parked=0
[GVS] rma coste: reservas=19 (esperaron 0) media=0.10us | cache de registro: aciertos=0 fallos=96 (0.0%) | acks enviados=0 media=0.00us | acks con generacion desajustada=0
[GVS] rma teardown: acks descartados por epoch=0, advertisements aparcadas=0
GUSTO_METRIC tag=teardown slots_total=2 peak_inflight=1 avg_inflight=0.279 peak_waiters=0 reservations=19 waited=0 wait_us_avg=0.10 admit_rma=19 admit_am=107 rma_pct=15.08 rma_fellback=13 decline_capacity=0 decline_timeout=0 decline_swap=0 decline_epfail=0 ack_sent=0 ack_gen_mismatch=0 ack_on_free=0 ack_applied=19 ack_held=0 ack_released=0 ack_epoch_dropped=0 parked=0
[GVS] rma coste: reservas=19 (esperaron 0) media=0.10us | cache de registro: aciertos=0 fallos=96 (0.0%) | acks enviados=0 media=0.00us | acks con generacion desajustada=0
[GVS] rma teardown: acks descartados por epoch=0, advertisements aparcadas=0
GUSTO_METRIC tag=teardown slots_total=2 peak_inflight=1 avg_inflight=0.269 peak_waiters=0 reservations=19 waited=0 wait_us_avg=0.10 admit_rma=19 admit_am=107 rma_pct=15.08 rma_fellback=13 decline_capacity=0 decline_timeout=0 decline_swap=0 decline_epfail=0 ack_sent=0 ack_gen_mismatch=0 ack_on_free=0 ack_applied=19 ack_held=0 ack_released=0 ack_epoch_dropped=0 parked=0
[GVS] rma coste: reservas=19 (esperaron 0) media=0.09us | cache de registro: aciertos=0 fallos=96 (0.0%) | acks enviados=0 media=0.00us | acks con generacion desajustada=0
[GVS] rma teardown: acks descartados por epoch=0, advertisements aparcadas=0
GUSTO_METRIC tag=teardown slots_total=2 peak_inflight=1 avg_inflight=0.105 peak_waiters=0 reservations=19 waited=0 wait_us_avg=0.09 admit_rma=19 admit_am=107 rma_pct=15.08 rma_fellback=13 decline_capacity=0 decline_timeout=0 decline_swap=0 decline_epfail=0 ack_sent=0 ack_gen_mismatch=0 ack_on_free=0 ack_applied=19 ack_held=0 ack_released=0 ack_epoch_dropped=0 parked=0
[GVS] rma coste: reservas=19 (esperaron 0) media=0.14us | cache de registro: aciertos=0 fallos=96 (0.0%) | acks enviados=0 media=0.00us | acks con generacion desajustada=0
[GVS] rma teardown: acks descartados por epoch=0, advertisements aparcadas=0
GUSTO_METRIC tag=teardown slots_total=2 peak_inflight=1 avg_inflight=0.209 peak_waiters=0 reservations=19 waited=0 wait_us_avg=0.14 admit_rma=19 admit_am=107 rma_pct=15.08 rma_fellback=13 decline_capacity=0 decline_timeout=0 decline_swap=0 decline_epfail=0 ack_sent=0 ack_gen_mismatch=0 ack_on_free=0 ack_applied=19 ack_held=0 ack_released=0 ack_epoch_dropped=0 parked=0
[GVS] rma coste: reservas=19 (esperaron 0) media=0.13us | cache de registro: aciertos=0 fallos=96 (0.0%) | acks enviados=0 media=0.00us | acks con generacion desajustada=0
[GVS] rma teardown: acks descartados por epoch=0, advertisements aparcadas=0
GUSTO_METRIC tag=teardown slots_total=2 peak_inflight=1 avg_inflight=0.186 peak_waiters=0 reservations=19 waited=0 wait_us_avg=0.13 admit_rma=19 admit_am=107 rma_pct=15.08 rma_fellback=13 decline_capacity=0 decline_timeout=0 decline_swap=0 decline_epfail=0 ack_sent=0 ack_gen_mismatch=0 ack_on_free=0 ack_applied=19 ack_held=0 ack_released=0 ack_epoch_dropped=0 parked=0
[GVS] rma coste: reservas=19 (esperaron 0) media=0.13us | cache de registro: aciertos=0 fallos=96 (0.0%) | acks enviados=0 media=0.00us | acks con generacion desajustada=0
[GVS] rma teardown: acks descartados por epoch=0, advertisements aparcadas=0
GUSTO_METRIC tag=teardown slots_total=2 peak_inflight=1 avg_inflight=0.133 peak_waiters=0 reservations=19 waited=0 wait_us_avg=0.13 admit_rma=19 admit_am=107 rma_pct=15.08 rma_fellback=13 decline_capacity=0 decline_timeout=0 decline_swap=0 decline_epfail=0 ack_sent=0 ack_gen_mismatch=0 ack_on_free=0 ack_applied=19 ack_held=0 ack_released=0 ack_epoch_dropped=0 parked=0
[GVS] rma coste: reservas=9 (esperaron 0) media=0.16us | cache de registro: aciertos=0 fallos=96 (0.0%) | acks enviados=0 media=0.00us | acks con generacion desajustada=0
[GVS] rma teardown: acks descartados por epoch=0, advertisements aparcadas=0
GUSTO_METRIC tag=teardown slots_total=2 peak_inflight=1 avg_inflight=0.865 peak_waiters=0 reservations=9 waited=0 wait_us_avg=0.16 admit_rma=9 admit_am=117 rma_pct=7.14 rma_fellback=7 decline_capacity=0 decline_timeout=0 decline_swap=0 decline_epfail=0 ack_sent=0 ack_gen_mismatch=0 ack_on_free=0 ack_applied=9 ack_held=0 ack_released=0 ack_epoch_dropped=0 parked=0
[GVS] rma coste: reservas=9 (esperaron 0) media=0.18us | cache de registro: aciertos=0 fallos=96 (0.0%) | acks enviados=0 media=0.00us | acks con generacion desajustada=0
[GVS] rma teardown: acks descartados por epoch=0, advertisements aparcadas=0
GUSTO_METRIC tag=teardown slots_total=2 peak_inflight=1 avg_inflight=0.182 peak_waiters=0 reservations=9 waited=0 wait_us_avg=0.18 admit_rma=9 admit_am=117 rma_pct=7.14 rma_fellback=7 decline_capacity=0 decline_timeout=0 decline_swap=0 decline_epfail=0 ack_sent=0 ack_gen_mismatch=0 ack_on_free=0 ack_applied=9 ack_held=0 ack_released=0 ack_epoch_dropped=0 parked=0
[GVS] rma coste: reservas=9 (esperaron 0) media=0.13us | cache de registro: aciertos=0 fallos=96 (0.0%) | acks enviados=0 media=0.00us | acks con generacion desajustada=0
[GVS] rma teardown: acks descartados por epoch=0, advertisements aparcadas=0
GUSTO_METRIC tag=teardown slots_total=2 peak_inflight=1 avg_inflight=0.076 peak_waiters=0 reservations=9 waited=0 wait_us_avg=0.13 admit_rma=9 admit_am=117 rma_pct=7.14 rma_fellback=7 decline_capacity=0 decline_timeout=0 decline_swap=0 decline_epfail=0 ack_sent=0 ack_gen_mismatch=0 ack_on_free=0 ack_applied=9 ack_held=0 ack_released=0 ack_epoch_dropped=0 parked=0
[GVS] rma coste: reservas=9 (esperaron 0) media=0.16us | cache de registro: aciertos=0 fallos=96 (0.0%) | acks enviados=0 media=0.00us | acks con generacion desajustada=0
[GVS] rma teardown: acks descartados por epoch=0, advertisements aparcadas=0
GUSTO_METRIC tag=teardown slots_total=2 peak_inflight=1 avg_inflight=0.183 peak_waiters=0 reservations=9 waited=0 wait_us_avg=0.16 admit_rma=9 admit_am=117 rma_pct=7.14 rma_fellback=7 decline_capacity=0 decline_timeout=0 decline_swap=0 decline_epfail=0 ack_sent=0 ack_gen_mismatch=0 ack_on_free=0 ack_applied=9 ack_held=0 ack_released=0 ack_epoch_dropped=0 parked=0
[GVS] rma coste: reservas=9 (esperaron 0) media=0.16us | cache de registro: aciertos=0 fallos=96 (0.0%) | acks enviados=0 media=0.00us | acks con generacion desajustada=0
[GVS] rma teardown: acks descartados por epoch=0, advertisements aparcadas=0
GUSTO_METRIC tag=teardown slots_total=2 peak_inflight=1 avg_inflight=0.710 peak_waiters=0 reservations=9 waited=0 wait_us_avg=0.16 admit_rma=9 admit_am=117 rma_pct=7.14 rma_fellback=7 decline_capacity=0 decline_timeout=0 decline_swap=0 decline_epfail=0 ack_sent=0 ack_gen_mismatch=0 ack_on_free=0 ack_applied=9 ack_held=0 ack_released=0 ack_epoch_dropped=0 parked=0
[GVS] rma coste: reservas=9 (esperaron 0) media=0.15us | cache de registro: aciertos=0 fallos=96 (0.0%) | acks enviados=0 media=0.00us | acks con generacion desajustada=0
[GVS] rma teardown: acks descartados por epoch=0, advertisements aparcadas=0
GUSTO_METRIC tag=teardown slots_total=2 peak_inflight=1 avg_inflight=0.237 peak_waiters=0 reservations=9 waited=0 wait_us_avg=0.15 admit_rma=9 admit_am=117 rma_pct=7.14 rma_fellback=7 decline_capacity=0 decline_timeout=0 decline_swap=0 decline_epfail=0 ack_sent=0 ack_gen_mismatch=0 ack_on_free=0 ack_applied=9 ack_held=0 ack_released=0 ack_epoch_dropped=0 parked=0
[GVS] rma coste: reservas=9 (esperaron 0) media=0.18us | cache de registro: aciertos=0 fallos=96 (0.0%) | acks enviados=0 media=0.00us | acks con generacion desajustada=0
[GVS] rma teardown: acks descartados por epoch=0, advertisements aparcadas=0
GUSTO_METRIC tag=teardown slots_total=2 peak_inflight=1 avg_inflight=0.201 peak_waiters=0 reservations=9 waited=0 wait_us_avg=0.18 admit_rma=9 admit_am=117 rma_pct=7.14 rma_fellback=7 decline_capacity=0 decline_timeout=0 decline_swap=0 decline_epfail=0 ack_sent=0 ack_gen_mismatch=0 ack_on_free=0 ack_applied=9 ack_held=0 ack_released=0 ack_epoch_dropped=0 parked=0
[GVS] rma coste: reservas=9 (esperaron 0) media=0.15us | cache de registro: aciertos=0 fallos=96 (0.0%) | acks enviados=0 media=0.00us | acks con generacion desajustada=0
[GVS] rma teardown: acks descartados por epoch=0, advertisements aparcadas=0
GUSTO_METRIC tag=teardown slots_total=2 peak_inflight=1 avg_inflight=0.287 peak_waiters=0 reservations=9 waited=0 wait_us_avg=0.15 admit_rma=9 admit_am=117 rma_pct=7.14 rma_fellback=7 decline_capacity=0 decline_timeout=0 decline_swap=0 decline_epfail=0 ack_sent=0 ack_gen_mismatch=0 ack_on_free=0 ack_applied=9 ack_held=0 ack_released=0 ack_epoch_dropped=0 parked=0
[GVS] rma teardown: acks descartados por epoch=0, advertisements aparcadas=0
GUSTO_METRIC tag=teardown slots_total=0 peak_inflight=0 avg_inflight=0.000 peak_waiters=0 reservations=0 waited=0 wait_us_avg=0.00 admit_rma=0 admit_am=144 rma_pct=0.00 rma_fellback=0 decline_capacity=0 decline_timeout=0 decline_swap=0 decline_epfail=0 ack_sent=0 ack_gen_mismatch=0 ack_on_free=0 ack_applied=0 ack_held=0 ack_released=0 ack_epoch_dropped=0 parked=0
[GVS] rma teardown: acks descartados por epoch=0, advertisements aparcadas=0
GUSTO_METRIC tag=teardown slots_total=0 peak_inflight=0 avg_inflight=0.000 peak_waiters=0 reservations=0 waited=0 wait_us_avg=0.00 admit_rma=0 admit_am=144 rma_pct=0.00 rma_fellback=0 decline_capacity=0 decline_timeout=0 decline_swap=0 decline_epfail=0 ack_sent=0 ack_gen_mismatch=0 ack_on_free=0 ack_applied=0 ack_held=0 ack_released=0 ack_epoch_dropped=0 parked=0
[GVS] rma teardown: acks descartados por epoch=0, advertisements aparcadas=0
GUSTO_METRIC tag=teardown slots_total=0 peak_inflight=0 avg_inflight=0.000 peak_waiters=0 reservations=0 waited=0 wait_us_avg=0.00 admit_rma=0 admit_am=144 rma_pct=0.00 rma_fellback=0 decline_capacity=0 decline_timeout=0 decline_swap=0 decline_epfail=0 ack_sent=0 ack_gen_mismatch=0 ack_on_free=0 ack_applied=0 ack_held=0 ack_released=0 ack_epoch_dropped=0 parked=0
[GVS] rma teardown: acks descartados por epoch=0, advertisements aparcadas=0
GUSTO_METRIC tag=teardown slots_total=0 peak_inflight=0 avg_inflight=0.000 peak_waiters=0 reservations=0 waited=0 wait_us_avg=0.00 admit_rma=0 admit_am=144 rma_pct=0.00 rma_fellback=0 decline_capacity=0 decline_timeout=0 decline_swap=0 decline_epfail=0 ack_sent=0 ack_gen_mismatch=0 ack_on_free=0 ack_applied=0 ack_held=0 ack_released=0 ack_epoch_dropped=0 parked=0
[GVS] rma teardown: acks descartados por epoch=0, advertisements aparcadas=0
GUSTO_METRIC tag=teardown slots_total=0 peak_inflight=0 avg_inflight=0.000 peak_waiters=0 reservations=0 waited=0 wait_us_avg=0.00 admit_rma=0 admit_am=144 rma_pct=0.00 rma_fellback=0 decline_capacity=0 decline_timeout=0 decline_swap=0 decline_epfail=0 ack_sent=0 ack_gen_mismatch=0 ack_on_free=0 ack_applied=0 ack_held=0 ack_released=0 ack_epoch_dropped=0 parked=0
[GVS] rma teardown: acks descartados por epoch=0, advertisements aparcadas=0
GUSTO_METRIC tag=teardown slots_total=0 peak_inflight=0 avg_inflight=0.000 peak_waiters=0 reservations=0 waited=0 wait_us_avg=0.00 admit_rma=0 admit_am=144 rma_pct=0.00 rma_fellback=0 decline_capacity=0 decline_timeout=0 decline_swap=0 decline_epfail=0 ack_sent=0 ack_gen_mismatch=0 ack_on_free=0 ack_applied=0 ack_held=0 ack_released=0 ack_epoch_dropped=0 parked=0
[GVS] rma teardown: acks descartados por epoch=0, advertisements aparcadas=0
GUSTO_METRIC tag=teardown slots_total=0 peak_inflight=0 avg_inflight=0.000 peak_waiters=0 reservations=0 waited=0 wait_us_avg=0.00 admit_rma=0 admit_am=144 rma_pct=0.00 rma_fellback=0 decline_capacity=0 decline_timeout=0 decline_swap=0 decline_epfail=0 ack_sent=0 ack_gen_mismatch=0 ack_on_free=0 ack_applied=0 ack_held=0 ack_released=0 ack_epoch_dropped=0 parked=0
[GVS] rma teardown: acks descartados por epoch=0, advertisements aparcadas=0
GUSTO_METRIC tag=teardown slots_total=0 peak_inflight=0 avg_inflight=0.000 peak_waiters=0 reservations=0 waited=0 wait_us_avg=0.00 admit_rma=0 admit_am=144 rma_pct=0.00 rma_fellback=0 decline_capacity=0 decline_timeout=0 decline_swap=0 decline_epfail=0 ack_sent=0 ack_gen_mismatch=0 ack_on_free=0 ack_applied=0 ack_held=0 ack_released=0 ack_epoch_dropped=0 parked=0
[GVS] rma teardown: acks descartados por epoch=0, advertisements aparcadas=0
GUSTO_METRIC tag=teardown slots_total=0 peak_inflight=0 avg_inflight=0.000 peak_waiters=0 reservations=0 waited=0 wait_us_avg=0.00 admit_rma=0 admit_am=540 rma_pct=0.00 rma_fellback=0 decline_capacity=0 decline_timeout=0 decline_swap=0 decline_epfail=0 ack_sent=0 ack_gen_mismatch=0 ack_on_free=0 ack_applied=0 ack_held=0 ack_released=0 ack_epoch_dropped=0 parked=0
[GVS] rma teardown: acks descartados por epoch=0, advertisements aparcadas=0
GUSTO_METRIC tag=teardown slots_total=0 peak_inflight=0 avg_inflight=0.000 peak_waiters=0 reservations=0 waited=0 wait_us_avg=0.00 admit_rma=0 admit_am=540 rma_pct=0.00 rma_fellback=0 decline_capacity=0 decline_timeout=0 decline_swap=0 decline_epfail=0 ack_sent=0 ack_gen_mismatch=0 ack_on_free=0 ack_applied=0 ack_held=0 ack_released=0 ack_epoch_dropped=0 parked=0
[GVS] rma teardown: acks descartados por epoch=0, advertisements aparcadas=0
GUSTO_METRIC tag=teardown slots_total=0 peak_inflight=0 avg_inflight=0.000 peak_waiters=0 reservations=0 waited=0 wait_us_avg=0.00 admit_rma=0 admit_am=540 rma_pct=0.00 rma_fellback=0 decline_capacity=0 decline_timeout=0 decline_swap=0 decline_epfail=0 ack_sent=0 ack_gen_mismatch=0 ack_on_free=0 ack_applied=0 ack_held=0 ack_released=0 ack_epoch_dropped=0 parked=0
[GVS] rma teardown: acks descartados por epoch=0, advertisements aparcadas=0
GUSTO_METRIC tag=teardown slots_total=0 peak_inflight=0 avg_inflight=0.000 peak_waiters=0 reservations=0 waited=0 wait_us_avg=0.00 admit_rma=0 admit_am=540 rma_pct=0.00 rma_fellback=0 decline_capacity=0 decline_timeout=0 decline_swap=0 decline_epfail=0 ack_sent=0 ack_gen_mismatch=0 ack_on_free=0 ack_applied=0 ack_held=0 ack_released=0 ack_epoch_dropped=0 parked=0
[GVS] rma teardown: acks descartados por epoch=0, advertisements aparcadas=0
GUSTO_METRIC tag=teardown slots_total=0 peak_inflight=0 avg_inflight=0.000 peak_waiters=0 reservations=0 waited=0 wait_us_avg=0.00 admit_rma=0 admit_am=540 rma_pct=0.00 rma_fellback=0 decline_capacity=0 decline_timeout=0 decline_swap=0 decline_epfail=0 ack_sent=0 ack_gen_mismatch=0 ack_on_free=0 ack_applied=0 ack_held=0 ack_released=0 ack_epoch_dropped=0 parked=0
[GVS] rma teardown: acks descartados por epoch=0, advertisements aparcadas=0
GUSTO_METRIC tag=teardown slots_total=0 peak_inflight=0 avg_inflight=0.000 peak_waiters=0 reservations=0 waited=0 wait_us_avg=0.00 admit_rma=0 admit_am=540 rma_pct=0.00 rma_fellback=0 decline_capacity=0 decline_timeout=0 decline_swap=0 decline_epfail=0 ack_sent=0 ack_gen_mismatch=0 ack_on_free=0 ack_applied=0 ack_held=0 ack_released=0 ack_epoch_dropped=0 parked=0
[GVS] rma teardown: acks descartados por epoch=0, advertisements aparcadas=0
GUSTO_METRIC tag=teardown slots_total=0 peak_inflight=0 avg_inflight=0.000 peak_waiters=0 reservations=0 waited=0 wait_us_avg=0.00 admit_rma=0 admit_am=540 rma_pct=0.00 rma_fellback=0 decline_capacity=0 decline_timeout=0 decline_swap=0 decline_epfail=0 ack_sent=0 ack_gen_mismatch=0 ack_on_free=0 ack_applied=0 ack_held=0 ack_released=0 ack_epoch_dropped=0 parked=0
[GVS] rma teardown: acks descartados por epoch=0, advertisements aparcadas=0
GUSTO_METRIC tag=teardown slots_total=0 peak_inflight=0 avg_inflight=0.000 peak_waiters=0 reservations=0 waited=0 wait_us_avg=0.00 admit_rma=0 admit_am=540 rma_pct=0.00 rma_fellback=0 decline_capacity=0 decline_timeout=0 decline_swap=0 decline_epfail=0 ack_sent=0 ack_gen_mismatch=0 ack_on_free=0 ack_applied=0 ack_held=0 ack_released=0 ack_epoch_dropped=0 parked=0
[GVS] rma teardown: acks descartados por epoch=0, advertisements aparcadas=0
GUSTO_METRIC tag=teardown slots_total=0 peak_inflight=0 avg_inflight=0.000 peak_waiters=0 reservations=0 waited=0 wait_us_avg=0.00 admit_rma=0 admit_am=18 rma_pct=0.00 rma_fellback=0 decline_capacity=0 decline_timeout=0 decline_swap=0 decline_epfail=0 ack_sent=0 ack_gen_mismatch=0 ack_on_free=0 ack_applied=0 ack_held=0 ack_released=0 ack_epoch_dropped=0 parked=0
[GVS] rma teardown: acks descartados por epoch=0, advertisements aparcadas=0
GUSTO_METRIC tag=teardown slots_total=0 peak_inflight=0 avg_inflight=0.000 peak_waiters=0 reservations=0 waited=0 wait_us_avg=0.00 admit_rma=0 admit_am=18 rma_pct=0.00 rma_fellback=0 decline_capacity=0 decline_timeout=0 decline_swap=0 decline_epfail=0 ack_sent=0 ack_gen_mismatch=0 ack_on_free=0 ack_applied=0 ack_held=0 ack_released=0 ack_epoch_dropped=0 parked=0
[GVS] rma teardown: acks descartados por epoch=0, advertisements aparcadas=0
GUSTO_METRIC tag=teardown slots_total=0 peak_inflight=0 avg_inflight=0.000 peak_waiters=0 reservations=0 waited=0 wait_us_avg=0.00 admit_rma=0 admit_am=18 rma_pct=0.00 rma_fellback=0 decline_capacity=0 decline_timeout=0 decline_swap=0 decline_epfail=0 ack_sent=0 ack_gen_mismatch=0 ack_on_free=0 ack_applied=0 ack_held=0 ack_released=0 ack_epoch_dropped=0 parked=0
[GVS] rma teardown: acks descartados por epoch=0, advertisements aparcadas=0
GUSTO_METRIC tag=teardown slots_total=0 peak_inflight=0 avg_inflight=0.000 peak_waiters=0 reservations=0 waited=0 wait_us_avg=0.00 admit_rma=0 admit_am=18 rma_pct=0.00 rma_fellback=0 decline_capacity=0 decline_timeout=0 decline_swap=0 decline_epfail=0 ack_sent=0 ack_gen_mismatch=0 ack_on_free=0 ack_applied=0 ack_held=0 ack_released=0 ack_epoch_dropped=0 parked=0
[GVS] rma teardown: acks descartados por epoch=0, advertisements aparcadas=0
GUSTO_METRIC tag=teardown slots_total=0 peak_inflight=0 avg_inflight=0.000 peak_waiters=0 reservations=0 waited=0 wait_us_avg=0.00 admit_rma=0 admit_am=18 rma_pct=0.00 rma_fellback=0 decline_capacity=0 decline_timeout=0 decline_swap=0 decline_epfail=0 ack_sent=0 ack_gen_mismatch=0 ack_on_free=0 ack_applied=0 ack_held=0 ack_released=0 ack_epoch_dropped=0 parked=0
[GVS] rma teardown: acks descartados por epoch=0, advertisements aparcadas=0
GUSTO_METRIC tag=teardown slots_total=0 peak_inflight=0 avg_inflight=0.000 peak_waiters=0 reservations=0 waited=0 wait_us_avg=0.00 admit_rma=0 admit_am=18 rma_pct=0.00 rma_fellback=0 decline_capacity=0 decline_timeout=0 decline_swap=0 decline_epfail=0 ack_sent=0 ack_gen_mismatch=0 ack_on_free=0 ack_applied=0 ack_held=0 ack_released=0 ack_epoch_dropped=0 parked=0
[GVS] rma teardown: acks descartados por epoch=0, advertisements aparcadas=0
GUSTO_METRIC tag=teardown slots_total=0 peak_inflight=0 avg_inflight=0.000 peak_waiters=0 reservations=0 waited=0 wait_us_avg=0.00 admit_rma=0 admit_am=18 rma_pct=0.00 rma_fellback=0 decline_capacity=0 decline_timeout=0 decline_swap=0 decline_epfail=0 ack_sent=0 ack_gen_mismatch=0 ack_on_free=0 ack_applied=0 ack_held=0 ack_released=0 ack_epoch_dropped=0 parked=0
[GVS] rma teardown: acks descartados por epoch=0, advertisements aparcadas=0
GUSTO_METRIC tag=teardown slots_total=0 peak_inflight=0 avg_inflight=0.000 peak_waiters=0 reservations=0 waited=0 wait_us_avg=0.00 admit_rma=0 admit_am=18 rma_pct=0.00 rma_fellback=0 decline_capacity=0 decline_timeout=0 decline_swap=0 decline_epfail=0 ack_sent=0 ack_gen_mismatch=0 ack_on_free=0 ack_applied=0 ack_held=0 ack_released=0 ack_epoch_dropped=0 parked=0
