DEBUG: protocol string is [ucx]
[GVS] GPUDirect=disabled (GVIRTUS_GPUDIRECT=1 but probe FAILED: cudaMalloc(4K) failed (no GPU? OOM?)) - falling back to host slots, behavior unchanged
[GVS IDX] epoch 1 advertises server_idx=[]
[GVS] rma_setup: epoch 1 arrived, 0/0 slots in flight -> install now
UCX control-plane connected: Connect (25.25.25.2:32222)
DEBUG: protocol string is [ucx]
[GVS] GPUDirect=disabled (GVIRTUS_GPUDIRECT=1 but probe FAILED: cudaMalloc(4K) failed (no GPU? OOM?)) - falling back to host slots, behavior unchanged
[GVS IDX] epoch 1 advertises server_idx=[]
[GVS] rma_setup: epoch 1 arrived, 0/0 slots in flight -> install now
# variant=ptsz threads=4 iters=18 seed=1 clases=9
UCX control-plane connected: Connect (25.25.25.2:32222)
DEBUG: protocol string is [ucx]
DEBUG: protocol string is [ucx]
DEBUG: protocol string is [ucx]
DEBUG: protocol string is [ucx]
[GVS] GPUDirect=disabled (GVIRTUS_GPUDIRECT=1 but probe FAILED: cudaMalloc(4K) failed (no GPU? OOM?)) - falling back to host slots, behavior unchanged
[GVS] GPUDirect=disabled (GVIRTUS_GPUDIRECT=1 but probe FAILED: cudaMalloc(4K) failed (no GPU? OOM?)) - falling back to host slots, behavior unchanged
[GVS] GPUDirect=disabled (GVIRTUS_GPUDIRECT=1 but probe FAILED: cudaMalloc(4K) failed (no GPU? OOM?)) - falling back to host slots, behavior unchanged
[GVS] GPUDirect=disabled (GVIRTUS_GPUDIRECT=1 but probe FAILED: cudaMalloc(4K) failed (no GPU? OOM?)) - falling back to host slots, behavior unchanged
[GVS IDX] epoch 1 advertises server_idx=[]
[GVS] rma_setup: epoch 1 arrived, 0/0 slots in flight -> install now
[GUSTO CFG] pool efectivo: slots=2 cap=0.1 MiB shadow=no total=0.2 MiB (sin presupuesto definido)
[GUSTO CFG] pool efectivo: slots=2 cap=0.1 MiB shadow=no total=0.2 MiB (sin presupuesto definido)
[GUSTO CFG] pool efectivo: slots=2 cap=0.6 MiB shadow=no total=1.1 MiB (sin presupuesto definido)
[GUSTO CFG] pool efectivo: slots=2 cap=1.1 MiB shadow=no total=2.1 MiB (sin presupuesto definido)
[GVS] rx_pool: releasing superseded slot (81920 B host, retired at epoch 3, peer acked 0)
[GVS] rx_pool: releasing superseded slot (81920 B host, retired at epoch 3, peer acked 0)
[GUSTO CFG] pool efectivo: slots=2 cap=2.1 MiB shadow=no total=4.1 MiB (sin presupuesto definido)
[GVS] rx_pool: releasing superseded slot (98304 B host, retired at epoch 4, peer acked 0)
[GVS] rx_pool: releasing superseded slot (98304 B host, retired at epoch 4, peer acked 0)
[GUSTO CFG] pool efectivo: slots=2 cap=4.1 MiB shadow=no total=8.1 MiB (sin presupuesto definido)
[GVS] rx_pool: releasing superseded slot (589824 B host, retired at epoch 5, peer acked 0)
[GVS] rx_pool: releasing superseded slot (589824 B host, retired at epoch 5, peer acked 0)
[GVS IDX] epoch 2 advertises server_idx=[1,2]
[GVS] rma_setup: epoch 2 arrived, 0/0 slots in flight -> install now
[GVS IDX] epoch 1 advertises server_idx=[]
[GVS] rma_setup: epoch 1 arrived, 0/0 slots in flight -> install now
[GUSTO CFG] pool efectivo: slots=2 cap=0.1 MiB shadow=no total=0.2 MiB (sin presupuesto definido)
[GUSTO CFG] pool efectivo: slots=2 cap=0.1 MiB shadow=no total=0.2 MiB (sin presupuesto definido)
[GUSTO CFG] pool efectivo: slots=2 cap=0.6 MiB shadow=no total=1.1 MiB (sin presupuesto definido)
[GUSTO CFG] pool efectivo: slots=2 cap=1.1 MiB shadow=no total=2.1 MiB (sin presupuesto definido)
[GVS] rx_pool: releasing superseded slot (81920 B host, retired at epoch 3, peer acked 0)
[GVS] rx_pool: releasing superseded slot (81920 B host, retired at epoch 3, peer acked 0)
[GVS IDX] epoch 1 advertises server_idx=[]
[GVS] rma_setup: epoch 1 arrived, 0/0 slots in flight -> install now
[GUSTO CFG] pool efectivo: slots=2 cap=0.1 MiB shadow=no total=0.2 MiB (sin presupuesto definido)
[GUSTO CFG] pool efectivo: slots=2 cap=0.1 MiB shadow=no total=0.2 MiB (sin presupuesto definido)
[GUSTO CFG] pool efectivo: slots=2 cap=2.1 MiB shadow=no total=4.1 MiB (sin presupuesto definido)
[GVS] rx_pool: releasing superseded slot (98304 B host, retired at epoch 4, peer acked 0)
[GVS] rx_pool: releasing superseded slot (98304 B host, retired at epoch 4, peer acked 0)
[GUSTO CFG] pool efectivo: slots=2 cap=0.6 MiB shadow=no total=1.1 MiB (sin presupuesto definido)
[GUSTO CFG] pool efectivo: slots=2 cap=1.1 MiB shadow=no total=2.1 MiB (sin presupuesto definido)
[GVS] rx_pool: releasing superseded slot (81920 B host, retired at epoch 3, peer acked 0)
[GVS] rx_pool: releasing superseded slot (81920 B host, retired at epoch 3, peer acked 0)
[GUSTO CFG] pool efectivo: slots=2 cap=4.1 MiB shadow=no total=8.1 MiB (sin presupuesto definido)
[GVS] rx_pool: releasing superseded slot (589824 B host, retired at epoch 5, peer acked 0)
[GVS] rx_pool: releasing superseded slot (589824 B host, retired at epoch 5, peer acked 0)
[GUSTO CFG] pool efectivo: slots=2 cap=2.1 MiB shadow=no total=4.1 MiB (sin presupuesto definido)
[GVS] rx_pool: releasing superseded slot (98304 B host, retired at epoch 4, peer acked 0)
[GVS] rx_pool: releasing superseded slot (98304 B host, retired at epoch 4, peer acked 0)
[GVS IDX] epoch 1 advertises server_idx=[]
[GVS] rma_setup: epoch 1 arrived, 0/0 slots in flight -> install now
[GUSTO CFG] pool efectivo: slots=2 cap=4.1 MiB shadow=no total=8.1 MiB (sin presupuesto definido)
[GVS] rx_pool: releasing superseded slot (589824 B host, retired at epoch 5, peer acked 0)
[GVS] rx_pool: releasing superseded slot (589824 B host, retired at epoch 5, peer acked 0)
[GVS IDX] epoch 2 advertises server_idx=[1,2]
[GVS] rma_setup: epoch 2 arrived, 0/0 slots in flight -> install now
[GUSTO CFG] pool efectivo: slots=2 cap=0.1 MiB shadow=no total=0.2 MiB (sin presupuesto definido)
[GUSTO CFG] pool efectivo: slots=2 cap=0.1 MiB shadow=no total=0.2 MiB (sin presupuesto definido)
[GVS IDX] epoch 2 advertises server_idx=[1,2]
[GVS] rma_setup: epoch 2 arrived, 0/0 slots in flight -> install now
[GUSTO CFG] pool efectivo: slots=2 cap=0.6 MiB shadow=no total=1.1 MiB (sin presupuesto definido)
[GUSTO CFG] pool efectivo: slots=2 cap=1.1 MiB shadow=no total=2.1 MiB (sin presupuesto definido)
[GVS] rx_pool: releasing superseded slot (81920 B host, retired at epoch 3, peer acked 0)
[GVS] rx_pool: releasing superseded slot (81920 B host, retired at epoch 3, peer acked 0)
[GUSTO CFG] pool efectivo: slots=2 cap=2.1 MiB shadow=no total=4.1 MiB (sin presupuesto definido)
[GVS] rx_pool: releasing superseded slot (98304 B host, retired at epoch 4, peer acked 0)
[GVS] rx_pool: releasing superseded slot (98304 B host, retired at epoch 4, peer acked 0)
[GUSTO CFG] pool efectivo: slots=2 cap=4.1 MiB shadow=no total=8.1 MiB (sin presupuesto definido)
[GVS] rx_pool: releasing superseded slot (589824 B host, retired at epoch 5, peer acked 0)
[GVS] rx_pool: releasing superseded slot (589824 B host, retired at epoch 5, peer acked 0)
[GVS IDX] epoch 2 advertises server_idx=[1,2]
[GVS] rma_setup: epoch 2 arrived, 0/0 slots in flight -> install now
UCX control-plane connected: Connect (25.25.25.2:32222)
UCX control-plane connected: Connect (25.25.25.2:32222)
UCX control-plane connected: Connect (25.25.25.2:32222)
UCX control-plane connected: Connect (25.25.25.2:32222)
CSVROW,roundtrip_pinned,ptsz,4,1,18,1,0,none,921.960
INFO - Parsed endpoint suite: ucx
INFO - Parsing endpoint config from: /opt/GVirtuS/etc/properties_ucx.json
DEBUG: protocol string is [ucx]
DEBUG: protocol string is [ucx]
DEBUG: protocol string is [ucx]
DEBUG: protocol string is [ucx]
[GVS] GPUDirect=disabled (GVIRTUS_GPUDIRECT=1 but probe FAILED: cudaMalloc(4K) failed (no GPU? OOM?)) - falling back to host slots, behavior unchanged
[GVS] GPUDirect=disabled (GVIRTUS_GPUDIRECT=1 but probe FAILED: cudaMalloc(4K) failed (no GPU? OOM?)) - falling back to host slots, behavior unchanged
[GVS] GPUDirect=disabled (GVIRTUS_GPUDIRECT=1 but probe FAILED: cudaMalloc(4K) failed (no GPU? OOM?)) - falling back to host slots, behavior unchanged
[GVS] GPUDirect=disabled (GVIRTUS_GPUDIRECT=1 but probe FAILED: cudaMalloc(4K) failed (no GPU? OOM?)) - falling back to host slots, behavior unchanged
[GVS IDX] epoch 1 advertises server_idx=[]
[GVS] rma_setup: epoch 1 arrived, 0/0 slots in flight -> install now
[GUSTO CFG] pool efectivo: slots=2 cap=0.1 MiB shadow=no total=0.2 MiB (sin presupuesto definido)
[GUSTO CFG] pool efectivo: slots=2 cap=0.1 MiB shadow=no total=0.2 MiB (sin presupuesto definido)
[GUSTO CFG] pool efectivo: slots=2 cap=0.6 MiB shadow=no total=1.1 MiB (sin presupuesto definido)
[GUSTO CFG] pool efectivo: slots=2 cap=1.1 MiB shadow=no total=2.1 MiB (sin presupuesto definido)
[GVS] rx_pool: releasing superseded slot (81920 B host, retired at epoch 3, peer acked 0)
[GVS] rx_pool: releasing superseded slot (81920 B host, retired at epoch 3, peer acked 0)
[GUSTO CFG] pool efectivo: slots=2 cap=2.1 MiB shadow=no total=4.1 MiB (sin presupuesto definido)
[GVS] rx_pool: releasing superseded slot (98304 B host, retired at epoch 4, peer acked 0)
[GVS] rx_pool: releasing superseded slot (98304 B host, retired at epoch 4, peer acked 0)
[GUSTO CFG] pool efectivo: slots=2 cap=4.1 MiB shadow=no total=8.1 MiB (sin presupuesto definido)
[GVS] rx_pool: releasing superseded slot (589824 B host, retired at epoch 5, peer acked 0)
[GVS] rx_pool: releasing superseded slot (589824 B host, retired at epoch 5, peer acked 0)
[GVS IDX] epoch 2 advertises server_idx=[1,2]
[GVS] rma_setup: epoch 2 arrived, 0/0 slots in flight -> install now
[GVS IDX] epoch 1 advertises server_idx=[]
[GVS] rma_setup: epoch 1 arrived, 0/0 slots in flight -> install now
[GUSTO CFG] pool efectivo: slots=2 cap=0.1 MiB shadow=no total=0.2 MiB (sin presupuesto definido)
[GUSTO CFG] pool efectivo: slots=2 cap=0.1 MiB shadow=no total=0.2 MiB (sin presupuesto definido)
[GUSTO CFG] pool efectivo: slots=2 cap=0.6 MiB shadow=no total=1.1 MiB (sin presupuesto definido)
[GUSTO CFG] pool efectivo: slots=2 cap=1.1 MiB shadow=no total=2.1 MiB (sin presupuesto definido)
[GVS] rx_pool: releasing superseded slot (81920 B host, retired at epoch 3, peer acked 0)
[GVS] rx_pool: releasing superseded slot (81920 B host, retired at epoch 3, peer acked 0)
[GUSTO CFG] pool efectivo: slots=2 cap=2.1 MiB shadow=no total=4.1 MiB (sin presupuesto definido)
[GVS] rx_pool: releasing superseded slot (98304 B host, retired at epoch 4, peer acked 0)
[GVS] rx_pool: releasing superseded slot (98304 B host, retired at epoch 4, peer acked 0)
[GUSTO CFG] pool efectivo: slots=2 cap=4.1 MiB shadow=no total=8.1 MiB (sin presupuesto definido)
[GVS] rx_pool: releasing superseded slot (589824 B host, retired at epoch 5, peer acked 0)
[GVS] rx_pool: releasing superseded slot (589824 B host, retired at epoch 5, peer acked 0)
[GVS IDX] epoch 2 advertises server_idx=[1,2]
[GVS] rma_setup: epoch 2 arrived, 0/0 slots in flight -> install now
[GVS IDX] epoch 1 advertises server_idx=[]
[GVS] rma_setup: epoch 1 arrived, 0/0 slots in flight -> install now
[GUSTO CFG] pool efectivo: slots=2 cap=0.1 MiB shadow=no total=0.2 MiB (sin presupuesto definido)
[GUSTO CFG] pool efectivo: slots=2 cap=0.1 MiB shadow=no total=0.2 MiB (sin presupuesto definido)
[GUSTO CFG] pool efectivo: slots=2 cap=0.6 MiB shadow=no total=1.1 MiB (sin presupuesto definido)
[GUSTO CFG] pool efectivo: slots=2 cap=1.1 MiB shadow=no total=2.1 MiB (sin presupuesto definido)
[GVS] rx_pool: releasing superseded slot (81920 B host, retired at epoch 3, peer acked 0)
[GVS] rx_pool: releasing superseded slot (81920 B host, retired at epoch 3, peer acked 0)
[GUSTO CFG] pool efectivo: slots=2 cap=2.1 MiB shadow=no total=4.1 MiB (sin presupuesto definido)
[GVS] rx_pool: releasing superseded slot (98304 B host, retired at epoch 4, peer acked 0)
[GVS] rx_pool: releasing superseded slot (98304 B host, retired at epoch 4, peer acked 0)
[GUSTO CFG] pool efectivo: slots=2 cap=4.1 MiB shadow=no total=8.1 MiB (sin presupuesto definido)
[GVS] rx_pool: releasing superseded slot (589824 B host, retired at epoch 5, peer acked 0)
[GVS] rx_pool: releasing superseded slot (589824 B host, retired at epoch 5, peer acked 0)
[GVS IDX] epoch 2 advertises server_idx=[1,2]
[GVS] rma_setup: epoch 2 arrived, 0/0 slots in flight -> install now
[GVS IDX] epoch 1 advertises server_idx=[]
[GVS] rma_setup: epoch 1 arrived, 0/0 slots in flight -> install now
[GUSTO CFG] pool efectivo: slots=2 cap=0.1 MiB shadow=no total=0.2 MiB (sin presupuesto definido)
[GUSTO CFG] pool efectivo: slots=2 cap=0.1 MiB shadow=no total=0.2 MiB (sin presupuesto definido)
[GUSTO CFG] pool efectivo: slots=2 cap=0.6 MiB shadow=no total=1.1 MiB (sin presupuesto definido)
[GUSTO CFG] pool efectivo: slots=2 cap=1.1 MiB shadow=no total=2.1 MiB (sin presupuesto definido)
[GVS] rx_pool: releasing superseded slot (81920 B host, retired at epoch 3, peer acked 0)
[GVS] rx_pool: releasing superseded slot (81920 B host, retired at epoch 3, peer acked 0)
[GUSTO CFG] pool efectivo: slots=2 cap=2.1 MiB shadow=no total=4.1 MiB (sin presupuesto definido)
[GVS] rx_pool: releasing superseded slot (98304 B host, retired at epoch 4, peer acked 0)
[GVS] rx_pool: releasing superseded slot (98304 B host, retired at epoch 4, peer acked 0)
[GUSTO CFG] pool efectivo: slots=2 cap=4.1 MiB shadow=no total=8.1 MiB (sin presupuesto definido)
[GVS] rx_pool: releasing superseded slot (589824 B host, retired at epoch 5, peer acked 0)
[GVS] rx_pool: releasing superseded slot (589824 B host, retired at epoch 5, peer acked 0)
[GVS IDX] epoch 2 advertises server_idx=[1,2]
[GVS] rma_setup: epoch 2 arrived, 0/0 slots in flight -> install now
UCX control-plane connected: Connect (25.25.25.2:32222)
UCX control-plane connected: Connect (25.25.25.2:32222)
UCX control-plane connected: Connect (25.25.25.2:32222)
UCX control-plane connected: Connect (25.25.25.2:32222)
CSVROW,roundtrip_pageable,ptsz,4,1,18,1,0,none,844.948
DEBUG: protocol string is [ucx]
DEBUG: protocol string is [ucx]
DEBUG: protocol string is [ucx]
DEBUG: protocol string is [ucx]
[GVS] GPUDirect=disabled (GVIRTUS_GPUDIRECT=1 but probe FAILED: cudaMalloc(4K) failed (no GPU? OOM?)) - falling back to host slots, behavior unchanged
[GVS] GPUDirect=disabled (GVIRTUS_GPUDIRECT=1 but probe FAILED: cudaMalloc(4K) failed (no GPU? OOM?)) - falling back to host slots, behavior unchanged
[GVS] GPUDirect=disabled (GVIRTUS_GPUDIRECT=1 but probe FAILED: cudaMalloc(4K) failed (no GPU? OOM?)) - falling back to host slots, behavior unchanged
[GVS] GPUDirect=disabled (GVIRTUS_GPUDIRECT=1 but probe FAILED: cudaMalloc(4K) failed (no GPU? OOM?)) - falling back to host slots, behavior unchanged
[GVS IDX] epoch 1 advertises server_idx=[]
[GVS] rma_setup: epoch 1 arrived, 0/0 slots in flight -> install now
[GUSTO CFG] pool efectivo: slots=2 cap=0.1 MiB shadow=no total=0.2 MiB (sin presupuesto definido)
[GUSTO CFG] pool efectivo: slots=2 cap=0.1 MiB shadow=no total=0.2 MiB (sin presupuesto definido)
[GUSTO CFG] pool efectivo: slots=2 cap=0.6 MiB shadow=no total=1.1 MiB (sin presupuesto definido)
[GUSTO CFG] pool efectivo: slots=2 cap=1.1 MiB shadow=no total=2.1 MiB (sin presupuesto definido)
[GVS] rx_pool: releasing superseded slot (81920 B host, retired at epoch 3, peer acked 0)
[GVS] rx_pool: releasing superseded slot (81920 B host, retired at epoch 3, peer acked 0)
[GUSTO CFG] pool efectivo: slots=2 cap=2.1 MiB shadow=no total=4.1 MiB (sin presupuesto definido)
[GVS] rx_pool: releasing superseded slot (98304 B host, retired at epoch 4, peer acked 0)
[GVS] rx_pool: releasing superseded slot (98304 B host, retired at epoch 4, peer acked 0)
[GUSTO CFG] pool efectivo: slots=2 cap=4.1 MiB shadow=no total=8.1 MiB (sin presupuesto definido)
[GVS] rx_pool: releasing superseded slot (589824 B host, retired at epoch 5, peer acked 0)
[GVS] rx_pool: releasing superseded slot (589824 B host, retired at epoch 5, peer acked 0)
[GVS IDX] epoch 1 advertises server_idx=[]
[GVS] rma_setup: epoch 1 arrived, 0/0 slots in flight -> install now
[GVS IDX] epoch 2 advertises server_idx=[1,2]
[GVS] rma_setup: epoch 2 arrived, 0/0 slots in flight -> install now
[GUSTO CFG] pool efectivo: slots=2 cap=0.1 MiB shadow=no total=0.2 MiB (sin presupuesto definido)
[GUSTO CFG] pool efectivo: slots=2 cap=0.1 MiB shadow=no total=0.2 MiB (sin presupuesto definido)
[GUSTO CFG] pool efectivo: slots=2 cap=0.6 MiB shadow=no total=1.1 MiB (sin presupuesto definido)
[GUSTO CFG] pool efectivo: slots=2 cap=1.1 MiB shadow=no total=2.1 MiB (sin presupuesto definido)
[GVS] rx_pool: releasing superseded slot (81920 B host, retired at epoch 3, peer acked 0)
[GVS] rx_pool: releasing superseded slot (81920 B host, retired at epoch 3, peer acked 0)
[GUSTO CFG] pool efectivo: slots=2 cap=2.1 MiB shadow=no total=4.1 MiB (sin presupuesto definido)
[GVS] rx_pool: releasing superseded slot (98304 B host, retired at epoch 4, peer acked 0)
[GVS] rx_pool: releasing superseded slot (98304 B host, retired at epoch 4, peer acked 0)
[GUSTO CFG] pool efectivo: slots=2 cap=4.1 MiB shadow=no total=8.1 MiB (sin presupuesto definido)
[GVS] rx_pool: releasing superseded slot (589824 B host, retired at epoch 5, peer acked 0)
[GVS] rx_pool: releasing superseded slot (589824 B host, retired at epoch 5, peer acked 0)
[GVS IDX] epoch 1 advertises server_idx=[]
[GVS] rma_setup: epoch 1 arrived, 0/0 slots in flight -> install now
[GVS IDX] epoch 2 advertises server_idx=[1,2]
[GVS] rma_setup: epoch 2 arrived, 0/0 slots in flight -> install now
[GUSTO CFG] pool efectivo: slots=2 cap=0.1 MiB shadow=no total=0.2 MiB (sin presupuesto definido)
[GUSTO CFG] pool efectivo: slots=2 cap=0.1 MiB shadow=no total=0.2 MiB (sin presupuesto definido)
[GUSTO CFG] pool efectivo: slots=2 cap=0.6 MiB shadow=no total=1.1 MiB (sin presupuesto definido)
[GUSTO CFG] pool efectivo: slots=2 cap=1.1 MiB shadow=no total=2.1 MiB (sin presupuesto definido)
[GVS] rx_pool: releasing superseded slot (81920 B host, retired at epoch 3, peer acked 0)
[GVS] rx_pool: releasing superseded slot (81920 B host, retired at epoch 3, peer acked 0)
[GVS IDX] epoch 1 advertises server_idx=[]
[GVS] rma_setup: epoch 1 arrived, 0/0 slots in flight -> install now
[GUSTO CFG] pool efectivo: slots=2 cap=0.1 MiB shadow=no total=0.2 MiB (sin presupuesto definido)
[GUSTO CFG] pool efectivo: slots=2 cap=2.1 MiB shadow=no total=4.1 MiB (sin presupuesto definido)
[GVS] rx_pool: releasing superseded slot (98304 B host, retired at epoch 4, peer acked 0)
[GVS] rx_pool: releasing superseded slot (98304 B host, retired at epoch 4, peer acked 0)
[GUSTO CFG] pool efectivo: slots=2 cap=0.1 MiB shadow=no total=0.2 MiB (sin presupuesto definido)
[GUSTO CFG] pool efectivo: slots=2 cap=0.6 MiB shadow=no total=1.1 MiB (sin presupuesto definido)
[GUSTO CFG] pool efectivo: slots=2 cap=1.1 MiB shadow=no total=2.1 MiB (sin presupuesto definido)
[GVS] rx_pool: releasing superseded slot (81920 B host, retired at epoch 3, peer acked 0)
[GVS] rx_pool: releasing superseded slot (81920 B host, retired at epoch 3, peer acked 0)
[GUSTO CFG] pool efectivo: slots=2 cap=4.1 MiB shadow=no total=8.1 MiB (sin presupuesto definido)
[GVS] rx_pool: releasing superseded slot (589824 B host, retired at epoch 5, peer acked 0)
[GVS] rx_pool: releasing superseded slot (589824 B host, retired at epoch 5, peer acked 0)
[GUSTO CFG] pool efectivo: slots=2 cap=2.1 MiB shadow=no total=4.1 MiB (sin presupuesto definido)
[GVS] rx_pool: releasing superseded slot (98304 B host, retired at epoch 4, peer acked 0)
[GVS] rx_pool: releasing superseded slot (98304 B host, retired at epoch 4, peer acked 0)
[GUSTO CFG] pool efectivo: slots=2 cap=4.1 MiB shadow=no total=8.1 MiB (sin presupuesto definido)
[GVS] rx_pool: releasing superseded slot (589824 B host, retired at epoch 5, peer acked 0)
[GVS] rx_pool: releasing superseded slot (589824 B host, retired at epoch 5, peer acked 0)
[GVS IDX] epoch 2 advertises server_idx=[1,2]
[GVS] rma_setup: epoch 2 arrived, 0/0 slots in flight -> install now
[GVS IDX] epoch 2 advertises server_idx=[1,2]
[GVS] rma_setup: epoch 2 arrived, 0/0 slots in flight -> install now
UCX control-plane connected: Connect (25.25.25.2:32222)
UCX control-plane connected: Connect (25.25.25.2:32222)
UCX control-plane connected: Connect (25.25.25.2:32222)
UCX control-plane connected: Connect (25.25.25.2:32222)
CSVROW,pinned_equiv,ptsz,4,1,18,1,0,none,1102.921
INFO - Parsing endpoint config from: /opt/GVirtuS/etc/properties_ucx.json
DEBUG: protocol string is [ucx]
DEBUG: protocol string is [ucx]
DEBUG: protocol string is [ucx]
DEBUG: protocol string is [ucx]
[GVS] GPUDirect=disabled (GVIRTUS_GPUDIRECT=1 but probe FAILED: cudaMalloc(4K) failed (no GPU? OOM?)) - falling back to host slots, behavior unchanged
[GVS] GPUDirect=disabled (GVIRTUS_GPUDIRECT=1 but probe FAILED: cudaMalloc(4K) failed (no GPU? OOM?)) - falling back to host slots, behavior unchanged
[GVS] GPUDirect=disabled (GVIRTUS_GPUDIRECT=1 but probe FAILED: cudaMalloc(4K) failed (no GPU? OOM?)) - falling back to host slots, behavior unchanged
[GVS] GPUDirect=disabled (GVIRTUS_GPUDIRECT=1 but probe FAILED: cudaMalloc(4K) failed (no GPU? OOM?)) - falling back to host slots, behavior unchanged
[GVS IDX] epoch 1 advertises server_idx=[]
[GVS] rma_setup: epoch 1 arrived, 0/0 slots in flight -> install now
[GVS IDX] epoch 1 advertises server_idx=[]
[GVS] rma_setup: epoch 1 arrived, 0/0 slots in flight -> install now
[GUSTO CFG] pool efectivo: slots=2 cap=0.1 MiB shadow=no total=0.2 MiB (sin presupuesto definido)
[GUSTO CFG] pool efectivo: slots=2 cap=0.1 MiB shadow=no total=0.2 MiB (sin presupuesto definido)
[GUSTO CFG] pool efectivo: slots=2 cap=0.1 MiB shadow=no total=0.2 MiB (sin presupuesto definido)
[GUSTO CFG] pool efectivo: slots=2 cap=0.1 MiB shadow=no total=0.2 MiB (sin presupuesto definido)
[GUSTO CFG] pool efectivo: slots=2 cap=0.6 MiB shadow=no total=1.1 MiB (sin presupuesto definido)
[GUSTO CFG] pool efectivo: slots=2 cap=0.6 MiB shadow=no total=1.1 MiB (sin presupuesto definido)
[GUSTO CFG] pool efectivo: slots=2 cap=1.1 MiB shadow=no total=2.1 MiB (sin presupuesto definido)
[GVS] rx_pool: releasing superseded slot (81920 B host, retired at epoch 3, peer acked 0)
[GVS] rx_pool: releasing superseded slot (81920 B host, retired at epoch 3, peer acked 0)
[GUSTO CFG] pool efectivo: slots=2 cap=1.1 MiB shadow=no total=2.1 MiB (sin presupuesto definido)
[GVS] rx_pool: releasing superseded slot (81920 B host, retired at epoch 3, peer acked 0)
[GVS] rx_pool: releasing superseded slot (81920 B host, retired at epoch 3, peer acked 0)
[GUSTO CFG] pool efectivo: slots=2 cap=2.1 MiB shadow=no total=4.1 MiB (sin presupuesto definido)
[GVS] rx_pool: releasing superseded slot (98304 B host, retired at epoch 4, peer acked 0)
[GVS] rx_pool: releasing superseded slot (98304 B host, retired at epoch 4, peer acked 0)
[GUSTO CFG] pool efectivo: slots=2 cap=2.1 MiB shadow=no total=4.1 MiB (sin presupuesto definido)
[GVS] rx_pool: releasing superseded slot (98304 B host, retired at epoch 4, peer acked 0)
[GVS] rx_pool: releasing superseded slot (98304 B host, retired at epoch 4, peer acked 0)
[GUSTO CFG] pool efectivo: slots=2 cap=4.1 MiB shadow=no total=8.1 MiB (sin presupuesto definido)
[GVS] rx_pool: releasing superseded slot (589824 B host, retired at epoch 5, peer acked 0)
[GVS] rx_pool: releasing superseded slot (589824 B host, retired at epoch 5, peer acked 0)
[GUSTO CFG] pool efectivo: slots=2 cap=4.1 MiB shadow=no total=8.1 MiB (sin presupuesto definido)
[GVS] rx_pool: releasing superseded slot (589824 B host, retired at epoch 5, peer acked 0)
[GVS] rx_pool: releasing superseded slot (589824 B host, retired at epoch 5, peer acked 0)
[GVS IDX] epoch 2 advertises server_idx=[1,2]
[GVS] rma_setup: epoch 2 arrived, 0/0 slots in flight -> install now
[GVS IDX] epoch 2 advertises server_idx=[1,2]
[GVS] rma_setup: epoch 2 arrived, 0/0 slots in flight -> install now
[GVS IDX] epoch 1 advertises server_idx=[]
[GVS] rma_setup: epoch 1 arrived, 0/0 slots in flight -> install now
[GUSTO CFG] pool efectivo: slots=2 cap=0.1 MiB shadow=no total=0.2 MiB (sin presupuesto definido)
[GUSTO CFG] pool efectivo: slots=2 cap=0.1 MiB shadow=no total=0.2 MiB (sin presupuesto definido)
[GUSTO CFG] pool efectivo: slots=2 cap=0.6 MiB shadow=no total=1.1 MiB (sin presupuesto definido)
[GUSTO CFG] pool efectivo: slots=2 cap=1.1 MiB shadow=no total=2.1 MiB (sin presupuesto definido)
[GVS] rx_pool: releasing superseded slot (81920 B host, retired at epoch 3, peer acked 0)
[GVS] rx_pool: releasing superseded slot (81920 B host, retired at epoch 3, peer acked 0)
[GUSTO CFG] pool efectivo: slots=2 cap=2.1 MiB shadow=no total=4.1 MiB (sin presupuesto definido)
[GVS] rx_pool: releasing superseded slot (98304 B host, retired at epoch 4, peer acked 0)
[GVS] rx_pool: releasing superseded slot (98304 B host, retired at epoch 4, peer acked 0)
[GUSTO CFG] pool efectivo: slots=2 cap=4.1 MiB shadow=no total=8.1 MiB (sin presupuesto definido)
[GVS] rx_pool: releasing superseded slot (589824 B host, retired at epoch 5, peer acked 0)
[GVS] rx_pool: releasing superseded slot (589824 B host, retired at epoch 5, peer acked 0)
[GVS IDX] epoch 2 advertises server_idx=[1,2]
[GVS] rma_setup: epoch 2 arrived, 0/0 slots in flight -> install now
[GVS IDX] epoch 1 advertises server_idx=[]
[GVS] rma_setup: epoch 1 arrived, 0/0 slots in flight -> install now
[GUSTO CFG] pool efectivo: slots=2 cap=0.1 MiB shadow=no total=0.2 MiB (sin presupuesto definido)
[GUSTO CFG] pool efectivo: slots=2 cap=0.1 MiB shadow=no total=0.2 MiB (sin presupuesto definido)
[GUSTO CFG] pool efectivo: slots=2 cap=0.6 MiB shadow=no total=1.1 MiB (sin presupuesto definido)
[GUSTO CFG] pool efectivo: slots=2 cap=1.1 MiB shadow=no total=2.1 MiB (sin presupuesto definido)
[GVS] rx_pool: releasing superseded slot (81920 B host, retired at epoch 3, peer acked 0)
[GVS] rx_pool: releasing superseded slot (81920 B host, retired at epoch 3, peer acked 0)
[GUSTO CFG] pool efectivo: slots=2 cap=2.1 MiB shadow=no total=4.1 MiB (sin presupuesto definido)
[GVS] rx_pool: releasing superseded slot (98304 B host, retired at epoch 4, peer acked 0)
[GVS] rx_pool: releasing superseded slot (98304 B host, retired at epoch 4, peer acked 0)
[GUSTO CFG] pool efectivo: slots=2 cap=4.1 MiB shadow=no total=8.1 MiB (sin presupuesto definido)
[GVS] rx_pool: releasing superseded slot (589824 B host, retired at epoch 5, peer acked 0)
[GVS] rx_pool: releasing superseded slot (589824 B host, retired at epoch 5, peer acked 0)
[GVS IDX] epoch 2 advertises server_idx=[1,2]
[GVS] rma_setup: epoch 2 arrived, 0/0 slots in flight -> install now
UCX control-plane connected: Connect (25.25.25.2:32222)
UCX control-plane connected: Connect (25.25.25.2:32222)
UCX control-plane connected: Connect (25.25.25.2:32222)
UCX control-plane connected: Connect (25.25.25.2:32222)
CSVROW,d2d_fidelity,ptsz,4,1,18,1,0,none,1189.198
DEBUG: protocol string is [ucx]
DEBUG: protocol string is [ucx]
DEBUG: protocol string is [ucx]
DEBUG: protocol string is [ucx]
[GVS] GPUDirect=disabled (GVIRTUS_GPUDIRECT=1 but probe FAILED: cudaMalloc(4K) failed (no GPU? OOM?)) - falling back to host slots, behavior unchanged
[GVS] GPUDirect=disabled (GVIRTUS_GPUDIRECT=1 but probe FAILED: cudaMalloc(4K) failed (no GPU? OOM?)) - falling back to host slots, behavior unchanged
[GVS] GPUDirect=disabled (GVIRTUS_GPUDIRECT=1 but probe FAILED: cudaMalloc(4K) failed (no GPU? OOM?)) - falling back to host slots, behavior unchanged
[GVS] GPUDirect=disabled (GVIRTUS_GPUDIRECT=1 but probe FAILED: cudaMalloc(4K) failed (no GPU? OOM?)) - falling back to host slots, behavior unchanged
[GVS IDX] epoch 1 advertises server_idx=[]
[GVS] rma_setup: epoch 1 arrived, 0/0 slots in flight -> install now
[GUSTO CFG] pool efectivo: slots=2 cap=1.1 MiB shadow=no total=2.1 MiB (sin presupuesto definido)
[GVS IDX] epoch 1 advertises server_idx=[]
[GVS] rma_setup: epoch 1 arrived, 0/0 slots in flight -> install now
[GUSTO CFG] pool efectivo: slots=2 cap=1.1 MiB shadow=no total=2.1 MiB (sin presupuesto definido)
[GVS IDX] epoch 1 advertises server_idx=[]
[GVS] rma_setup: epoch 1 arrived, 0/0 slots in flight -> install now
[GUSTO CFG] pool efectivo: slots=2 cap=1.1 MiB shadow=no total=2.1 MiB (sin presupuesto definido)
[GVS IDX] epoch 1 advertises server_idx=[]
[GVS] rma_setup: epoch 1 arrived, 0/0 slots in flight -> install now
[GUSTO CFG] pool efectivo: slots=2 cap=1.1 MiB shadow=no total=2.1 MiB (sin presupuesto definido)
UCX control-plane connected: Connect (25.25.25.2:32222)
UCX control-plane connected: Connect (25.25.25.2:32222)
UCX control-plane connected: Connect (25.25.25.2:32222)
UCX control-plane connected: Connect (25.25.25.2:32222)
CSVROW,memset_ordered,ptsz,4,1,18,1,0,none,772.578
DEBUG: protocol string is [ucx]
DEBUG: protocol string is [ucx]
DEBUG: protocol string is [ucx]
DEBUG: protocol string is [ucx]
[GVS] GPUDirect=disabled (GVIRTUS_GPUDIRECT=1 but probe FAILED: cudaMalloc(4K) failed (no GPU? OOM?)) - falling back to host slots, behavior unchanged
[GVS] GPUDirect=disabled (GVIRTUS_GPUDIRECT=1 but probe FAILED: cudaMalloc(4K) failed (no GPU? OOM?)) - falling back to host slots, behavior unchanged
[GVS] GPUDirect=disabled (GVIRTUS_GPUDIRECT=1 but probe FAILED: cudaMalloc(4K) failed (no GPU? OOM?)) - falling back to host slots, behavior unchanged
[GVS] GPUDirect=disabled (GVIRTUS_GPUDIRECT=1 but probe FAILED: cudaMalloc(4K) failed (no GPU? OOM?)) - falling back to host slots, behavior unchanged
[GVS IDX] epoch 1 advertises server_idx=[]
[GVS] rma_setup: epoch 1 arrived, 0/0 slots in flight -> install now
[GVS IDX] epoch 1 advertises server_idx=[]
[GVS] rma_setup: epoch 1 arrived, 0/0 slots in flight -> install now
[GVS IDX] epoch 1 advertises server_idx=[]
[GVS] rma_setup: epoch 1 arrived, 0/0 slots in flight -> install now
[GVS IDX] epoch 1 advertises server_idx=[]
[GVS] rma_setup: epoch 1 arrived, 0/0 slots in flight -> install now
UCX control-plane connected: Connect (25.25.25.2:32222)
UCX control-plane connected: Connect (25.25.25.2:32222)
UCX control-plane connected: Connect (25.25.25.2:32222)
UCX control-plane connected: Connect (25.25.25.2:32222)
CSVROW,event_query,ptsz,4,1,10,1,0,none,793.783
DEBUG: protocol string is [ucx]
DEBUG: protocol string is [ucx]
DEBUG: protocol string is [ucx]
DEBUG: protocol string is [ucx]
[GVS] GPUDirect=disabled (GVIRTUS_GPUDIRECT=1 but probe FAILED: cudaMalloc(4K) failed (no GPU? OOM?)) - falling back to host slots, behavior unchanged
[GVS] GPUDirect=disabled (GVIRTUS_GPUDIRECT=1 but probe FAILED: cudaMalloc(4K) failed (no GPU? OOM?)) - falling back to host slots, behavior unchanged
[GVS] GPUDirect=disabled (GVIRTUS_GPUDIRECT=1 but probe FAILED: cudaMalloc(4K) failed (no GPU? OOM?)) - falling back to host slots, behavior unchanged
[GVS] GPUDirect=disabled (GVIRTUS_GPUDIRECT=1 but probe FAILED: cudaMalloc(4K) failed (no GPU? OOM?)) - falling back to host slots, behavior unchanged
[GVS IDX] epoch 1 advertises server_idx=[]
[GVS] rma_setup: epoch 1 arrived, 0/0 slots in flight -> install now
[GVS IDX] epoch 1 advertises server_idx=[]
[GVS] rma_setup: epoch 1 arrived, 0/0 slots in flight -> install now
[GVS IDX] epoch 1 advertises server_idx=[]
[GVS] rma_setup: epoch 1 arrived, 0/0 slots in flight -> install now
[GVS IDX] epoch 1 advertises server_idx=[]
[GVS] rma_setup: epoch 1 arrived, 0/0 slots in flight -> install now
UCX control-plane connected: Connect (25.25.25.2:32222)
UCX control-plane connected: Connect (25.25.25.2:32222)
UCX control-plane connected: Connect (25.25.25.2:32222)
UCX control-plane connected: Connect (25.25.25.2:32222)
CSVROW,error_sticky,ptsz,4,1,18,1,0,none,779.981
GUSTO_METRIC tag=periodic slots_total=0 peak_inflight=0 avg_inflight=0.000 peak_waiters=0 reservations=0 waited=0 wait_us_avg=0.00 admit_rma=0 admit_am=4 rma_pct=0.00 rma_fellback=0 decline_capacity=0 decline_timeout=0 decline_swap=0 decline_epfail=0 ack_sent=0 ack_gen_mismatch=0 ack_on_free=0 ack_applied=0 ack_held=0 ack_released=0 ack_epoch_dropped=0 parked=0
[GVS] rma teardown: acks descartados por epoch=0, advertisements aparcadas=0
[GVS VIS] A1 teardown: policy=flush assumed=0 fences=0 flushes=184 declined=0 fence_failures=0
GUSTO_METRIC tag=teardown slots_total=0 peak_inflight=0 avg_inflight=0.000 peak_waiters=0 reservations=0 waited=0 wait_us_avg=0.00 admit_rma=0 admit_am=4 rma_pct=0.00 rma_fellback=0 decline_capacity=0 decline_timeout=0 decline_swap=0 decline_epfail=0 ack_sent=0 ack_gen_mismatch=0 ack_on_free=0 ack_applied=0 ack_held=0 ack_released=0 ack_epoch_dropped=0 parked=0
[GVS] rma coste: reservas=9 (esperaron 0) media=0.18us | cache de registro: aciertos=0 fallos=48 (0.0%) | acks enviados=0 media=0.00us | acks con generacion desajustada=0
[GVS] rma teardown: acks descartados por epoch=0, advertisements aparcadas=0
[GVS VIS] A1 teardown: policy=flush assumed=0 fences=0 flushes=184 declined=0 fence_failures=0
GUSTO_METRIC tag=teardown slots_total=2 peak_inflight=1 avg_inflight=0.109 peak_waiters=0 reservations=9 waited=0 wait_us_avg=0.18 admit_rma=9 admit_am=63 rma_pct=12.50 rma_fellback=7 decline_capacity=0 decline_timeout=0 decline_swap=0 decline_epfail=0 ack_sent=0 ack_gen_mismatch=0 ack_on_free=0 ack_applied=9 ack_held=0 ack_released=0 ack_epoch_dropped=0 parked=0
[GVS] rma coste: reservas=9 (esperaron 0) media=0.14us | cache de registro: aciertos=0 fallos=48 (0.0%) | acks enviados=0 media=0.00us | acks con generacion desajustada=0
[GVS] rma teardown: acks descartados por epoch=0, advertisements aparcadas=0
[GVS VIS] A1 teardown: policy=flush assumed=0 fences=0 flushes=184 declined=0 fence_failures=0
GUSTO_METRIC tag=teardown slots_total=2 peak_inflight=1 avg_inflight=0.110 peak_waiters=0 reservations=9 waited=0 wait_us_avg=0.14 admit_rma=9 admit_am=63 rma_pct=12.50 rma_fellback=7 decline_capacity=0 decline_timeout=0 decline_swap=0 decline_epfail=0 ack_sent=0 ack_gen_mismatch=0 ack_on_free=0 ack_applied=9 ack_held=0 ack_released=0 ack_epoch_dropped=0 parked=0
[GVS] rma coste: reservas=9 (esperaron 0) media=0.17us | cache de registro: aciertos=0 fallos=48 (0.0%) | acks enviados=0 media=0.00us | acks con generacion desajustada=0
[GVS] rma teardown: acks descartados por epoch=0, advertisements aparcadas=0
[GVS VIS] A1 teardown: policy=flush assumed=0 fences=0 flushes=184 declined=0 fence_failures=0
GUSTO_METRIC tag=teardown slots_total=2 peak_inflight=1 avg_inflight=0.638 peak_waiters=0 reservations=9 waited=0 wait_us_avg=0.17 admit_rma=9 admit_am=63 rma_pct=12.50 rma_fellback=7 decline_capacity=0 decline_timeout=0 decline_swap=0 decline_epfail=0 ack_sent=0 ack_gen_mismatch=0 ack_on_free=0 ack_applied=9 ack_held=0 ack_released=0 ack_epoch_dropped=0 parked=0
[GVS] rma coste: reservas=9 (esperaron 0) media=0.14us | cache de registro: aciertos=0 fallos=48 (0.0%) | acks enviados=0 media=0.00us | acks con generacion desajustada=0
[GVS] rma teardown: acks descartados por epoch=0, advertisements aparcadas=0
[GVS VIS] A1 teardown: policy=flush assumed=0 fences=0 flushes=184 declined=0 fence_failures=0
GUSTO_METRIC tag=teardown slots_total=2 peak_inflight=1 avg_inflight=0.255 peak_waiters=0 reservations=9 waited=0 wait_us_avg=0.14 admit_rma=9 admit_am=63 rma_pct=12.50 rma_fellback=7 decline_capacity=0 decline_timeout=0 decline_swap=0 decline_epfail=0 ack_sent=0 ack_gen_mismatch=0 ack_on_free=0 ack_applied=9 ack_held=0 ack_released=0 ack_epoch_dropped=0 parked=0
[GVS] rma coste: reservas=9 (esperaron 0) media=0.12us | cache de registro: aciertos=0 fallos=48 (0.0%) | acks enviados=0 media=0.00us | acks con generacion desajustada=0
[GVS] rma teardown: acks descartados por epoch=0, advertisements aparcadas=0
[GVS VIS] A1 teardown: policy=flush assumed=0 fences=0 flushes=184 declined=0 fence_failures=0
GUSTO_METRIC tag=teardown slots_total=2 peak_inflight=1 avg_inflight=0.181 peak_waiters=0 reservations=9 waited=0 wait_us_avg=0.12 admit_rma=9 admit_am=63 rma_pct=12.50 rma_fellback=7 decline_capacity=0 decline_timeout=0 decline_swap=0 decline_epfail=0 ack_sent=0 ack_gen_mismatch=0 ack_on_free=0 ack_applied=9 ack_held=0 ack_released=0 ack_epoch_dropped=0 parked=0
[GVS] rma coste: reservas=9 (esperaron 0) media=0.12us | cache de registro: aciertos=0 fallos=48 (0.0%) | acks enviados=0 media=0.00us | acks con generacion desajustada=0
[GVS] rma teardown: acks descartados por epoch=0, advertisements aparcadas=0
[GVS VIS] A1 teardown: policy=flush assumed=0 fences=0 flushes=184 declined=0 fence_failures=0
GUSTO_METRIC tag=teardown slots_total=2 peak_inflight=1 avg_inflight=0.143 peak_waiters=0 reservations=9 waited=0 wait_us_avg=0.12 admit_rma=9 admit_am=63 rma_pct=12.50 rma_fellback=7 decline_capacity=0 decline_timeout=0 decline_swap=0 decline_epfail=0 ack_sent=0 ack_gen_mismatch=0 ack_on_free=0 ack_applied=9 ack_held=0 ack_released=0 ack_epoch_dropped=0 parked=0
[GVS] rma coste: reservas=9 (esperaron 0) media=0.15us | cache de registro: aciertos=0 fallos=48 (0.0%) | acks enviados=0 media=0.00us | acks con generacion desajustada=0
[GVS] rma teardown: acks descartados por epoch=0, advertisements aparcadas=0
[GVS VIS] A1 teardown: policy=flush assumed=0 fences=0 flushes=184 declined=0 fence_failures=0
GUSTO_METRIC tag=teardown slots_total=2 peak_inflight=1 avg_inflight=0.140 peak_waiters=0 reservations=9 waited=0 wait_us_avg=0.15 admit_rma=9 admit_am=63 rma_pct=12.50 rma_fellback=7 decline_capacity=0 decline_timeout=0 decline_swap=0 decline_epfail=0 ack_sent=0 ack_gen_mismatch=0 ack_on_free=0 ack_applied=9 ack_held=0 ack_released=0 ack_epoch_dropped=0 parked=0
[GVS] rma coste: reservas=9 (esperaron 0) media=0.12us | cache de registro: aciertos=0 fallos=48 (0.0%) | acks enviados=0 media=0.00us | acks con generacion desajustada=0
[GVS] rma teardown: acks descartados por epoch=0, advertisements aparcadas=0
[GVS VIS] A1 teardown: policy=flush assumed=0 fences=0 flushes=184 declined=0 fence_failures=0
GUSTO_METRIC tag=teardown slots_total=2 peak_inflight=1 avg_inflight=0.128 peak_waiters=0 reservations=9 waited=0 wait_us_avg=0.12 admit_rma=9 admit_am=63 rma_pct=12.50 rma_fellback=7 decline_capacity=0 decline_timeout=0 decline_swap=0 decline_epfail=0 ack_sent=0 ack_gen_mismatch=0 ack_on_free=0 ack_applied=9 ack_held=0 ack_released=0 ack_epoch_dropped=0 parked=0
[GVS] rma coste: reservas=19 (esperaron 0) media=0.17us | cache de registro: aciertos=0 fallos=48 (0.0%) | acks enviados=0 media=0.00us | acks con generacion desajustada=0
[GVS] rma teardown: acks descartados por epoch=0, advertisements aparcadas=0
[GVS VIS] A1 teardown: policy=flush assumed=0 fences=0 flushes=184 declined=0 fence_failures=0
GUSTO_METRIC tag=teardown slots_total=2 peak_inflight=1 avg_inflight=0.537 peak_waiters=0 reservations=19 waited=0 wait_us_avg=0.17 admit_rma=19 admit_am=107 rma_pct=15.08 rma_fellback=13 decline_capacity=0 decline_timeout=0 decline_swap=0 decline_epfail=0 ack_sent=0 ack_gen_mismatch=0 ack_on_free=0 ack_applied=19 ack_held=0 ack_released=0 ack_epoch_dropped=0 parked=0
[GVS] rma coste: reservas=19 (esperaron 0) media=0.10us | cache de registro: aciertos=0 fallos=48 (0.0%) | acks enviados=0 media=0.00us | acks con generacion desajustada=0
[GVS] rma teardown: acks descartados por epoch=0, advertisements aparcadas=0
[GVS VIS] A1 teardown: policy=flush assumed=0 fences=0 flushes=184 declined=0 fence_failures=0
GUSTO_METRIC tag=teardown slots_total=2 peak_inflight=1 avg_inflight=0.172 peak_waiters=0 reservations=19 waited=0 wait_us_avg=0.10 admit_rma=19 admit_am=107 rma_pct=15.08 rma_fellback=13 decline_capacity=0 decline_timeout=0 decline_swap=0 decline_epfail=0 ack_sent=0 ack_gen_mismatch=0 ack_on_free=0 ack_applied=19 ack_held=0 ack_released=0 ack_epoch_dropped=0 parked=0
[GVS] rma coste: reservas=19 (esperaron 0) media=0.10us | cache de registro: aciertos=0 fallos=48 (0.0%) | acks enviados=0 media=0.00us | acks con generacion desajustada=0
[GVS] rma teardown: acks descartados por epoch=0, advertisements aparcadas=0
[GVS VIS] A1 teardown: policy=flush assumed=0 fences=0 flushes=184 declined=0 fence_failures=0
GUSTO_METRIC tag=teardown slots_total=2 peak_inflight=1 avg_inflight=0.497 peak_waiters=0 reservations=19 waited=0 wait_us_avg=0.10 admit_rma=19 admit_am=107 rma_pct=15.08 rma_fellback=13 decline_capacity=0 decline_timeout=0 decline_swap=0 decline_epfail=0 ack_sent=0 ack_gen_mismatch=0 ack_on_free=0 ack_applied=19 ack_held=0 ack_released=0 ack_epoch_dropped=0 parked=0
[GVS] rma coste: reservas=19 (esperaron 0) media=0.11us | cache de registro: aciertos=0 fallos=48 (0.0%) | acks enviados=0 media=0.00us | acks con generacion desajustada=0
[GVS] rma teardown: acks descartados por epoch=0, advertisements aparcadas=0
[GVS VIS] A1 teardown: policy=flush assumed=0 fences=0 flushes=184 declined=0 fence_failures=0
GUSTO_METRIC tag=teardown slots_total=2 peak_inflight=1 avg_inflight=0.109 peak_waiters=0 reservations=19 waited=0 wait_us_avg=0.11 admit_rma=19 admit_am=107 rma_pct=15.08 rma_fellback=13 decline_capacity=0 decline_timeout=0 decline_swap=0 decline_epfail=0 ack_sent=0 ack_gen_mismatch=0 ack_on_free=0 ack_applied=19 ack_held=0 ack_released=0 ack_epoch_dropped=0 parked=0
[GVS] rma coste: reservas=9 (esperaron 0) media=0.16us | cache de registro: aciertos=0 fallos=48 (0.0%) | acks enviados=0 media=0.00us | acks con generacion desajustada=0
[GVS] rma teardown: acks descartados por epoch=0, advertisements aparcadas=0
[GVS VIS] A1 teardown: policy=flush assumed=0 fences=0 flushes=184 declined=0 fence_failures=0
GUSTO_METRIC tag=teardown slots_total=2 peak_inflight=1 avg_inflight=0.109 peak_waiters=0 reservations=9 waited=0 wait_us_avg=0.16 admit_rma=9 admit_am=117 rma_pct=7.14 rma_fellback=7 decline_capacity=0 decline_timeout=0 decline_swap=0 decline_epfail=0 ack_sent=0 ack_gen_mismatch=0 ack_on_free=0 ack_applied=9 ack_held=0 ack_released=0 ack_epoch_dropped=0 parked=0
[GVS] rma coste: reservas=9 (esperaron 0) media=0.12us | cache de registro: aciertos=0 fallos=48 (0.0%) | acks enviados=0 media=0.00us | acks con generacion desajustada=0
[GVS] rma teardown: acks descartados por epoch=0, advertisements aparcadas=0
[GVS VIS] A1 teardown: policy=flush assumed=0 fences=0 flushes=184 declined=0 fence_failures=0
GUSTO_METRIC tag=teardown slots_total=2 peak_inflight=1 avg_inflight=0.105 peak_waiters=0 reservations=9 waited=0 wait_us_avg=0.12 admit_rma=9 admit_am=117 rma_pct=7.14 rma_fellback=7 decline_capacity=0 decline_timeout=0 decline_swap=0 decline_epfail=0 ack_sent=0 ack_gen_mismatch=0 ack_on_free=0 ack_applied=9 ack_held=0 ack_released=0 ack_epoch_dropped=0 parked=0
[GVS] rma coste: reservas=9 (esperaron 0) media=0.14us | cache de registro: aciertos=0 fallos=48 (0.0%) | acks enviados=0 media=0.00us | acks con generacion desajustada=0
[GVS] rma teardown: acks descartados por epoch=0, advertisements aparcadas=0
[GVS VIS] A1 teardown: policy=flush assumed=0 fences=0 flushes=184 declined=0 fence_failures=0
GUSTO_METRIC tag=teardown slots_total=2 peak_inflight=1 avg_inflight=0.704 peak_waiters=0 reservations=9 waited=0 wait_us_avg=0.14 admit_rma=9 admit_am=117 rma_pct=7.14 rma_fellback=7 decline_capacity=0 decline_timeout=0 decline_swap=0 decline_epfail=0 ack_sent=0 ack_gen_mismatch=0 ack_on_free=0 ack_applied=9 ack_held=0 ack_released=0 ack_epoch_dropped=0 parked=0
[GVS] rma coste: reservas=9 (esperaron 0) media=0.14us | cache de registro: aciertos=0 fallos=48 (0.0%) | acks enviados=0 media=0.00us | acks con generacion desajustada=0
[GVS] rma teardown: acks descartados por epoch=0, advertisements aparcadas=0
[GVS VIS] A1 teardown: policy=flush assumed=0 fences=0 flushes=184 declined=0 fence_failures=0
GUSTO_METRIC tag=teardown slots_total=2 peak_inflight=1 avg_inflight=0.103 peak_waiters=0 reservations=9 waited=0 wait_us_avg=0.14 admit_rma=9 admit_am=117 rma_pct=7.14 rma_fellback=7 decline_capacity=0 decline_timeout=0 decline_swap=0 decline_epfail=0 ack_sent=0 ack_gen_mismatch=0 ack_on_free=0 ack_applied=9 ack_held=0 ack_released=0 ack_epoch_dropped=0 parked=0
[GVS] rma teardown: acks descartados por epoch=0, advertisements aparcadas=0
[GVS VIS] A1 teardown: policy=flush assumed=0 fences=0 flushes=184 declined=0 fence_failures=0
GUSTO_METRIC tag=teardown slots_total=0 peak_inflight=0 avg_inflight=0.000 peak_waiters=0 reservations=0 waited=0 wait_us_avg=0.00 admit_rma=0 admit_am=144 rma_pct=0.00 rma_fellback=0 decline_capacity=0 decline_timeout=0 decline_swap=0 decline_epfail=0 ack_sent=0 ack_gen_mismatch=0 ack_on_free=0 ack_applied=0 ack_held=0 ack_released=0 ack_epoch_dropped=0 parked=0
[GVS] rma teardown: acks descartados por epoch=0, advertisements aparcadas=0
[GVS VIS] A1 teardown: policy=flush assumed=0 fences=0 flushes=184 declined=0 fence_failures=0
GUSTO_METRIC tag=teardown slots_total=0 peak_inflight=0 avg_inflight=0.000 peak_waiters=0 reservations=0 waited=0 wait_us_avg=0.00 admit_rma=0 admit_am=144 rma_pct=0.00 rma_fellback=0 decline_capacity=0 decline_timeout=0 decline_swap=0 decline_epfail=0 ack_sent=0 ack_gen_mismatch=0 ack_on_free=0 ack_applied=0 ack_held=0 ack_released=0 ack_epoch_dropped=0 parked=0
[GVS] rma teardown: acks descartados por epoch=0, advertisements aparcadas=0
[GVS VIS] A1 teardown: policy=flush assumed=0 fences=0 flushes=184 declined=0 fence_failures=0
GUSTO_METRIC tag=teardown slots_total=0 peak_inflight=0 avg_inflight=0.000 peak_waiters=0 reservations=0 waited=0 wait_us_avg=0.00 admit_rma=0 admit_am=144 rma_pct=0.00 rma_fellback=0 decline_capacity=0 decline_timeout=0 decline_swap=0 decline_epfail=0 ack_sent=0 ack_gen_mismatch=0 ack_on_free=0 ack_applied=0 ack_held=0 ack_released=0 ack_epoch_dropped=0 parked=0
[GVS] rma teardown: acks descartados por epoch=0, advertisements aparcadas=0
[GVS VIS] A1 teardown: policy=flush assumed=0 fences=0 flushes=184 declined=0 fence_failures=0
GUSTO_METRIC tag=teardown slots_total=0 peak_inflight=0 avg_inflight=0.000 peak_waiters=0 reservations=0 waited=0 wait_us_avg=0.00 admit_rma=0 admit_am=144 rma_pct=0.00 rma_fellback=0 decline_capacity=0 decline_timeout=0 decline_swap=0 decline_epfail=0 ack_sent=0 ack_gen_mismatch=0 ack_on_free=0 ack_applied=0 ack_held=0 ack_released=0 ack_epoch_dropped=0 parked=0
[GVS] rma teardown: acks descartados por epoch=0, advertisements aparcadas=0
[GVS VIS] A1 teardown: policy=flush assumed=0 fences=0 flushes=184 declined=0 fence_failures=0
GUSTO_METRIC tag=teardown slots_total=0 peak_inflight=0 avg_inflight=0.000 peak_waiters=0 reservations=0 waited=0 wait_us_avg=0.00 admit_rma=0 admit_am=540 rma_pct=0.00 rma_fellback=0 decline_capacity=0 decline_timeout=0 decline_swap=0 decline_epfail=0 ack_sent=0 ack_gen_mismatch=0 ack_on_free=0 ack_applied=0 ack_held=0 ack_released=0 ack_epoch_dropped=0 parked=0
[GVS] rma teardown: acks descartados por epoch=0, advertisements aparcadas=0
[GVS VIS] A1 teardown: policy=flush assumed=0 fences=0 flushes=184 declined=0 fence_failures=0
GUSTO_METRIC tag=teardown slots_total=0 peak_inflight=0 avg_inflight=0.000 peak_waiters=0 reservations=0 waited=0 wait_us_avg=0.00 admit_rma=0 admit_am=540 rma_pct=0.00 rma_fellback=0 decline_capacity=0 decline_timeout=0 decline_swap=0 decline_epfail=0 ack_sent=0 ack_gen_mismatch=0 ack_on_free=0 ack_applied=0 ack_held=0 ack_released=0 ack_epoch_dropped=0 parked=0
[GVS] rma teardown: acks descartados por epoch=0, advertisements aparcadas=0
[GVS VIS] A1 teardown: policy=flush assumed=0 fences=0 flushes=184 declined=0 fence_failures=0
GUSTO_METRIC tag=teardown slots_total=0 peak_inflight=0 avg_inflight=0.000 peak_waiters=0 reservations=0 waited=0 wait_us_avg=0.00 admit_rma=0 admit_am=540 rma_pct=0.00 rma_fellback=0 decline_capacity=0 decline_timeout=0 decline_swap=0 decline_epfail=0 ack_sent=0 ack_gen_mismatch=0 ack_on_free=0 ack_applied=0 ack_held=0 ack_released=0 ack_epoch_dropped=0 parked=0
[GVS] rma teardown: acks descartados por epoch=0, advertisements aparcadas=0
[GVS VIS] A1 teardown: policy=flush assumed=0 fences=0 flushes=184 declined=0 fence_failures=0
GUSTO_METRIC tag=teardown slots_total=0 peak_inflight=0 avg_inflight=0.000 peak_waiters=0 reservations=0 waited=0 wait_us_avg=0.00 admit_rma=0 admit_am=540 rma_pct=0.00 rma_fellback=0 decline_capacity=0 decline_timeout=0 decline_swap=0 decline_epfail=0 ack_sent=0 ack_gen_mismatch=0 ack_on_free=0 ack_applied=0 ack_held=0 ack_released=0 ack_epoch_dropped=0 parked=0
[GVS] rma teardown: acks descartados por epoch=0, advertisements aparcadas=0
[GVS VIS] A1 teardown: policy=flush assumed=0 fences=0 flushes=184 declined=0 fence_failures=0
GUSTO_METRIC tag=teardown slots_total=0 peak_inflight=0 avg_inflight=0.000 peak_waiters=0 reservations=0 waited=0 wait_us_avg=0.00 admit_rma=0 admit_am=18 rma_pct=0.00 rma_fellback=0 decline_capacity=0 decline_timeout=0 decline_swap=0 decline_epfail=0 ack_sent=0 ack_gen_mismatch=0 ack_on_free=0 ack_applied=0 ack_held=0 ack_released=0 ack_epoch_dropped=0 parked=0
[GVS] rma teardown: acks descartados por epoch=0, advertisements aparcadas=0
[GVS VIS] A1 teardown: policy=flush assumed=0 fences=0 flushes=184 declined=0 fence_failures=0
GUSTO_METRIC tag=teardown slots_total=0 peak_inflight=0 avg_inflight=0.000 peak_waiters=0 reservations=0 waited=0 wait_us_avg=0.00 admit_rma=0 admit_am=18 rma_pct=0.00 rma_fellback=0 decline_capacity=0 decline_timeout=0 decline_swap=0 decline_epfail=0 ack_sent=0 ack_gen_mismatch=0 ack_on_free=0 ack_applied=0 ack_held=0 ack_released=0 ack_epoch_dropped=0 parked=0
[GVS] rma teardown: acks descartados por epoch=0, advertisements aparcadas=0
[GVS VIS] A1 teardown: policy=flush assumed=0 fences=0 flushes=184 declined=0 fence_failures=0
GUSTO_METRIC tag=teardown slots_total=0 peak_inflight=0 avg_inflight=0.000 peak_waiters=0 reservations=0 waited=0 wait_us_avg=0.00 admit_rma=0 admit_am=18 rma_pct=0.00 rma_fellback=0 decline_capacity=0 decline_timeout=0 decline_swap=0 decline_epfail=0 ack_sent=0 ack_gen_mismatch=0 ack_on_free=0 ack_applied=0 ack_held=0 ack_released=0 ack_epoch_dropped=0 parked=0
[GVS] rma teardown: acks descartados por epoch=0, advertisements aparcadas=0
[GVS VIS] A1 teardown: policy=flush assumed=0 fences=0 flushes=184 declined=0 fence_failures=0
GUSTO_METRIC tag=teardown slots_total=0 peak_inflight=0 avg_inflight=0.000 peak_waiters=0 reservations=0 waited=0 wait_us_avg=0.00 admit_rma=0 admit_am=18 rma_pct=0.00 rma_fellback=0 decline_capacity=0 decline_timeout=0 decline_swap=0 decline_epfail=0 ack_sent=0 ack_gen_mismatch=0 ack_on_free=0 ack_applied=0 ack_held=0 ack_released=0 ack_epoch_dropped=0 parked=0
