DEBUG: protocol string is [ucx]
[GVS] GPUDirect=disabled (GVIRTUS_GPUDIRECT=1 but probe FAILED: cudaMalloc(4K) failed (no GPU? OOM?)) - falling back to host slots, behavior unchanged
[GVS IDX] epoch 1 advertises server_idx=[]
[GVS] rma_setup: epoch 1 arrived, 0/0 slots in flight -> install now
UCX control-plane connected: Connect (25.25.25.2:32222)
DEBUG: protocol string is [ucx]
[GVS] GPUDirect=disabled (GVIRTUS_GPUDIRECT=1 but probe FAILED: cudaMalloc(4K) failed (no GPU? OOM?)) - falling back to host slots, behavior unchanged
[GVS IDX] epoch 1 advertises server_idx=[]
[GVS] rma_setup: epoch 1 arrived, 0/0 slots in flight -> install now
# variant=ptsz threads=8 iters=18 seed=5 clases=9
UCX control-plane connected: Connect (25.25.25.2:32222)
DEBUG: protocol string is [ucx]
DEBUG: protocol string is [ucx]
DEBUG: protocol string is [ucx]
DEBUG: protocol string is [ucx]
DEBUG: protocol string is [ucx]
DEBUG: protocol string is [ucx]
DEBUG: protocol string is [ucx]
DEBUG: protocol string is [ucx]
[GVS] GPUDirect=disabled (GVIRTUS_GPUDIRECT=1 but probe FAILED: cudaMalloc(4K) failed (no GPU? OOM?)) - falling back to host slots, behavior unchanged
[GVS] GPUDirect=disabled (GVIRTUS_GPUDIRECT=1 but probe FAILED: cudaMalloc(4K) failed (no GPU? OOM?)) - falling back to host slots, behavior unchanged
[GVS] GPUDirect=disabled (GVIRTUS_GPUDIRECT=1 but probe FAILED: cudaMalloc(4K) failed (no GPU? OOM?)) - falling back to host slots, behavior unchanged
[GVS] GPUDirect=disabled (GVIRTUS_GPUDIRECT=1 but probe FAILED: cudaMalloc(4K) failed (no GPU? OOM?)) - falling back to host slots, behavior unchanged
[GVS] GPUDirect=disabled (GVIRTUS_GPUDIRECT=1 but probe FAILED: cudaMalloc(4K) failed (no GPU? OOM?)) - falling back to host slots, behavior unchanged
[GVS] GPUDirect=disabled (GVIRTUS_GPUDIRECT=1 but probe FAILED: cudaMalloc(4K) failed (no GPU? OOM?)) - falling back to host slots, behavior unchanged
[GVS] GPUDirect=disabled (GVIRTUS_GPUDIRECT=1 but probe FAILED: cudaMalloc(4K) failed (no GPU? OOM?)) - falling back to host slots, behavior unchanged
[GVS] GPUDirect=disabled (GVIRTUS_GPUDIRECT=1 but probe FAILED: cudaMalloc(4K) failed (no GPU? OOM?)) - falling back to host slots, behavior unchanged
[GVS IDX] epoch 1 advertises server_idx=[]
[GVS] rma_setup: epoch 1 arrived, 0/0 slots in flight -> install now
[GUSTO CFG] effective pool: slots=2 cap=0.1 MiB shadow=no total=0.2 MiB (no budget defined)
[GUSTO CFG] effective pool: slots=2 cap=0.1 MiB shadow=no total=0.2 MiB (no budget defined)
[GUSTO CFG] effective pool: slots=2 cap=0.6 MiB shadow=no total=1.1 MiB (no budget defined)
[GUSTO CFG] effective pool: slots=2 cap=1.1 MiB shadow=no total=2.1 MiB (no budget defined)
[GVS] rx_pool: releasing superseded slot (81920 B host, retired at epoch 3, peer acked 0)
[GVS] rx_pool: releasing superseded slot (81920 B host, retired at epoch 3, peer acked 0)
[GUSTO CFG] effective pool: slots=2 cap=2.1 MiB shadow=no total=4.1 MiB (no budget defined)
[GVS] rx_pool: releasing superseded slot (98304 B host, retired at epoch 4, peer acked 0)
[GVS] rx_pool: releasing superseded slot (98304 B host, retired at epoch 4, peer acked 0)
[GUSTO CFG] effective pool: slots=2 cap=4.1 MiB shadow=no total=8.1 MiB (no budget defined)
[GVS] rx_pool: releasing superseded slot (589824 B host, retired at epoch 5, peer acked 0)
[GVS] rx_pool: releasing superseded slot (589824 B host, retired at epoch 5, peer acked 0)
[GVS IDX] epoch 1 advertises server_idx=[]
[GVS] rma_setup: epoch 1 arrived, 0/0 slots in flight -> install now
[GUSTO CFG] effective pool: slots=2 cap=0.1 MiB shadow=no total=0.2 MiB (no budget defined)
[GUSTO CFG] effective pool: slots=2 cap=0.1 MiB shadow=no total=0.2 MiB (no budget defined)
[GVS IDX] epoch 2 advertises server_idx=[1,2]
[GVS] rma_setup: epoch 2 arrived, 0/0 slots in flight -> install now
[GUSTO CFG] effective pool: slots=2 cap=0.6 MiB shadow=no total=1.1 MiB (no budget defined)
[GUSTO CFG] effective pool: slots=2 cap=1.1 MiB shadow=no total=2.1 MiB (no budget defined)
[GVS] rx_pool: releasing superseded slot (81920 B host, retired at epoch 3, peer acked 0)
[GVS] rx_pool: releasing superseded slot (81920 B host, retired at epoch 3, peer acked 0)
[GVS IDX] epoch 1 advertises server_idx=[]
[GVS] rma_setup: epoch 1 arrived, 0/0 slots in flight -> install now
[GUSTO CFG] effective pool: slots=2 cap=0.1 MiB shadow=no total=0.2 MiB (no budget defined)
[GUSTO CFG] effective pool: slots=2 cap=2.1 MiB shadow=no total=4.1 MiB (no budget defined)
[GVS] rx_pool: releasing superseded slot (98304 B host, retired at epoch 4, peer acked 0)
[GVS IDX] epoch 1 advertises server_idx=[]
[GVS] rma_setup: epoch 1 arrived, 0/0 slots in flight -> install now
[GVS] rx_pool: releasing superseded slot (98304 B host, retired at epoch 4, peer acked 0)
[GUSTO CFG] effective pool: slots=2 cap=0.1 MiB shadow=no total=0.2 MiB (no budget defined)
[GUSTO CFG] effective pool: slots=2 cap=0.1 MiB shadow=no total=0.2 MiB (no budget defined)
[GUSTO CFG] effective pool: slots=2 cap=0.1 MiB shadow=no total=0.2 MiB (no budget defined)
[GUSTO CFG] effective pool: slots=2 cap=0.6 MiB shadow=no total=1.1 MiB (no budget defined)
[GUSTO CFG] effective pool: slots=2 cap=0.6 MiB shadow=no total=1.1 MiB (no budget defined)
[GUSTO CFG] effective pool: slots=2 cap=1.1 MiB shadow=no total=2.1 MiB (no budget defined)
[GVS] rx_pool: releasing superseded slot (81920 B host, retired at epoch 3, peer acked 0)
[GVS] rx_pool: releasing superseded slot (81920 B host, retired at epoch 3, peer acked 0)
[GUSTO CFG] effective pool: slots=2 cap=4.1 MiB shadow=no total=8.1 MiB (no budget defined)
[GVS] rx_pool: releasing superseded slot (589824 B host, retired at epoch 5, peer acked 0)
[GVS] rx_pool: releasing superseded slot (589824 B host, retired at epoch 5, peer acked 0)
[GUSTO CFG] effective pool: slots=2 cap=1.1 MiB shadow=no total=2.1 MiB (no budget defined)
[GVS] rx_pool: releasing superseded slot (81920 B host, retired at epoch 3, peer acked 0)
[GVS] rx_pool: releasing superseded slot (81920 B host, retired at epoch 3, peer acked 0)
[GUSTO CFG] effective pool: slots=2 cap=2.1 MiB shadow=no total=4.1 MiB (no budget defined)
[GVS] rx_pool: releasing superseded slot (98304 B host, retired at epoch 4, peer acked 0)
[GVS] rx_pool: releasing superseded slot (98304 B host, retired at epoch 4, peer acked 0)
[GVS IDX] epoch 2 advertises server_idx=[1,2]
[GVS] rma_setup: epoch 2 arrived, 0/0 slots in flight -> install now
[GUSTO CFG] effective pool: slots=2 cap=2.1 MiB shadow=no total=4.1 MiB (no budget defined)
[GVS] rx_pool: releasing superseded slot (98304 B host, retired at epoch 4, peer acked 0)
[GVS] rx_pool: releasing superseded slot (98304 B host, retired at epoch 4, peer acked 0)
[GUSTO CFG] effective pool: slots=2 cap=4.1 MiB shadow=no total=8.1 MiB (no budget defined)
[GVS] rx_pool: releasing superseded slot (589824 B host, retired at epoch 5, peer acked 0)
[GVS] rx_pool: releasing superseded slot (589824 B host, retired at epoch 5, peer acked 0)
[GUSTO CFG] effective pool: slots=2 cap=4.1 MiB shadow=no total=8.1 MiB (no budget defined)
[GVS] rx_pool: releasing superseded slot (589824 B host, retired at epoch 5, peer acked 0)
[GVS] rx_pool: releasing superseded slot (589824 B host, retired at epoch 5, peer acked 0)
[GVS IDX] epoch 2 advertises server_idx=[1,2]
[GVS] rma_setup: epoch 2 arrived, 0/0 slots in flight -> install now
[GVS IDX] epoch 1 advertises server_idx=[]
[GVS] rma_setup: epoch 1 arrived, 0/0 slots in flight -> install now
[GVS IDX] epoch 1 advertises server_idx=[]
[GVS] rma_setup: epoch 1 arrived, 0/0 slots in flight -> install now
[GVS IDX] epoch 2 advertises server_idx=[1,2]
[GVS] rma_setup: epoch 2 arrived, 0/0 slots in flight -> install now
[GUSTO CFG] effective pool: slots=2 cap=0.1 MiB shadow=no total=0.2 MiB (no budget defined)
[GUSTO CFG] effective pool: slots=2 cap=0.1 MiB shadow=no total=0.2 MiB (no budget defined)
[GUSTO CFG] effective pool: slots=2 cap=0.1 MiB shadow=no total=0.2 MiB (no budget defined)
[GUSTO CFG] effective pool: slots=2 cap=0.1 MiB shadow=no total=0.2 MiB (no budget defined)
[GUSTO CFG] effective pool: slots=2 cap=0.6 MiB shadow=no total=1.1 MiB (no budget defined)
[GUSTO CFG] effective pool: slots=2 cap=0.6 MiB shadow=no total=1.1 MiB (no budget defined)
[GUSTO CFG] effective pool: slots=2 cap=1.1 MiB shadow=no total=2.1 MiB (no budget defined)
[GVS] rx_pool: releasing superseded slot (81920 B host, retired at epoch 3, peer acked 0)
[GVS] rx_pool: releasing superseded slot (81920 B host, retired at epoch 3, peer acked 0)
[GUSTO CFG] effective pool: slots=2 cap=1.1 MiB shadow=no total=2.1 MiB (no budget defined)
[GVS] rx_pool: releasing superseded slot (81920 B host, retired at epoch 3, peer acked 0)
[GVS] rx_pool: releasing superseded slot (81920 B host, retired at epoch 3, peer acked 0)
[GVS IDX] epoch 1 advertises server_idx=[]
[GVS] rma_setup: epoch 1 arrived, 0/0 slots in flight -> install now
[GUSTO CFG] effective pool: slots=2 cap=2.1 MiB shadow=no total=4.1 MiB (no budget defined)
[GVS] rx_pool: releasing superseded slot (98304 B host, retired at epoch 4, peer acked 0)
[GVS] rx_pool: releasing superseded slot (98304 B host, retired at epoch 4, peer acked 0)
[GUSTO CFG] effective pool: slots=2 cap=2.1 MiB shadow=no total=4.1 MiB (no budget defined)
[GVS] rx_pool: releasing superseded slot (98304 B host, retired at epoch 4, peer acked 0)
[GVS] rx_pool: releasing superseded slot (98304 B host, retired at epoch 4, peer acked 0)
[GUSTO CFG] effective pool: slots=2 cap=0.1 MiB shadow=no total=0.2 MiB (no budget defined)
[GUSTO CFG] effective pool: slots=2 cap=0.1 MiB shadow=no total=0.2 MiB (no budget defined)
[GVS IDX] epoch 1 advertises server_idx=[]
[GVS] rma_setup: epoch 1 arrived, 0/0 slots in flight -> install now
[GUSTO CFG] effective pool: slots=2 cap=0.6 MiB shadow=no total=1.1 MiB (no budget defined)
[GUSTO CFG] effective pool: slots=2 cap=4.1 MiB shadow=no total=8.1 MiB (no budget defined)
[GVS] rx_pool: releasing superseded slot (589824 B host, retired at epoch 5, peer acked 0)
[GVS] rx_pool: releasing superseded slot (589824 B host, retired at epoch 5, peer acked 0)
[GUSTO CFG] effective pool: slots=2 cap=0.1 MiB shadow=no total=0.2 MiB (no budget defined)
[GUSTO CFG] effective pool: slots=2 cap=4.1 MiB shadow=no total=8.1 MiB (no budget defined)
[GVS] rx_pool: releasing superseded slot (589824 B host, retired at epoch 5, peer acked 0)
[GVS] rx_pool: releasing superseded slot (589824 B host, retired at epoch 5, peer acked 0)
[GVS IDX] epoch 2 advertises server_idx=[1,2]
[GVS] rma_setup: epoch 2 arrived, 0/0 slots in flight -> install now
[GUSTO CFG] effective pool: slots=2 cap=1.1 MiB shadow=no total=2.1 MiB (no budget defined)
[GVS] rx_pool: releasing superseded slot (81920 B host, retired at epoch 3, peer acked 0)
[GVS] rx_pool: releasing superseded slot (81920 B host, retired at epoch 3, peer acked 0)
[GUSTO CFG] effective pool: slots=2 cap=0.1 MiB shadow=no total=0.2 MiB (no budget defined)
[GUSTO CFG] effective pool: slots=2 cap=0.6 MiB shadow=no total=1.1 MiB (no budget defined)
[GUSTO CFG] effective pool: slots=2 cap=2.1 MiB shadow=no total=4.1 MiB (no budget defined)
[GVS] rx_pool: releasing superseded slot (98304 B host, retired at epoch 4, peer acked 0)
[GVS] rx_pool: releasing superseded slot (98304 B host, retired at epoch 4, peer acked 0)
[GVS IDX] epoch 2 advertises server_idx=[1,2]
[GVS] rma_setup: epoch 2 arrived, 0/0 slots in flight -> install now
[GUSTO CFG] effective pool: slots=2 cap=1.1 MiB shadow=no total=2.1 MiB (no budget defined)
[GVS] rx_pool: releasing superseded slot (81920 B host, retired at epoch 3, peer acked 0)
[GVS] rx_pool: releasing superseded slot (81920 B host, retired at epoch 3, peer acked 0)
[GUSTO CFG] effective pool: slots=2 cap=4.1 MiB shadow=no total=8.1 MiB (no budget defined)
[GVS] rx_pool: releasing superseded slot (589824 B host, retired at epoch 5, peer acked 0)
[GVS] rx_pool: releasing superseded slot (589824 B host, retired at epoch 5, peer acked 0)
[GUSTO CFG] effective pool: slots=2 cap=2.1 MiB shadow=no total=4.1 MiB (no budget defined)
[GVS] rx_pool: releasing superseded slot (98304 B host, retired at epoch 4, peer acked 0)
[GVS] rx_pool: releasing superseded slot (98304 B host, retired at epoch 4, peer acked 0)
[GVS IDX] epoch 2 advertises server_idx=[1,2]
[GVS] rma_setup: epoch 2 arrived, 0/0 slots in flight -> install now
[GUSTO CFG] effective pool: slots=2 cap=4.1 MiB shadow=no total=8.1 MiB (no budget defined)
[GVS] rx_pool: releasing superseded slot (589824 B host, retired at epoch 5, peer acked 0)
[GVS] rx_pool: releasing superseded slot (589824 B host, retired at epoch 5, peer acked 0)
[GVS IDX] epoch 2 advertises server_idx=[1,2]
[GVS] rma_setup: epoch 2 arrived, 0/0 slots in flight -> install now
UCX control-plane connected: Connect (25.25.25.2:32222)
UCX control-plane connected: Connect (25.25.25.2:32222)
UCX control-plane connected: Connect (25.25.25.2:32222)
UCX control-plane connected: Connect (25.25.25.2:32222)
UCX control-plane connected: Connect (25.25.25.2:32222)
UCX control-plane connected: Connect (25.25.25.2:32222)
UCX control-plane connected: Connect (25.25.25.2:32222)
UCX control-plane connected: Connect (25.25.25.2:32222)
CSVROW,roundtrip_pinned,ptsz,8,5,18,1,0,none,1757.434
INFO - Using properties file: /opt/GVirtuS/etc/properties_ucx.json
INFO - Parsing endpoint config from: /opt/GVirtuS/etc/properties_ucx.json
DEBUG: protocol string is [ucx]
DEBUG: protocol string is [ucx]
DEBUG: protocol string is [ucx]
DEBUG: protocol string is [ucx]
DEBUG: protocol string is [ucx]
DEBUG: protocol string is [DEBUG: protocol string is [ucxucx]
]
DEBUG: protocol string is [ucx]
[GVS] GPUDirect=disabled (GVIRTUS_GPUDIRECT=1 but probe FAILED: cudaMalloc(4K) failed (no GPU? OOM?)) - falling back to host slots, behavior unchanged
[GVS] GPUDirect=disabled (GVIRTUS_GPUDIRECT=1 but probe FAILED: cudaMalloc(4K) failed (no GPU? OOM?)) - falling back to host slots, behavior unchanged
[GVS] GPUDirect=disabled (GVIRTUS_GPUDIRECT=1 but probe FAILED: cudaMalloc(4K) failed (no GPU? OOM?)) - falling back to host slots, behavior unchanged
[GVS] GPUDirect=disabled (GVIRTUS_GPUDIRECT=1 but probe FAILED: cudaMalloc(4K) failed (no GPU? OOM?)) - falling back to host slots, behavior unchanged
[GVS] GPUDirect=disabled (GVIRTUS_GPUDIRECT=1 but probe FAILED: cudaMalloc(4K) failed (no GPU? OOM?)) - falling back to host slots, behavior unchanged
[GVS] GPUDirect=disabled (GVIRTUS_GPUDIRECT=1 but probe FAILED: cudaMalloc(4K) failed (no GPU? OOM?)) - falling back to host slots, behavior unchanged
[GVS] GPUDirect=disabled (GVIRTUS_GPUDIRECT=1 but probe FAILED: cudaMalloc(4K) failed (no GPU? OOM?)) - falling back to host slots, behavior unchanged
[GVS] GPUDirect=disabled (GVIRTUS_GPUDIRECT=1 but probe FAILED: cudaMalloc(4K) failed (no GPU? OOM?)) - falling back to host slots, behavior unchanged
[GVS IDX] epoch 1 advertises server_idx=[]
[GVS] rma_setup: epoch 1 arrived, 0/0 slots in flight -> install now
[GVS IDX] epoch 1 advertises server_idx=[]
[GVS] rma_setup: epoch 1 arrived, 0/0 slots in flight -> install now
[GUSTO CFG] effective pool: slots=2 cap=0.1 MiB shadow=no total=0.2 MiB (no budget defined)
[GUSTO CFG] effective pool: slots=2 cap=0.1 MiB shadow=no total=0.2 MiB (no budget defined)
[GUSTO CFG] effective pool: slots=2 cap=0.1 MiB shadow=no total=0.2 MiB (no budget defined)
[GUSTO CFG] effective pool: slots=2 cap=0.1 MiB shadow=no total=0.2 MiB (no budget defined)
[GUSTO CFG] effective pool: slots=2 cap=0.6 MiB shadow=no total=1.1 MiB (no budget defined)
[GUSTO CFG] effective pool: slots=2 cap=0.6 MiB shadow=no total=1.1 MiB (no budget defined)
[GUSTO CFG] effective pool: slots=2 cap=1.1 MiB shadow=no total=2.1 MiB (no budget defined)
[GVS] rx_pool: releasing superseded slot (81920 B host, retired at epoch 3, peer acked 0)
[GVS] rx_pool: releasing superseded slot (81920 B host, retired at epoch 3, peer acked 0)
[GUSTO CFG] effective pool: slots=2 cap=1.1 MiB shadow=no total=2.1 MiB (no budget defined)
[GVS] rx_pool: releasing superseded slot (81920 B host, retired at epoch 3, peer acked 0)
[GVS] rx_pool: releasing superseded slot (81920 B host, retired at epoch 3, peer acked 0)
[GVS IDX] epoch 1 advertises server_idx=[]
[GVS] rma_setup: epoch 1 arrived, 0/0 slots in flight -> install now
[GUSTO CFG] effective pool: slots=2 cap=2.1 MiB shadow=no total=4.1 MiB (no budget defined)
[GVS] rx_pool: releasing superseded slot (98304 B host, retired at epoch 4, peer acked 0)
[GVS] rx_pool: releasing superseded slot (98304 B host, retired at epoch 4, peer acked 0)
[GUSTO CFG] effective pool: slots=2 cap=2.1 MiB shadow=no total=4.1 MiB (no budget defined)
[GVS] rx_pool: releasing superseded slot (98304 B host, retired at epoch 4, peer acked 0)
[GUSTO CFG] effective pool: slots=2 cap=0.1 MiB shadow=no total=0.2 MiB (no budget defined)
[GUSTO CFG] effective pool: slots=2 cap=0.1 MiB shadow=no total=0.2 MiB (no budget defined)
[GVS] rx_pool: releasing superseded slot (98304 B host, retired at epoch 4, peer acked 0)
[GVS IDX] epoch 1 advertises server_idx=[]
[GVS] rma_setup: epoch 1 arrived, 0/0 slots in flight -> install now
[GUSTO CFG] effective pool: slots=2 cap=0.6 MiB shadow=no total=1.1 MiB (no budget defined)
[GUSTO CFG] effective pool: slots=2 cap=4.1 MiB shadow=no total=8.1 MiB (no budget defined)
[GVS] rx_pool: releasing superseded slot (589824 B host, retired at epoch 5, peer acked 0)
[GVS] rx_pool: releasing superseded slot (589824 B host, retired at epoch 5, peer acked 0)
[GUSTO CFG] effective pool: slots=2 cap=0.1 MiB shadow=no total=0.2 MiB (no budget defined)
[GVS IDX] epoch 1 advertises server_idx=[]
[GVS] rma_setup: epoch 1 arrived, 0/0 slots in flight -> install now
[GUSTO CFG] effective pool: slots=2 cap=4.1 MiB shadow=no total=8.1 MiB (no budget defined)
[GVS] rx_pool: releasing superseded slot (589824 B host, retired at epoch 5, peer acked 0)
[GVS] rx_pool: releasing superseded slot (589824 B host, retired at epoch 5, peer acked 0)
[GVS IDX] epoch 1 advertises server_idx=[]
[GVS] rma_setup: epoch 1 arrived, 0/0 slots in flight -> install now
[GUSTO CFG] effective pool: slots=2 cap=0.1 MiB shadow=no total=0.2 MiB (no budget defined)
[GUSTO CFG] effective pool: slots=2 cap=1.1 MiB shadow=no total=2.1 MiB (no budget defined)
[GVS] rx_pool: releasing superseded slot (81920 B host, retired at epoch 3, peer acked 0)
[GVS] rx_pool: releasing superseded slot (81920 B host, retired at epoch 3, peer acked 0)
[GVS IDX] epoch 2 advertises server_idx=[1,2]
[GVS] rma_setup: epoch 2 arrived, 0/0 slots in flight -> install now
[GUSTO CFG] effective pool: slots=2 cap=0.6 MiB shadow=no total=1.1 MiB (no budget defined)
[GUSTO CFG] effective pool: slots=2 cap=0.1 MiB shadow=no total=0.2 MiB (no budget defined)
[GUSTO CFG] effective pool: slots=2 cap=2.1 MiB shadow=no total=4.1 MiB (no budget defined)
[GVS] rx_pool: releasing superseded slot (98304 B host, retired at epoch 4, peer acked 0)
[GVS] rx_pool: releasing superseded slot (98304 B host, retired at epoch 4, peer acked 0)
[GUSTO CFG] effective pool: slots=2 cap=0.1 MiB shadow=no total=0.2 MiB (no budget defined)
[GVS IDX] epoch 2 advertises server_idx=[1,2]
[GVS] rma_setup: epoch 2 arrived, 0/0 slots in flight -> install now
[GUSTO CFG] effective pool: slots=2 cap=0.1 MiB shadow=no total=0.2 MiB (no budget defined)
[GUSTO CFG] effective pool: slots=2 cap=0.6 MiB shadow=no total=1.1 MiB (no budget defined)
[GUSTO CFG] effective pool: slots=2 cap=1.1 MiB shadow=no total=2.1 MiB (no budget defined)
[GVS] rx_pool: releasing superseded slot (81920 B host, retired at epoch 3, peer acked 0)
[GVS] rx_pool: releasing superseded slot (81920 B host, retired at epoch 3, peer acked 0)
[GUSTO CFG] effective pool: slots=2 cap=0.1 MiB shadow=no total=0.2 MiB (no budget defined)
[GUSTO CFG] effective pool: slots=2 cap=4.1 MiB shadow=no total=8.1 MiB (no budget defined)
[GVS] rx_pool: releasing superseded slot (589824 B host, retired at epoch 5, peer acked 0)
[GVS] rx_pool: releasing superseded slot (589824 B host, retired at epoch 5, peer acked 0)
[GUSTO CFG] effective pool: slots=2 cap=1.1 MiB shadow=no total=2.1 MiB (no budget defined)
[GVS] rx_pool: releasing superseded slot (81920 B host, retired at epoch 3, peer acked 0)
[GVS] rx_pool: releasing superseded slot (81920 B host, retired at epoch 3, peer acked 0)
[GUSTO CFG] effective pool: slots=2 cap=0.6 MiB shadow=no total=1.1 MiB (no budget defined)
[GUSTO CFG] effective pool: slots=2 cap=2.1 MiB shadow=no total=4.1 MiB (no budget defined)
[GVS] rx_pool: releasing superseded slot (98304 B host, retired at epoch 4, peer acked 0)
[GVS] rx_pool: releasing superseded slot (98304 B host, retired at epoch 4, peer acked 0)
[GUSTO CFG] effective pool: slots=2 cap=1.1 MiB shadow=no total=2.1 MiB (no budget defined)
[GVS] rx_pool: releasing superseded slot (81920 B host, retired at epoch 3, peer acked 0)
[GVS] rx_pool: releasing superseded slot (81920 B host, retired at epoch 3, peer acked 0)
[GUSTO CFG] effective pool: slots=2 cap=2.1 MiB shadow=no total=4.1 MiB (no budget defined)
[GVS] rx_pool: releasing superseded slot (98304 B host, retired at epoch 4, peer acked 0)
[GVS] rx_pool: releasing superseded slot (98304 B host, retired at epoch 4, peer acked 0)
[GUSTO CFG] effective pool: slots=2 cap=4.1 MiB shadow=no total=8.1 MiB (no budget defined)
[GVS] rx_pool: releasing superseded slot (589824 B host, retired at epoch 5, peer acked 0)
[GVS] rx_pool: releasing superseded slot (589824 B host, retired at epoch 5, peer acked 0)
[GVS IDX] epoch 2 advertises server_idx=[1,2]
[GVS] rma_setup: epoch 2 arrived, 0/0 slots in flight -> install now
[GUSTO CFG] effective pool: slots=2 cap=2.1 MiB shadow=no total=4.1 MiB (no budget defined)
[GVS] rx_pool: releasing superseded slot (98304 B host, retired at epoch 4, peer acked 0)
[GVS] rx_pool: releasing superseded slot (98304 B host, retired at epoch 4, peer acked 0)
[GVS IDX] epoch 1 advertises server_idx=[]
[GVS] rma_setup: epoch 1 arrived, 0/0 slots in flight -> install now
[GVS IDX] epoch 1 advertises server_idx=[]
[GVS] rma_setup: epoch 1 arrived, 0/0 slots in flight -> install now
[GUSTO CFG] effective pool: slots=2 cap=4.1 MiB shadow=no total=8.1 MiB (no budget defined)
[GVS] rx_pool: releasing superseded slot (589824 B host, retired at epoch 5, peer acked 0)
[GVS] rx_pool: releasing superseded slot (589824 B host, retired at epoch 5, peer acked 0)
[GVS IDX] epoch 2 advertises server_idx=[1,2]
[GVS] rma_setup: epoch 2 arrived, 0/0 slots in flight -> install now
[GUSTO CFG] effective pool: slots=2 cap=4.1 MiB shadow=no total=8.1 MiB (no budget defined)
[GVS] rx_pool: releasing superseded slot (589824 B host, retired at epoch 5, peer acked 0)
[GVS] rx_pool: releasing superseded slot (589824 B host, retired at epoch 5, peer acked 0)
[GUSTO CFG] effective pool: slots=2 cap=0.1 MiB shadow=no total=0.2 MiB (no budget defined)
[GUSTO CFG] effective pool: slots=2 cap=0.1 MiB shadow=no total=0.2 MiB (no budget defined)
[GUSTO CFG] effective pool: slots=2 cap=0.1 MiB shadow=no total=0.2 MiB (no budget defined)
[GVS IDX] epoch 2 advertises server_idx=[1,2]
[GVS] rma_setup: epoch 2 arrived, 0/0 slots in flight -> install now
[GUSTO CFG] effective pool: slots=2 cap=0.1 MiB shadow=no total=0.2 MiB (no budget defined)
[GUSTO CFG] effective pool: slots=2 cap=0.6 MiB shadow=no total=1.1 MiB (no budget defined)
[GUSTO CFG] effective pool: slots=2 cap=0.6 MiB shadow=no total=1.1 MiB (no budget defined)
[GVS IDX] epoch 2 advertises server_idx=[1,2]
[GVS] rma_setup: epoch 2 arrived, 0/0 slots in flight -> install now
[GUSTO CFG] effective pool: slots=2 cap=1.1 MiB shadow=no total=2.1 MiB (no budget defined)
[GVS] rx_pool: releasing superseded slot (81920 B host, retired at epoch 3, peer acked 0)
[GVS] rx_pool: releasing superseded slot (81920 B host, retired at epoch 3, peer acked 0)
[GUSTO CFG] effective pool: slots=2 cap=1.1 MiB shadow=no total=2.1 MiB (no budget defined)
[GVS] rx_pool: releasing superseded slot (81920 B host, retired at epoch 3, peer acked 0)
[GVS] rx_pool: releasing superseded slot (81920 B host, retired at epoch 3, peer acked 0)
[GUSTO CFG] effective pool: slots=2 cap=2.1 MiB shadow=no total=4.1 MiB (no budget defined)
[GVS] rx_pool: releasing superseded slot (98304 B host, retired at epoch 4, peer acked 0)
[GVS] rx_pool: releasing superseded slot (98304 B host, retired at epoch 4, peer acked 0)
[GUSTO CFG] effective pool: slots=2 cap=2.1 MiB shadow=no total=4.1 MiB (no budget defined)
[GVS] rx_pool: releasing superseded slot (98304 B host, retired at epoch 4, peer acked 0)
[GVS] rx_pool: releasing superseded slot (98304 B host, retired at epoch 4, peer acked 0)
[GUSTO CFG] effective pool: slots=2 cap=4.1 MiB shadow=no total=8.1 MiB (no budget defined)
[GVS] rx_pool: releasing superseded slot (589824 B host, retired at epoch 5, peer acked 0)
[GVS] rx_pool: releasing superseded slot (589824 B host, retired at epoch 5, peer acked 0)
[GUSTO CFG] effective pool: slots=2 cap=4.1 MiB shadow=no total=8.1 MiB (no budget defined)
[GVS] rx_pool: releasing superseded slot (589824 B host, retired at epoch 5, peer acked 0)
[GVS] rx_pool: releasing superseded slot (589824 B host, retired at epoch 5, peer acked 0)
[GVS IDX] epoch 2 advertises server_idx=[1,2]
[GVS] rma_setup: epoch 2 arrived, 0/0 slots in flight -> install now
[GVS IDX] epoch 2 advertises server_idx=[1,2]
[GVS] rma_setup: epoch 2 arrived, 0/0 slots in flight -> install now
UCX control-plane connected: Connect (25.25.25.2:32222)
UCX control-plane connected: Connect (25.25.25.2:32222)
UCX control-plane connected: Connect (25.25.25.2:32222)
UCX control-plane connected: Connect (25.25.25.2:32222)
UCX control-plane connected: Connect (25.25.25.2:32222)
UCX control-plane connected: Connect (25.25.25.2:32222)
UCX control-plane connected: Connect (25.25.25.2:32222)
UCX control-plane connected: Connect (25.25.25.2:32222)
CSVROW,roundtrip_pageable,ptsz,8,5,18,1,0,none,1983.705
INFO - Parsing endpoint config from: /opt/GVirtuS/etc/properties_ucx.json
INFO - Using properties file: /opt/GVirtuS/etc/properties_ucx.json
INFO - Parsing endpoint config from: /opt/GVirtuS/etc/properties_ucx.json
INFO - Parsed endpoint suite: ucx
DEBUG: protocol string is [ucx]
DEBUG: protocol string is [ucx]
DEBUG: protocol string is [ucx]
DEBUG: protocol string is [ucx]
DEBUG: protocol string is [ucx]
DEBUG: protocol string is [ucx]
DEBUG: protocol string is [ucx]
DEBUG: protocol string is [ucx]
[GVS] GPUDirect=disabled (GVIRTUS_GPUDIRECT=1 but probe FAILED: cudaMalloc(4K) failed (no GPU? OOM?)) - falling back to host slots, behavior unchanged
[GVS] GPUDirect=disabled (GVIRTUS_GPUDIRECT=1 but probe FAILED: cudaMalloc(4K) failed (no GPU? OOM?)) - falling back to host slots, behavior unchanged
[GVS] GPUDirect=disabled (GVIRTUS_GPUDIRECT=1 but probe FAILED: cudaMalloc(4K) failed (no GPU? OOM?)) - falling back to host slots, behavior unchanged
[GVS] GPUDirect=disabled (GVIRTUS_GPUDIRECT=1 but probe FAILED: cudaMalloc(4K) failed (no GPU? OOM?)) - falling back to host slots, behavior unchanged
[GVS] GPUDirect=disabled (GVIRTUS_GPUDIRECT=1 but probe FAILED: cudaMalloc(4K) failed (no GPU? OOM?)) - falling back to host slots, behavior unchanged
[GVS] GPUDirect=disabled (GVIRTUS_GPUDIRECT=1 but probe FAILED: cudaMalloc(4K) failed (no GPU? OOM?)) - falling back to host slots, behavior unchanged
[GVS] GPUDirect=disabled (GVIRTUS_GPUDIRECT=1 but probe FAILED: cudaMalloc(4K) failed (no GPU? OOM?)) - falling back to host slots, behavior unchanged
[GVS] GPUDirect=disabled (GVIRTUS_GPUDIRECT=1 but probe FAILED: cudaMalloc(4K) failed (no GPU? OOM?)) - falling back to host slots, behavior unchanged
[GVS IDX] epoch 1 advertises server_idx=[]
[GVS] rma_setup: epoch 1 arrived, 0/0 slots in flight -> install now
[GUSTO CFG] effective pool: slots=2 cap=0.1 MiB shadow=no total=0.2 MiB (no budget defined)
[GUSTO CFG] effective pool: slots=2 cap=0.1 MiB shadow=no total=0.2 MiB (no budget defined)
[GUSTO CFG] effective pool: slots=2 cap=0.6 MiB shadow=no total=1.1 MiB (no budget defined)
[GUSTO CFG] effective pool: slots=2 cap=1.1 MiB shadow=no total=2.1 MiB (no budget defined)
[GVS] rx_pool: releasing superseded slot (81920 B host, retired at epoch 3, peer acked 0)
[GVS] rx_pool: releasing superseded slot (81920 B host, retired at epoch 3, peer acked 0)
[GVS IDX] epoch 1 advertises server_idx=[]
[GVS] rma_setup: epoch 1 arrived, 0/0 slots in flight -> install now
[GUSTO CFG] effective pool: slots=2 cap=0.1 MiB shadow=no total=0.2 MiB (no budget defined)
[GUSTO CFG] effective pool: slots=2 cap=0.1 MiB shadow=no total=0.2 MiB (no budget defined)
[GUSTO CFG] effective pool: slots=2 cap=0.6 MiB shadow=no total=1.1 MiB (no budget defined)
[GUSTO CFG] effective pool: slots=2 cap=2.1 MiB shadow=no total=4.1 MiB (no budget defined)
[GVS] rx_pool: releasing superseded slot (98304 B host, retired at epoch 4, peer acked 0)
[GVS] rx_pool: releasing superseded slot (98304 B host, retired at epoch 4, peer acked 0)
[GUSTO CFG] effective pool: slots=2 cap=1.1 MiB shadow=no total=2.1 MiB (no budget defined)
[GVS] rx_pool: releasing superseded slot (81920 B host, retired at epoch 3, peer acked 0)
[GVS] rx_pool: releasing superseded slot (81920 B host, retired at epoch 3, peer acked 0)
[GUSTO CFG] effective pool: slots=2 cap=2.1 MiB shadow=no total=4.1 MiB (no budget defined)
[GVS] rx_pool: releasing superseded slot (98304 B host, retired at epoch 4, peer acked 0)
[GVS] rx_pool: releasing superseded slot (98304 B host, retired at epoch 4, peer acked 0)
[GUSTO CFG] effective pool: slots=2 cap=4.1 MiB shadow=no total=8.1 MiB (no budget defined)
[GVS] rx_pool: releasing superseded slot (589824 B host, retired at epoch 5, peer acked 0)
[GVS] rx_pool: releasing superseded slot (589824 B host, retired at epoch 5, peer acked 0)
[GVS IDX] epoch 1 advertises server_idx=[]
[GVS] rma_setup: epoch 1 arrived, 0/0 slots in flight -> install now
[GUSTO CFG] effective pool: slots=2 cap=0.1 MiB shadow=no total=0.2 MiB (no budget defined)
[GUSTO CFG] effective pool: slots=2 cap=0.1 MiB shadow=no total=0.2 MiB (no budget defined)
[GUSTO CFG] effective pool: slots=2 cap=0.6 MiB shadow=no total=1.1 MiB (no budget defined)
[GUSTO CFG] effective pool: slots=2 cap=4.1 MiB shadow=no total=8.1 MiB (no budget defined)
[GVS] rx_pool: releasing superseded slot (589824 B host, retired at epoch 5, peer acked 0)
[GVS] rx_pool: releasing superseded slot (589824 B host, retired at epoch 5, peer acked 0)
[GUSTO CFG] effective pool: slots=2 cap=1.1 MiB shadow=no total=2.1 MiB (no budget defined)
[GVS] rx_pool: releasing superseded slot (81920 B host, retired at epoch 3, peer acked 0)
[GVS] rx_pool: releasing superseded slot (81920 B host, retired at epoch 3, peer acked 0)
[GVS IDX] epoch 2 advertises server_idx=[1,2]
[GVS] rma_setup: epoch 2 arrived, 0/0 slots in flight -> install now
[GUSTO CFG] effective pool: slots=2 cap=2.1 MiB shadow=no total=4.1 MiB (no budget defined)
[GVS] rx_pool: releasing superseded slot (98304 B host, retired at epoch 4, peer acked 0)
[GVS] rx_pool: releasing superseded slot (98304 B host, retired at epoch 4, peer acked 0)
[GVS IDX] epoch 2 advertises server_idx=[1,2]
[GVS] rma_setup: epoch 2 arrived, 0/0 slots in flight -> install now
[GVS IDX] epoch 1 advertises server_idx=[]
[GVS] rma_setup: epoch 1 arrived, 0/0 slots in flight -> install now
[GUSTO CFG] effective pool: slots=2 cap=4.1 MiB shadow=no total=8.1 MiB (no budget defined)
[GVS] rx_pool: releasing superseded slot (589824 B host, retired at epoch 5, peer acked 0)
[GVS] rx_pool: releasing superseded slot (589824 B host, retired at epoch 5, peer acked 0)
[GUSTO CFG] effective pool: slots=2 cap=0.1 MiB shadow=no total=0.2 MiB (no budget defined)
[GUSTO CFG] effective pool: slots=2 cap=0.1 MiB shadow=no total=0.2 MiB (no budget defined)
[GUSTO CFG] effective pool: slots=2 cap=0.6 MiB shadow=no total=1.1 MiB (no budget defined)
[GUSTO CFG] effective pool: slots=2 cap=1.1 MiB shadow=no total=2.1 MiB (no budget defined)
[GVS] rx_pool: releasing superseded slot (81920 B host, retired at epoch 3, peer acked 0)
[GVS] rx_pool: releasing superseded slot (81920 B host, retired at epoch 3, peer acked 0)
[GUSTO CFG] effective pool: slots=2 cap=2.1 MiB shadow=no total=4.1 MiB (no budget defined)
[GVS] rx_pool: releasing superseded slot (98304 B host, retired at epoch 4, peer acked 0)
[GVS] rx_pool: releasing superseded slot (98304 B host, retired at epoch 4, peer acked 0)
[GVS IDX] epoch 2 advertises server_idx=[1,2]
[GVS] rma_setup: epoch 2 arrived, 0/0 slots in flight -> install now
[GUSTO CFG] effective pool: slots=2 cap=4.1 MiB shadow=no total=8.1 MiB (no budget defined)
[GVS] rx_pool: releasing superseded slot (589824 B host, retired at epoch 5, peer acked 0)
[GVS] rx_pool: releasing superseded slot (589824 B host, retired at epoch 5, peer acked 0)
[GVS IDX] epoch 1 advertises server_idx=[]
[GVS] rma_setup: epoch 1 arrived, 0/0 slots in flight -> install now
[GUSTO CFG] effective pool: slots=2 cap=0.1 MiB shadow=no total=0.2 MiB (no budget defined)
[GVS IDX] epoch 2 advertises server_idx=[1,2]
[GVS] rma_setup: epoch 2 arrived, 0/0 slots in flight -> install now
[GUSTO CFG] effective pool: slots=2 cap=0.1 MiB shadow=no total=0.2 MiB (no budget defined)
[GUSTO CFG] effective pool: slots=2 cap=0.6 MiB shadow=no total=1.1 MiB (no budget defined)
[GUSTO CFG] effective pool: slots=2 cap=1.1 MiB shadow=no total=2.1 MiB (no budget defined)
[GVS] rx_pool: releasing superseded slot (81920 B host, retired at epoch 3, peer acked 0)
[GVS] rx_pool: releasing superseded slot (81920 B host, retired at epoch 3, peer acked 0)
[GUSTO CFG] effective pool: slots=2 cap=2.1 MiB shadow=no total=4.1 MiB (no budget defined)
[GVS] rx_pool: releasing superseded slot (98304 B host, retired at epoch 4, peer acked 0)
[GVS] rx_pool: releasing superseded slot (98304 B host, retired at epoch 4, peer acked 0)
[GUSTO CFG] effective pool: slots=2 cap=4.1 MiB shadow=no total=8.1 MiB (no budget defined)
[GVS] rx_pool: releasing superseded slot (589824 B host, retired at epoch 5, peer acked 0)
[GVS] rx_pool: releasing superseded slot (589824 B host, retired at epoch 5, peer acked 0)
[GVS IDX] epoch 1 advertises server_idx=[]
[GVS] rma_setup: epoch 1 arrived, 0/0 slots in flight -> install now
[GUSTO CFG] effective pool: slots=2 cap=0.1 MiB shadow=no total=0.2 MiB (no budget defined)
[GVS IDX] epoch 2 advertises server_idx=[1,2]
[GVS] rma_setup: epoch 2 arrived, 0/0 slots in flight -> install now
[GUSTO CFG] effective pool: slots=2 cap=0.1 MiB shadow=no total=0.2 MiB (no budget defined)
[GUSTO CFG] effective pool: slots=2 cap=0.6 MiB shadow=no total=1.1 MiB (no budget defined)
[GUSTO CFG] effective pool: slots=2 cap=1.1 MiB shadow=no total=2.1 MiB (no budget defined)
[GVS] rx_pool: releasing superseded slot (81920 B host, retired at epoch 3, peer acked 0)
[GVS] rx_pool: releasing superseded slot (81920 B host, retired at epoch 3, peer acked 0)
[GUSTO CFG] effective pool: slots=2 cap=2.1 MiB shadow=no total=4.1 MiB (no budget defined)
[GVS] rx_pool: releasing superseded slot (98304 B host, retired at epoch 4, peer acked 0)
[GVS] rx_pool: releasing superseded slot (98304 B host, retired at epoch 4, peer acked 0)
[GUSTO CFG] effective pool: slots=2 cap=4.1 MiB shadow=no total=8.1 MiB (no budget defined)
[GVS] rx_pool: releasing superseded slot (589824 B host, retired at epoch 5, peer acked 0)
[GVS] rx_pool: releasing superseded slot (589824 B host, retired at epoch 5, peer acked 0)
[GVS IDX] epoch 1 advertises server_idx=[]
[GVS] rma_setup: epoch 1 arrived, 0/0 slots in flight -> install now
[GUSTO CFG] effective pool: slots=2 cap=0.1 MiB shadow=no total=0.2 MiB (no budget defined)
[GUSTO CFG] effective pool: slots=2 cap=0.1 MiB shadow=no total=0.2 MiB (no budget defined)
[GUSTO CFG] effective pool: slots=2 cap=0.6 MiB shadow=no total=1.1 MiB (no budget defined)
[GVS IDX] epoch 2 advertises server_idx=[1,2]
[GVS] rma_setup: epoch 2 arrived, 0/0 slots in flight -> install now
[GUSTO CFG] effective pool: slots=2 cap=1.1 MiB shadow=no total=2.1 MiB (no budget defined)
[GVS] rx_pool: releasing superseded slot (81920 B host, retired at epoch 3, peer acked 0)
[GVS] rx_pool: releasing superseded slot (81920 B host, retired at epoch 3, peer acked 0)
[GUSTO CFG] effective pool: slots=2 cap=2.1 MiB shadow=no total=4.1 MiB (no budget defined)
[GVS] rx_pool: releasing superseded slot (98304 B host, retired at epoch 4, peer acked 0)
[GVS] rx_pool: releasing superseded slot (98304 B host, retired at epoch 4, peer acked 0)
[GUSTO CFG] effective pool: slots=2 cap=4.1 MiB shadow=no total=8.1 MiB (no budget defined)
[GVS] rx_pool: releasing superseded slot (589824 B host, retired at epoch 5, peer acked 0)
[GVS] rx_pool: releasing superseded slot (589824 B host, retired at epoch 5, peer acked 0)
[GVS IDX] epoch 1 advertises server_idx=[]
[GVS] rma_setup: epoch 1 arrived, 0/0 slots in flight -> install now
[GUSTO CFG] effective pool: slots=2 cap=0.1 MiB shadow=no total=0.2 MiB (no budget defined)
[GUSTO CFG] effective pool: slots=2 cap=0.1 MiB shadow=no total=0.2 MiB (no budget defined)
[GVS IDX] epoch 2 advertises server_idx=[1,2]
[GVS] rma_setup: epoch 2 arrived, 0/0 slots in flight -> install now
[GUSTO CFG] effective pool: slots=2 cap=0.6 MiB shadow=no total=1.1 MiB (no budget defined)
[GUSTO CFG] effective pool: slots=2 cap=1.1 MiB shadow=no total=2.1 MiB (no budget defined)
[GVS] rx_pool: releasing superseded slot (81920 B host, retired at epoch 3, peer acked 0)
[GVS] rx_pool: releasing superseded slot (81920 B host, retired at epoch 3, peer acked 0)
[GUSTO CFG] effective pool: slots=2 cap=2.1 MiB shadow=no total=4.1 MiB (no budget defined)
[GVS] rx_pool: releasing superseded slot (98304 B host, retired at epoch 4, peer acked 0)
[GVS] rx_pool: releasing superseded slot (98304 B host, retired at epoch 4, peer acked 0)
[GUSTO CFG] effective pool: slots=2 cap=4.1 MiB shadow=no total=8.1 MiB (no budget defined)
[GVS] rx_pool: releasing superseded slot (589824 B host, retired at epoch 5, peer acked 0)
[GVS] rx_pool: releasing superseded slot (589824 B host, retired at epoch 5, peer acked 0)
[GVS IDX] epoch 2 advertises server_idx=[1,2]
[GVS] rma_setup: epoch 2 arrived, 0/0 slots in flight -> install now
UCX control-plane connected: Connect (25.25.25.2:32222)
UCX control-plane connected: Connect (25.25.25.2:32222)
UCX control-plane connected: Connect (25.25.25.2:32222)
UCX control-plane connected: Connect (25.25.25.2:32222)
UCX control-plane connected: Connect (25.25.25.2:32222)
UCX control-plane connected: Connect (25.25.25.2:32222)
UCX control-plane connected: Connect (25.25.25.2:32222)
UCX control-plane connected: Connect (25.25.25.2:32222)
CSVROW,pinned_equiv,ptsz,8,5,18,1,0,none,1544.192
INFO - Parsed endpoint suite: ucx
INFO - Parsing endpoint config from: /opt/GVirtuS/etc/properties_ucx.json
INFO - Parsing endpoint config from: /opt/GVirtuS/etc/properties_ucx.json
DEBUG - Full JSON dump:
{
    "communicator": [
        {
            "endpoint": {
                "port": "32222",
                "protocol": "ucx",
                "server_address": "25.25.25.2",
                "suite": "ucx"
            },
            "plugins": [
                "cuda",
                "cudart",
                "cublas",
                "curand",
                "cudnn",
                "cufft",
                "cusolver",
                "cusparse",
                "nvrtc",
                "nvml"
            ]
        }
    ],
    "secure_application": false
}
DEBUG - Full JSON dump:
{
    "communicator": [
        {
            "endpoint": {
                "port": "32222",
                "protocol": "ucx",
                "server_address": "25.25.25.2",
                "suite": "ucx"
            },
            "plugins": [
                "cuda",
                "cudart",
                "cublas",
                "curand",
                "cudnn",
                "cufft",
                "cusolver",
                "cusparse",
                "nvrtc",
                "nvml"
            ]
        }
    ],
    "secure_application": false
}
INFO - Parsed endpoint suite: ucx
DEBUG: protocol string is [ucx]
DEBUG: protocol string is [ucx]
DEBUG: protocol string is [ucx]
DEBUG: protocol string is [ucx]
DEBUG: protocol string is [ucx]
DEBUG: protocol string is [ucx]
DEBUG: protocol string is [ucx]
DEBUG: protocol string is [ucx]
[GVS] GPUDirect=disabled (GVIRTUS_GPUDIRECT=1 but probe FAILED: cudaMalloc(4K) failed (no GPU? OOM?)) - falling back to host slots, behavior unchanged
[GVS] GPUDirect=disabled (GVIRTUS_GPUDIRECT=1 but probe FAILED: cudaMalloc(4K) failed (no GPU? OOM?)) - falling back to host slots, behavior unchanged
[GVS] GPUDirect=disabled (GVIRTUS_GPUDIRECT=1 but probe FAILED: cudaMalloc(4K) failed (no GPU? OOM?)) - falling back to host slots, behavior unchanged
[GVS] GPUDirect=disabled (GVIRTUS_GPUDIRECT=1 but probe FAILED: cudaMalloc(4K) failed (no GPU? OOM?)) - falling back to host slots, behavior unchanged
[GVS] GPUDirect=disabled (GVIRTUS_GPUDIRECT=1 but probe FAILED: cudaMalloc(4K) failed (no GPU? OOM?)) - falling back to host slots, behavior unchanged
[GVS] GPUDirect=disabled (GVIRTUS_GPUDIRECT=1 but probe FAILED: cudaMalloc(4K) failed (no GPU? OOM?)) - falling back to host slots, behavior unchanged
[GVS] GPUDirect=disabled (GVIRTUS_GPUDIRECT=1 but probe FAILED: cudaMalloc(4K) failed (no GPU? OOM?)) - falling back to host slots, behavior unchanged
[GVS] GPUDirect=disabled (GVIRTUS_GPUDIRECT=1 but probe FAILED: cudaMalloc(4K) failed (no GPU? OOM?)) - falling back to host slots, behavior unchanged
[GVS IDX] epoch 1 advertises server_idx=[]
[GVS] rma_setup: epoch 1 arrived, 0/0 slots in flight -> install now
[GUSTO CFG] effective pool: slots=2 cap=0.1 MiB shadow=no total=0.2 MiB (no budget defined)
[GUSTO CFG] effective pool: slots=2 cap=0.1 MiB shadow=no total=0.2 MiB (no budget defined)
[GUSTO CFG] effective pool: slots=2 cap=0.6 MiB shadow=no total=1.1 MiB (no budget defined)
[GUSTO CFG] effective pool: slots=2 cap=1.1 MiB shadow=no total=2.1 MiB (no budget defined)
[GVS] rx_pool: releasing superseded slot (81920 B host, retired at epoch 3, peer acked 0)
[GVS] rx_pool: releasing superseded slot (81920 B host, retired at epoch 3, peer acked 0)
[GUSTO CFG] effective pool: slots=2 cap=2.1 MiB shadow=no total=4.1 MiB (no budget defined)
[GVS] rx_pool: releasing superseded slot (98304 B host, retired at epoch 4, peer acked 0)
[GVS] rx_pool: releasing superseded slot (98304 B host, retired at epoch 4, peer acked 0)
[GUSTO CFG] effective pool: slots=2 cap=4.1 MiB shadow=no total=8.1 MiB (no budget defined)
[GVS] rx_pool: releasing superseded slot (589824 B host, retired at epoch 5, peer acked 0)
[GVS] rx_pool: releasing superseded slot (589824 B host, retired at epoch 5, peer acked 0)
[GVS IDX] epoch 2 advertises server_idx=[1,2]
[GVS] rma_setup: epoch 2 arrived, 0/0 slots in flight -> install now
[GVS IDX] epoch 1 advertises server_idx=[]
[GVS] rma_setup: epoch 1 arrived, 0/0 slots in flight -> install now
[GUSTO CFG] effective pool: slots=2 cap=0.1 MiB shadow=no total=0.2 MiB (no budget defined)
[GUSTO CFG] effective pool: slots=2 cap=0.1 MiB shadow=no total=0.2 MiB (no budget defined)
[GUSTO CFG] effective pool: slots=2 cap=0.6 MiB shadow=no total=1.1 MiB (no budget defined)
[GUSTO CFG] effective pool: slots=2 cap=1.1 MiB shadow=no total=2.1 MiB (no budget defined)
[GVS] rx_pool: releasing superseded slot (81920 B host, retired at epoch 3, peer acked 0)
[GVS] rx_pool: releasing superseded slot (81920 B host, retired at epoch 3, peer acked 0)
[GUSTO CFG] effective pool: slots=2 cap=2.1 MiB shadow=no total=4.1 MiB (no budget defined)
[GVS] rx_pool: releasing superseded slot (98304 B host, retired at epoch 4, peer acked 0)
[GVS] rx_pool: releasing superseded slot (98304 B host, retired at epoch 4, peer acked 0)
[GUSTO CFG] effective pool: slots=2 cap=4.1 MiB shadow=no total=8.1 MiB (no budget defined)
[GVS] rx_pool: releasing superseded slot (589824 B host, retired at epoch 5, peer acked 0)
[GVS] rx_pool: releasing superseded slot (589824 B host, retired at epoch 5, peer acked 0)
[GVS IDX] epoch 1 advertises server_idx=[]
[GVS] rma_setup: epoch 1 arrived, 0/0 slots in flight -> install now
[GVS IDX] epoch 2 advertises server_idx=[1,2]
[GVS] rma_setup: epoch 2 arrived, 0/0 slots in flight -> install now
[GUSTO CFG] effective pool: slots=2 cap=0.1 MiB shadow=no total=0.2 MiB (no budget defined)
[GUSTO CFG] effective pool: slots=2 cap=0.1 MiB shadow=no total=0.2 MiB (no budget defined)
[GUSTO CFG] effective pool: slots=2 cap=0.6 MiB shadow=no total=1.1 MiB (no budget defined)
[GUSTO CFG] effective pool: slots=2 cap=1.1 MiB shadow=no total=2.1 MiB (no budget defined)
[GVS] rx_pool: releasing superseded slot (81920 B host, retired at epoch 3, peer acked 0)
[GVS] rx_pool: releasing superseded slot (81920 B host, retired at epoch 3, peer acked 0)
[GUSTO CFG] effective pool: slots=2 cap=2.1 MiB shadow=no total=4.1 MiB (no budget defined)
[GVS] rx_pool: releasing superseded slot (98304 B host, retired at epoch 4, peer acked 0)
[GVS] rx_pool: releasing superseded slot (98304 B host, retired at epoch 4, peer acked 0)
[GVS IDX] epoch 1 advertises server_idx=[]
[GVS] rma_setup: epoch 1 arrived, 0/0 slots in flight -> install now
[GVS IDX] epoch 1 advertises server_idx=[]
[GVS] rma_setup: epoch 1 arrived, 0/0 slots in flight -> install now
[GUSTO CFG] effective pool: slots=2 cap=0.1 MiB shadow=no total=0.2 MiB (no budget defined)
[GUSTO CFG] effective pool: slots=2 cap=0.1 MiB shadow=no total=0.2 MiB (no budget defined)
[GUSTO CFG] effective pool: slots=2 cap=4.1 MiB shadow=no total=8.1 MiB (no budget defined)
[GVS] rx_pool: releasing superseded slot (589824 B host, retired at epoch 5, peer acked 0)
[GVS] rx_pool: releasing superseded slot (589824 B host, retired at epoch 5, peer acked 0)
[GUSTO CFG] effective pool: slots=2 cap=0.1 MiB shadow=no total=0.2 MiB (no budget defined)
[GUSTO CFG] effective pool: slots=2 cap=0.1 MiB shadow=no total=0.2 MiB (no budget defined)
[GUSTO CFG] effective pool: slots=2 cap=0.6 MiB shadow=no total=1.1 MiB (no budget defined)
[GUSTO CFG] effective pool: slots=2 cap=0.6 MiB shadow=no total=1.1 MiB (no budget defined)
[GUSTO CFG] effective pool: slots=2 cap=1.1 MiB shadow=no total=2.1 MiB (no budget defined)
[GVS] rx_pool: releasing superseded slot (81920 B host, retired at epoch 3, peer acked 0)
[GVS] rx_pool: releasing superseded slot (81920 B host, retired at epoch 3, peer acked 0)
[GUSTO CFG] effective pool: slots=2 cap=1.1 MiB shadow=no total=2.1 MiB (no budget defined)
[GVS] rx_pool: releasing superseded slot (81920 B host, retired at epoch 3, peer acked 0)
[GVS] rx_pool: releasing superseded slot (81920 B host, retired at epoch 3, peer acked 0)
[GVS IDX] epoch 2 advertises server_idx=[1,2]
[GVS] rma_setup: epoch 2 arrived, 0/0 slots in flight -> install now
[GUSTO CFG] effective pool: slots=2 cap=2.1 MiB shadow=no total=4.1 MiB (no budget defined)
[GVS] rx_pool: releasing superseded slot (98304 B host, retired at epoch 4, peer acked 0)
[GVS] rx_pool: releasing superseded slot (98304 B host, retired at epoch 4, peer acked 0)
[GUSTO CFG] effective pool: slots=2 cap=2.1 MiB shadow=no total=4.1 MiB (no budget defined)
[GVS] rx_pool: releasing superseded slot (98304 B host, retired at epoch 4, peer acked 0)
[GVS] rx_pool: releasing superseded slot (98304 B host, retired at epoch 4, peer acked 0)
[GVS IDX] epoch 1 advertises server_idx=[]
[GVS] rma_setup: epoch 1 arrived, 0/0 slots in flight -> install now
[GUSTO CFG] effective pool: slots=2 cap=4.1 MiB shadow=no total=8.1 MiB (no budget defined)
[GVS] rx_pool: releasing superseded slot (589824 B host, retired at epoch 5, peer acked 0)
[GVS] rx_pool: releasing superseded slot (589824 B host, retired at epoch 5, peer acked 0)
[GUSTO CFG] effective pool: slots=2 cap=4.1 MiB shadow=no total=8.1 MiB (no budget defined)
[GVS] rx_pool: releasing superseded slot (589824 B host, retired at epoch 5, peer acked 0)
[GVS] rx_pool: releasing superseded slot (589824 B host, retired at epoch 5, peer acked 0)
[GUSTO CFG] effective pool: slots=2 cap=0.1 MiB shadow=no total=0.2 MiB (no budget defined)
[GUSTO CFG] effective pool: slots=2 cap=0.1 MiB shadow=no total=0.2 MiB (no budget defined)
[GVS IDX] epoch 1 advertises server_idx=[]
[GVS] rma_setup: epoch 1 arrived, 0/0 slots in flight -> install now
[GVS IDX] epoch 1 advertises server_idx=[]
[GVS] rma_setup: epoch 1 arrived, 0/0 slots in flight -> install now
[GUSTO CFG] effective pool: slots=2 cap=0.6 MiB shadow=no total=1.1 MiB (no budget defined)
[GVS IDX] epoch 2 advertises server_idx=[1,2]
[GVS] rma_setup: epoch 2 arrived, 0/0 slots in flight -> install now
[GUSTO CFG] effective pool: slots=2 cap=0.1 MiB shadow=no total=0.2 MiB (no budget defined)
[GVS IDX] epoch 2 advertises server_idx=[1,2]
[GVS] rma_setup: epoch 2 arrived, 0/0 slots in flight -> install now
[GUSTO CFG] effective pool: slots=2 cap=1.1 MiB shadow=no total=2.1 MiB (no budget defined)
[GVS] rx_pool: releasing superseded slot (81920 B host, retired at epoch 3, peer acked 0)
[GVS] rx_pool: releasing superseded slot (81920 B host, retired at epoch 3, peer acked 0)
[GUSTO CFG] effective pool: slots=2 cap=0.1 MiB shadow=no total=0.2 MiB (no budget defined)
[GUSTO CFG] effective pool: slots=2 cap=0.1 MiB shadow=no total=0.2 MiB (no budget defined)
[GUSTO CFG] effective pool: slots=2 cap=0.1 MiB shadow=no total=0.2 MiB (no budget defined)
[GUSTO CFG] effective pool: slots=2 cap=0.6 MiB shadow=no total=1.1 MiB (no budget defined)
[GUSTO CFG] effective pool: slots=2 cap=0.6 MiB shadow=no total=1.1 MiB (no budget defined)
[GUSTO CFG] effective pool: slots=2 cap=1.1 MiB shadow=no total=2.1 MiB (no budget defined)
[GVS] rx_pool: releasing superseded slot (81920 B host, retired at epoch 3, peer acked 0)
[GUSTO CFG] effective pool: slots=2 cap=2.1 MiB shadow=no total=4.1 MiB (no budget defined)
[GVS] rx_pool: releasing superseded slot (98304 B host, retired at epoch 4, peer acked 0)
[GVS] rx_pool: releasing superseded slot (81920 B host, retired at epoch 3, peer acked 0)
[GVS] rx_pool: releasing superseded slot (98304 B host, retired at epoch 4, peer acked 0)
[GUSTO CFG] effective pool: slots=2 cap=1.1 MiB shadow=no total=2.1 MiB (no budget defined)
[GVS] rx_pool: releasing superseded slot (81920 B host, retired at epoch 3, peer acked 0)
[GVS] rx_pool: releasing superseded slot (81920 B host, retired at epoch 3, peer acked 0)
[GUSTO CFG] effective pool: slots=2 cap=2.1 MiB shadow=no total=4.1 MiB (no budget defined)
[GVS] rx_pool: releasing superseded slot (98304 B host, retired at epoch 4, peer acked 0)
[GVS] rx_pool: releasing superseded slot (98304 B host, retired at epoch 4, peer acked 0)
[GUSTO CFG] effective pool: slots=2 cap=4.1 MiB shadow=no total=8.1 MiB (no budget defined)
[GVS] rx_pool: releasing superseded slot (589824 B host, retired at epoch 5, peer acked 0)
[GVS] rx_pool: releasing superseded slot (589824 B host, retired at epoch 5, peer acked 0)
[GUSTO CFG] effective pool: slots=2 cap=2.1 MiB shadow=no total=4.1 MiB (no budget defined)
[GVS] rx_pool: releasing superseded slot (98304 B host, retired at epoch 4, peer acked 0)
[GVS] rx_pool: releasing superseded slot (98304 B host, retired at epoch 4, peer acked 0)
[GUSTO CFG] effective pool: slots=2 cap=4.1 MiB shadow=no total=8.1 MiB (no budget defined)
[GVS] rx_pool: releasing superseded slot (589824 B host, retired at epoch 5, peer acked 0)
[GVS] rx_pool: releasing superseded slot (589824 B host, retired at epoch 5, peer acked 0)
[GVS IDX] epoch 2 advertises server_idx=[1,2]
[GVS] rma_setup: epoch 2 arrived, 0/0 slots in flight -> install now
[GUSTO CFG] effective pool: slots=2 cap=4.1 MiB shadow=no total=8.1 MiB (no budget defined)
[GVS] rx_pool: releasing superseded slot (589824 B host, retired at epoch 5, peer acked 0)
[GVS] rx_pool: releasing superseded slot (589824 B host, retired at epoch 5, peer acked 0)
[GVS IDX] epoch 2 advertises server_idx=[1,2]
[GVS] rma_setup: epoch 2 arrived, 0/0 slots in flight -> install now
[GVS IDX] epoch 2 advertises server_idx=[1,2]
[GVS] rma_setup: epoch 2 arrived, 0/0 slots in flight -> install now
UCX control-plane connected: Connect (25.25.25.2:32222)
UCX control-plane connected: Connect (25.25.25.2:32222)
UCX control-plane connected: Connect (25.25.25.2:32222)
UCX control-plane connected: Connect (25.25.25.2:32222)
UCX control-plane connected: Connect (25.25.25.2:32222)
UCX control-plane connected: Connect (25.25.25.2:32222)
UCX control-plane connected: Connect (25.25.25.2:32222)
UCX control-plane connected: Connect (25.25.25.2:32222)
CSVROW,d2d_fidelity,ptsz,8,5,18,1,0,none,1961.783
DEBUG: protocol string is [ucx]
DEBUG: protocol string is [ucx]
DEBUG: protocol string is [ucx]
DEBUG: protocol string is [ucx]
DEBUG: protocol string is [ucx]
DEBUG: protocol string is [ucx]
DEBUG: protocol string is [ucx]
DEBUG: protocol string is [ucx]
[GVS] GPUDirect=disabled (GVIRTUS_GPUDIRECT=1 but probe FAILED: cudaMalloc(4K) failed (no GPU? OOM?)) - falling back to host slots, behavior unchanged
[GVS] GPUDirect=disabled (GVIRTUS_GPUDIRECT=1 but probe FAILED: cudaMalloc(4K) failed (no GPU? OOM?)) - falling back to host slots, behavior unchanged
[GVS] GPUDirect=disabled (GVIRTUS_GPUDIRECT=1 but probe FAILED: cudaMalloc(4K) failed (no GPU? OOM?)) - falling back to host slots, behavior unchanged
[GVS] GPUDirect=disabled (GVIRTUS_GPUDIRECT=1 but probe FAILED: cudaMalloc(4K) failed (no GPU? OOM?)) - falling back to host slots, behavior unchanged
[GVS] GPUDirect=disabled (GVIRTUS_GPUDIRECT=1 but probe FAILED: cudaMalloc(4K) failed (no GPU? OOM?)) - falling back to host slots, behavior unchanged
[GVS] GPUDirect=disabled (GVIRTUS_GPUDIRECT=1 but probe FAILED: cudaMalloc(4K) failed (no GPU? OOM?)) - falling back to host slots, behavior unchanged
[GVS] GPUDirect=disabled (GVIRTUS_GPUDIRECT=1 but probe FAILED: cudaMalloc(4K) failed (no GPU? OOM?)) - falling back to host slots, behavior unchanged
[GVS] GPUDirect=disabled (GVIRTUS_GPUDIRECT=1 but probe FAILED: cudaMalloc(4K) failed (no GPU? OOM?)) - falling back to host slots, behavior unchanged
[GVS IDX] epoch 1 advertises server_idx=[]
[GVS] rma_setup: epoch 1 arrived, 0/0 slots in flight -> install now
[GUSTO CFG] effective pool: slots=2 cap=1.1 MiB shadow=no total=2.1 MiB (no budget defined)
[GVS IDX] epoch 1 advertises server_idx=[]
[GVS] rma_setup: epoch 1 arrived, 0/0 slots in flight -> install now
[GUSTO CFG] effective pool: slots=2 cap=1.1 MiB shadow=no total=2.1 MiB (no budget defined)
[GVS IDX] epoch 1 advertises server_idx=[]
[GVS] rma_setup: epoch 1 arrived, 0/0 slots in flight -> install now
[GUSTO CFG] effective pool: slots=2 cap=1.1 MiB shadow=no total=2.1 MiB (no budget defined)
[GVS IDX] epoch 1 advertises server_idx=[]
[GVS] rma_setup: epoch 1 arrived, 0/0 slots in flight -> install now
[GUSTO CFG] effective pool: slots=2 cap=1.1 MiB shadow=no total=2.1 MiB (no budget defined)
[GVS IDX] epoch 1 advertises server_idx=[]
[GVS] rma_setup: epoch 1 arrived, 0/0 slots in flight -> install now
[GUSTO CFG] effective pool: slots=2 cap=1.1 MiB shadow=no total=2.1 MiB (no budget defined)
[GVS IDX] epoch 1 advertises server_idx=[]
[GVS] rma_setup: epoch 1 arrived, 0/0 slots in flight -> install now
[GUSTO CFG] effective pool: slots=2 cap=1.1 MiB shadow=no total=2.1 MiB (no budget defined)
[GVS IDX] epoch 1 advertises server_idx=[]
[GVS] rma_setup: epoch 1 arrived, 0/0 slots in flight -> install now
[GUSTO CFG] effective pool: slots=2 cap=1.1 MiB shadow=no total=2.1 MiB (no budget defined)
[GVS IDX] epoch 1 advertises server_idx=[]
[GVS] rma_setup: epoch 1 arrived, 0/0 slots in flight -> install now
[GUSTO CFG] effective pool: slots=2 cap=1.1 MiB shadow=no total=2.1 MiB (no budget defined)
UCX control-plane connected: Connect (25.25.25.2:32222)
UCX control-plane connected: Connect (25.25.25.2:32222)
UCX control-plane connected: Connect (25.25.25.2:32222)
UCX control-plane connected: Connect (25.25.25.2:32222)
UCX control-plane connected: Connect (25.25.25.2:32222)
UCX control-plane connected: Connect (25.25.25.2:32222)
UCX control-plane connected: Connect (25.25.25.2:32222)
UCX control-plane connected: Connect (25.25.25.2:32222)
CSVROW,memset_ordered,ptsz,8,5,18,1,0,none,1314.455
INFO - Using properties file: /opt/GVirtuS/etc/properties_ucx.json
INFO - Parsing endpoint config from: /opt/GVirtuS/etc/properties_ucx.json
INFO - Parsing endpoint config from: /opt/GVirtuS/etc/properties_ucx.json
DEBUG: protocol string is [ucx]
DEBUG: protocol string is [ucx]
DEBUG: protocol string is [ucx]
DEBUG: protocol string is [ucx]
DEBUG: protocol string is [ucx]
DEBUG: protocol string is [ucx]
DEBUG: protocol string is [ucx]
DEBUG: protocol string is [ucx]
[GVS] GPUDirect=disabled (GVIRTUS_GPUDIRECT=1 but probe FAILED: cudaMalloc(4K) failed (no GPU? OOM?)) - falling back to host slots, behavior unchanged
[GVS] GPUDirect=disabled (GVIRTUS_GPUDIRECT=1 but probe FAILED: cudaMalloc(4K) failed (no GPU? OOM?)) - falling back to host slots, behavior unchanged
[GVS] GPUDirect=disabled (GVIRTUS_GPUDIRECT=1 but probe FAILED: cudaMalloc(4K) failed (no GPU? OOM?)) - falling back to host slots, behavior unchanged
[GVS] GPUDirect=disabled (GVIRTUS_GPUDIRECT=1 but probe FAILED: cudaMalloc(4K) failed (no GPU? OOM?)) - falling back to host slots, behavior unchanged
[GVS] GPUDirect=disabled (GVIRTUS_GPUDIRECT=1 but probe FAILED: cudaMalloc(4K) failed (no GPU? OOM?)) - falling back to host slots, behavior unchanged
[GVS] GPUDirect=disabled (GVIRTUS_GPUDIRECT=1 but probe FAILED: cudaMalloc(4K) failed (no GPU? OOM?)) - falling back to host slots, behavior unchanged
[GVS] GPUDirect=disabled (GVIRTUS_GPUDIRECT=1 but probe FAILED: cudaMalloc(4K) failed (no GPU? OOM?)) - falling back to host slots, behavior unchanged
[GVS] GPUDirect=disabled (GVIRTUS_GPUDIRECT=1 but probe FAILED: cudaMalloc(4K) failed (no GPU? OOM?)) - falling back to host slots, behavior unchanged
[GVS IDX] epoch 1 advertises server_idx=[]
[GVS] rma_setup: epoch 1 arrived, 0/0 slots in flight -> install now
[GVS IDX] epoch 1 advertises server_idx=[]
[GVS] rma_setup: epoch 1 arrived, 0/0 slots in flight -> install now
[GVS IDX] epoch 1 advertises server_idx=[]
[GVS] rma_setup: epoch 1 arrived, 0/0 slots in flight -> install now
[GVS IDX] epoch 1 advertises server_idx=[]
[GVS] rma_setup: epoch 1 arrived, 0/0 slots in flight -> install now
[GVS IDX] epoch 1 advertises server_idx=[]
[GVS] rma_setup: epoch 1 arrived, 0/0 slots in flight -> install now
[GVS IDX] epoch 1 advertises server_idx=[]
[GVS] rma_setup: epoch 1 arrived, 0/0 slots in flight -> install now
[GVS IDX] epoch 1 advertises server_idx=[]
[GVS] rma_setup: epoch 1 arrived, 0/0 slots in flight -> install now
[GVS IDX] epoch 1 advertises server_idx=[]
[GVS] rma_setup: epoch 1 arrived, 0/0 slots in flight -> install now
UCX control-plane connected: Connect (25.25.25.2:32222)
UCX control-plane connected: Connect (25.25.25.2:32222)
UCX control-plane connected: Connect (25.25.25.2:32222)
UCX control-plane connected: Connect (25.25.25.2:32222)
UCX control-plane connected: Connect (25.25.25.2:32222)
UCX control-plane connected: Connect (25.25.25.2:32222)
UCX control-plane connected: Connect (25.25.25.2:32222)
UCX control-plane connected: Connect (25.25.25.2:32222)
CSVROW,event_query,ptsz,8,5,10,1,0,none,1400.283
INFO - Using properties file: /opt/GVirtuS/etc/properties_ucx.json
INFO - Parsed endpoint suite: ucx
log4cplus:ERROR No appenders could be found for logger (Frontend).
log4cplus:ERROR Please initialize the log4cplus system properly.
DEBUG: protocol string is [ucx]
DEBUG: protocol string is [ucx]
DEBUG: protocol string is [ucx]
DEBUG: protocol string is [ucx]
DEBUG: protocol string is [ucx]DEBUG: protocol string is [ucx]

DEBUG: protocol string is [ucx]
DEBUG: protocol string is [ucx]
[GVS] GPUDirect=disabled (GVIRTUS_GPUDIRECT=1 but probe FAILED: cudaMalloc(4K) failed (no GPU? OOM?)) - falling back to host slots, behavior unchanged
[GVS] GPUDirect=disabled (GVIRTUS_GPUDIRECT=1 but probe FAILED: cudaMalloc(4K) failed (no GPU? OOM?)) - falling back to host slots, behavior unchanged
[GVS] GPUDirect=disabled (GVIRTUS_GPUDIRECT=1 but probe FAILED: cudaMalloc(4K) failed (no GPU? OOM?)) - falling back to host slots, behavior unchanged
[GVS] GPUDirect=disabled (GVIRTUS_GPUDIRECT=1 but probe FAILED: cudaMalloc(4K) failed (no GPU? OOM?)) - falling back to host slots, behavior unchanged
[GVS] GPUDirect=disabled (GVIRTUS_GPUDIRECT=1 but probe FAILED: cudaMalloc(4K) failed (no GPU? OOM?)) - falling back to host slots, behavior unchanged
[GVS] GPUDirect=disabled (GVIRTUS_GPUDIRECT=1 but probe FAILED: cudaMalloc(4K) failed (no GPU? OOM?)) - falling back to host slots, behavior unchanged
[GVS] GPUDirect=disabled (GVIRTUS_GPUDIRECT=1 but probe FAILED: cudaMalloc(4K) failed (no GPU? OOM?)) - falling back to host slots, behavior unchanged
[GVS] GPUDirect=disabled (GVIRTUS_GPUDIRECT=1 but probe FAILED: cudaMalloc(4K) failed (no GPU? OOM?)) - falling back to host slots, behavior unchanged
[GVS IDX] epoch 1 advertises server_idx=[]
[GVS] rma_setup: epoch 1 arrived, 0/0 slots in flight -> install now
[GVS IDX] epoch 1 advertises server_idx=[]
[GVS] rma_setup: epoch 1 arrived, 0/0 slots in flight -> install now
[GVS IDX] epoch 1 advertises server_idx=[]
[GVS] rma_setup: epoch 1 arrived, 0/0 slots in flight -> install now
[GVS IDX] epoch 1 advertises server_idx=[]
[GVS] rma_setup: epoch 1 arrived, 0/0 slots in flight -> install now
[GVS IDX] epoch 1 advertises server_idx=[]
[GVS] rma_setup: epoch 1 arrived, 0/0 slots in flight -> install now
[GVS IDX] epoch 1 advertises server_idx=[]
[GVS] rma_setup: epoch 1 arrived, 0/0 slots in flight -> install now
[GVS IDX] epoch 1 advertises server_idx=[]
[GVS] rma_setup: epoch 1 arrived, 0/0 slots in flight -> install now
[GVS IDX] epoch 1 advertises server_idx=[]
[GVS] rma_setup: epoch 1 arrived, 0/0 slots in flight -> install now
UCX control-plane connected: Connect (25.25.25.2:32222)
UCX control-plane connected: Connect (25.25.25.2:32222)
UCX control-plane connected: Connect (25.25.25.2:32222)
UCX control-plane connected: Connect (25.25.25.2:32222)
UCX control-plane connected: Connect (25.25.25.2:32222)
UCX control-plane connected: Connect (25.25.25.2:32222)
UCX control-plane connected: Connect (25.25.25.2:32222)
UCX control-plane connected: Connect (25.25.25.2:32222)
CSVROW,error_sticky,ptsz,8,5,18,1,0,none,1379.451
GUSTO_METRIC tag=periodic slots_total=0 peak_inflight=0 avg_inflight=0.000 peak_waiters=0 reservations=0 waited=0 wait_us_avg=0.00 admit_rma=0 admit_am=4 rma_pct=0.00 rma_fellback=0 decline_capacity=0 decline_timeout=0 decline_swap=0 decline_epfail=0 ack_sent=0 ack_gen_mismatch=0 ack_on_free=0 ack_applied=0 ack_held=0 ack_released=0 ack_epoch_dropped=0 parked=0
[GVS] rma teardown: acks dropped by epoch=0, advertisements parked=0
[GVS VIS] A1 teardown: policy=flush assumed=0 fences=0 flushes=368 declined=0 fence_failures=0
GUSTO_METRIC tag=teardown slots_total=0 peak_inflight=0 avg_inflight=0.000 peak_waiters=0 reservations=0 waited=0 wait_us_avg=0.00 admit_rma=0 admit_am=4 rma_pct=0.00 rma_fellback=0 decline_capacity=0 decline_timeout=0 decline_swap=0 decline_epfail=0 ack_sent=0 ack_gen_mismatch=0 ack_on_free=0 ack_applied=0 ack_held=0 ack_released=0 ack_epoch_dropped=0 parked=0
[GVS] rma cost: reservations=9 (waited 0) mean=0.15us | registration cache: hits=0 misses=96 (0.0%) | acks sent=0 mean=0.00us | acks con generacion desajustada=0
[GVS] rma teardown: acks dropped by epoch=0, advertisements parked=0
[GVS VIS] A1 teardown: policy=flush assumed=0 fences=0 flushes=368 declined=0 fence_failures=0
GUSTO_METRIC tag=teardown slots_total=2 peak_inflight=1 avg_inflight=0.359 peak_waiters=0 reservations=9 waited=0 wait_us_avg=0.15 admit_rma=9 admit_am=63 rma_pct=12.50 rma_fellback=7 decline_capacity=0 decline_timeout=0 decline_swap=0 decline_epfail=0 ack_sent=0 ack_gen_mismatch=0 ack_on_free=0 ack_applied=9 ack_held=0 ack_released=0 ack_epoch_dropped=0 parked=0
[GVS] rma cost: reservations=9 (waited 0) mean=0.13us | registration cache: hits=0 misses=96 (0.0%) | acks sent=0 mean=0.00us | acks con generacion desajustada=0
[GVS] rma teardown: acks dropped by epoch=0, advertisements parked=0
[GVS VIS] A1 teardown: policy=flush assumed=0 fences=0 flushes=368 declined=0 fence_failures=0
GUSTO_METRIC tag=teardown slots_total=2 peak_inflight=1 avg_inflight=0.218 peak_waiters=0 reservations=9 waited=0 wait_us_avg=0.13 admit_rma=9 admit_am=63 rma_pct=12.50 rma_fellback=7 decline_capacity=0 decline_timeout=0 decline_swap=0 decline_epfail=0 ack_sent=0 ack_gen_mismatch=0 ack_on_free=0 ack_applied=9 ack_held=0 ack_released=0 ack_epoch_dropped=0 parked=0
[GVS] rma cost: reservations=9 (waited 0) mean=0.13us | registration cache: hits=0 misses=96 (0.0%) | acks sent=0 mean=0.00us | acks con generacion desajustada=0
[GVS] rma teardown: acks dropped by epoch=0, advertisements parked=0
[GVS VIS] A1 teardown: policy=flush assumed=0 fences=0 flushes=368 declined=0 fence_failures=0
GUSTO_METRIC tag=teardown slots_total=2 peak_inflight=1 avg_inflight=0.226 peak_waiters=0 reservations=9 waited=0 wait_us_avg=0.13 admit_rma=9 admit_am=63 rma_pct=12.50 rma_fellback=7 decline_capacity=0 decline_timeout=0 decline_swap=0 decline_epfail=0 ack_sent=0 ack_gen_mismatch=0 ack_on_free=0 ack_applied=9 ack_held=0 ack_released=0 ack_epoch_dropped=0 parked=0
[GVS] rma cost: reservations=9 (waited 0) mean=0.13us | registration cache: hits=0 misses=96 (0.0%) | acks sent=0 mean=0.00us | acks con generacion desajustada=0
[GVS] rma teardown: acks dropped by epoch=0, advertisements parked=0
[GVS VIS] A1 teardown: policy=flush assumed=0 fences=0 flushes=368 declined=0 fence_failures=0
GUSTO_METRIC tag=teardown slots_total=2 peak_inflight=1 avg_inflight=0.177 peak_waiters=0 reservations=9 waited=0 wait_us_avg=0.13 admit_rma=9 admit_am=63 rma_pct=12.50 rma_fellback=7 decline_capacity=0 decline_timeout=0 decline_swap=0 decline_epfail=0 ack_sent=0 ack_gen_mismatch=0 ack_on_free=0 ack_applied=9 ack_held=0 ack_released=0 ack_epoch_dropped=0 parked=0
[GVS] rma cost: reservations=9 (waited 0) mean=0.10us | registration cache: hits=0 misses=96 (0.0%) | acks sent=0 mean=0.00us | acks con generacion desajustada=0
[GVS] rma teardown: acks dropped by epoch=0, advertisements parked=0
[GVS VIS] A1 teardown: policy=flush assumed=0 fences=0 flushes=368 declined=0 fence_failures=0
GUSTO_METRIC tag=teardown slots_total=2 peak_inflight=1 avg_inflight=0.218 peak_waiters=0 reservations=9 waited=0 wait_us_avg=0.10 admit_rma=9 admit_am=63 rma_pct=12.50 rma_fellback=7 decline_capacity=0 decline_timeout=0 decline_swap=0 decline_epfail=0 ack_sent=0 ack_gen_mismatch=0 ack_on_free=0 ack_applied=9 ack_held=0 ack_released=0 ack_epoch_dropped=0 parked=0
[GVS] rma cost: reservations=9 (waited 0) mean=0.23us | registration cache: hits=0 misses=96 (0.0%) | acks sent=0 mean=0.00us | acks con generacion desajustada=0
[GVS] rma teardown: acks dropped by epoch=0, advertisements parked=0
[GVS VIS] A1 teardown: policy=flush assumed=0 fences=0 flushes=368 declined=0 fence_failures=0
GUSTO_METRIC tag=teardown slots_total=2 peak_inflight=1 avg_inflight=0.642 peak_waiters=0 reservations=9 waited=0 wait_us_avg=0.23 admit_rma=9 admit_am=63 rma_pct=12.50 rma_fellback=7 decline_capacity=0 decline_timeout=0 decline_swap=0 decline_epfail=0 ack_sent=0 ack_gen_mismatch=0 ack_on_free=0 ack_applied=9 ack_held=0 ack_released=0 ack_epoch_dropped=0 parked=0
[GVS] rma cost: reservations=9 (waited 0) mean=0.14us | registration cache: hits=0 misses=96 (0.0%) | acks sent=0 mean=0.00us | acks con generacion desajustada=0
[GVS] rma teardown: acks dropped by epoch=0, advertisements parked=0
[GVS VIS] A1 teardown: policy=flush assumed=0 fences=0 flushes=368 declined=0 fence_failures=0
GUSTO_METRIC tag=teardown slots_total=2 peak_inflight=1 avg_inflight=0.178 peak_waiters=0 reservations=9 waited=0 wait_us_avg=0.14 admit_rma=9 admit_am=63 rma_pct=12.50 rma_fellback=7 decline_capacity=0 decline_timeout=0 decline_swap=0 decline_epfail=0 ack_sent=0 ack_gen_mismatch=0 ack_on_free=0 ack_applied=9 ack_held=0 ack_released=0 ack_epoch_dropped=0 parked=0
[GVS] rma cost: reservations=9 (waited 0) mean=0.20us | registration cache: hits=0 misses=96 (0.0%) | acks sent=0 mean=0.00us | acks con generacion desajustada=0
[GVS] rma teardown: acks dropped by epoch=0, advertisements parked=0
[GVS VIS] A1 teardown: policy=flush assumed=0 fences=0 flushes=368 declined=0 fence_failures=0
GUSTO_METRIC tag=teardown slots_total=2 peak_inflight=1 avg_inflight=0.061 peak_waiters=0 reservations=9 waited=0 wait_us_avg=0.20 admit_rma=9 admit_am=63 rma_pct=12.50 rma_fellback=7 decline_capacity=0 decline_timeout=0 decline_swap=0 decline_epfail=0 ack_sent=0 ack_gen_mismatch=0 ack_on_free=0 ack_applied=9 ack_held=0 ack_released=0 ack_epoch_dropped=0 parked=0
[GVS] rma cost: reservations=9 (waited 0) mean=0.12us | registration cache: hits=0 misses=96 (0.0%) | acks sent=0 mean=0.00us | acks con generacion desajustada=0
[GVS] rma teardown: acks dropped by epoch=0, advertisements parked=0
[GVS VIS] A1 teardown: policy=flush assumed=0 fences=0 flushes=368 declined=0 fence_failures=0
GUSTO_METRIC tag=teardown slots_total=2 peak_inflight=1 avg_inflight=0.135 peak_waiters=0 reservations=9 waited=0 wait_us_avg=0.12 admit_rma=9 admit_am=63 rma_pct=12.50 rma_fellback=7 decline_capacity=0 decline_timeout=0 decline_swap=0 decline_epfail=0 ack_sent=0 ack_gen_mismatch=0 ack_on_free=0 ack_applied=9 ack_held=0 ack_released=0 ack_epoch_dropped=0 parked=0
[GVS] rma cost: reservations=9 (waited 0) mean=0.18us | registration cache: hits=0 misses=96 (0.0%) | acks sent=0 mean=0.00us | acks con generacion desajustada=0
[GVS] rma teardown: acks dropped by epoch=0, advertisements parked=0
[GVS VIS] A1 teardown: policy=flush assumed=0 fences=0 flushes=368 declined=0 fence_failures=0
GUSTO_METRIC tag=teardown slots_total=2 peak_inflight=1 avg_inflight=0.776 peak_waiters=0 reservations=9 waited=0 wait_us_avg=0.18 admit_rma=9 admit_am=63 rma_pct=12.50 rma_fellback=7 decline_capacity=0 decline_timeout=0 decline_swap=0 decline_epfail=0 ack_sent=0 ack_gen_mismatch=0 ack_on_free=0 ack_applied=9 ack_held=0 ack_released=0 ack_epoch_dropped=0 parked=0
[GVS] rma cost: reservations=9 (waited 0) mean=0.14us | registration cache: hits=0 misses=96 (0.0%) | acks sent=0 mean=0.00us | acks con generacion desajustada=0
[GVS] rma teardown: acks dropped by epoch=0, advertisements parked=0
[GVS VIS] A1 teardown: policy=flush assumed=0 fences=0 flushes=368 declined=0 fence_failures=0
GUSTO_METRIC tag=teardown slots_total=2 peak_inflight=1 avg_inflight=0.140 peak_waiters=0 reservations=9 waited=0 wait_us_avg=0.14 admit_rma=9 admit_am=63 rma_pct=12.50 rma_fellback=7 decline_capacity=0 decline_timeout=0 decline_swap=0 decline_epfail=0 ack_sent=0 ack_gen_mismatch=0 ack_on_free=0 ack_applied=9 ack_held=0 ack_released=0 ack_epoch_dropped=0 parked=0
[GVS] rma cost: reservations=9 (waited 0) mean=0.18us | registration cache: hits=0 misses=96 (0.0%) | acks sent=0 mean=0.00us | acks con generacion desajustada=0
[GVS] rma teardown: acks dropped by epoch=0, advertisements parked=0
[GVS VIS] A1 teardown: policy=flush assumed=0 fences=0 flushes=368 declined=0 fence_failures=0
GUSTO_METRIC tag=teardown slots_total=2 peak_inflight=1 avg_inflight=0.577 peak_waiters=0 reservations=9 waited=0 wait_us_avg=0.18 admit_rma=9 admit_am=63 rma_pct=12.50 rma_fellback=7 decline_capacity=0 decline_timeout=0 decline_swap=0 decline_epfail=0 ack_sent=0 ack_gen_mismatch=0 ack_on_free=0 ack_applied=9 ack_held=0 ack_released=0 ack_epoch_dropped=0 parked=0
[GVS] rma cost: reservations=9 (waited 0) mean=0.20us | registration cache: hits=0 misses=96 (0.0%) | acks sent=0 mean=0.00us | acks con generacion desajustada=0
[GVS] rma teardown: acks dropped by epoch=0, advertisements parked=0
[GVS VIS] A1 teardown: policy=flush assumed=0 fences=0 flushes=368 declined=0 fence_failures=0
GUSTO_METRIC tag=teardown slots_total=2 peak_inflight=1 avg_inflight=0.273 peak_waiters=0 reservations=9 waited=0 wait_us_avg=0.20 admit_rma=9 admit_am=63 rma_pct=12.50 rma_fellback=7 decline_capacity=0 decline_timeout=0 decline_swap=0 decline_epfail=0 ack_sent=0 ack_gen_mismatch=0 ack_on_free=0 ack_applied=9 ack_held=0 ack_released=0 ack_epoch_dropped=0 parked=0
[GVS] rma cost: reservations=9 (waited 0) mean=0.16us | registration cache: hits=0 misses=96 (0.0%) | acks sent=0 mean=0.00us | acks con generacion desajustada=0
[GVS] rma teardown: acks dropped by epoch=0, advertisements parked=0
[GVS VIS] A1 teardown: policy=flush assumed=0 fences=0 flushes=368 declined=0 fence_failures=0
GUSTO_METRIC tag=teardown slots_total=2 peak_inflight=1 avg_inflight=0.577 peak_waiters=0 reservations=9 waited=0 wait_us_avg=0.16 admit_rma=9 admit_am=63 rma_pct=12.50 rma_fellback=7 decline_capacity=0 decline_timeout=0 decline_swap=0 decline_epfail=0 ack_sent=0 ack_gen_mismatch=0 ack_on_free=0 ack_applied=9 ack_held=0 ack_released=0 ack_epoch_dropped=0 parked=0
[GVS] rma cost: reservations=9 (waited 0) mean=0.19us | registration cache: hits=0 misses=96 (0.0%) | acks sent=0 mean=0.00us | acks con generacion desajustada=0
[GVS] rma teardown: acks dropped by epoch=0, advertisements parked=0
[GVS VIS] A1 teardown: policy=flush assumed=0 fences=0 flushes=368 declined=0 fence_failures=0
GUSTO_METRIC tag=teardown slots_total=2 peak_inflight=1 avg_inflight=0.818 peak_waiters=0 reservations=9 waited=0 wait_us_avg=0.19 admit_rma=9 admit_am=63 rma_pct=12.50 rma_fellback=7 decline_capacity=0 decline_timeout=0 decline_swap=0 decline_epfail=0 ack_sent=0 ack_gen_mismatch=0 ack_on_free=0 ack_applied=9 ack_held=0 ack_released=0 ack_epoch_dropped=0 parked=0
[GVS] rma cost: reservations=9 (waited 0) mean=0.13us | registration cache: hits=0 misses=96 (0.0%) | acks sent=0 mean=0.00us | acks con generacion desajustada=0
[GVS] rma teardown: acks dropped by epoch=0, advertisements parked=0
[GVS VIS] A1 teardown: policy=flush assumed=0 fences=0 flushes=368 declined=0 fence_failures=0
GUSTO_METRIC tag=teardown slots_total=2 peak_inflight=1 avg_inflight=0.350 peak_waiters=0 reservations=9 waited=0 wait_us_avg=0.13 admit_rma=9 admit_am=63 rma_pct=12.50 rma_fellback=7 decline_capacity=0 decline_timeout=0 decline_swap=0 decline_epfail=0 ack_sent=0 ack_gen_mismatch=0 ack_on_free=0 ack_applied=9 ack_held=0 ack_released=0 ack_epoch_dropped=0 parked=0
[GVS] rma cost: reservations=19 (waited 0) mean=0.11us | registration cache: hits=0 misses=96 (0.0%) | acks sent=0 mean=0.00us | acks con generacion desajustada=0
[GVS] rma teardown: acks dropped by epoch=0, advertisements parked=0
[GVS VIS] A1 teardown: policy=flush assumed=0 fences=0 flushes=368 declined=0 fence_failures=0
GUSTO_METRIC tag=teardown slots_total=2 peak_inflight=1 avg_inflight=0.153 peak_waiters=0 reservations=19 waited=0 wait_us_avg=0.11 admit_rma=19 admit_am=107 rma_pct=15.08 rma_fellback=13 decline_capacity=0 decline_timeout=0 decline_swap=0 decline_epfail=0 ack_sent=0 ack_gen_mismatch=0 ack_on_free=0 ack_applied=19 ack_held=0 ack_released=0 ack_epoch_dropped=0 parked=0
[GVS] rma cost: reservations=19 (waited 0) mean=0.08us | registration cache: hits=0 misses=96 (0.0%) | acks sent=0 mean=0.00us | acks con generacion desajustada=0
[GVS] rma teardown: acks dropped by epoch=0, advertisements parked=0
[GVS VIS] A1 teardown: policy=flush assumed=0 fences=0 flushes=368 declined=0 fence_failures=0
GUSTO_METRIC tag=teardown slots_total=2 peak_inflight=1 avg_inflight=0.135 peak_waiters=0 reservations=19 waited=0 wait_us_avg=0.08 admit_rma=19 admit_am=107 rma_pct=15.08 rma_fellback=13 decline_capacity=0 decline_timeout=0 decline_swap=0 decline_epfail=0 ack_sent=0 ack_gen_mismatch=0 ack_on_free=0 ack_applied=19 ack_held=0 ack_released=0 ack_epoch_dropped=0 parked=0
[GVS] rma cost: reservations=19 (waited 0) mean=0.12us | registration cache: hits=0 misses=96 (0.0%) | acks sent=0 mean=0.00us | acks con generacion desajustada=0
[GVS] rma teardown: acks dropped by epoch=0, advertisements parked=0
[GVS VIS] A1 teardown: policy=flush assumed=0 fences=0 flushes=368 declined=0 fence_failures=0
GUSTO_METRIC tag=teardown slots_total=2 peak_inflight=1 avg_inflight=0.113 peak_waiters=0 reservations=19 waited=0 wait_us_avg=0.12 admit_rma=19 admit_am=107 rma_pct=15.08 rma_fellback=13 decline_capacity=0 decline_timeout=0 decline_swap=0 decline_epfail=0 ack_sent=0 ack_gen_mismatch=0 ack_on_free=0 ack_applied=19 ack_held=0 ack_released=0 ack_epoch_dropped=0 parked=0
[GVS] rma cost: reservations=19 (waited 0) mean=0.09us | registration cache: hits=0 misses=96 (0.0%) | acks sent=0 mean=0.00us | acks con generacion desajustada=0
[GVS] rma teardown: acks dropped by epoch=0, advertisements parked=0
[GVS VIS] A1 teardown: policy=flush assumed=0 fences=0 flushes=368 declined=0 fence_failures=0
GUSTO_METRIC tag=teardown slots_total=2 peak_inflight=1 avg_inflight=0.178 peak_waiters=0 reservations=19 waited=0 wait_us_avg=0.09 admit_rma=19 admit_am=107 rma_pct=15.08 rma_fellback=13 decline_capacity=0 decline_timeout=0 decline_swap=0 decline_epfail=0 ack_sent=0 ack_gen_mismatch=0 ack_on_free=0 ack_applied=19 ack_held=0 ack_released=0 ack_epoch_dropped=0 parked=0
[GVS] rma cost: reservations=19 (waited 0) mean=0.10us | registration cache: hits=0 misses=96 (0.0%) | acks sent=0 mean=0.00us | acks con generacion desajustada=0
[GVS] rma teardown: acks dropped by epoch=0, advertisements parked=0
[GVS VIS] A1 teardown: policy=flush assumed=0 fences=0 flushes=368 declined=0 fence_failures=0
GUSTO_METRIC tag=teardown slots_total=2 peak_inflight=1 avg_inflight=0.121 peak_waiters=0 reservations=19 waited=0 wait_us_avg=0.10 admit_rma=19 admit_am=107 rma_pct=15.08 rma_fellback=13 decline_capacity=0 decline_timeout=0 decline_swap=0 decline_epfail=0 ack_sent=0 ack_gen_mismatch=0 ack_on_free=0 ack_applied=19 ack_held=0 ack_released=0 ack_epoch_dropped=0 parked=0
[GVS] rma cost: reservations=19 (waited 0) mean=0.11us | registration cache: hits=0 misses=96 (0.0%) | acks sent=0 mean=0.00us | acks con generacion desajustada=0
[GVS] rma teardown: acks dropped by epoch=0, advertisements parked=0
[GVS VIS] A1 teardown: policy=flush assumed=0 fences=0 flushes=368 declined=0 fence_failures=0
GUSTO_METRIC tag=teardown slots_total=2 peak_inflight=1 avg_inflight=0.197 peak_waiters=0 reservations=19 waited=0 wait_us_avg=0.11 admit_rma=19 admit_am=107 rma_pct=15.08 rma_fellback=13 decline_capacity=0 decline_timeout=0 decline_swap=0 decline_epfail=0 ack_sent=0 ack_gen_mismatch=0 ack_on_free=0 ack_applied=19 ack_held=0 ack_released=0 ack_epoch_dropped=0 parked=0
[GVS] rma cost: reservations=19 (waited 0) mean=0.10us | registration cache: hits=0 misses=96 (0.0%) | acks sent=0 mean=0.00us | acks con generacion desajustada=0
[GVS] rma teardown: acks dropped by epoch=0, advertisements parked=0
[GVS VIS] A1 teardown: policy=flush assumed=0 fences=0 flushes=368 declined=0 fence_failures=0
GUSTO_METRIC tag=teardown slots_total=2 peak_inflight=1 avg_inflight=0.190 peak_waiters=0 reservations=19 waited=0 wait_us_avg=0.10 admit_rma=19 admit_am=107 rma_pct=15.08 rma_fellback=13 decline_capacity=0 decline_timeout=0 decline_swap=0 decline_epfail=0 ack_sent=0 ack_gen_mismatch=0 ack_on_free=0 ack_applied=19 ack_held=0 ack_released=0 ack_epoch_dropped=0 parked=0
[GVS] rma cost: reservations=19 (waited 0) mean=0.10us | registration cache: hits=0 misses=96 (0.0%) | acks sent=0 mean=0.00us | acks con generacion desajustada=0
[GVS] rma teardown: acks dropped by epoch=0, advertisements parked=0
[GVS VIS] A1 teardown: policy=flush assumed=0 fences=0 flushes=368 declined=0 fence_failures=0
GUSTO_METRIC tag=teardown slots_total=2 peak_inflight=1 avg_inflight=0.108 peak_waiters=0 reservations=19 waited=0 wait_us_avg=0.10 admit_rma=19 admit_am=107 rma_pct=15.08 rma_fellback=13 decline_capacity=0 decline_timeout=0 decline_swap=0 decline_epfail=0 ack_sent=0 ack_gen_mismatch=0 ack_on_free=0 ack_applied=19 ack_held=0 ack_released=0 ack_epoch_dropped=0 parked=0
[GVS] rma cost: reservations=9 (waited 0) mean=0.19us | registration cache: hits=0 misses=96 (0.0%) | acks sent=0 mean=0.00us | acks con generacion desajustada=0
[GVS] rma teardown: acks dropped by epoch=0, advertisements parked=0
[GVS VIS] A1 teardown: policy=flush assumed=0 fences=0 flushes=368 declined=0 fence_failures=0
GUSTO_METRIC tag=teardown slots_total=2 peak_inflight=1 avg_inflight=0.861 peak_waiters=0 reservations=9 waited=0 wait_us_avg=0.19 admit_rma=9 admit_am=117 rma_pct=7.14 rma_fellback=7 decline_capacity=0 decline_timeout=0 decline_swap=0 decline_epfail=0 ack_sent=0 ack_gen_mismatch=0 ack_on_free=0 ack_applied=9 ack_held=0 ack_released=0 ack_epoch_dropped=0 parked=0
[GVS] rma cost: reservations=9 (waited 0) mean=0.16us | registration cache: hits=0 misses=96 (0.0%) | acks sent=0 mean=0.00us | acks con generacion desajustada=0
[GVS] rma teardown: acks dropped by epoch=0, advertisements parked=0
[GVS VIS] A1 teardown: policy=flush assumed=0 fences=0 flushes=368 declined=0 fence_failures=0
GUSTO_METRIC tag=teardown slots_total=2 peak_inflight=1 avg_inflight=0.128 peak_waiters=0 reservations=9 waited=0 wait_us_avg=0.16 admit_rma=9 admit_am=117 rma_pct=7.14 rma_fellback=7 decline_capacity=0 decline_timeout=0 decline_swap=0 decline_epfail=0 ack_sent=0 ack_gen_mismatch=0 ack_on_free=0 ack_applied=9 ack_held=0 ack_released=0 ack_epoch_dropped=0 parked=0
[GVS] rma cost: reservations=9 (waited 0) mean=0.13us | registration cache: hits=0 misses=96 (0.0%) | acks sent=0 mean=0.00us | acks con generacion desajustada=0
[GVS] rma teardown: acks dropped by epoch=0, advertisements parked=0
[GVS VIS] A1 teardown: policy=flush assumed=0 fences=0 flushes=368 declined=0 fence_failures=0
GUSTO_METRIC tag=teardown slots_total=2 peak_inflight=1 avg_inflight=0.205 peak_waiters=0 reservations=9 waited=0 wait_us_avg=0.13 admit_rma=9 admit_am=117 rma_pct=7.14 rma_fellback=7 decline_capacity=0 decline_timeout=0 decline_swap=0 decline_epfail=0 ack_sent=0 ack_gen_mismatch=0 ack_on_free=0 ack_applied=9 ack_held=0 ack_released=0 ack_epoch_dropped=0 parked=0
[GVS] rma cost: reservations=9 (waited 0) mean=0.19us | registration cache: hits=0 misses=96 (0.0%) | acks sent=0 mean=0.00us | acks con generacion desajustada=0
[GVS] rma teardown: acks dropped by epoch=0, advertisements parked=0
[GVS VIS] A1 teardown: policy=flush assumed=0 fences=0 flushes=368 declined=0 fence_failures=0
GUSTO_METRIC tag=teardown slots_total=2 peak_inflight=1 avg_inflight=0.688 peak_waiters=0 reservations=9 waited=0 wait_us_avg=0.19 admit_rma=9 admit_am=117 rma_pct=7.14 rma_fellback=7 decline_capacity=0 decline_timeout=0 decline_swap=0 decline_epfail=0 ack_sent=0 ack_gen_mismatch=0 ack_on_free=0 ack_applied=9 ack_held=0 ack_released=0 ack_epoch_dropped=0 parked=0
[GVS] rma cost: reservations=9 (waited 0) mean=0.21us | registration cache: hits=0 misses=96 (0.0%) | acks sent=0 mean=0.00us | acks con generacion desajustada=0
[GVS] rma teardown: acks dropped by epoch=0, advertisements parked=0
[GVS VIS] A1 teardown: policy=flush assumed=0 fences=0 flushes=368 declined=0 fence_failures=0
GUSTO_METRIC tag=teardown slots_total=2 peak_inflight=1 avg_inflight=0.223 peak_waiters=0 reservations=9 waited=0 wait_us_avg=0.21 admit_rma=9 admit_am=117 rma_pct=7.14 rma_fellback=7 decline_capacity=0 decline_timeout=0 decline_swap=0 decline_epfail=0 ack_sent=0 ack_gen_mismatch=0 ack_on_free=0 ack_applied=9 ack_held=0 ack_released=0 ack_epoch_dropped=0 parked=0
[GVS] rma cost: reservations=9 (waited 0) mean=0.16us | registration cache: hits=0 misses=96 (0.0%) | acks sent=0 mean=0.00us | acks con generacion desajustada=0
[GVS] rma teardown: acks dropped by epoch=0, advertisements parked=0
[GVS VIS] A1 teardown: policy=flush assumed=0 fences=0 flushes=368 declined=0 fence_failures=0
GUSTO_METRIC tag=teardown slots_total=2 peak_inflight=1 avg_inflight=0.311 peak_waiters=0 reservations=9 waited=0 wait_us_avg=0.16 admit_rma=9 admit_am=117 rma_pct=7.14 rma_fellback=7 decline_capacity=0 decline_timeout=0 decline_swap=0 decline_epfail=0 ack_sent=0 ack_gen_mismatch=0 ack_on_free=0 ack_applied=9 ack_held=0 ack_released=0 ack_epoch_dropped=0 parked=0
[GVS] rma cost: reservations=9 (waited 0) mean=0.12us | registration cache: hits=0 misses=96 (0.0%) | acks sent=0 mean=0.00us | acks con generacion desajustada=0
[GVS] rma teardown: acks dropped by epoch=0, advertisements parked=0
[GVS VIS] A1 teardown: policy=flush assumed=0 fences=0 flushes=368 declined=0 fence_failures=0
GUSTO_METRIC tag=teardown slots_total=2 peak_inflight=1 avg_inflight=0.098 peak_waiters=0 reservations=9 waited=0 wait_us_avg=0.12 admit_rma=9 admit_am=117 rma_pct=7.14 rma_fellback=7 decline_capacity=0 decline_timeout=0 decline_swap=0 decline_epfail=0 ack_sent=0 ack_gen_mismatch=0 ack_on_free=0 ack_applied=9 ack_held=0 ack_released=0 ack_epoch_dropped=0 parked=0
[GVS] rma cost: reservations=9 (waited 0) mean=0.16us | registration cache: hits=0 misses=96 (0.0%) | acks sent=0 mean=0.00us | acks con generacion desajustada=0
[GVS] rma teardown: acks dropped by epoch=0, advertisements parked=0
[GVS VIS] A1 teardown: policy=flush assumed=0 fences=0 flushes=368 declined=0 fence_failures=0
GUSTO_METRIC tag=teardown slots_total=2 peak_inflight=1 avg_inflight=0.140 peak_waiters=0 reservations=9 waited=0 wait_us_avg=0.16 admit_rma=9 admit_am=117 rma_pct=7.14 rma_fellback=7 decline_capacity=0 decline_timeout=0 decline_swap=0 decline_epfail=0 ack_sent=0 ack_gen_mismatch=0 ack_on_free=0 ack_applied=9 ack_held=0 ack_released=0 ack_epoch_dropped=0 parked=0
[GVS] rma teardown: acks dropped by epoch=0, advertisements parked=0
[GVS VIS] A1 teardown: policy=flush assumed=0 fences=0 flushes=368 declined=0 fence_failures=0
GUSTO_METRIC tag=teardown slots_total=0 peak_inflight=0 avg_inflight=0.000 peak_waiters=0 reservations=0 waited=0 wait_us_avg=0.00 admit_rma=0 admit_am=144 rma_pct=0.00 rma_fellback=0 decline_capacity=0 decline_timeout=0 decline_swap=0 decline_epfail=0 ack_sent=0 ack_gen_mismatch=0 ack_on_free=0 ack_applied=0 ack_held=0 ack_released=0 ack_epoch_dropped=0 parked=0
[GVS] rma teardown: acks dropped by epoch=0, advertisements parked=0
[GVS VIS] A1 teardown: policy=flush assumed=0 fences=0 flushes=368 declined=0 fence_failures=0
GUSTO_METRIC tag=teardown slots_total=0 peak_inflight=0 avg_inflight=0.000 peak_waiters=0 reservations=0 waited=0 wait_us_avg=0.00 admit_rma=0 admit_am=144 rma_pct=0.00 rma_fellback=0 decline_capacity=0 decline_timeout=0 decline_swap=0 decline_epfail=0 ack_sent=0 ack_gen_mismatch=0 ack_on_free=0 ack_applied=0 ack_held=0 ack_released=0 ack_epoch_dropped=0 parked=0
[GVS] rma teardown: acks dropped by epoch=0, advertisements parked=0
[GVS VIS] A1 teardown: policy=flush assumed=0 fences=0 flushes=368 declined=0 fence_failures=0
GUSTO_METRIC tag=teardown slots_total=0 peak_inflight=0 avg_inflight=0.000 peak_waiters=0 reservations=0 waited=0 wait_us_avg=0.00 admit_rma=0 admit_am=144 rma_pct=0.00 rma_fellback=0 decline_capacity=0 decline_timeout=0 decline_swap=0 decline_epfail=0 ack_sent=0 ack_gen_mismatch=0 ack_on_free=0 ack_applied=0 ack_held=0 ack_released=0 ack_epoch_dropped=0 parked=0
[GVS] rma teardown: acks dropped by epoch=0, advertisements parked=0
[GVS VIS] A1 teardown: policy=flush assumed=0 fences=0 flushes=368 declined=0 fence_failures=0
GUSTO_METRIC tag=teardown slots_total=0 peak_inflight=0 avg_inflight=0.000 peak_waiters=0 reservations=0 waited=0 wait_us_avg=0.00 admit_rma=0 admit_am=144 rma_pct=0.00 rma_fellback=0 decline_capacity=0 decline_timeout=0 decline_swap=0 decline_epfail=0 ack_sent=0 ack_gen_mismatch=0 ack_on_free=0 ack_applied=0 ack_held=0 ack_released=0 ack_epoch_dropped=0 parked=0
[GVS] rma teardown: acks dropped by epoch=0, advertisements parked=0
[GVS VIS] A1 teardown: policy=flush assumed=0 fences=0 flushes=368 declined=0 fence_failures=0
GUSTO_METRIC tag=teardown slots_total=0 peak_inflight=0 avg_inflight=0.000 peak_waiters=0 reservations=0 waited=0 wait_us_avg=0.00 admit_rma=0 admit_am=144 rma_pct=0.00 rma_fellback=0 decline_capacity=0 decline_timeout=0 decline_swap=0 decline_epfail=0 ack_sent=0 ack_gen_mismatch=0 ack_on_free=0 ack_applied=0 ack_held=0 ack_released=0 ack_epoch_dropped=0 parked=0
[GVS] rma teardown: acks dropped by epoch=0, advertisements parked=0
[GVS VIS] A1 teardown: policy=flush assumed=0 fences=0 flushes=368 declined=0 fence_failures=0
GUSTO_METRIC tag=teardown slots_total=0 peak_inflight=0 avg_inflight=0.000 peak_waiters=0 reservations=0 waited=0 wait_us_avg=0.00 admit_rma=0 admit_am=144 rma_pct=0.00 rma_fellback=0 decline_capacity=0 decline_timeout=0 decline_swap=0 decline_epfail=0 ack_sent=0 ack_gen_mismatch=0 ack_on_free=0 ack_applied=0 ack_held=0 ack_released=0 ack_epoch_dropped=0 parked=0
[GVS] rma teardown: acks dropped by epoch=0, advertisements parked=0
[GVS VIS] A1 teardown: policy=flush assumed=0 fences=0 flushes=368 declined=0 fence_failures=0
GUSTO_METRIC tag=teardown slots_total=0 peak_inflight=0 avg_inflight=0.000 peak_waiters=0 reservations=0 waited=0 wait_us_avg=0.00 admit_rma=0 admit_am=144 rma_pct=0.00 rma_fellback=0 decline_capacity=0 decline_timeout=0 decline_swap=0 decline_epfail=0 ack_sent=0 ack_gen_mismatch=0 ack_on_free=0 ack_applied=0 ack_held=0 ack_released=0 ack_epoch_dropped=0 parked=0
[GVS] rma teardown: acks dropped by epoch=0, advertisements parked=0
[GVS VIS] A1 teardown: policy=flush assumed=0 fences=0 flushes=368 declined=0 fence_failures=0
GUSTO_METRIC tag=teardown slots_total=0 peak_inflight=0 avg_inflight=0.000 peak_waiters=0 reservations=0 waited=0 wait_us_avg=0.00 admit_rma=0 admit_am=144 rma_pct=0.00 rma_fellback=0 decline_capacity=0 decline_timeout=0 decline_swap=0 decline_epfail=0 ack_sent=0 ack_gen_mismatch=0 ack_on_free=0 ack_applied=0 ack_held=0 ack_released=0 ack_epoch_dropped=0 parked=0
[GVS] rma teardown: acks dropped by epoch=0, advertisements parked=0
[GVS VIS] A1 teardown: policy=flush assumed=0 fences=0 flushes=368 declined=0 fence_failures=0
GUSTO_METRIC tag=teardown slots_total=0 peak_inflight=0 avg_inflight=0.000 peak_waiters=0 reservations=0 waited=0 wait_us_avg=0.00 admit_rma=0 admit_am=540 rma_pct=0.00 rma_fellback=0 decline_capacity=0 decline_timeout=0 decline_swap=0 decline_epfail=0 ack_sent=0 ack_gen_mismatch=0 ack_on_free=0 ack_applied=0 ack_held=0 ack_released=0 ack_epoch_dropped=0 parked=0
[GVS] rma teardown: acks dropped by epoch=0, advertisements parked=0
[GVS VIS] A1 teardown: policy=flush assumed=0 fences=0 flushes=368 declined=0 fence_failures=0
GUSTO_METRIC tag=teardown slots_total=0 peak_inflight=0 avg_inflight=0.000 peak_waiters=0 reservations=0 waited=0 wait_us_avg=0.00 admit_rma=0 admit_am=540 rma_pct=0.00 rma_fellback=0 decline_capacity=0 decline_timeout=0 decline_swap=0 decline_epfail=0 ack_sent=0 ack_gen_mismatch=0 ack_on_free=0 ack_applied=0 ack_held=0 ack_released=0 ack_epoch_dropped=0 parked=0
[GVS] rma teardown: acks dropped by epoch=0, advertisements parked=0
[GVS VIS] A1 teardown: policy=flush assumed=0 fences=0 flushes=368 declined=0 fence_failures=0
GUSTO_METRIC tag=teardown slots_total=0 peak_inflight=0 avg_inflight=0.000 peak_waiters=0 reservations=0 waited=0 wait_us_avg=0.00 admit_rma=0 admit_am=540 rma_pct=0.00 rma_fellback=0 decline_capacity=0 decline_timeout=0 decline_swap=0 decline_epfail=0 ack_sent=0 ack_gen_mismatch=0 ack_on_free=0 ack_applied=0 ack_held=0 ack_released=0 ack_epoch_dropped=0 parked=0
[GVS] rma teardown: acks dropped by epoch=0, advertisements parked=0
[GVS VIS] A1 teardown: policy=flush assumed=0 fences=0 flushes=368 declined=0 fence_failures=0
GUSTO_METRIC tag=teardown slots_total=0 peak_inflight=0 avg_inflight=0.000 peak_waiters=0 reservations=0 waited=0 wait_us_avg=0.00 admit_rma=0 admit_am=540 rma_pct=0.00 rma_fellback=0 decline_capacity=0 decline_timeout=0 decline_swap=0 decline_epfail=0 ack_sent=0 ack_gen_mismatch=0 ack_on_free=0 ack_applied=0 ack_held=0 ack_released=0 ack_epoch_dropped=0 parked=0
[GVS] rma teardown: acks dropped by epoch=0, advertisements parked=0
[GVS VIS] A1 teardown: policy=flush assumed=0 fences=0 flushes=368 declined=0 fence_failures=0
GUSTO_METRIC tag=teardown slots_total=0 peak_inflight=0 avg_inflight=0.000 peak_waiters=0 reservations=0 waited=0 wait_us_avg=0.00 admit_rma=0 admit_am=540 rma_pct=0.00 rma_fellback=0 decline_capacity=0 decline_timeout=0 decline_swap=0 decline_epfail=0 ack_sent=0 ack_gen_mismatch=0 ack_on_free=0 ack_applied=0 ack_held=0 ack_released=0 ack_epoch_dropped=0 parked=0
[GVS] rma teardown: acks dropped by epoch=0, advertisements parked=0
[GVS VIS] A1 teardown: policy=flush assumed=0 fences=0 flushes=368 declined=0 fence_failures=0
GUSTO_METRIC tag=teardown slots_total=0 peak_inflight=0 avg_inflight=0.000 peak_waiters=0 reservations=0 waited=0 wait_us_avg=0.00 admit_rma=0 admit_am=540 rma_pct=0.00 rma_fellback=0 decline_capacity=0 decline_timeout=0 decline_swap=0 decline_epfail=0 ack_sent=0 ack_gen_mismatch=0 ack_on_free=0 ack_applied=0 ack_held=0 ack_released=0 ack_epoch_dropped=0 parked=0
[GVS] rma teardown: acks dropped by epoch=0, advertisements parked=0
[GVS VIS] A1 teardown: policy=flush assumed=0 fences=0 flushes=368 declined=0 fence_failures=0
GUSTO_METRIC tag=teardown slots_total=0 peak_inflight=0 avg_inflight=0.000 peak_waiters=0 reservations=0 waited=0 wait_us_avg=0.00 admit_rma=0 admit_am=540 rma_pct=0.00 rma_fellback=0 decline_capacity=0 decline_timeout=0 decline_swap=0 decline_epfail=0 ack_sent=0 ack_gen_mismatch=0 ack_on_free=0 ack_applied=0 ack_held=0 ack_released=0 ack_epoch_dropped=0 parked=0
[GVS] rma teardown: acks dropped by epoch=0, advertisements parked=0
[GVS VIS] A1 teardown: policy=flush assumed=0 fences=0 flushes=368 declined=0 fence_failures=0
GUSTO_METRIC tag=teardown slots_total=0 peak_inflight=0 avg_inflight=0.000 peak_waiters=0 reservations=0 waited=0 wait_us_avg=0.00 admit_rma=0 admit_am=540 rma_pct=0.00 rma_fellback=0 decline_capacity=0 decline_timeout=0 decline_swap=0 decline_epfail=0 ack_sent=0 ack_gen_mismatch=0 ack_on_free=0 ack_applied=0 ack_held=0 ack_released=0 ack_epoch_dropped=0 parked=0
[GVS] rma teardown: acks dropped by epoch=0, advertisements parked=0
[GVS VIS] A1 teardown: policy=flush assumed=0 fences=0 flushes=368 declined=0 fence_failures=0
GUSTO_METRIC tag=teardown slots_total=0 peak_inflight=0 avg_inflight=0.000 peak_waiters=0 reservations=0 waited=0 wait_us_avg=0.00 admit_rma=0 admit_am=18 rma_pct=0.00 rma_fellback=0 decline_capacity=0 decline_timeout=0 decline_swap=0 decline_epfail=0 ack_sent=0 ack_gen_mismatch=0 ack_on_free=0 ack_applied=0 ack_held=0 ack_released=0 ack_epoch_dropped=0 parked=0
[GVS] rma teardown: acks dropped by epoch=0, advertisements parked=0
[GVS VIS] A1 teardown: policy=flush assumed=0 fences=0 flushes=368 declined=0 fence_failures=0
GUSTO_METRIC tag=teardown slots_total=0 peak_inflight=0 avg_inflight=0.000 peak_waiters=0 reservations=0 waited=0 wait_us_avg=0.00 admit_rma=0 admit_am=18 rma_pct=0.00 rma_fellback=0 decline_capacity=0 decline_timeout=0 decline_swap=0 decline_epfail=0 ack_sent=0 ack_gen_mismatch=0 ack_on_free=0 ack_applied=0 ack_held=0 ack_released=0 ack_epoch_dropped=0 parked=0
[GVS] rma teardown: acks dropped by epoch=0, advertisements parked=0
[GVS VIS] A1 teardown: policy=flush assumed=0 fences=0 flushes=368 declined=0 fence_failures=0
GUSTO_METRIC tag=teardown slots_total=0 peak_inflight=0 avg_inflight=0.000 peak_waiters=0 reservations=0 waited=0 wait_us_avg=0.00 admit_rma=0 admit_am=18 rma_pct=0.00 rma_fellback=0 decline_capacity=0 decline_timeout=0 decline_swap=0 decline_epfail=0 ack_sent=0 ack_gen_mismatch=0 ack_on_free=0 ack_applied=0 ack_held=0 ack_released=0 ack_epoch_dropped=0 parked=0
[GVS] rma teardown: acks dropped by epoch=0, advertisements parked=0
[GVS VIS] A1 teardown: policy=flush assumed=0 fences=0 flushes=368 declined=0 fence_failures=0
GUSTO_METRIC tag=teardown slots_total=0 peak_inflight=0 avg_inflight=0.000 peak_waiters=0 reservations=0 waited=0 wait_us_avg=0.00 admit_rma=0 admit_am=18 rma_pct=0.00 rma_fellback=0 decline_capacity=0 decline_timeout=0 decline_swap=0 decline_epfail=0 ack_sent=0 ack_gen_mismatch=0 ack_on_free=0 ack_applied=0 ack_held=0 ack_released=0 ack_epoch_dropped=0 parked=0
[GVS] rma teardown: acks dropped by epoch=0, advertisements parked=0
[GVS VIS] A1 teardown: policy=flush assumed=0 fences=0 flushes=368 declined=0 fence_failures=0
GUSTO_METRIC tag=teardown slots_total=0 peak_inflight=0 avg_inflight=0.000 peak_waiters=0 reservations=0 waited=0 wait_us_avg=0.00 admit_rma=0 admit_am=18 rma_pct=0.00 rma_fellback=0 decline_capacity=0 decline_timeout=0 decline_swap=0 decline_epfail=0 ack_sent=0 ack_gen_mismatch=0 ack_on_free=0 ack_applied=0 ack_held=0 ack_released=0 ack_epoch_dropped=0 parked=0
[GVS] rma teardown: acks dropped by epoch=0, advertisements parked=0
[GVS VIS] A1 teardown: policy=flush assumed=0 fences=0 flushes=368 declined=0 fence_failures=0
GUSTO_METRIC tag=teardown slots_total=0 peak_inflight=0 avg_inflight=0.000 peak_waiters=0 reservations=0 waited=0 wait_us_avg=0.00 admit_rma=0 admit_am=18 rma_pct=0.00 rma_fellback=0 decline_capacity=0 decline_timeout=0 decline_swap=0 decline_epfail=0 ack_sent=0 ack_gen_mismatch=0 ack_on_free=0 ack_applied=0 ack_held=0 ack_released=0 ack_epoch_dropped=0 parked=0
[GVS] rma teardown: acks dropped by epoch=0, advertisements parked=0
[GVS VIS] A1 teardown: policy=flush assumed=0 fences=0 flushes=368 declined=0 fence_failures=0
GUSTO_METRIC tag=teardown slots_total=0 peak_inflight=0 avg_inflight=0.000 peak_waiters=0 reservations=0 waited=0 wait_us_avg=0.00 admit_rma=0 admit_am=18 rma_pct=0.00 rma_fellback=0 decline_capacity=0 decline_timeout=0 decline_swap=0 decline_epfail=0 ack_sent=0 ack_gen_mismatch=0 ack_on_free=0 ack_applied=0 ack_held=0 ack_released=0 ack_epoch_dropped=0 parked=0
[GVS] rma teardown: acks dropped by epoch=0, advertisements parked=0
[GVS VIS] A1 teardown: policy=flush assumed=0 fences=0 flushes=368 declined=0 fence_failures=0
GUSTO_METRIC tag=teardown slots_total=0 peak_inflight=0 avg_inflight=0.000 peak_waiters=0 reservations=0 waited=0 wait_us_avg=0.00 admit_rma=0 admit_am=18 rma_pct=0.00 rma_fellback=0 decline_capacity=0 decline_timeout=0 decline_swap=0 decline_epfail=0 ack_sent=0 ack_gen_mismatch=0 ack_on_free=0 ack_applied=0 ack_held=0 ack_released=0 ack_epoch_dropped=0 parked=0
