DEBUG: protocol string is [ucx]
[GVS] GPUDirect=disabled (GVIRTUS_GPUDIRECT=1 but probe FAILED: cudaMalloc(4K) failed (no GPU? OOM?)) - falling back to host slots, behavior unchanged
[GVS IDX] epoch 1 advertises server_idx=[]
[GVS] rma_setup: epoch 1 arrived, 0/0 slots in flight -> install now
UCX control-plane connected: Connect (25.25.25.2:32222)
DEBUG: protocol string is [ucx]
[GVS] GPUDirect=disabled (GVIRTUS_GPUDIRECT=1 but probe FAILED: cudaMalloc(4K) failed (no GPU? OOM?)) - falling back to host slots, behavior unchanged
[GVS IDX] epoch 1 advertises server_idx=[]
[GVS] rma_setup: epoch 1 arrived, 0/0 slots in flight -> install now
# variant=ptsz threads=1 iters=18 seed=1 clases=9
UCX control-plane connected: Connect (25.25.25.2:32222)
DEBUG: protocol string is [ucx]
[GVS] GPUDirect=disabled (GVIRTUS_GPUDIRECT=1 but probe FAILED: cudaMalloc(4K) failed (no GPU? OOM?)) - falling back to host slots, behavior unchanged
[GVS IDX] epoch 1 advertises server_idx=[]
[GVS] rma_setup: epoch 1 arrived, 0/0 slots in flight -> install now
[GUSTO CFG] effective pool: slots=2 cap=0.1 MiB shadow=no total=0.2 MiB (no budget defined)
[GUSTO CFG] effective pool: slots=2 cap=0.1 MiB shadow=no total=0.2 MiB (no budget defined)
[GUSTO CFG] effective pool: slots=2 cap=0.6 MiB shadow=no total=1.1 MiB (no budget defined)
[GUSTO CFG] effective pool: slots=2 cap=1.1 MiB shadow=no total=2.1 MiB (no budget defined)
[GVS] rx_pool: releasing superseded slot (81920 B host, retired at epoch 3, peer acked 0)
[GVS] rx_pool: releasing superseded slot (81920 B host, retired at epoch 3, peer acked 0)
[GUSTO CFG] effective pool: slots=2 cap=2.1 MiB shadow=no total=4.1 MiB (no budget defined)
[GVS] rx_pool: releasing superseded slot (98304 B host, retired at epoch 4, peer acked 0)
[GVS] rx_pool: releasing superseded slot (98304 B host, retired at epoch 4, peer acked 0)
[GUSTO CFG] effective pool: slots=2 cap=4.1 MiB shadow=no total=8.1 MiB (no budget defined)
[GVS] rx_pool: releasing superseded slot (589824 B host, retired at epoch 5, peer acked 0)
[GVS] rx_pool: releasing superseded slot (589824 B host, retired at epoch 5, peer acked 0)
[GVS IDX] epoch 2 advertises server_idx=[1,2]
[GVS] rma_setup: epoch 2 arrived, 0/0 slots in flight -> install now
UCX control-plane connected: Connect (25.25.25.2:32222)
CSVROW,roundtrip_pinned,ptsz,1,1,18,1,0,none,499.861
DEBUG: protocol string is [ucx]
[GVS] GPUDirect=disabled (GVIRTUS_GPUDIRECT=1 but probe FAILED: cudaMalloc(4K) failed (no GPU? OOM?)) - falling back to host slots, behavior unchanged
[GVS IDX] epoch 1 advertises server_idx=[]
[GVS] rma_setup: epoch 1 arrived, 0/0 slots in flight -> install now
[GUSTO CFG] effective pool: slots=2 cap=0.1 MiB shadow=no total=0.2 MiB (no budget defined)
[GUSTO CFG] effective pool: slots=2 cap=0.1 MiB shadow=no total=0.2 MiB (no budget defined)
[GUSTO CFG] effective pool: slots=2 cap=0.6 MiB shadow=no total=1.1 MiB (no budget defined)
[GUSTO CFG] effective pool: slots=2 cap=1.1 MiB shadow=no total=2.1 MiB (no budget defined)
[GVS] rx_pool: releasing superseded slot (81920 B host, retired at epoch 3, peer acked 0)
[GVS] rx_pool: releasing superseded slot (81920 B host, retired at epoch 3, peer acked 0)
[GUSTO CFG] effective pool: slots=2 cap=2.1 MiB shadow=no total=4.1 MiB (no budget defined)
[GVS] rx_pool: releasing superseded slot (98304 B host, retired at epoch 4, peer acked 0)
[GVS] rx_pool: releasing superseded slot (98304 B host, retired at epoch 4, peer acked 0)
[GUSTO CFG] effective pool: slots=2 cap=4.1 MiB shadow=no total=8.1 MiB (no budget defined)
[GVS] rx_pool: releasing superseded slot (589824 B host, retired at epoch 5, peer acked 0)
[GVS] rx_pool: releasing superseded slot (589824 B host, retired at epoch 5, peer acked 0)
[GVS IDX] epoch 2 advertises server_idx=[1,2]
[GVS] rma_setup: epoch 2 arrived, 0/0 slots in flight -> install now
UCX control-plane connected: Connect (25.25.25.2:32222)
CSVROW,roundtrip_pageable,ptsz,1,1,18,1,0,none,491.979
DEBUG: protocol string is [ucx]
[GVS] GPUDirect=disabled (GVIRTUS_GPUDIRECT=1 but probe FAILED: cudaMalloc(4K) failed (no GPU? OOM?)) - falling back to host slots, behavior unchanged
[GVS IDX] epoch 1 advertises server_idx=[]
[GVS] rma_setup: epoch 1 arrived, 0/0 slots in flight -> install now
[GUSTO CFG] effective pool: slots=2 cap=0.1 MiB shadow=no total=0.2 MiB (no budget defined)
[GUSTO CFG] effective pool: slots=2 cap=0.1 MiB shadow=no total=0.2 MiB (no budget defined)
[GUSTO CFG] effective pool: slots=2 cap=0.6 MiB shadow=no total=1.1 MiB (no budget defined)
[GUSTO CFG] effective pool: slots=2 cap=1.1 MiB shadow=no total=2.1 MiB (no budget defined)
[GVS] rx_pool: releasing superseded slot (81920 B host, retired at epoch 3, peer acked 0)
[GVS] rx_pool: releasing superseded slot (81920 B host, retired at epoch 3, peer acked 0)
[GUSTO CFG] effective pool: slots=2 cap=2.1 MiB shadow=no total=4.1 MiB (no budget defined)
[GVS] rx_pool: releasing superseded slot (98304 B host, retired at epoch 4, peer acked 0)
[GVS] rx_pool: releasing superseded slot (98304 B host, retired at epoch 4, peer acked 0)
[GUSTO CFG] effective pool: slots=2 cap=4.1 MiB shadow=no total=8.1 MiB (no budget defined)
[GVS] rx_pool: releasing superseded slot (589824 B host, retired at epoch 5, peer acked 0)
[GVS] rx_pool: releasing superseded slot (589824 B host, retired at epoch 5, peer acked 0)
[GVS IDX] epoch 2 advertises server_idx=[1,2]
[GVS] rma_setup: epoch 2 arrived, 0/0 slots in flight -> install now
UCX control-plane connected: Connect (25.25.25.2:32222)
CSVROW,pinned_equiv,ptsz,1,1,18,1,0,none,636.506
DEBUG: protocol string is [ucx]
[GVS] GPUDirect=disabled (GVIRTUS_GPUDIRECT=1 but probe FAILED: cudaMalloc(4K) failed (no GPU? OOM?)) - falling back to host slots, behavior unchanged
[GVS IDX] epoch 1 advertises server_idx=[]
[GVS] rma_setup: epoch 1 arrived, 0/0 slots in flight -> install now
[GUSTO CFG] effective pool: slots=2 cap=0.1 MiB shadow=no total=0.2 MiB (no budget defined)
[GUSTO CFG] effective pool: slots=2 cap=0.1 MiB shadow=no total=0.2 MiB (no budget defined)
[GUSTO CFG] effective pool: slots=2 cap=0.6 MiB shadow=no total=1.1 MiB (no budget defined)
[GUSTO CFG] effective pool: slots=2 cap=1.1 MiB shadow=no total=2.1 MiB (no budget defined)
[GVS] rx_pool: releasing superseded slot (81920 B host, retired at epoch 3, peer acked 0)
[GVS] rx_pool: releasing superseded slot (81920 B host, retired at epoch 3, peer acked 0)
[GUSTO CFG] effective pool: slots=2 cap=2.1 MiB shadow=no total=4.1 MiB (no budget defined)
[GVS] rx_pool: releasing superseded slot (98304 B host, retired at epoch 4, peer acked 0)
[GVS] rx_pool: releasing superseded slot (98304 B host, retired at epoch 4, peer acked 0)
[GUSTO CFG] effective pool: slots=2 cap=4.1 MiB shadow=no total=8.1 MiB (no budget defined)
[GVS] rx_pool: releasing superseded slot (589824 B host, retired at epoch 5, peer acked 0)
[GVS] rx_pool: releasing superseded slot (589824 B host, retired at epoch 5, peer acked 0)
[GVS IDX] epoch 2 advertises server_idx=[1,2]
[GVS] rma_setup: epoch 2 arrived, 0/0 slots in flight -> install now
UCX control-plane connected: Connect (25.25.25.2:32222)
CSVROW,d2d_fidelity,ptsz,1,1,18,1,0,none,493.090
DEBUG: protocol string is [ucx]
[GVS] GPUDirect=disabled (GVIRTUS_GPUDIRECT=1 but probe FAILED: cudaMalloc(4K) failed (no GPU? OOM?)) - falling back to host slots, behavior unchanged
[GVS IDX] epoch 1 advertises server_idx=[]
[GVS] rma_setup: epoch 1 arrived, 0/0 slots in flight -> install now
[GUSTO CFG] effective pool: slots=2 cap=1.1 MiB shadow=no total=2.1 MiB (no budget defined)
UCX control-plane connected: Connect (25.25.25.2:32222)
CSVROW,memset_ordered,ptsz,1,1,18,1,0,none,398.629
DEBUG: protocol string is [ucx]
[GVS] GPUDirect=disabled (GVIRTUS_GPUDIRECT=1 but probe FAILED: cudaMalloc(4K) failed (no GPU? OOM?)) - falling back to host slots, behavior unchanged
[GVS IDX] epoch 1 advertises server_idx=[]
[GVS] rma_setup: epoch 1 arrived, 0/0 slots in flight -> install now
UCX control-plane connected: Connect (25.25.25.2:32222)
CSVROW,event_query,ptsz,1,1,10,1,0,none,369.204
DEBUG: protocol string is [ucx]
[GVS] GPUDirect=disabled (GVIRTUS_GPUDIRECT=1 but probe FAILED: cudaMalloc(4K) failed (no GPU? OOM?)) - falling back to host slots, behavior unchanged
[GVS IDX] epoch 1 advertises server_idx=[]
[GVS] rma_setup: epoch 1 arrived, 0/0 slots in flight -> install now
UCX control-plane connected: Connect (25.25.25.2:32222)
CSVROW,error_sticky,ptsz,1,1,18,1,0,none,375.822
[GVS] rma teardown: acks dropped by epoch=0, advertisements parked=0
[GVS VIS] A1 teardown: policy=flush assumed=0 fences=0 flushes=46 declined=0 fence_failures=0
GUSTO_METRIC tag=teardown slots_total=0 peak_inflight=0 avg_inflight=0.000 peak_waiters=0 reservations=0 waited=0 wait_us_avg=0.00 admit_rma=0 admit_am=4 rma_pct=0.00 rma_fellback=0 decline_capacity=0 decline_timeout=0 decline_swap=0 decline_epfail=0 ack_sent=0 ack_gen_mismatch=0 ack_on_free=0 ack_applied=0 ack_held=0 ack_released=0 ack_epoch_dropped=0 parked=0
[GVS] rma cost: reservations=9 (waited 0) mean=0.12us | registration cache: hits=0 misses=12 (0.0%) | acks sent=0 mean=0.00us | acks con generacion desajustada=0
[GVS] rma teardown: acks dropped by epoch=0, advertisements parked=0
[GVS VIS] A1 teardown: policy=flush assumed=0 fences=0 flushes=46 declined=0 fence_failures=0
GUSTO_METRIC tag=teardown slots_total=2 peak_inflight=1 avg_inflight=0.096 peak_waiters=0 reservations=9 waited=0 wait_us_avg=0.12 admit_rma=9 admit_am=63 rma_pct=12.50 rma_fellback=7 decline_capacity=0 decline_timeout=0 decline_swap=0 decline_epfail=0 ack_sent=0 ack_gen_mismatch=0 ack_on_free=0 ack_applied=9 ack_held=0 ack_released=0 ack_epoch_dropped=0 parked=0
[GVS] rma cost: reservations=9 (waited 0) mean=0.12us | registration cache: hits=0 misses=12 (0.0%) | acks sent=0 mean=0.00us | acks con generacion desajustada=0
[GVS] rma teardown: acks dropped by epoch=0, advertisements parked=0
[GVS VIS] A1 teardown: policy=flush assumed=0 fences=0 flushes=46 declined=0 fence_failures=0
GUSTO_METRIC tag=teardown slots_total=2 peak_inflight=1 avg_inflight=0.130 peak_waiters=0 reservations=9 waited=0 wait_us_avg=0.12 admit_rma=9 admit_am=63 rma_pct=12.50 rma_fellback=7 decline_capacity=0 decline_timeout=0 decline_swap=0 decline_epfail=0 ack_sent=0 ack_gen_mismatch=0 ack_on_free=0 ack_applied=9 ack_held=0 ack_released=0 ack_epoch_dropped=0 parked=0
[GVS] rma cost: reservations=19 (waited 0) mean=0.09us | registration cache: hits=0 misses=12 (0.0%) | acks sent=0 mean=0.00us | acks con generacion desajustada=0
[GVS] rma teardown: acks dropped by epoch=0, advertisements parked=0
[GVS VIS] A1 teardown: policy=flush assumed=0 fences=0 flushes=46 declined=0 fence_failures=0
GUSTO_METRIC tag=teardown slots_total=2 peak_inflight=1 avg_inflight=0.127 peak_waiters=0 reservations=19 waited=0 wait_us_avg=0.09 admit_rma=19 admit_am=107 rma_pct=15.08 rma_fellback=13 decline_capacity=0 decline_timeout=0 decline_swap=0 decline_epfail=0 ack_sent=0 ack_gen_mismatch=0 ack_on_free=0 ack_applied=19 ack_held=0 ack_released=0 ack_epoch_dropped=0 parked=0
[GVS] rma cost: reservations=9 (waited 0) mean=0.12us | registration cache: hits=0 misses=12 (0.0%) | acks sent=0 mean=0.00us | acks con generacion desajustada=0
[GVS] rma teardown: acks dropped by epoch=0, advertisements parked=0
[GVS VIS] A1 teardown: policy=flush assumed=0 fences=0 flushes=46 declined=0 fence_failures=0
GUSTO_METRIC tag=teardown slots_total=2 peak_inflight=1 avg_inflight=0.115 peak_waiters=0 reservations=9 waited=0 wait_us_avg=0.12 admit_rma=9 admit_am=117 rma_pct=7.14 rma_fellback=7 decline_capacity=0 decline_timeout=0 decline_swap=0 decline_epfail=0 ack_sent=0 ack_gen_mismatch=0 ack_on_free=0 ack_applied=9 ack_held=0 ack_released=0 ack_epoch_dropped=0 parked=0
[GVS] rma teardown: acks dropped by epoch=0, advertisements parked=0
[GVS VIS] A1 teardown: policy=flush assumed=0 fences=0 flushes=46 declined=0 fence_failures=0
GUSTO_METRIC tag=teardown slots_total=0 peak_inflight=0 avg_inflight=0.000 peak_waiters=0 reservations=0 waited=0 wait_us_avg=0.00 admit_rma=0 admit_am=144 rma_pct=0.00 rma_fellback=0 decline_capacity=0 decline_timeout=0 decline_swap=0 decline_epfail=0 ack_sent=0 ack_gen_mismatch=0 ack_on_free=0 ack_applied=0 ack_held=0 ack_released=0 ack_epoch_dropped=0 parked=0
[GVS] rma teardown: acks dropped by epoch=0, advertisements parked=0
[GVS VIS] A1 teardown: policy=flush assumed=0 fences=0 flushes=46 declined=0 fence_failures=0
GUSTO_METRIC tag=teardown slots_total=0 peak_inflight=0 avg_inflight=0.000 peak_waiters=0 reservations=0 waited=0 wait_us_avg=0.00 admit_rma=0 admit_am=540 rma_pct=0.00 rma_fellback=0 decline_capacity=0 decline_timeout=0 decline_swap=0 decline_epfail=0 ack_sent=0 ack_gen_mismatch=0 ack_on_free=0 ack_applied=0 ack_held=0 ack_released=0 ack_epoch_dropped=0 parked=0
[GVS] rma teardown: acks dropped by epoch=0, advertisements parked=0
[GVS VIS] A1 teardown: policy=flush assumed=0 fences=0 flushes=46 declined=0 fence_failures=0
GUSTO_METRIC tag=teardown slots_total=0 peak_inflight=0 avg_inflight=0.000 peak_waiters=0 reservations=0 waited=0 wait_us_avg=0.00 admit_rma=0 admit_am=18 rma_pct=0.00 rma_fellback=0 decline_capacity=0 decline_timeout=0 decline_swap=0 decline_epfail=0 ack_sent=0 ack_gen_mismatch=0 ack_on_free=0 ack_applied=0 ack_held=0 ack_released=0 ack_epoch_dropped=0 parked=0
