STEADY_YOLO_MODEL=/home/student.aau.dk/ul11nh/GVirtuS/examples/opencv-yolo/weights/yolov5n.onnx
STEADY_YOLO_IMAGE=/home/student.aau.dk/ul11nh/GVirtuS/examples/opencv-yolo/images/zidane.jpg
STEADY_WARMUPS=5
STEADY_RUNS=50
STEADY_INPUT_SIZE=640
[ WARN:0@0.193] global init.hpp:32 checkVersions cuDNN reports version 90.5 which is not compatible with the version 9.5 with which OpenCV was built
STEADY_YOLO_RESULT phase=warmup run=1 status=OK detection_ms=341.212 output_blobs=1 output_elements=2142000
STEADY_YOLO_RESULT phase=warmup run=2 status=OK detection_ms=8.551 output_blobs=1 output_elements=2142000
STEADY_YOLO_RESULT phase=warmup run=3 status=OK detection_ms=4.610 output_blobs=1 output_elements=2142000
STEADY_YOLO_RESULT phase=warmup run=4 status=OK detection_ms=4.544 output_blobs=1 output_elements=2142000
STEADY_YOLO_RESULT phase=warmup run=5 status=OK detection_ms=4.530 output_blobs=1 output_elements=2142000
STEADY_YOLO_RESULT phase=measure run=1 status=OK detection_ms=4.520 output_blobs=1 output_elements=2142000
STEADY_YOLO_RESULT phase=measure run=2 status=OK detection_ms=4.521 output_blobs=1 output_elements=2142000
STEADY_YOLO_RESULT phase=measure run=3 status=OK detection_ms=4.527 output_blobs=1 output_elements=2142000
STEADY_YOLO_RESULT phase=measure run=4 status=OK detection_ms=4.530 output_blobs=1 output_elements=2142000
STEADY_YOLO_RESULT phase=measure run=5 status=OK detection_ms=4.532 output_blobs=1 output_elements=2142000
STEADY_YOLO_RESULT phase=measure run=6 status=OK detection_ms=4.537 output_blobs=1 output_elements=2142000
STEADY_YOLO_RESULT phase=measure run=7 status=OK detection_ms=4.520 output_blobs=1 output_elements=2142000
STEADY_YOLO_RESULT phase=measure run=8 status=OK detection_ms=4.510 output_blobs=1 output_elements=2142000
STEADY_YOLO_RESULT phase=measure run=9 status=OK detection_ms=4.506 output_blobs=1 output_elements=2142000
STEADY_YOLO_RESULT phase=measure run=10 status=OK detection_ms=4.516 output_blobs=1 output_elements=2142000
STEADY_YOLO_RESULT phase=measure run=11 status=OK detection_ms=4.517 output_blobs=1 output_elements=2142000
STEADY_YOLO_RESULT phase=measure run=12 status=OK detection_ms=4.527 output_blobs=1 output_elements=2142000
STEADY_YOLO_RESULT phase=measure run=13 status=OK detection_ms=4.535 output_blobs=1 output_elements=2142000
STEADY_YOLO_RESULT phase=measure run=14 status=OK detection_ms=4.529 output_blobs=1 output_elements=2142000
STEADY_YOLO_RESULT phase=measure run=15 status=OK detection_ms=4.517 output_blobs=1 output_elements=2142000
STEADY_YOLO_RESULT phase=measure run=16 status=OK detection_ms=4.526 output_blobs=1 output_elements=2142000
STEADY_YOLO_RESULT phase=measure run=17 status=OK detection_ms=4.533 output_blobs=1 output_elements=2142000
STEADY_YOLO_RESULT phase=measure run=18 status=OK detection_ms=4.523 output_blobs=1 output_elements=2142000
STEADY_YOLO_RESULT phase=measure run=19 status=OK detection_ms=4.523 output_blobs=1 output_elements=2142000
STEADY_YOLO_RESULT phase=measure run=20 status=OK detection_ms=4.518 output_blobs=1 output_elements=2142000
STEADY_YOLO_RESULT phase=measure run=21 status=OK detection_ms=4.520 output_blobs=1 output_elements=2142000
STEADY_YOLO_RESULT phase=measure run=22 status=OK detection_ms=4.511 output_blobs=1 output_elements=2142000
STEADY_YOLO_RESULT phase=measure run=23 status=OK detection_ms=4.525 output_blobs=1 output_elements=2142000
STEADY_YOLO_RESULT phase=measure run=24 status=OK detection_ms=4.521 output_blobs=1 output_elements=2142000
STEADY_YOLO_RESULT phase=measure run=25 status=OK detection_ms=4.511 output_blobs=1 output_elements=2142000
STEADY_YOLO_RESULT phase=measure run=26 status=OK detection_ms=4.511 output_blobs=1 output_elements=2142000
STEADY_YOLO_RESULT phase=measure run=27 status=OK detection_ms=4.525 output_blobs=1 output_elements=2142000
STEADY_YOLO_RESULT phase=measure run=28 status=OK detection_ms=4.513 output_blobs=1 output_elements=2142000
STEADY_YOLO_RESULT phase=measure run=29 status=OK detection_ms=4.512 output_blobs=1 output_elements=2142000
STEADY_YOLO_RESULT phase=measure run=30 status=OK detection_ms=4.508 output_blobs=1 output_elements=2142000
STEADY_YOLO_RESULT phase=measure run=31 status=OK detection_ms=4.522 output_blobs=1 output_elements=2142000
STEADY_YOLO_RESULT phase=measure run=32 status=OK detection_ms=4.514 output_blobs=1 output_elements=2142000
STEADY_YOLO_RESULT phase=measure run=33 status=OK detection_ms=4.525 output_blobs=1 output_elements=2142000
STEADY_YOLO_RESULT phase=measure run=34 status=OK detection_ms=4.533 output_blobs=1 output_elements=2142000
STEADY_YOLO_RESULT phase=measure run=35 status=OK detection_ms=4.510 output_blobs=1 output_elements=2142000
STEADY_YOLO_RESULT phase=measure run=36 status=OK detection_ms=4.509 output_blobs=1 output_elements=2142000
STEADY_YOLO_RESULT phase=measure run=37 status=OK detection_ms=4.517 output_blobs=1 output_elements=2142000
STEADY_YOLO_RESULT phase=measure run=38 status=OK detection_ms=4.516 output_blobs=1 output_elements=2142000
STEADY_YOLO_RESULT phase=measure run=39 status=OK detection_ms=4.523 output_blobs=1 output_elements=2142000
STEADY_YOLO_RESULT phase=measure run=40 status=OK detection_ms=4.522 output_blobs=1 output_elements=2142000
STEADY_YOLO_RESULT phase=measure run=41 status=OK detection_ms=4.519 output_blobs=1 output_elements=2142000
STEADY_YOLO_RESULT phase=measure run=42 status=OK detection_ms=4.524 output_blobs=1 output_elements=2142000
STEADY_YOLO_RESULT phase=measure run=43 status=OK detection_ms=4.512 output_blobs=1 output_elements=2142000
STEADY_YOLO_RESULT phase=measure run=44 status=OK detection_ms=4.518 output_blobs=1 output_elements=2142000
STEADY_YOLO_RESULT phase=measure run=45 status=OK detection_ms=4.521 output_blobs=1 output_elements=2142000
STEADY_YOLO_RESULT phase=measure run=46 status=OK detection_ms=4.507 output_blobs=1 output_elements=2142000
STEADY_YOLO_RESULT phase=measure run=47 status=OK detection_ms=4.518 output_blobs=1 output_elements=2142000
STEADY_YOLO_RESULT phase=measure run=48 status=OK detection_ms=4.509 output_blobs=1 output_elements=2142000
STEADY_YOLO_RESULT phase=measure run=49 status=OK detection_ms=4.510 output_blobs=1 output_elements=2142000
STEADY_YOLO_RESULT phase=measure run=50 status=OK detection_ms=4.508 output_blobs=1 output_elements=2142000
STEADY_YOLO_SUMMARY runs=50 mean_ms=4.519 std_ms=0.008
