DEBUG: protocol string is [ucx]
[GVS] GPUDirect=disabled (GVIRTUS_GPUDIRECT=1 but probe FAILED: cudaMalloc(4K) failed (no GPU? OOM?)) - falling back to host slots, behavior unchanged
[GVS IDX] epoch 1 anuncia server_idx=[0,1,2,3,4,5,6,7]
[GVS] rma_setup: epoch 1 arrived, 0/0 slots in flight -> install now
UCX control-plane connected: Connect (25.25.25.2:32222)
DEBUG: protocol string is [ucx]
[GVS] GPUDirect=disabled (GVIRTUS_GPUDIRECT=1 but probe FAILED: cudaMalloc(4K) failed (no GPU? OOM?)) - falling back to host slots, behavior unchanged
[GVS IDX] epoch 1 anuncia server_idx=[0,1,2,3,4,5,6,7]
[GVS] rma_setup: epoch 1 arrived, 0/0 slots in flight -> install now
[GVS IDX] epoch 2 anuncia server_idx=[0,1,2,3,4,5,6,7]
[GVS] rma_setup: epoch 2 arrived, 0/8 slots in flight -> install now
UCX control-plane connected: Connect (25.25.25.2:32222)
miniBUDE:  
compile_commands:
   - "/usr/local/cuda/bin/nvcc -forward-unknown-to-host-compiler -DCUDA -DUSE_PPWI="1\\,2\\,4\\,8\\,16\\,32\\,64\\,128" -I<SRC>/cuda -I/home/student.aau.dk/ll33pq/GVirtuS/examples/minibude/miniBUDE/build/generated  -std=c++17 -forward-unknown-to-host-compiler -extended-lambda -use_fast_math -restrict -arch=sm_89   -DNDEBUG -O3 -ffast-math -std=c++17 -x cu -c <SRC>/main.cpp -o <OUT>/src/main.cpp.o"
vcs:
  commit:  570f66c1fd0c29b7f3ab6fa96fba87f4561aa44c
  author:  "Tom Lin (tom91136@gmail.com)"
  date:    "2024-10-15 17:53:57 +0100"
  subject: "Merge pull request #40 from colleeneb/cuda_best_flops"
host_cpu:
  ~
time: { epoch_s:1785717827, formatted: "Mon Aug  3 00:43:47 2026 GMT" }
deck:
  path:         "data/bm1"
  poses:        65536
  proteins:     938
  ligands:      26
  forcefields:  34
config:
  iterations:   8
  poses:        65536
  ppwi:
    available:  [1]
    selected:   [1]
  wgsize:       [1]
device: { index: 0,  name: "NVIDIA L40S (GVirtuS) (45457MB;sm_89)" }
# Device and kernel cc: sm_89
[GVS IDX] epoch 3 anuncia server_idx=[9,10,11,12,13,14,15,16]
[GVS] rma_setup: epoch 3 arrived, 0/8 slots in flight -> install now
GUSTO_METRIC tag=periodic slots_total=8 peak_inflight=0 avg_inflight=0.000 peak_waiters=0 reservations=0 waited=0 wait_us_avg=0.00 admit_rma=0 admit_am=26 rma_pct=0.00 rma_fellback=0 decline_capacity=0 decline_timeout=0 decline_swap=0 decline_epfail=0 ack_sent=0 ack_gen_mismatch=0 ack_on_free=0 ack_applied=0 ack_held=0 ack_released=0 ack_epoch_dropped=0 parked=0
GUSTO_METRIC tag=periodic slots_total=8 peak_inflight=0 avg_inflight=0.000 peak_waiters=0 reservations=0 waited=0 wait_us_avg=0.00 admit_rma=0 admit_am=44 rma_pct=0.00 rma_fellback=0 decline_capacity=0 decline_timeout=0 decline_swap=0 decline_epfail=0 ack_sent=0 ack_gen_mismatch=0 ack_on_free=0 ack_applied=0 ack_held=0 ack_released=0 ack_epoch_dropped=0 parked=0
[GUSTO CFG] pool efectivo: slots=2 cap=0.3 MiB shadow=no total=0.6 MiB (sin presupuesto definido)
GUSTO_METRIC tag=periodic slots_total=8 peak_inflight=0 avg_inflight=0.000 peak_waiters=0 reservations=0 waited=0 wait_us_avg=0.00 admit_rma=0 admit_am=56 rma_pct=0.00 rma_fellback=0 decline_capacity=0 decline_timeout=0 decline_swap=0 decline_epfail=0 ack_sent=0 ack_gen_mismatch=0 ack_on_free=0 ack_applied=0 ack_held=0 ack_released=0 ack_epoch_dropped=0 parked=0
GUSTO_METRIC tag=periodic slots_total=8 peak_inflight=0 avg_inflight=0.000 peak_waiters=0 reservations=0 waited=0 wait_us_avg=0.00 admit_rma=0 admit_am=61 rma_pct=0.00 rma_fellback=0 decline_capacity=0 decline_timeout=0 decline_swap=0 decline_epfail=0 ack_sent=0 ack_gen_mismatch=0 ack_on_free=0 ack_applied=0 ack_held=0 ack_released=0 ack_epoch_dropped=0 parked=0
# (ppwi=1,wgsize=1,valid=1)
results:
  - outcome:             { valid: true, max_diff_%: 0.014 }
    param:               { ppwi: 1, wgsize: 1 }
    raw_iterations:      [295.523,1476.54,590.804,592.062,590.819,590.825,886.089,295.489,885.98,885.958]
    context_ms:          5036.757590
    sum_ms:              5318.026
    avg_ms:              664.753
    min_ms:              295.489
    max_ms:              886.089
    stddev_ms:           195.225
    giga_interactions/s: 2.404
    gflop/s:             96.228
    gfinst/s:            60.108
    energies:            
      - 865.52
      - 25.07
      - 368.43
      - 14.67
      - 574.99
      - 707.35
      - 33.95
      - 135.59
[GVS] rma teardown: acks descartados por epoch=0, advertisements aparcadas=0
GUSTO_METRIC tag=teardown slots_total=8 peak_inflight=0 avg_inflight=0.000 peak_waiters=0 reservations=0 waited=0 wait_us_avg=0.00 admit_rma=0 admit_am=66 rma_pct=0.00 rma_fellback=0 decline_capacity=0 decline_timeout=0 decline_swap=0 decline_epfail=0 ack_sent=0 ack_gen_mismatch=0 ack_on_free=0 ack_applied=0 ack_held=0 ack_released=0 ack_epoch_dropped=0 parked=0
best: { min_ms: 295.49, max_ms: 886.09, sum_ms: 5318.03, avg_ms: 664.75, ppwi: 1, wgsize: 1 }
